2026-07-28 17:24:45,016 | INFO | Dispositivo do experimento: cuda
2026-07-28 17:24:45,016 | INFO | ================================================================================
2026-07-28 17:24:45,016 | INFO | Iniciando experimento: mlp_base
2026-07-28 17:24:45,017 | INFO | Run ID: mlp_base_k_epsilon_20260728_172444
2026-07-28 17:24:45,017 | INFO | Hardware: {'platform': 'Linux-6.8.0-136-generic-x86_64-with-glibc2.35', 'processor': 'x86_64', 'python_version': '3.11.14', 'cpu_count_logical': 12, 'cpu_count_physical': 6, 'ram_total_gb': 31.16, 'torch_version': '2.9.1+cu128', 'cuda_available': True, 'cuda_version': '12.8', 'gpu_name': 'NVIDIA GeForce RTX 3060', 'gpu_count': 1, 'gpu_memory_gb': 11.62}
2026-07-28 17:24:45,017 | INFO | Config: {'experiment': {'name': 'base', 'type': 'k_epsilon', 'seed': 123}, 'paths': {'root': '.', 'data_process_dir': 'data/data_processed', 'data_cfd_dir': 'data/data_cfd', 'results_dir': 'results', 'models_dir': 'results/models', 'metrics_dir': 'results/metrics', 'plots_dir': 'results/plots', 'logs_dir': 'logs'}, 'dataset': {'parquet': 'dataset_bfs_2d_kepsilon_Re36000_full.parquet', 'test_output': 'dataset_test_mlp'}, 'features': ['x', 'y', 'Ux', 'Uy', 'p', 'Re_norm'], 'targets': ['dUx', 'dUy', 'dp'], 'model': {'type': 'mlp', 'width': 64, 'depth': 4, 'activation': 'tanh'}, 'training': {'batch_size': 4096, 'epochs': 1000, 'lr': '1e-3', 'weight_decay': '1e-6'}, 'early_stopping': {'patience': 20}, 'scheduler': {'factor': 0.5, 'patience': 10}, 'split': {'strategy': 'spatial_x_quantile', 'column': 'x', 'bins': 8, 'test_frac': 0.2, 'version': 'v1'}}
2026-07-28 17:24:45,017 | INFO | ================================================================================
2026-07-28 17:24:45,442 | INFO | Dataset salvo: dataset_test_mlp_base_d4_w64.parquet
2026-07-28 17:24:45,442 | INFO | Split salvo em: data/data_processed/splits/dataset_bfs_2d_kepsilon_Re36000_full_spatial_x_quantile_x/b8_v1_seed123.json
2026-07-28 17:24:45,667 | INFO | Model device: cuda:0
2026-07-28 17:24:48,342 | INFO | [MLP] ep=0001 loss_train=7.762994e-01 | loss_val=7.252721e-01 | lr=1.000000e-03 | best_val=7.252721e-01
2026-07-28 17:24:51,004 | INFO | [MLP] ep=0010 loss_train=4.478884e-01 | loss_val=4.579746e-01 | lr=1.000000e-03 | best_val=4.579746e-01
2026-07-28 17:24:53,604 | INFO | [MLP] ep=0020 loss_train=3.511715e-01 | loss_val=3.555646e-01 | lr=1.000000e-03 | best_val=3.555646e-01
2026-07-28 17:24:56,812 | INFO | [MLP] ep=0030 loss_train=2.346058e-01 | loss_val=2.421854e-01 | lr=1.000000e-03 | best_val=2.421854e-01
2026-07-28 17:25:00,232 | INFO | [MLP] ep=0040 loss_train=1.873140e-01 | loss_val=1.930335e-01 | lr=1.000000e-03 | best_val=1.930335e-01
2026-07-28 17:25:03,612 | INFO | [MLP] ep=0050 loss_train=1.613719e-01 | loss_val=1.688621e-01 | lr=1.000000e-03 | best_val=1.688621e-01
2026-07-28 17:25:06,814 | INFO | [MLP] ep=0060 loss_train=1.461393e-01 | loss_val=1.498874e-01 | lr=1.000000e-03 | best_val=1.498874e-01
2026-07-28 17:25:10,538 | INFO | [MLP] ep=0070 loss_train=1.326104e-01 | loss_val=1.367536e-01 | lr=1.000000e-03 | best_val=1.367536e-01
2026-07-28 17:25:15,122 | INFO | [MLP] ep=0080 loss_train=1.225519e-01 | loss_val=1.249939e-01 | lr=1.000000e-03 | best_val=1.249939e-01
2026-07-28 17:25:20,147 | INFO | [MLP] ep=0090 loss_train=1.156638e-01 | loss_val=1.129569e-01 | lr=1.000000e-03 | best_val=1.129569e-01
2026-07-28 17:25:24,753 | INFO | [MLP] ep=0100 loss_train=1.040560e-01 | loss_val=1.042319e-01 | lr=1.000000e-03 | best_val=1.038775e-01
2026-07-28 17:25:29,485 | INFO | [MLP] ep=0110 loss_train=9.302816e-02 | loss_val=9.500084e-02 | lr=1.000000e-03 | best_val=9.500084e-02
2026-07-28 17:25:33,929 | INFO | [MLP] ep=0120 loss_train=8.673076e-02 | loss_val=8.755593e-02 | lr=1.000000e-03 | best_val=8.755593e-02
2026-07-28 17:25:38,341 | INFO | [MLP] ep=0130 loss_train=7.967207e-02 | loss_val=8.133408e-02 | lr=1.000000e-03 | best_val=8.133408e-02
2026-07-28 17:25:42,515 | INFO | [MLP] ep=0140 loss_train=7.530323e-02 | loss_val=7.582017e-02 | lr=1.000000e-03 | best_val=7.582017e-02
2026-07-28 17:25:46,862 | INFO | [MLP] ep=0150 loss_train=6.828068e-02 | loss_val=7.019057e-02 | lr=1.000000e-03 | best_val=7.019057e-02
2026-07-28 17:25:51,163 | INFO | [MLP] ep=0160 loss_train=6.510352e-02 | loss_val=6.698118e-02 | lr=1.000000e-03 | best_val=6.512753e-02
2026-07-28 17:25:55,331 | INFO | [MLP] ep=0170 loss_train=6.052165e-02 | loss_val=6.050051e-02 | lr=1.000000e-03 | best_val=6.050051e-02
2026-07-28 17:25:59,573 | INFO | [MLP] ep=0180 loss_train=5.719359e-02 | loss_val=5.745070e-02 | lr=1.000000e-03 | best_val=5.745070e-02
2026-07-28 17:26:04,030 | INFO | [MLP] ep=0190 loss_train=5.297524e-02 | loss_val=5.373074e-02 | lr=1.000000e-03 | best_val=5.373074e-02
2026-07-28 17:26:08,292 | INFO | [MLP] ep=0200 loss_train=5.049849e-02 | loss_val=5.197175e-02 | lr=1.000000e-03 | best_val=5.136939e-02
2026-07-28 17:26:13,508 | INFO | [MLP] ep=0210 loss_train=4.790790e-02 | loss_val=5.065153e-02 | lr=1.000000e-03 | best_val=4.892013e-02
2026-07-28 17:26:18,739 | INFO | [MLP] ep=0220 loss_train=4.474345e-02 | loss_val=4.598145e-02 | lr=1.000000e-03 | best_val=4.598145e-02
2026-07-28 17:26:23,326 | INFO | [MLP] ep=0230 loss_train=4.249681e-02 | loss_val=4.378945e-02 | lr=1.000000e-03 | best_val=4.378945e-02
2026-07-28 17:26:27,430 | INFO | [MLP] ep=0240 loss_train=4.016363e-02 | loss_val=4.152446e-02 | lr=1.000000e-03 | best_val=4.152446e-02
2026-07-28 17:26:31,917 | INFO | [MLP] ep=0250 loss_train=3.845634e-02 | loss_val=3.994889e-02 | lr=1.000000e-03 | best_val=3.985552e-02
2026-07-28 17:26:36,333 | INFO | [MLP] ep=0260 loss_train=3.713559e-02 | loss_val=3.761617e-02 | lr=1.000000e-03 | best_val=3.761617e-02
2026-07-28 17:26:40,757 | INFO | [MLP] ep=0270 loss_train=3.456977e-02 | loss_val=3.680393e-02 | lr=1.000000e-03 | best_val=3.643936e-02
2026-07-28 17:26:45,174 | INFO | [MLP] ep=0280 loss_train=3.333052e-02 | loss_val=3.553897e-02 | lr=1.000000e-03 | best_val=3.497515e-02
2026-07-28 17:26:49,773 | INFO | [MLP] ep=0290 loss_train=3.155136e-02 | loss_val=3.360908e-02 | lr=1.000000e-03 | best_val=3.345687e-02
2026-07-28 17:26:54,040 | INFO | [MLP] ep=0300 loss_train=3.058782e-02 | loss_val=3.283007e-02 | lr=1.000000e-03 | best_val=3.189015e-02
2026-07-28 17:26:58,535 | INFO | [MLP] ep=0310 loss_train=2.904740e-02 | loss_val=3.122041e-02 | lr=1.000000e-03 | best_val=3.122041e-02
2026-07-28 17:27:03,399 | INFO | [MLP] ep=0320 loss_train=2.833339e-02 | loss_val=3.064990e-02 | lr=1.000000e-03 | best_val=3.015662e-02
2026-07-28 17:27:08,354 | INFO | [MLP] ep=0330 loss_train=2.725695e-02 | loss_val=2.888529e-02 | lr=1.000000e-03 | best_val=2.888529e-02
2026-07-28 17:27:13,049 | INFO | [MLP] ep=0340 loss_train=2.728138e-02 | loss_val=2.869533e-02 | lr=1.000000e-03 | best_val=2.840228e-02
2026-07-28 17:27:17,860 | INFO | [MLP] ep=0350 loss_train=2.634238e-02 | loss_val=2.798660e-02 | lr=1.000000e-03 | best_val=2.775314e-02
2026-07-28 17:27:21,983 | INFO | [MLP] ep=0360 loss_train=2.560024e-02 | loss_val=2.742073e-02 | lr=1.000000e-03 | best_val=2.671063e-02
2026-07-28 17:27:26,638 | INFO | [MLP] ep=0370 loss_train=2.450404e-02 | loss_val=2.636437e-02 | lr=1.000000e-03 | best_val=2.606851e-02
2026-07-28 17:27:31,288 | INFO | [MLP] ep=0380 loss_train=2.414492e-02 | loss_val=2.552454e-02 | lr=1.000000e-03 | best_val=2.516555e-02
2026-07-28 17:27:35,645 | INFO | [MLP] ep=0390 loss_train=2.325055e-02 | loss_val=2.531163e-02 | lr=1.000000e-03 | best_val=2.470841e-02
2026-07-28 17:27:40,440 | INFO | [MLP] ep=0400 loss_train=2.283408e-02 | loss_val=2.444156e-02 | lr=1.000000e-03 | best_val=2.403633e-02
2026-07-28 17:27:44,971 | INFO | [MLP] ep=0410 loss_train=2.258249e-02 | loss_val=2.361874e-02 | lr=1.000000e-03 | best_val=2.361874e-02
2026-07-28 17:27:49,930 | INFO | [MLP] ep=0420 loss_train=2.248997e-02 | loss_val=2.350835e-02 | lr=1.000000e-03 | best_val=2.337990e-02
2026-07-28 17:27:55,087 | INFO | [MLP] ep=0430 loss_train=2.191651e-02 | loss_val=2.367072e-02 | lr=1.000000e-03 | best_val=2.277136e-02
2026-07-28 17:27:59,933 | INFO | [MLP] ep=0440 loss_train=2.130334e-02 | loss_val=2.254033e-02 | lr=1.000000e-03 | best_val=2.242211e-02
2026-07-28 17:28:04,796 | INFO | [MLP] ep=0450 loss_train=2.053331e-02 | loss_val=2.179641e-02 | lr=1.000000e-03 | best_val=2.179641e-02
2026-07-28 17:28:09,227 | INFO | [MLP] ep=0460 loss_train=2.025613e-02 | loss_val=2.156517e-02 | lr=1.000000e-03 | best_val=2.141352e-02
2026-07-28 17:28:13,710 | INFO | [MLP] ep=0470 loss_train=1.982654e-02 | loss_val=2.096106e-02 | lr=1.000000e-03 | best_val=2.096106e-02
2026-07-28 17:28:18,183 | INFO | [MLP] ep=0480 loss_train=1.995042e-02 | loss_val=2.085463e-02 | lr=1.000000e-03 | best_val=2.064705e-02
2026-07-28 17:28:22,690 | INFO | [MLP] ep=0490 loss_train=1.892637e-02 | loss_val=2.073521e-02 | lr=1.000000e-03 | best_val=2.048220e-02
2026-07-28 17:28:27,090 | INFO | [MLP] ep=0500 loss_train=1.879638e-02 | loss_val=1.996400e-02 | lr=1.000000e-03 | best_val=1.989469e-02
2026-07-28 17:28:31,774 | INFO | [MLP] ep=0510 loss_train=1.817266e-02 | loss_val=1.937315e-02 | lr=1.000000e-03 | best_val=1.937148e-02
2026-07-28 17:28:36,306 | INFO | [MLP] ep=0520 loss_train=1.782194e-02 | loss_val=1.975356e-02 | lr=1.000000e-03 | best_val=1.919715e-02
2026-07-28 17:28:40,296 | INFO | [MLP] ep=0530 loss_train=1.774493e-02 | loss_val=1.891632e-02 | lr=1.000000e-03 | best_val=1.883719e-02
2026-07-28 17:28:44,484 | INFO | [MLP] ep=0540 loss_train=1.663080e-02 | loss_val=1.827684e-02 | lr=5.000000e-04 | best_val=1.807410e-02
2026-07-28 17:28:48,940 | INFO | [MLP] ep=0550 loss_train=1.630839e-02 | loss_val=1.787988e-02 | lr=5.000000e-04 | best_val=1.787988e-02
2026-07-28 17:28:53,051 | INFO | [MLP] ep=0560 loss_train=1.625218e-02 | loss_val=1.785652e-02 | lr=5.000000e-04 | best_val=1.770855e-02
2026-07-28 17:28:57,668 | INFO | [MLP] ep=0570 loss_train=1.608441e-02 | loss_val=1.764256e-02 | lr=5.000000e-04 | best_val=1.752868e-02
2026-07-28 17:29:02,533 | INFO | [MLP] ep=0580 loss_train=1.587808e-02 | loss_val=1.731113e-02 | lr=5.000000e-04 | best_val=1.724470e-02
2026-07-28 17:29:06,922 | INFO | [MLP] ep=0590 loss_train=1.577431e-02 | loss_val=1.712533e-02 | lr=5.000000e-04 | best_val=1.712533e-02
2026-07-28 17:29:11,180 | INFO | [MLP] ep=0600 loss_train=1.553841e-02 | loss_val=1.732464e-02 | lr=5.000000e-04 | best_val=1.682198e-02
2026-07-28 17:29:15,907 | INFO | [MLP] ep=0610 loss_train=1.525068e-02 | loss_val=1.668628e-02 | lr=5.000000e-04 | best_val=1.668628e-02
2026-07-28 17:29:19,719 | INFO | [MLP] ep=0620 loss_train=1.507571e-02 | loss_val=1.705343e-02 | lr=5.000000e-04 | best_val=1.643543e-02
2026-07-28 17:29:23,886 | INFO | [MLP] ep=0630 loss_train=1.492891e-02 | loss_val=1.627452e-02 | lr=5.000000e-04 | best_val=1.627452e-02
2026-07-28 17:29:27,601 | INFO | [MLP] ep=0640 loss_train=1.476851e-02 | loss_val=1.678451e-02 | lr=5.000000e-04 | best_val=1.600511e-02
2026-07-28 17:29:31,680 | INFO | [MLP] ep=0650 loss_train=1.458366e-02 | loss_val=1.641327e-02 | lr=2.500000e-04 | best_val=1.600511e-02
2026-07-28 17:29:35,598 | INFO | [MLP] ep=0660 loss_train=1.412154e-02 | loss_val=1.573892e-02 | lr=2.500000e-04 | best_val=1.563878e-02
2026-07-28 17:29:39,530 | INFO | [MLP] ep=0670 loss_train=1.386396e-02 | loss_val=1.548433e-02 | lr=1.250000e-04 | best_val=1.547497e-02
2026-07-28 17:29:43,752 | INFO | [MLP] ep=0680 loss_train=1.396529e-02 | loss_val=1.548078e-02 | lr=1.250000e-04 | best_val=1.547028e-02
2026-07-28 17:29:48,071 | INFO | [MLP] ep=0690 loss_train=1.386921e-02 | loss_val=1.540289e-02 | lr=1.250000e-04 | best_val=1.540289e-02
2026-07-28 17:29:52,436 | INFO | [MLP] ep=0700 loss_train=1.377671e-02 | loss_val=1.534715e-02 | lr=1.250000e-04 | best_val=1.534592e-02
2026-07-28 17:29:57,417 | INFO | [MLP] ep=0710 loss_train=1.371507e-02 | loss_val=1.537027e-02 | lr=1.250000e-04 | best_val=1.530403e-02
2026-07-28 17:30:02,343 | INFO | [MLP] ep=0720 loss_train=1.364917e-02 | loss_val=1.536597e-02 | lr=1.250000e-04 | best_val=1.522399e-02
2026-07-28 17:30:07,241 | INFO | [MLP] ep=0730 loss_train=1.364307e-02 | loss_val=1.522447e-02 | lr=1.250000e-04 | best_val=1.521562e-02
2026-07-28 17:30:12,457 | INFO | [MLP] ep=0740 loss_train=1.353446e-02 | loss_val=1.515680e-02 | lr=1.250000e-04 | best_val=1.515680e-02
2026-07-28 17:30:17,529 | INFO | [MLP] ep=0750 loss_train=1.349375e-02 | loss_val=1.509837e-02 | lr=1.250000e-04 | best_val=1.509837e-02
2026-07-28 17:30:22,368 | INFO | [MLP] ep=0760 loss_train=1.339334e-02 | loss_val=1.502123e-02 | lr=1.250000e-04 | best_val=1.502035e-02
2026-07-28 17:30:26,988 | INFO | [MLP] ep=0770 loss_train=1.348362e-02 | loss_val=1.495247e-02 | lr=1.250000e-04 | best_val=1.495247e-02
2026-07-28 17:30:31,080 | INFO | [MLP] ep=0780 loss_train=1.336218e-02 | loss_val=1.499274e-02 | lr=1.250000e-04 | best_val=1.491767e-02
2026-07-28 17:30:36,049 | INFO | [MLP] ep=0790 loss_train=1.321954e-02 | loss_val=1.489705e-02 | lr=1.250000e-04 | best_val=1.487225e-02
2026-07-28 17:30:40,551 | INFO | [MLP] ep=0800 loss_train=1.328877e-02 | loss_val=1.485184e-02 | lr=1.250000e-04 | best_val=1.482144e-02
2026-07-28 17:30:45,068 | INFO | [MLP] ep=0810 loss_train=1.320913e-02 | loss_val=1.475302e-02 | lr=1.250000e-04 | best_val=1.473304e-02
2026-07-28 17:30:49,550 | INFO | [MLP] ep=0820 loss_train=1.318005e-02 | loss_val=1.471053e-02 | lr=1.250000e-04 | best_val=1.469537e-02
2026-07-28 17:30:54,976 | INFO | [MLP] ep=0830 loss_train=1.300338e-02 | loss_val=1.463972e-02 | lr=1.250000e-04 | best_val=1.461514e-02
2026-07-28 17:30:59,968 | INFO | [MLP] ep=0840 loss_train=1.299276e-02 | loss_val=1.459894e-02 | lr=1.250000e-04 | best_val=1.456783e-02
2026-07-28 17:31:04,677 | INFO | [MLP] ep=0850 loss_train=1.298199e-02 | loss_val=1.455007e-02 | lr=1.250000e-04 | best_val=1.450104e-02
2026-07-28 17:31:09,248 | INFO | [MLP] ep=0860 loss_train=1.287848e-02 | loss_val=1.455248e-02 | lr=1.250000e-04 | best_val=1.447362e-02
2026-07-28 17:31:14,444 | INFO | [MLP] ep=0870 loss_train=1.284191e-02 | loss_val=1.445587e-02 | lr=1.250000e-04 | best_val=1.442096e-02
2026-07-28 17:31:19,139 | INFO | [MLP] ep=0880 loss_train=1.279742e-02 | loss_val=1.440610e-02 | lr=1.250000e-04 | best_val=1.437611e-02
2026-07-28 17:31:23,972 | INFO | [MLP] ep=0890 loss_train=1.267859e-02 | loss_val=1.431079e-02 | lr=1.250000e-04 | best_val=1.431079e-02
2026-07-28 17:31:28,675 | INFO | [MLP] ep=0900 loss_train=1.271008e-02 | loss_val=1.437291e-02 | lr=1.250000e-04 | best_val=1.424339e-02
2026-07-28 17:31:33,460 | INFO | [MLP] ep=0910 loss_train=1.271263e-02 | loss_val=1.427777e-02 | lr=1.250000e-04 | best_val=1.422988e-02
2026-07-28 17:31:38,252 | INFO | [MLP] ep=0920 loss_train=1.266998e-02 | loss_val=1.420720e-02 | lr=1.250000e-04 | best_val=1.419750e-02
2026-07-28 17:31:42,909 | INFO | [MLP] ep=0930 loss_train=1.255097e-02 | loss_val=1.417977e-02 | lr=1.250000e-04 | best_val=1.414865e-02
2026-07-28 17:31:47,473 | INFO | [MLP] ep=0940 loss_train=1.244999e-02 | loss_val=1.414966e-02 | lr=1.250000e-04 | best_val=1.408855e-02
2026-07-28 17:31:52,156 | INFO | [MLP] ep=0950 loss_train=1.236591e-02 | loss_val=1.410027e-02 | lr=1.250000e-04 | best_val=1.406622e-02
2026-07-28 17:31:56,752 | INFO | [MLP] ep=0960 loss_train=1.248825e-02 | loss_val=1.408680e-02 | lr=1.250000e-04 | best_val=1.403126e-02
2026-07-28 17:32:01,438 | INFO | [MLP] ep=0970 loss_train=1.229533e-02 | loss_val=1.392821e-02 | lr=1.250000e-04 | best_val=1.390171e-02
2026-07-28 17:32:06,027 | INFO | [MLP] ep=0980 loss_train=1.223721e-02 | loss_val=1.395647e-02 | lr=1.250000e-04 | best_val=1.386336e-02
2026-07-28 17:32:11,081 | INFO | [MLP] ep=0990 loss_train=1.216479e-02 | loss_val=1.386929e-02 | lr=1.250000e-04 | best_val=1.383245e-02
2026-07-28 17:32:15,915 | INFO | [MLP] ep=1000 loss_train=1.213482e-02 | loss_val=1.385323e-02 | lr=1.250000e-04 | best_val=1.380450e-02
2026-07-28 17:32:16,018 | INFO | Scalers da MLP salvos em:results/models/mlp/mlp_base_20260728_172444
2026-07-28 17:32:16,018 | INFO | Iniciando avaliacao final para base
2026-07-28 17:32:16,019 | INFO | Modelo: results/models/mlp/mlp_base_20260728_172444/mlp_base_d4_w64.pt
2026-07-28 17:32:16,019 | INFO | Dataset: data/data_processed/dataset_test_mlp_base_d4_w64.parquet
2026-07-28 17:32:27,089 | INFO | Avaliacao concluida. Metrics: results/metrics/mlp/mlp_base_20260728_172444/mlp_base_d4_w64_seed123.json
2026-07-28 17:32:27,090 | INFO | Predictions: results/metrics/mlp/mlp_base_20260728_172444/mlp_base_d4_w64_seed123_predictions.parquet
2026-07-28 17:32:27,090 | INFO | Plots: results/plots/mlp/mlp_base_20260728_172444/mlp_base_d4_w64_seed123
2026-07-28 17:32:27,090 | INFO | Iniciando avaliação física da MLP no domínio completo.
2026-07-28 17:32:37,761 | INFO | ================================================================================
2026-07-28 17:32:37,762 | INFO | Experimento finalizado
2026-07-28 17:32:37,762 | INFO | Wall time: 472.75 s
2026-07-28 17:32:37,762 | INFO | CPU time: 132.10 s
2026-07-28 17:32:37,762 | INFO | Metadados salvos em: logs/mlp/mlp_base_20260728_172444/mlp_base_k_epsilon_20260728_172444.json
2026-07-28 17:32:37,762 | INFO | ================================================================================
