2026-06-30 02:11:52,979 | INFO | Dispositivo do experimento: cuda
2026-06-30 02:11:52,980 | INFO | ================================================================================
2026-06-30 02:11:52,980 | INFO | Iniciando experimento
2026-06-30 02:11:52,980 | INFO | k_epsilon
2026-06-30 02:11:52,980 | INFO | ================================================================================
2026-06-30 02:11:53,127 | INFO | Dataset salvo: dataset_test_pinn_k_epsilon_d4_w64.parquet
2026-06-30 02:11:53,223 | INFO | Model device: cuda:0
2026-06-30 02:11:54,967 | INFO | [PINN][PRE] ep=001 loss_train=7.562315e-01 | loss_val=6.944776e-01 | lr=1.00e-03
2026-06-30 02:11:58,566 | INFO | [PINN][PRE] ep=010 loss_train=4.412878e-01 | loss_val=4.535606e-01 | lr=1.00e-03
2026-06-30 02:12:02,492 | INFO | [PINN][PRE] ep=020 loss_train=3.185780e-01 | loss_val=3.247732e-01 | lr=1.00e-03
2026-06-30 02:12:06,441 | INFO | [PINN][PRE] ep=030 loss_train=2.365390e-01 | loss_val=2.435729e-01 | lr=1.00e-03
2026-06-30 02:12:10,867 | INFO | [PINN][PRE] ep=040 loss_train=1.956134e-01 | loss_val=2.031494e-01 | lr=1.00e-03
2026-06-30 02:12:15,082 | INFO | [PINN][PRE] ep=050 loss_train=1.662652e-01 | loss_val=1.734205e-01 | lr=1.00e-03
2026-06-30 02:12:19,347 | INFO | [PINN][PRE] ep=060 loss_train=1.497391e-01 | loss_val=1.543211e-01 | lr=1.00e-03
2026-06-30 02:12:23,278 | INFO | [PINN][PRE] ep=070 loss_train=1.349005e-01 | loss_val=1.418366e-01 | lr=1.00e-03
2026-06-30 02:12:27,697 | INFO | [PINN][PRE] ep=080 loss_train=1.178185e-01 | loss_val=1.248958e-01 | lr=1.00e-03
2026-06-30 02:12:31,816 | INFO | [PINN][PRE] ep=090 loss_train=1.055535e-01 | loss_val=1.130188e-01 | lr=1.00e-03
2026-06-30 02:12:36,023 | INFO | [PINN][PRE] ep=100 loss_train=9.642288e-02 | loss_val=1.043276e-01 | lr=1.00e-03
2026-06-30 02:12:40,158 | INFO | [PINN][PRE] ep=110 loss_train=8.772121e-02 | loss_val=9.779511e-02 | lr=1.00e-03
2026-06-30 02:12:44,427 | INFO | [PINN][PRE] ep=120 loss_train=8.178725e-02 | loss_val=8.630001e-02 | lr=1.00e-03
2026-06-30 02:12:48,915 | INFO | [PINN][PRE] ep=130 loss_train=7.521994e-02 | loss_val=7.931594e-02 | lr=1.00e-03
2026-06-30 02:12:53,104 | INFO | [PINN][PRE] ep=140 loss_train=6.748185e-02 | loss_val=7.431861e-02 | lr=1.00e-03
2026-06-30 02:12:57,391 | INFO | [PINN][PRE] ep=150 loss_train=6.218211e-02 | loss_val=6.597219e-02 | lr=1.00e-03
2026-06-30 02:13:01,693 | INFO | [PINN][PRE] ep=160 loss_train=5.665827e-02 | loss_val=6.093260e-02 | lr=1.00e-03
2026-06-30 02:13:06,125 | INFO | [PINN][PRE] ep=170 loss_train=5.287783e-02 | loss_val=5.626155e-02 | lr=1.00e-03
2026-06-30 02:13:10,405 | INFO | [PINN][PRE] ep=180 loss_train=4.926901e-02 | loss_val=5.283517e-02 | lr=1.00e-03
2026-06-30 02:13:14,245 | INFO | [PINN][PRE] ep=190 loss_train=4.663779e-02 | loss_val=4.982057e-02 | lr=1.00e-03
2026-06-30 02:13:18,720 | INFO | [PINN][PRE] ep=200 loss_train=4.432408e-02 | loss_val=4.706174e-02 | lr=1.00e-03
2026-06-30 02:13:23,220 | INFO | [PINN][PRE] ep=210 loss_train=4.145855e-02 | loss_val=4.414038e-02 | lr=1.00e-03
2026-06-30 02:13:27,374 | INFO | [PINN][PRE] ep=220 loss_train=3.857036e-02 | loss_val=4.130006e-02 | lr=1.00e-03
2026-06-30 02:13:31,537 | INFO | [PINN][PRE] ep=230 loss_train=3.642306e-02 | loss_val=3.856808e-02 | lr=1.00e-03
2026-06-30 02:13:35,984 | INFO | [PINN][PRE] ep=240 loss_train=3.523666e-02 | loss_val=3.723778e-02 | lr=1.00e-03
2026-06-30 02:13:40,765 | INFO | [PINN][PRE] ep=250 loss_train=3.398379e-02 | loss_val=3.529852e-02 | lr=1.00e-03
2026-06-30 02:13:45,130 | INFO | [PINN][PRE] ep=260 loss_train=3.178673e-02 | loss_val=3.414096e-02 | lr=1.00e-03
2026-06-30 02:13:49,600 | INFO | [PINN][PRE] ep=270 loss_train=3.126954e-02 | loss_val=3.257100e-02 | lr=1.00e-03
2026-06-30 02:13:54,028 | INFO | [PINN][PRE] ep=280 loss_train=2.966245e-02 | loss_val=3.102782e-02 | lr=1.00e-03
2026-06-30 02:13:58,154 | INFO | [PINN][PRE] ep=290 loss_train=2.840313e-02 | loss_val=3.023979e-02 | lr=1.00e-03
2026-06-30 02:14:02,799 | INFO | [PINN][PRE] ep=300 loss_train=2.772024e-02 | loss_val=2.914920e-02 | lr=1.00e-03
2026-06-30 02:14:07,013 | INFO | [PINN][PRE] ep=310 loss_train=2.698499e-02 | loss_val=2.770602e-02 | lr=1.00e-03
2026-06-30 02:14:11,075 | INFO | [PINN][PRE] ep=320 loss_train=2.561822e-02 | loss_val=2.694156e-02 | lr=1.00e-03
2026-06-30 02:14:15,337 | INFO | [PINN][PRE] ep=330 loss_train=2.441725e-02 | loss_val=2.576515e-02 | lr=1.00e-03
2026-06-30 02:14:19,369 | INFO | [PINN][PRE] ep=340 loss_train=2.401342e-02 | loss_val=2.552076e-02 | lr=1.00e-03
2026-06-30 02:14:23,954 | INFO | [PINN][PRE] ep=350 loss_train=2.359753e-02 | loss_val=2.478259e-02 | lr=1.00e-03
2026-06-30 02:14:28,050 | INFO | [PINN][PRE] ep=360 loss_train=2.233922e-02 | loss_val=2.367956e-02 | lr=1.00e-03
2026-06-30 02:14:32,168 | INFO | [PINN][PRE] ep=370 loss_train=2.169531e-02 | loss_val=2.359234e-02 | lr=1.00e-03
2026-06-30 02:14:36,119 | INFO | [PINN][PRE] ep=380 loss_train=2.089325e-02 | loss_val=2.235029e-02 | lr=1.00e-03
2026-06-30 02:14:40,247 | INFO | [PINN][PRE] ep=390 loss_train=2.021637e-02 | loss_val=2.225561e-02 | lr=1.00e-03
2026-06-30 02:14:44,334 | INFO | [PINN][PRE] ep=400 loss_train=1.999920e-02 | loss_val=2.130463e-02 | lr=1.00e-03
2026-06-30 02:14:48,067 | INFO | [PINN][PRE] ep=410 loss_train=1.938730e-02 | loss_val=2.139035e-02 | lr=1.00e-03
2026-06-30 02:14:51,825 | INFO | [PINN][PRE] ep=420 loss_train=1.881427e-02 | loss_val=2.140885e-02 | lr=1.00e-03
2026-06-30 02:14:55,511 | INFO | [PINN][PRE] ep=430 loss_train=1.921378e-02 | loss_val=2.033108e-02 | lr=1.00e-03
2026-06-30 02:14:59,788 | INFO | [PINN][PRE] ep=440 loss_train=1.821076e-02 | loss_val=1.984641e-02 | lr=1.00e-03
2026-06-30 02:15:03,452 | INFO | [PINN][PRE] ep=450 loss_train=1.776819e-02 | loss_val=1.985506e-02 | lr=1.00e-03
2026-06-30 02:15:07,539 | INFO | [PINN][PRE] ep=460 loss_train=1.732228e-02 | loss_val=1.945966e-02 | lr=1.00e-03
2026-06-30 02:15:11,385 | INFO | [PINN][PRE] ep=470 loss_train=1.684534e-02 | loss_val=1.841723e-02 | lr=5.00e-04
2026-06-30 02:15:15,268 | INFO | [PINN][PRE] ep=480 loss_train=1.615146e-02 | loss_val=1.817743e-02 | lr=5.00e-04
2026-06-30 02:15:19,257 | INFO | [PINN][PRE] ep=490 loss_train=1.582403e-02 | loss_val=1.765857e-02 | lr=5.00e-04
2026-06-30 02:15:22,935 | INFO | [PINN][PRE] ep=500 loss_train=1.575802e-02 | loss_val=1.751206e-02 | lr=5.00e-04
2026-06-30 02:15:23,936 | INFO | [PINN][PHYS] ep=001 loss_total=1.051201e+00 | loss_data=4.152e-01 | loss_cont=6.360e+04 | loss_val=4.536e-01 | lr=5.00e-04
2026-06-30 02:15:28,263 | INFO | [PINN][PHYS] ep=010 loss_total=2.073437e-01 | loss_data=1.717e-01 | loss_cont=3.564e+03 | loss_val=1.776e-01 | lr=5.00e-04
2026-06-30 02:15:33,172 | INFO | [PINN][PHYS] ep=020 loss_total=1.553937e-01 | loss_data=1.318e-01 | loss_cont=2.358e+03 | loss_val=1.389e-01 | lr=5.00e-04
2026-06-30 02:15:38,183 | INFO | [PINN][PHYS] ep=030 loss_total=1.300358e-01 | loss_data=1.119e-01 | loss_cont=1.812e+03 | loss_val=1.183e-01 | lr=5.00e-04
2026-06-30 02:15:43,261 | INFO | [PINN][PHYS] ep=040 loss_total=1.128756e-01 | loss_data=9.826e-02 | loss_cont=1.462e+03 | loss_val=1.046e-01 | lr=5.00e-04
2026-06-30 02:15:48,106 | INFO | [PINN][PHYS] ep=050 loss_total=1.004656e-01 | loss_data=8.840e-02 | loss_cont=1.207e+03 | loss_val=9.542e-02 | lr=5.00e-04
2026-06-30 02:15:53,162 | INFO | [PINN][PHYS] ep=060 loss_total=9.160441e-02 | loss_data=8.131e-02 | loss_cont=1.029e+03 | loss_val=8.816e-02 | lr=5.00e-04
2026-06-30 02:15:58,340 | INFO | [PINN][PHYS] ep=070 loss_total=8.360078e-02 | loss_data=7.461e-02 | loss_cont=8.992e+02 | loss_val=8.059e-02 | lr=5.00e-04
2026-06-30 02:16:03,318 | INFO | [PINN][PHYS] ep=080 loss_total=7.671124e-02 | loss_data=6.881e-02 | loss_cont=7.904e+02 | loss_val=7.453e-02 | lr=5.00e-04
2026-06-30 02:16:08,392 | INFO | [PINN][PHYS] ep=090 loss_total=7.076328e-02 | loss_data=6.368e-02 | loss_cont=7.086e+02 | loss_val=6.970e-02 | lr=5.00e-04
2026-06-30 02:16:13,055 | INFO | [PINN][PHYS] ep=100 loss_total=6.627128e-02 | loss_data=5.977e-02 | loss_cont=6.500e+02 | loss_val=6.493e-02 | lr=5.00e-04
2026-06-30 02:16:17,903 | INFO | [PINN][PHYS] ep=110 loss_total=6.199198e-02 | loss_data=5.607e-02 | loss_cont=5.918e+02 | loss_val=6.100e-02 | lr=5.00e-04
2026-06-30 02:16:22,898 | INFO | [PINN][PHYS] ep=120 loss_total=5.787073e-02 | loss_data=5.237e-02 | loss_cont=5.497e+02 | loss_val=5.760e-02 | lr=5.00e-04
2026-06-30 02:16:27,840 | INFO | [PINN][PHYS] ep=130 loss_total=5.504716e-02 | loss_data=4.983e-02 | loss_cont=5.221e+02 | loss_val=5.450e-02 | lr=5.00e-04
2026-06-30 02:16:32,634 | INFO | [PINN][PHYS] ep=140 loss_total=5.218929e-02 | loss_data=4.731e-02 | loss_cont=4.883e+02 | loss_val=5.187e-02 | lr=5.00e-04
2026-06-30 02:16:37,548 | INFO | [PINN][PHYS] ep=150 loss_total=4.963449e-02 | loss_data=4.507e-02 | loss_cont=4.565e+02 | loss_val=4.945e-02 | lr=5.00e-04
2026-06-30 02:16:42,480 | INFO | [PINN][PHYS] ep=160 loss_total=4.790683e-02 | loss_data=4.344e-02 | loss_cont=4.465e+02 | loss_val=4.714e-02 | lr=5.00e-04
2026-06-30 02:16:47,335 | INFO | [PINN][PHYS] ep=170 loss_total=4.549085e-02 | loss_data=4.130e-02 | loss_cont=4.189e+02 | loss_val=4.532e-02 | lr=5.00e-04
2026-06-30 02:16:52,099 | INFO | [PINN][PHYS] ep=180 loss_total=4.338736e-02 | loss_data=3.943e-02 | loss_cont=3.961e+02 | loss_val=4.363e-02 | lr=5.00e-04
2026-06-30 02:16:56,913 | INFO | [PINN][PHYS] ep=190 loss_total=4.163085e-02 | loss_data=3.787e-02 | loss_cont=3.756e+02 | loss_val=4.157e-02 | lr=5.00e-04
2026-06-30 02:17:01,956 | INFO | [PINN][PHYS] ep=200 loss_total=4.014692e-02 | loss_data=3.648e-02 | loss_cont=3.666e+02 | loss_val=3.997e-02 | lr=5.00e-04
2026-06-30 02:17:06,746 | INFO | [PINN][PHYS] ep=210 loss_total=3.865663e-02 | loss_data=3.502e-02 | loss_cont=3.637e+02 | loss_val=3.856e-02 | lr=5.00e-04
2026-06-30 02:17:11,487 | INFO | [PINN][PHYS] ep=220 loss_total=3.689826e-02 | loss_data=3.353e-02 | loss_cont=3.369e+02 | loss_val=3.692e-02 | lr=5.00e-04
2026-06-30 02:17:16,414 | INFO | [PINN][PHYS] ep=230 loss_total=3.568540e-02 | loss_data=3.242e-02 | loss_cont=3.262e+02 | loss_val=3.577e-02 | lr=5.00e-04
2026-06-30 02:17:20,908 | INFO | [PINN][PHYS] ep=240 loss_total=3.460110e-02 | loss_data=3.142e-02 | loss_cont=3.181e+02 | loss_val=3.459e-02 | lr=5.00e-04
2026-06-30 02:17:25,953 | INFO | [PINN][PHYS] ep=250 loss_total=3.357355e-02 | loss_data=3.051e-02 | loss_cont=3.061e+02 | loss_val=3.466e-02 | lr=5.00e-04
2026-06-30 02:17:30,727 | INFO | [PINN][PHYS] ep=260 loss_total=3.261585e-02 | loss_data=2.966e-02 | loss_cont=2.956e+02 | loss_val=3.221e-02 | lr=5.00e-04
2026-06-30 02:17:35,399 | INFO | [PINN][PHYS] ep=270 loss_total=3.155608e-02 | loss_data=2.868e-02 | loss_cont=2.878e+02 | loss_val=3.136e-02 | lr=5.00e-04
2026-06-30 02:17:40,202 | INFO | [PINN][PHYS] ep=280 loss_total=3.089218e-02 | loss_data=2.806e-02 | loss_cont=2.827e+02 | loss_val=3.049e-02 | lr=5.00e-04
2026-06-30 02:17:44,981 | INFO | [PINN][PHYS] ep=290 loss_total=3.090494e-02 | loss_data=2.788e-02 | loss_cont=3.024e+02 | loss_val=2.995e-02 | lr=5.00e-04
2026-06-30 02:17:50,011 | INFO | [PINN][PHYS] ep=300 loss_total=2.954645e-02 | loss_data=2.671e-02 | loss_cont=2.836e+02 | loss_val=2.903e-02 | lr=5.00e-04
2026-06-30 02:17:50,062 | INFO | Scalers da PINN salvos em:results/models
2026-06-30 02:17:50,062 | INFO | Iniciando avaliacao final para k_epsilon
2026-06-30 02:17:50,062 | INFO | Modelo: results/models/pinn_k_epsilon_d4_w64.pt
2026-06-30 02:17:50,062 | INFO | Dataset: data/data_processed/dataset_test_pinn_k_epsilon_d4_w64.parquet
2026-06-30 02:18:01,065 | INFO | Avaliacao concluida. Metrics: results/metrics/pinn_k_epsilon_d4_w64_seed42.json
2026-06-30 02:18:01,065 | INFO | Predictions: results/metrics/pinn_k_epsilon_d4_w64_seed42_predictions.parquet
2026-06-30 02:18:01,065 | INFO | Plots: results/plots/pinn_k_epsilon_d4_w64_seed42
2026-06-30 02:18:01,067 | INFO | ================================================================================
2026-06-30 02:18:01,067 | INFO | Treino finalizado
2026-06-30 02:18:01,067 | INFO | Melhor loss: 2.863916e-02
2026-06-30 02:18:01,067 | INFO | Modelo salvo: results/models/pinn_k_epsilon_d4_w64.pt
2026-06-30 02:18:01,067 | INFO | ================================================================================
2026-06-30 04:05:32,411 | INFO | Dispositivo do experimento: cuda
2026-06-30 04:05:32,411 | INFO | ================================================================================
2026-06-30 04:05:32,411 | INFO | Iniciando experimento
2026-06-30 04:05:32,411 | INFO | k_epsilon
2026-06-30 04:05:32,411 | INFO | ================================================================================
2026-06-30 04:05:32,509 | INFO | Dataset salvo: dataset_test_pinn_k_epsilon_d4_w64.parquet
2026-06-30 04:05:32,592 | INFO | Model device: cuda:0
2026-06-30 04:05:34,126 | INFO | [PINN][PRE] ep=001 loss_train=7.562315e-01 | loss_val=6.944776e-01 | lr=1.00e-03
2026-06-30 04:05:37,004 | INFO | [PINN][PRE] ep=010 loss_train=4.412878e-01 | loss_val=4.535606e-01 | lr=1.00e-03
2026-06-30 04:05:40,103 | INFO | [PINN][PRE] ep=020 loss_train=3.185780e-01 | loss_val=3.247732e-01 | lr=1.00e-03
2026-06-30 04:05:43,459 | INFO | [PINN][PRE] ep=030 loss_train=2.365390e-01 | loss_val=2.435729e-01 | lr=1.00e-03
2026-06-30 04:05:47,054 | INFO | [PINN][PRE] ep=040 loss_train=1.956134e-01 | loss_val=2.031494e-01 | lr=1.00e-03
2026-06-30 04:05:50,489 | INFO | [PINN][PRE] ep=050 loss_train=1.662652e-01 | loss_val=1.734205e-01 | lr=1.00e-03
2026-06-30 04:05:54,243 | INFO | [PINN][PRE] ep=060 loss_train=1.497391e-01 | loss_val=1.543211e-01 | lr=1.00e-03
2026-06-30 04:05:57,808 | INFO | [PINN][PRE] ep=070 loss_train=1.349005e-01 | loss_val=1.418366e-01 | lr=1.00e-03
2026-06-30 04:06:01,452 | INFO | [PINN][PRE] ep=080 loss_train=1.178185e-01 | loss_val=1.248958e-01 | lr=1.00e-03
2026-06-30 04:06:05,512 | INFO | [PINN][PRE] ep=090 loss_train=1.055535e-01 | loss_val=1.130188e-01 | lr=1.00e-03
2026-06-30 04:06:09,251 | INFO | [PINN][PRE] ep=100 loss_train=9.642288e-02 | loss_val=1.043276e-01 | lr=1.00e-03
2026-06-30 04:06:13,055 | INFO | [PINN][PRE] ep=110 loss_train=8.772121e-02 | loss_val=9.779511e-02 | lr=1.00e-03
2026-06-30 04:06:16,593 | INFO | [PINN][PRE] ep=120 loss_train=8.178725e-02 | loss_val=8.630001e-02 | lr=1.00e-03
2026-06-30 04:06:20,293 | INFO | [PINN][PRE] ep=130 loss_train=7.521994e-02 | loss_val=7.931594e-02 | lr=1.00e-03
2026-06-30 04:06:24,002 | INFO | [PINN][PRE] ep=140 loss_train=6.748185e-02 | loss_val=7.431861e-02 | lr=1.00e-03
2026-06-30 04:06:27,451 | INFO | [PINN][PRE] ep=150 loss_train=6.218211e-02 | loss_val=6.597219e-02 | lr=1.00e-03
2026-06-30 04:06:31,134 | INFO | [PINN][PRE] ep=160 loss_train=5.665827e-02 | loss_val=6.093260e-02 | lr=1.00e-03
2026-06-30 04:06:34,881 | INFO | [PINN][PRE] ep=170 loss_train=5.287783e-02 | loss_val=5.626155e-02 | lr=1.00e-03
2026-06-30 04:06:38,635 | INFO | [PINN][PRE] ep=180 loss_train=4.926901e-02 | loss_val=5.283517e-02 | lr=1.00e-03
2026-06-30 04:06:42,175 | INFO | [PINN][PRE] ep=190 loss_train=4.663779e-02 | loss_val=4.982057e-02 | lr=1.00e-03
2026-06-30 04:06:45,775 | INFO | [PINN][PRE] ep=200 loss_train=4.432408e-02 | loss_val=4.706174e-02 | lr=1.00e-03
2026-06-30 04:06:49,639 | INFO | [PINN][PRE] ep=210 loss_train=4.145855e-02 | loss_val=4.414038e-02 | lr=1.00e-03
2026-06-30 04:06:53,316 | INFO | [PINN][PRE] ep=220 loss_train=3.857036e-02 | loss_val=4.130006e-02 | lr=1.00e-03
2026-06-30 04:06:56,900 | INFO | [PINN][PRE] ep=230 loss_train=3.642306e-02 | loss_val=3.856808e-02 | lr=1.00e-03
2026-06-30 04:07:00,640 | INFO | [PINN][PRE] ep=240 loss_train=3.523666e-02 | loss_val=3.723778e-02 | lr=1.00e-03
2026-06-30 04:07:04,298 | INFO | [PINN][PRE] ep=250 loss_train=3.398379e-02 | loss_val=3.529852e-02 | lr=1.00e-03
2026-06-30 04:07:07,817 | INFO | [PINN][PRE] ep=260 loss_train=3.178673e-02 | loss_val=3.414096e-02 | lr=1.00e-03
2026-06-30 04:07:11,684 | INFO | [PINN][PRE] ep=270 loss_train=3.126954e-02 | loss_val=3.257100e-02 | lr=1.00e-03
2026-06-30 04:07:15,447 | INFO | [PINN][PRE] ep=280 loss_train=2.966245e-02 | loss_val=3.102782e-02 | lr=1.00e-03
2026-06-30 04:07:18,810 | INFO | [PINN][PRE] ep=290 loss_train=2.840313e-02 | loss_val=3.023979e-02 | lr=1.00e-03
2026-06-30 04:07:22,751 | INFO | [PINN][PRE] ep=300 loss_train=2.772024e-02 | loss_val=2.914920e-02 | lr=1.00e-03
2026-06-30 04:07:26,251 | INFO | [PINN][PRE] ep=310 loss_train=2.698499e-02 | loss_val=2.770602e-02 | lr=1.00e-03
2026-06-30 04:07:30,253 | INFO | [PINN][PRE] ep=320 loss_train=2.561822e-02 | loss_val=2.694156e-02 | lr=1.00e-03
2026-06-30 04:07:34,202 | INFO | [PINN][PRE] ep=330 loss_train=2.441725e-02 | loss_val=2.576515e-02 | lr=1.00e-03
2026-06-30 04:07:37,802 | INFO | [PINN][PRE] ep=340 loss_train=2.401342e-02 | loss_val=2.552076e-02 | lr=1.00e-03
2026-06-30 04:07:41,906 | INFO | [PINN][PRE] ep=350 loss_train=2.359753e-02 | loss_val=2.478259e-02 | lr=1.00e-03
2026-06-30 04:07:45,676 | INFO | [PINN][PRE] ep=360 loss_train=2.233922e-02 | loss_val=2.367956e-02 | lr=1.00e-03
2026-06-30 04:07:49,594 | INFO | [PINN][PRE] ep=370 loss_train=2.169531e-02 | loss_val=2.359234e-02 | lr=1.00e-03
2026-06-30 04:07:53,319 | INFO | [PINN][PRE] ep=380 loss_train=2.089325e-02 | loss_val=2.235029e-02 | lr=1.00e-03
2026-06-30 04:07:57,129 | INFO | [PINN][PRE] ep=390 loss_train=2.021637e-02 | loss_val=2.225561e-02 | lr=1.00e-03
2026-06-30 04:08:00,753 | INFO | [PINN][PRE] ep=400 loss_train=1.999920e-02 | loss_val=2.130463e-02 | lr=1.00e-03
2026-06-30 04:08:04,413 | INFO | [PINN][PRE] ep=410 loss_train=1.938730e-02 | loss_val=2.139035e-02 | lr=1.00e-03
2026-06-30 04:08:08,175 | INFO | [PINN][PRE] ep=420 loss_train=1.881427e-02 | loss_val=2.140885e-02 | lr=1.00e-03
2026-06-30 04:08:11,877 | INFO | [PINN][PRE] ep=430 loss_train=1.921378e-02 | loss_val=2.033108e-02 | lr=1.00e-03
2026-06-30 04:08:15,786 | INFO | [PINN][PRE] ep=440 loss_train=1.821076e-02 | loss_val=1.984641e-02 | lr=1.00e-03
2026-06-30 04:08:19,731 | INFO | [PINN][PRE] ep=450 loss_train=1.776819e-02 | loss_val=1.985506e-02 | lr=1.00e-03
2026-06-30 04:08:23,362 | INFO | [PINN][PRE] ep=460 loss_train=1.732228e-02 | loss_val=1.945966e-02 | lr=1.00e-03
2026-06-30 04:08:27,079 | INFO | [PINN][PRE] ep=470 loss_train=1.684534e-02 | loss_val=1.841723e-02 | lr=5.00e-04
2026-06-30 04:08:30,578 | INFO | [PINN][PRE] ep=480 loss_train=1.615146e-02 | loss_val=1.817743e-02 | lr=5.00e-04
2026-06-30 04:08:34,355 | INFO | [PINN][PRE] ep=490 loss_train=1.582403e-02 | loss_val=1.765857e-02 | lr=5.00e-04
2026-06-30 04:08:38,095 | INFO | [PINN][PRE] ep=500 loss_train=1.575802e-02 | loss_val=1.751206e-02 | lr=5.00e-04
2026-06-30 04:08:39,508 | INFO | [PINN][CONT_MOM] ep=001 loss_total=1.126250e+00 | loss_data=4.131e-01 | loss_cont=6.330e+04 | loss_mom=8.016e+03 | loss_val=4.486e-01 | lr=5.00e-04
2026-06-30 04:08:46,776 | INFO | [PINN][CONT_MOM] ep=010 loss_total=2.444518e-01 | loss_data=1.753e-01 | loss_cont=3.468e+03 | loss_mom=3.446e+03 | loss_val=1.830e-01 | lr=5.00e-04
2026-06-30 04:08:54,805 | INFO | [PINN][CONT_MOM] ep=020 loss_total=1.855770e-01 | loss_data=1.357e-01 | loss_cont=2.253e+03 | loss_mom=2.739e+03 | loss_val=1.444e-01 | lr=5.00e-04
2026-06-30 04:09:02,627 | INFO | [PINN][CONT_MOM] ep=030 loss_total=1.567401e-01 | loss_data=1.171e-01 | loss_cont=1.611e+03 | loss_mom=2.353e+03 | loss_val=1.249e-01 | lr=5.00e-04
2026-06-30 04:09:10,944 | INFO | [PINN][CONT_MOM] ep=040 loss_total=1.385118e-01 | loss_data=1.045e-01 | loss_cont=1.281e+03 | loss_mom=2.124e+03 | loss_val=1.126e-01 | lr=5.00e-04
2026-06-30 04:09:18,863 | INFO | [PINN][CONT_MOM] ep=050 loss_total=1.251796e-01 | loss_data=9.465e-02 | loss_cont=1.085e+03 | loss_mom=1.968e+03 | loss_val=1.031e-01 | lr=5.00e-04
2026-06-30 04:09:26,887 | INFO | [PINN][CONT_MOM] ep=060 loss_total=1.156783e-01 | loss_data=8.753e-02 | loss_cont=9.624e+02 | loss_mom=1.853e+03 | loss_val=9.552e-02 | lr=5.00e-04
2026-06-30 04:09:35,010 | INFO | [PINN][CONT_MOM] ep=070 loss_total=1.069055e-01 | loss_data=8.080e-02 | loss_cont=8.561e+02 | loss_mom=1.754e+03 | loss_val=8.818e-02 | lr=5.00e-04
2026-06-30 04:09:42,973 | INFO | [PINN][CONT_MOM] ep=080 loss_total=9.945083e-02 | loss_data=7.505e-02 | loss_cont=7.725e+02 | loss_mom=1.668e+03 | loss_val=8.189e-02 | lr=5.00e-04
2026-06-30 04:09:51,198 | INFO | [PINN][CONT_MOM] ep=090 loss_total=9.300333e-02 | loss_data=7.002e-02 | loss_cont=6.982e+02 | loss_mom=1.600e+03 | loss_val=7.704e-02 | lr=5.00e-04
2026-06-30 04:09:59,218 | INFO | [PINN][CONT_MOM] ep=100 loss_total=8.836290e-02 | loss_data=6.640e-02 | loss_cont=6.586e+02 | loss_mom=1.538e+03 | loss_val=7.268e-02 | lr=5.00e-04
2026-06-30 04:10:07,142 | INFO | [PINN][CONT_MOM] ep=110 loss_total=8.338380e-02 | loss_data=6.255e-02 | loss_cont=6.056e+02 | loss_mom=1.478e+03 | loss_val=6.870e-02 | lr=5.00e-04
2026-06-30 04:10:15,037 | INFO | [PINN][CONT_MOM] ep=120 loss_total=7.888994e-02 | loss_data=5.892e-02 | loss_cont=5.732e+02 | loss_mom=1.424e+03 | loss_val=6.509e-02 | lr=5.00e-04
2026-06-30 04:10:22,879 | INFO | [PINN][CONT_MOM] ep=130 loss_total=7.533936e-02 | loss_data=5.620e-02 | loss_cont=5.390e+02 | loss_mom=1.375e+03 | loss_val=6.183e-02 | lr=5.00e-04
2026-06-30 04:10:30,798 | INFO | [PINN][CONT_MOM] ep=140 loss_total=7.179498e-02 | loss_data=5.352e-02 | loss_cont=5.034e+02 | loss_mom=1.324e+03 | loss_val=5.896e-02 | lr=5.00e-04
2026-06-30 04:10:38,634 | INFO | [PINN][CONT_MOM] ep=150 loss_total=6.879555e-02 | loss_data=5.130e-02 | loss_cont=4.745e+02 | loss_mom=1.275e+03 | loss_val=5.646e-02 | lr=5.00e-04
2026-06-30 04:10:46,491 | INFO | [PINN][CONT_MOM] ep=160 loss_total=6.654843e-02 | loss_data=4.954e-02 | loss_cont=4.562e+02 | loss_mom=1.244e+03 | loss_val=5.397e-02 | lr=5.00e-04
2026-06-30 04:10:54,256 | INFO | [PINN][CONT_MOM] ep=170 loss_total=6.395361e-02 | loss_data=4.759e-02 | loss_cont=4.362e+02 | loss_mom=1.201e+03 | loss_val=5.165e-02 | lr=5.00e-04
2026-06-30 04:11:02,323 | INFO | [PINN][CONT_MOM] ep=180 loss_total=6.105991e-02 | loss_data=4.531e-02 | loss_cont=4.120e+02 | loss_mom=1.163e+03 | loss_val=5.023e-02 | lr=5.00e-04
2026-06-30 04:11:10,378 | INFO | [PINN][CONT_MOM] ep=190 loss_total=5.878033e-02 | loss_data=4.352e-02 | loss_cont=3.910e+02 | loss_mom=1.135e+03 | loss_val=4.778e-02 | lr=5.00e-04
2026-06-30 04:11:18,230 | INFO | [PINN][CONT_MOM] ep=200 loss_total=5.703318e-02 | loss_data=4.212e-02 | loss_cont=3.796e+02 | loss_mom=1.111e+03 | loss_val=4.584e-02 | lr=5.00e-04
2026-06-30 04:11:26,272 | INFO | [PINN][CONT_MOM] ep=210 loss_total=5.546217e-02 | loss_data=4.088e-02 | loss_cont=3.732e+02 | loss_mom=1.085e+03 | loss_val=4.447e-02 | lr=5.00e-04
2026-06-30 04:11:34,215 | INFO | [PINN][CONT_MOM] ep=220 loss_total=5.279556e-02 | loss_data=3.886e-02 | loss_cont=3.468e+02 | loss_mom=1.047e+03 | loss_val=4.286e-02 | lr=5.00e-04
2026-06-30 04:11:42,131 | INFO | [PINN][CONT_MOM] ep=230 loss_total=5.133922e-02 | loss_data=3.775e-02 | loss_cont=3.276e+02 | loss_mom=1.031e+03 | loss_val=4.110e-02 | lr=5.00e-04
2026-06-30 04:11:50,103 | INFO | [PINN][CONT_MOM] ep=240 loss_total=4.984813e-02 | loss_data=3.664e-02 | loss_cont=3.140e+02 | loss_mom=1.007e+03 | loss_val=4.003e-02 | lr=5.00e-04
2026-06-30 04:11:58,142 | INFO | [PINN][CONT_MOM] ep=250 loss_total=4.914788e-02 | loss_data=3.612e-02 | loss_cont=3.133e+02 | loss_mom=9.897e+02 | loss_val=3.980e-02 | lr=5.00e-04
2026-06-30 04:12:06,234 | INFO | [PINN][CONT_MOM] ep=260 loss_total=4.709407e-02 | loss_data=3.458e-02 | loss_cont=2.869e+02 | loss_mom=9.648e+02 | loss_val=3.718e-02 | lr=5.00e-04
2026-06-30 04:12:14,195 | INFO | [PINN][CONT_MOM] ep=270 loss_total=4.592882e-02 | loss_data=3.374e-02 | loss_cont=2.781e+02 | loss_mom=9.413e+02 | loss_val=3.625e-02 | lr=5.00e-04
2026-06-30 04:12:22,098 | INFO | [PINN][CONT_MOM] ep=280 loss_total=4.474020e-02 | loss_data=3.290e-02 | loss_cont=2.639e+02 | loss_mom=9.199e+02 | loss_val=3.584e-02 | lr=5.00e-04
2026-06-30 04:12:29,954 | INFO | [PINN][CONT_MOM] ep=290 loss_total=4.415451e-02 | loss_data=3.241e-02 | loss_cont=2.657e+02 | loss_mom=9.092e+02 | loss_val=3.491e-02 | lr=5.00e-04
2026-06-30 04:12:37,674 | INFO | [PINN][CONT_MOM] ep=300 loss_total=4.263483e-02 | loss_data=3.122e-02 | loss_cont=2.545e+02 | loss_mom=8.869e+02 | loss_val=3.406e-02 | lr=5.00e-04
2026-06-30 04:12:37,729 | INFO | Scalers da PINN salvos em:results/models
2026-06-30 04:12:37,729 | INFO | Iniciando avaliacao final para k_epsilon
2026-06-30 04:12:37,729 | INFO | Modelo: results/models/pinn_k_epsilon_d4_w64.pt
2026-06-30 04:12:37,729 | INFO | Dataset: data/data_processed/dataset_test_pinn_k_epsilon_d4_w64.parquet
2026-06-30 04:12:48,076 | INFO | Avaliacao concluida. Metrics: results/metrics/pinn_k_epsilon_d4_w64_seed42.json
2026-06-30 04:12:48,076 | INFO | Predictions: results/metrics/pinn_k_epsilon_d4_w64_seed42_predictions.parquet
2026-06-30 04:12:48,076 | INFO | Plots: results/plots/pinn_k_epsilon_d4_w64_seed42
2026-06-30 04:12:48,077 | INFO | ================================================================================
2026-06-30 04:12:48,077 | INFO | Treino finalizado
2026-06-30 04:12:48,077 | INFO | Melhor loss: 3.357857e-02
2026-06-30 04:12:48,078 | INFO | Modelo salvo: results/models/pinn_k_epsilon_d4_w64.pt
2026-06-30 04:12:48,078 | INFO | ================================================================================
2026-06-30 17:11:10,815 | INFO | Dispositivo do experimento: cuda
2026-06-30 17:11:10,815 | INFO | ================================================================================
2026-06-30 17:11:10,815 | INFO | Iniciando experimento
2026-06-30 17:11:10,815 | INFO | PINN_k_epsilon
2026-06-30 17:11:10,815 | INFO | ================================================================================
2026-06-30 17:11:11,050 | INFO | Dataset salvo: dataset_test_pinn_k_epsilon_d4_w64.parquet
2026-06-30 17:11:11,212 | INFO | Model device: cuda:0
2026-06-30 17:11:13,647 | INFO | [PINN][PRE] ep=001 loss_train=7.562315e-01 | loss_val=6.944776e-01 | lr=1.00e-03
2026-06-30 17:11:16,174 | INFO | [PINN][PRE] ep=010 loss_train=4.412878e-01 | loss_val=4.535606e-01 | lr=1.00e-03
2026-06-30 17:11:19,056 | INFO | [PINN][PRE] ep=020 loss_train=3.185780e-01 | loss_val=3.247732e-01 | lr=1.00e-03
2026-06-30 17:11:22,041 | INFO | [PINN][PRE] ep=030 loss_train=2.365390e-01 | loss_val=2.435729e-01 | lr=1.00e-03
2026-06-30 17:11:24,919 | INFO | [PINN][PRE] ep=040 loss_train=1.956134e-01 | loss_val=2.031494e-01 | lr=1.00e-03
2026-06-30 17:11:27,856 | INFO | [PINN][PRE] ep=050 loss_train=1.662652e-01 | loss_val=1.734205e-01 | lr=1.00e-03
2026-06-30 17:11:31,068 | INFO | [PINN][PRE] ep=060 loss_train=1.497391e-01 | loss_val=1.543211e-01 | lr=1.00e-03
2026-06-30 17:11:34,255 | INFO | [PINN][PRE] ep=070 loss_train=1.349005e-01 | loss_val=1.418366e-01 | lr=1.00e-03
2026-06-30 17:11:37,367 | INFO | [PINN][PRE] ep=080 loss_train=1.178185e-01 | loss_val=1.248958e-01 | lr=1.00e-03
2026-06-30 17:11:40,678 | INFO | [PINN][PRE] ep=090 loss_train=1.055535e-01 | loss_val=1.130188e-01 | lr=1.00e-03
2026-06-30 17:11:43,797 | INFO | [PINN][PRE] ep=100 loss_train=9.642288e-02 | loss_val=1.043276e-01 | lr=1.00e-03
2026-06-30 17:11:47,431 | INFO | [PINN][PRE] ep=110 loss_train=8.772121e-02 | loss_val=9.779511e-02 | lr=1.00e-03
2026-06-30 17:11:50,542 | INFO | [PINN][PRE] ep=120 loss_train=8.178725e-02 | loss_val=8.630001e-02 | lr=1.00e-03
2026-06-30 17:11:53,859 | INFO | [PINN][PRE] ep=130 loss_train=7.521994e-02 | loss_val=7.931594e-02 | lr=1.00e-03
2026-06-30 17:11:57,501 | INFO | [PINN][PRE] ep=140 loss_train=6.748185e-02 | loss_val=7.431861e-02 | lr=1.00e-03
2026-06-30 17:12:00,654 | INFO | [PINN][PRE] ep=150 loss_train=6.218211e-02 | loss_val=6.597219e-02 | lr=1.00e-03
2026-06-30 17:12:03,978 | INFO | [PINN][PRE] ep=160 loss_train=5.665827e-02 | loss_val=6.093260e-02 | lr=1.00e-03
2026-06-30 17:12:07,358 | INFO | [PINN][PRE] ep=170 loss_train=5.287783e-02 | loss_val=5.626155e-02 | lr=1.00e-03
2026-06-30 17:12:10,698 | INFO | [PINN][PRE] ep=180 loss_train=4.926901e-02 | loss_val=5.283517e-02 | lr=1.00e-03
2026-06-30 17:12:13,889 | INFO | [PINN][PRE] ep=190 loss_train=4.663779e-02 | loss_val=4.982057e-02 | lr=1.00e-03
2026-06-30 17:12:17,380 | INFO | [PINN][PRE] ep=200 loss_train=4.432408e-02 | loss_val=4.706174e-02 | lr=1.00e-03
2026-06-30 17:12:20,800 | INFO | [PINN][PRE] ep=210 loss_train=4.145855e-02 | loss_val=4.414038e-02 | lr=1.00e-03
2026-06-30 17:12:24,489 | INFO | [PINN][PRE] ep=220 loss_train=3.857036e-02 | loss_val=4.130006e-02 | lr=1.00e-03
2026-06-30 17:12:28,119 | INFO | [PINN][PRE] ep=230 loss_train=3.642306e-02 | loss_val=3.856808e-02 | lr=1.00e-03
2026-06-30 17:12:31,281 | INFO | [PINN][PRE] ep=240 loss_train=3.523666e-02 | loss_val=3.723778e-02 | lr=1.00e-03
2026-06-30 17:12:34,631 | INFO | [PINN][PRE] ep=250 loss_train=3.398379e-02 | loss_val=3.529852e-02 | lr=1.00e-03
2026-06-30 17:12:37,963 | INFO | [PINN][PRE] ep=260 loss_train=3.178673e-02 | loss_val=3.414096e-02 | lr=1.00e-03
2026-06-30 17:12:41,185 | INFO | [PINN][PRE] ep=270 loss_train=3.126954e-02 | loss_val=3.257100e-02 | lr=1.00e-03
2026-06-30 17:12:44,244 | INFO | [PINN][PRE] ep=280 loss_train=2.966245e-02 | loss_val=3.102782e-02 | lr=1.00e-03
2026-06-30 17:12:47,465 | INFO | [PINN][PRE] ep=290 loss_train=2.840313e-02 | loss_val=3.023979e-02 | lr=1.00e-03
2026-06-30 17:12:50,873 | INFO | [PINN][PRE] ep=300 loss_train=2.772024e-02 | loss_val=2.914920e-02 | lr=1.00e-03
2026-06-30 17:12:53,716 | INFO | [PINN][PRE] ep=310 loss_train=2.698499e-02 | loss_val=2.770602e-02 | lr=1.00e-03
2026-06-30 17:12:57,027 | INFO | [PINN][PRE] ep=320 loss_train=2.561822e-02 | loss_val=2.694156e-02 | lr=1.00e-03
2026-06-30 17:13:00,297 | INFO | [PINN][PRE] ep=330 loss_train=2.441725e-02 | loss_val=2.576515e-02 | lr=1.00e-03
2026-06-30 17:13:03,372 | INFO | [PINN][PRE] ep=340 loss_train=2.401342e-02 | loss_val=2.552076e-02 | lr=1.00e-03
2026-06-30 17:13:06,496 | INFO | [PINN][PRE] ep=350 loss_train=2.359753e-02 | loss_val=2.478259e-02 | lr=1.00e-03
2026-06-30 17:13:09,510 | INFO | [PINN][PRE] ep=360 loss_train=2.233922e-02 | loss_val=2.367956e-02 | lr=1.00e-03
2026-06-30 17:13:12,744 | INFO | [PINN][PRE] ep=370 loss_train=2.169531e-02 | loss_val=2.359234e-02 | lr=1.00e-03
2026-06-30 17:13:16,107 | INFO | [PINN][PRE] ep=380 loss_train=2.089325e-02 | loss_val=2.235029e-02 | lr=1.00e-03
2026-06-30 17:13:19,278 | INFO | [PINN][PRE] ep=390 loss_train=2.021637e-02 | loss_val=2.225561e-02 | lr=1.00e-03
2026-06-30 17:13:22,566 | INFO | [PINN][PRE] ep=400 loss_train=1.999920e-02 | loss_val=2.130463e-02 | lr=1.00e-03
2026-06-30 17:13:25,683 | INFO | [PINN][PRE] ep=410 loss_train=1.938730e-02 | loss_val=2.139035e-02 | lr=1.00e-03
2026-06-30 17:13:28,862 | INFO | [PINN][PRE] ep=420 loss_train=1.881427e-02 | loss_val=2.140885e-02 | lr=1.00e-03
2026-06-30 17:13:32,177 | INFO | [PINN][PRE] ep=430 loss_train=1.921378e-02 | loss_val=2.033108e-02 | lr=1.00e-03
2026-06-30 17:13:35,304 | INFO | [PINN][PRE] ep=440 loss_train=1.821076e-02 | loss_val=1.984641e-02 | lr=1.00e-03
2026-06-30 17:13:38,700 | INFO | [PINN][PRE] ep=450 loss_train=1.776819e-02 | loss_val=1.985506e-02 | lr=1.00e-03
2026-06-30 17:13:42,124 | INFO | [PINN][PRE] ep=460 loss_train=1.732228e-02 | loss_val=1.945966e-02 | lr=1.00e-03
2026-06-30 17:13:45,621 | INFO | [PINN][PRE] ep=470 loss_train=1.684534e-02 | loss_val=1.841723e-02 | lr=5.00e-04
2026-06-30 17:13:48,875 | INFO | [PINN][PRE] ep=480 loss_train=1.615146e-02 | loss_val=1.817743e-02 | lr=5.00e-04
2026-06-30 17:13:52,480 | INFO | [PINN][PRE] ep=490 loss_train=1.582403e-02 | loss_val=1.765857e-02 | lr=5.00e-04
2026-06-30 17:13:55,732 | INFO | [PINN][PRE] ep=500 loss_train=1.575802e-02 | loss_val=1.751206e-02 | lr=5.00e-04
2026-06-30 17:13:57,197 | INFO | [PINN][CONT_MOM] ep=001 loss_total=1.126250e+00 | loss_data=4.131e-01 | loss_cont=6.330e+04 | loss_mom=8.016e+03 | loss_val=4.486e-01 | lr=5.00e-04
2026-06-30 17:14:03,863 | INFO | [PINN][CONT_MOM] ep=010 loss_total=2.444518e-01 | loss_data=1.753e-01 | loss_cont=3.468e+03 | loss_mom=3.446e+03 | loss_val=1.830e-01 | lr=5.00e-04
2026-06-30 17:14:11,106 | INFO | [PINN][CONT_MOM] ep=020 loss_total=1.855770e-01 | loss_data=1.357e-01 | loss_cont=2.253e+03 | loss_mom=2.739e+03 | loss_val=1.444e-01 | lr=5.00e-04
2026-06-30 17:14:18,426 | INFO | [PINN][CONT_MOM] ep=030 loss_total=1.567401e-01 | loss_data=1.171e-01 | loss_cont=1.611e+03 | loss_mom=2.353e+03 | loss_val=1.249e-01 | lr=5.00e-04
2026-06-30 17:14:25,927 | INFO | [PINN][CONT_MOM] ep=040 loss_total=1.385118e-01 | loss_data=1.045e-01 | loss_cont=1.281e+03 | loss_mom=2.124e+03 | loss_val=1.126e-01 | lr=5.00e-04
2026-06-30 17:14:33,130 | INFO | [PINN][CONT_MOM] ep=050 loss_total=1.251796e-01 | loss_data=9.465e-02 | loss_cont=1.085e+03 | loss_mom=1.968e+03 | loss_val=1.031e-01 | lr=5.00e-04
2026-06-30 17:14:40,731 | INFO | [PINN][CONT_MOM] ep=060 loss_total=1.156783e-01 | loss_data=8.753e-02 | loss_cont=9.624e+02 | loss_mom=1.853e+03 | loss_val=9.552e-02 | lr=5.00e-04
2026-06-30 17:14:48,125 | INFO | [PINN][CONT_MOM] ep=070 loss_total=1.069055e-01 | loss_data=8.080e-02 | loss_cont=8.561e+02 | loss_mom=1.754e+03 | loss_val=8.818e-02 | lr=5.00e-04
2026-06-30 17:14:55,499 | INFO | [PINN][CONT_MOM] ep=080 loss_total=9.945083e-02 | loss_data=7.505e-02 | loss_cont=7.725e+02 | loss_mom=1.668e+03 | loss_val=8.189e-02 | lr=5.00e-04
2026-06-30 17:15:03,215 | INFO | [PINN][CONT_MOM] ep=090 loss_total=9.300333e-02 | loss_data=7.002e-02 | loss_cont=6.982e+02 | loss_mom=1.600e+03 | loss_val=7.704e-02 | lr=5.00e-04
2026-06-30 17:15:10,572 | INFO | [PINN][CONT_MOM] ep=100 loss_total=8.836290e-02 | loss_data=6.640e-02 | loss_cont=6.586e+02 | loss_mom=1.538e+03 | loss_val=7.268e-02 | lr=5.00e-04
2026-06-30 17:15:17,973 | INFO | [PINN][CONT_MOM] ep=110 loss_total=8.338380e-02 | loss_data=6.255e-02 | loss_cont=6.056e+02 | loss_mom=1.478e+03 | loss_val=6.870e-02 | lr=5.00e-04
2026-06-30 17:15:25,379 | INFO | [PINN][CONT_MOM] ep=120 loss_total=7.888994e-02 | loss_data=5.892e-02 | loss_cont=5.732e+02 | loss_mom=1.424e+03 | loss_val=6.509e-02 | lr=5.00e-04
2026-06-30 17:15:32,791 | INFO | [PINN][CONT_MOM] ep=130 loss_total=7.533936e-02 | loss_data=5.620e-02 | loss_cont=5.390e+02 | loss_mom=1.375e+03 | loss_val=6.183e-02 | lr=5.00e-04
2026-06-30 17:15:40,122 | INFO | [PINN][CONT_MOM] ep=140 loss_total=7.179498e-02 | loss_data=5.352e-02 | loss_cont=5.034e+02 | loss_mom=1.324e+03 | loss_val=5.896e-02 | lr=5.00e-04
2026-06-30 17:15:47,347 | INFO | [PINN][CONT_MOM] ep=150 loss_total=6.879555e-02 | loss_data=5.130e-02 | loss_cont=4.745e+02 | loss_mom=1.275e+03 | loss_val=5.646e-02 | lr=5.00e-04
2026-06-30 17:15:54,848 | INFO | [PINN][CONT_MOM] ep=160 loss_total=6.654843e-02 | loss_data=4.954e-02 | loss_cont=4.562e+02 | loss_mom=1.244e+03 | loss_val=5.397e-02 | lr=5.00e-04
2026-06-30 17:16:02,321 | INFO | [PINN][CONT_MOM] ep=170 loss_total=6.395361e-02 | loss_data=4.759e-02 | loss_cont=4.362e+02 | loss_mom=1.201e+03 | loss_val=5.165e-02 | lr=5.00e-04
2026-06-30 17:16:09,861 | INFO | [PINN][CONT_MOM] ep=180 loss_total=6.105991e-02 | loss_data=4.531e-02 | loss_cont=4.120e+02 | loss_mom=1.163e+03 | loss_val=5.023e-02 | lr=5.00e-04
2026-06-30 17:16:17,440 | INFO | [PINN][CONT_MOM] ep=190 loss_total=5.878033e-02 | loss_data=4.352e-02 | loss_cont=3.910e+02 | loss_mom=1.135e+03 | loss_val=4.778e-02 | lr=5.00e-04
2026-06-30 17:16:24,957 | INFO | [PINN][CONT_MOM] ep=200 loss_total=5.703318e-02 | loss_data=4.212e-02 | loss_cont=3.796e+02 | loss_mom=1.111e+03 | loss_val=4.584e-02 | lr=5.00e-04
2026-06-30 17:16:32,398 | INFO | [PINN][CONT_MOM] ep=210 loss_total=5.546217e-02 | loss_data=4.088e-02 | loss_cont=3.732e+02 | loss_mom=1.085e+03 | loss_val=4.447e-02 | lr=5.00e-04
2026-06-30 17:16:40,031 | INFO | [PINN][CONT_MOM] ep=220 loss_total=5.279556e-02 | loss_data=3.886e-02 | loss_cont=3.468e+02 | loss_mom=1.047e+03 | loss_val=4.286e-02 | lr=5.00e-04
2026-06-30 17:16:47,407 | INFO | [PINN][CONT_MOM] ep=230 loss_total=5.133922e-02 | loss_data=3.775e-02 | loss_cont=3.276e+02 | loss_mom=1.031e+03 | loss_val=4.110e-02 | lr=5.00e-04
2026-06-30 17:16:54,672 | INFO | [PINN][CONT_MOM] ep=240 loss_total=4.984813e-02 | loss_data=3.664e-02 | loss_cont=3.140e+02 | loss_mom=1.007e+03 | loss_val=4.003e-02 | lr=5.00e-04
2026-06-30 17:17:02,145 | INFO | [PINN][CONT_MOM] ep=250 loss_total=4.914788e-02 | loss_data=3.612e-02 | loss_cont=3.133e+02 | loss_mom=9.897e+02 | loss_val=3.980e-02 | lr=5.00e-04
2026-06-30 17:17:09,540 | INFO | [PINN][CONT_MOM] ep=260 loss_total=4.709407e-02 | loss_data=3.458e-02 | loss_cont=2.869e+02 | loss_mom=9.648e+02 | loss_val=3.718e-02 | lr=5.00e-04
2026-06-30 17:17:16,799 | INFO | [PINN][CONT_MOM] ep=270 loss_total=4.592882e-02 | loss_data=3.374e-02 | loss_cont=2.781e+02 | loss_mom=9.413e+02 | loss_val=3.625e-02 | lr=5.00e-04
2026-06-30 17:17:24,286 | INFO | [PINN][CONT_MOM] ep=280 loss_total=4.474020e-02 | loss_data=3.290e-02 | loss_cont=2.639e+02 | loss_mom=9.199e+02 | loss_val=3.584e-02 | lr=5.00e-04
2026-06-30 17:17:31,641 | INFO | [PINN][CONT_MOM] ep=290 loss_total=4.415451e-02 | loss_data=3.241e-02 | loss_cont=2.657e+02 | loss_mom=9.092e+02 | loss_val=3.491e-02 | lr=5.00e-04
2026-06-30 17:17:38,878 | INFO | [PINN][CONT_MOM] ep=300 loss_total=4.263483e-02 | loss_data=3.122e-02 | loss_cont=2.545e+02 | loss_mom=8.869e+02 | loss_val=3.406e-02 | lr=5.00e-04
2026-06-30 17:17:38,947 | INFO | Scalers da PINN salvos em:results/models
2026-06-30 17:17:38,948 | INFO | Iniciando avaliacao final para k_epsilon
2026-06-30 17:17:38,948 | INFO | Modelo: results/models/pinn_k_epsilon_d4_w64.pt
2026-06-30 17:17:38,948 | INFO | Dataset: data/data_processed/dataset_test_pinn_k_epsilon_d4_w64.parquet
2026-06-30 17:17:49,228 | INFO | Avaliacao concluida. Metrics: results/metrics/pinn_k_epsilon_d4_w64_seed42.json
2026-06-30 17:17:49,228 | INFO | Predictions: results/metrics/pinn_k_epsilon_d4_w64_seed42_predictions.parquet
2026-06-30 17:17:49,228 | INFO | Plots: results/plots/pinn_k_epsilon_d4_w64_seed42
2026-06-30 17:17:49,230 | INFO | ================================================================================
2026-06-30 17:17:49,230 | INFO | Treino finalizado
2026-06-30 17:17:49,230 | INFO | Melhor loss: 3.357857e-02
2026-06-30 17:17:49,230 | INFO | Modelo salvo: results/models/pinn_k_epsilon_d4_w64.pt
2026-06-30 17:17:49,230 | INFO | ================================================================================
