2026-09-09 12:01:29,727 | INFO | Dispositivo do experimento: cuda
2026-09-09 12:01:29,727 | INFO | ================================================================================
2026-09-09 12:01:29,727 | INFO | Iniciando experimento: pinn_mom_base
2026-09-09 12:01:29,727 | INFO | Run ID: pinn_mom_base_k_epsilon_20260909_120129
2026-09-09 12:01:29,727 | INFO | Hardware: {'platform': 'Linux-7.0.0-31-generic-x86_64-with-glibc2.35', 'processor': 'x86_64', 'python_version': '3.11.14', 'cpu_count_logical': 12, 'cpu_count_physical': 6, 'ram_total_gb': 31.23, 'torch_version': '2.9.1+cu128', 'cuda_available': True, 'cuda_version': '12.8', 'gpu_name': 'NVIDIA GeForce RTX 3060', 'gpu_count': 1, 'gpu_memory_gb': 11.63}
2026-09-09 12:01:29,727 | INFO | Config: {'experiment': {'name': 'mom_base', 'type': 'k_epsilon', 'seed': 42}, 'paths': {'root': '.', 'data_process_dir': 'data/data_processed', 'data_cfd_dir': 'data/data_cfd', 'results_dir': 'results', 'models_dir': 'results/models', 'metrics_dir': 'results/metrics', 'plots_dir': 'results/plots', 'logs_dir': 'logs'}, 'dataset': {'parquet': 'dataset_bfs_2d_kepsilon_Re20000_28000_36000_full.parquet', 'test_output': 'dataset_test_pinn'}, 'features': ['x', 'y', 'Ux', 'Uy', 'p', 'Re', 'nut_log'], 'targets': ['dUx', 'dUy', 'dp'], 'model': {'type': 'pinn', 'width': 64, 'depth': 4, 'activation': 'tanh'}, 'training': {'batch_size': 4096, 'epochs': 2000, 'lr': '1e-3', 'weight_decay': '1e-6'}, 'early_stopping': {'patience': 20}, 'scheduler': {'factor': 0.5, 'patience': 10}, 'split': {'strategy': 'spatial_x_quantile', 'column': 'x', 'bins': 8, 'val_frac': 0.1, 'test_frac': 0.2, 'version': 'v2'}, 'pinn': {'physics_mode': 'momentum', 'nut_transform': 'exp', 'epochs_pre': 1000, 'epochs_phys': 1000, 'w_data': 1.0, 'w_cont': 7.5e-05, 'w_mom': '1e-5'}}
2026-09-09 12:01:29,727 | INFO | ================================================================================
2026-09-09 12:01:30,386 | INFO | Dataset salvo: dataset_test_pinn_mom_base_d4_w64.parquet
2026-09-09 12:01:30,386 | INFO | Split salvo em: data/data_processed/splits/dataset_bfs_2d_kepsilon_Re20000_28000_36000_full_spatial_x_quantile_x/b8_v2_seed42.json
2026-09-09 12:01:30,899 | INFO | Model device: cuda:0
2026-09-09 12:01:33,645 | INFO | [PINN[PRE]] ep=0001 loss_train=5.724157e+00 | loss_val=5.704014e+00 | lr=1.000000e-03 | best_val=5.704014e+00
2026-09-09 12:01:41,132 | INFO | [PINN[PRE]] ep=0010 loss_train=3.784986e+00 | loss_val=3.834281e+00 | lr=1.000000e-03 | best_val=3.834281e+00
2026-09-09 12:01:50,309 | INFO | [PINN[PRE]] ep=0020 loss_train=2.303518e+00 | loss_val=2.329272e+00 | lr=1.000000e-03 | best_val=2.329272e+00
2026-09-09 12:01:59,086 | INFO | [PINN[PRE]] ep=0030 loss_train=1.503026e+00 | loss_val=1.524527e+00 | lr=1.000000e-03 | best_val=1.524527e+00
2026-09-09 12:02:08,333 | INFO | [PINN[PRE]] ep=0040 loss_train=1.189735e+00 | loss_val=1.213078e+00 | lr=1.000000e-03 | best_val=1.213078e+00
2026-09-09 12:02:16,962 | INFO | [PINN[PRE]] ep=0050 loss_train=1.018038e+00 | loss_val=1.068112e+00 | lr=1.000000e-03 | best_val=1.068112e+00
2026-09-09 12:02:25,897 | INFO | [PINN[PRE]] ep=0060 loss_train=9.305067e-01 | loss_val=9.161222e-01 | lr=1.000000e-03 | best_val=9.161222e-01
2026-09-09 12:02:34,865 | INFO | [PINN[PRE]] ep=0070 loss_train=8.099086e-01 | loss_val=8.548740e-01 | lr=1.000000e-03 | best_val=8.485740e-01
2026-09-09 12:02:43,319 | INFO | [PINN[PRE]] ep=0080 loss_train=7.328376e-01 | loss_val=7.481475e-01 | lr=1.000000e-03 | best_val=7.481475e-01
2026-09-09 12:02:51,914 | INFO | [PINN[PRE]] ep=0090 loss_train=6.851438e-01 | loss_val=6.866841e-01 | lr=1.000000e-03 | best_val=6.866841e-01
2026-09-09 12:03:00,805 | INFO | [PINN[PRE]] ep=0100 loss_train=6.225186e-01 | loss_val=6.640473e-01 | lr=1.000000e-03 | best_val=6.613356e-01
2026-09-09 12:03:09,476 | INFO | [PINN[PRE]] ep=0110 loss_train=5.948037e-01 | loss_val=6.260545e-01 | lr=1.000000e-03 | best_val=6.178831e-01
2026-09-09 12:03:18,041 | INFO | [PINN[PRE]] ep=0120 loss_train=5.658363e-01 | loss_val=5.680184e-01 | lr=1.000000e-03 | best_val=5.680184e-01
2026-09-09 12:03:26,669 | INFO | [PINN[PRE]] ep=0130 loss_train=5.189215e-01 | loss_val=5.478644e-01 | lr=1.000000e-03 | best_val=5.343169e-01
2026-09-09 12:03:35,289 | INFO | [PINN[PRE]] ep=0140 loss_train=4.903837e-01 | loss_val=5.148354e-01 | lr=1.000000e-03 | best_val=5.105774e-01
2026-09-09 12:03:43,801 | INFO | [PINN[PRE]] ep=0150 loss_train=4.801711e-01 | loss_val=5.081753e-01 | lr=1.000000e-03 | best_val=4.894355e-01
2026-09-09 12:03:52,413 | INFO | [PINN[PRE]] ep=0160 loss_train=4.340485e-01 | loss_val=4.679990e-01 | lr=1.000000e-03 | best_val=4.551218e-01
2026-09-09 12:04:00,841 | INFO | [PINN[PRE]] ep=0170 loss_train=4.141618e-01 | loss_val=4.474795e-01 | lr=1.000000e-03 | best_val=4.377109e-01
2026-09-09 12:04:09,512 | INFO | [PINN[PRE]] ep=0180 loss_train=4.009187e-01 | loss_val=4.278544e-01 | lr=1.000000e-03 | best_val=4.132700e-01
2026-09-09 12:04:18,147 | INFO | [PINN[PRE]] ep=0190 loss_train=3.866874e-01 | loss_val=4.008337e-01 | lr=1.000000e-03 | best_val=4.005873e-01
2026-09-09 12:04:26,555 | INFO | [PINN[PRE]] ep=0200 loss_train=3.612547e-01 | loss_val=3.973662e-01 | lr=1.000000e-03 | best_val=3.782712e-01
2026-09-09 12:04:35,052 | INFO | [PINN[PRE]] ep=0210 loss_train=3.461753e-01 | loss_val=3.748428e-01 | lr=1.000000e-03 | best_val=3.699744e-01
2026-09-09 12:04:43,700 | INFO | [PINN[PRE]] ep=0220 loss_train=3.378052e-01 | loss_val=3.550582e-01 | lr=1.000000e-03 | best_val=3.534089e-01
2026-09-09 12:04:51,995 | INFO | [PINN[PRE]] ep=0230 loss_train=3.183213e-01 | loss_val=3.426032e-01 | lr=1.000000e-03 | best_val=3.403382e-01
2026-09-09 12:05:00,932 | INFO | [PINN[PRE]] ep=0240 loss_train=3.102013e-01 | loss_val=3.271065e-01 | lr=1.000000e-03 | best_val=3.258023e-01
2026-09-09 12:05:09,504 | INFO | [PINN[PRE]] ep=0250 loss_train=2.971778e-01 | loss_val=3.174820e-01 | lr=1.000000e-03 | best_val=3.115283e-01
2026-09-09 12:05:17,756 | INFO | [PINN[PRE]] ep=0260 loss_train=3.023674e-01 | loss_val=3.300802e-01 | lr=1.000000e-03 | best_val=3.003973e-01
2026-09-09 12:05:26,199 | INFO | [PINN[PRE]] ep=0270 loss_train=2.804429e-01 | loss_val=2.964403e-01 | lr=1.000000e-03 | best_val=2.964403e-01
2026-09-09 12:05:35,047 | INFO | [PINN[PRE]] ep=0280 loss_train=2.699039e-01 | loss_val=2.911185e-01 | lr=1.000000e-03 | best_val=2.884950e-01
2026-09-09 12:05:43,632 | INFO | [PINN[PRE]] ep=0290 loss_train=2.602586e-01 | loss_val=2.858319e-01 | lr=1.000000e-03 | best_val=2.772705e-01
2026-09-09 12:05:52,840 | INFO | [PINN[PRE]] ep=0300 loss_train=2.505425e-01 | loss_val=2.805877e-01 | lr=1.000000e-03 | best_val=2.714197e-01
2026-09-09 12:06:01,843 | INFO | [PINN[PRE]] ep=0310 loss_train=2.413337e-01 | loss_val=2.650394e-01 | lr=1.000000e-03 | best_val=2.631891e-01
2026-09-09 12:06:10,586 | INFO | [PINN[PRE]] ep=0320 loss_train=2.471712e-01 | loss_val=2.954986e-01 | lr=1.000000e-03 | best_val=2.510535e-01
2026-09-09 12:06:19,735 | INFO | [PINN[PRE]] ep=0330 loss_train=2.385649e-01 | loss_val=2.553229e-01 | lr=1.000000e-03 | best_val=2.491793e-01
2026-09-09 12:06:28,837 | INFO | [PINN[PRE]] ep=0340 loss_train=2.235378e-01 | loss_val=2.358712e-01 | lr=1.000000e-03 | best_val=2.358712e-01
2026-09-09 12:06:37,489 | INFO | [PINN[PRE]] ep=0350 loss_train=2.200977e-01 | loss_val=2.328821e-01 | lr=1.000000e-03 | best_val=2.328821e-01
2026-09-09 12:06:46,624 | INFO | [PINN[PRE]] ep=0360 loss_train=2.072904e-01 | loss_val=2.314132e-01 | lr=1.000000e-03 | best_val=2.249322e-01
2026-09-09 12:06:55,739 | INFO | [PINN[PRE]] ep=0370 loss_train=2.024762e-01 | loss_val=2.162576e-01 | lr=1.000000e-03 | best_val=2.162576e-01
2026-09-09 12:07:05,177 | INFO | [PINN[PRE]] ep=0380 loss_train=1.992536e-01 | loss_val=2.143946e-01 | lr=1.000000e-03 | best_val=2.143946e-01
2026-09-09 12:07:15,682 | INFO | [PINN[PRE]] ep=0390 loss_train=1.964589e-01 | loss_val=2.070430e-01 | lr=1.000000e-03 | best_val=2.070430e-01
2026-09-09 12:07:24,501 | INFO | [PINN[PRE]] ep=0400 loss_train=1.935535e-01 | loss_val=2.099918e-01 | lr=1.000000e-03 | best_val=2.069655e-01
2026-09-09 12:07:33,610 | INFO | [PINN[PRE]] ep=0410 loss_train=1.837941e-01 | loss_val=1.941843e-01 | lr=1.000000e-03 | best_val=1.941843e-01
2026-09-09 12:07:42,555 | INFO | [PINN[PRE]] ep=0420 loss_train=1.835097e-01 | loss_val=2.009191e-01 | lr=1.000000e-03 | best_val=1.941843e-01
2026-09-09 12:07:51,881 | INFO | [PINN[PRE]] ep=0430 loss_train=1.696739e-01 | loss_val=1.893865e-01 | lr=5.000000e-04 | best_val=1.859182e-01
2026-09-09 12:08:00,691 | INFO | [PINN[PRE]] ep=0440 loss_train=1.666882e-01 | loss_val=1.824813e-01 | lr=5.000000e-04 | best_val=1.824813e-01
2026-09-09 12:08:09,851 | INFO | [PINN[PRE]] ep=0450 loss_train=1.650464e-01 | loss_val=1.804196e-01 | lr=5.000000e-04 | best_val=1.804196e-01
2026-09-09 12:08:18,786 | INFO | [PINN[PRE]] ep=0460 loss_train=1.623828e-01 | loss_val=1.808733e-01 | lr=5.000000e-04 | best_val=1.793330e-01
2026-09-09 12:08:28,169 | INFO | [PINN[PRE]] ep=0470 loss_train=1.603341e-01 | loss_val=1.777361e-01 | lr=5.000000e-04 | best_val=1.757763e-01
2026-09-09 12:08:37,042 | INFO | [PINN[PRE]] ep=0480 loss_train=1.541480e-01 | loss_val=1.752321e-01 | lr=2.500000e-04 | best_val=1.752321e-01
2026-09-09 12:08:45,625 | INFO | [PINN[PRE]] ep=0490 loss_train=1.515301e-01 | loss_val=1.712184e-01 | lr=2.500000e-04 | best_val=1.698209e-01
2026-09-09 12:08:54,413 | INFO | [PINN[PRE]] ep=0500 loss_train=1.517637e-01 | loss_val=1.701292e-01 | lr=2.500000e-04 | best_val=1.691645e-01
2026-09-09 12:09:03,397 | INFO | [PINN[PRE]] ep=0510 loss_train=1.519540e-01 | loss_val=1.689414e-01 | lr=2.500000e-04 | best_val=1.688778e-01
2026-09-09 12:09:12,679 | INFO | [PINN[PRE]] ep=0520 loss_train=1.488362e-01 | loss_val=1.700401e-01 | lr=2.500000e-04 | best_val=1.672876e-01
2026-09-09 12:09:22,840 | INFO | [PINN[PRE]] ep=0530 loss_train=1.487860e-01 | loss_val=1.677529e-01 | lr=2.500000e-04 | best_val=1.659949e-01
2026-09-09 12:09:32,479 | INFO | [PINN[PRE]] ep=0540 loss_train=1.447107e-01 | loss_val=1.634063e-01 | lr=1.250000e-04 | best_val=1.634063e-01
2026-09-09 12:09:41,984 | INFO | [PINN[PRE]] ep=0550 loss_train=1.438752e-01 | loss_val=1.625126e-01 | lr=1.250000e-04 | best_val=1.618081e-01
2026-09-09 12:09:51,778 | INFO | [PINN[PRE]] ep=0560 loss_train=1.425537e-01 | loss_val=1.622356e-01 | lr=6.250000e-05 | best_val=1.617103e-01
2026-09-09 12:10:01,032 | INFO | [PINN[PRE]] ep=0570 loss_train=1.425870e-01 | loss_val=1.616980e-01 | lr=6.250000e-05 | best_val=1.614996e-01
2026-09-09 12:10:10,743 | INFO | [PINN[PRE]] ep=0580 loss_train=1.413565e-01 | loss_val=1.609344e-01 | lr=3.125000e-05 | best_val=1.607732e-01
2026-09-09 12:10:19,989 | INFO | [PINN[PRE]] ep=0590 loss_train=1.409664e-01 | loss_val=1.606768e-01 | lr=3.125000e-05 | best_val=1.606364e-01
2026-09-09 12:10:29,923 | INFO | [PINN[PRE]] ep=0600 loss_train=1.410331e-01 | loss_val=1.604782e-01 | lr=3.125000e-05 | best_val=1.604232e-01
2026-09-09 12:10:39,450 | INFO | [PINN[PRE]] ep=0610 loss_train=1.407220e-01 | loss_val=1.604244e-01 | lr=1.562500e-05 | best_val=1.601012e-01
2026-09-09 12:10:49,175 | INFO | [PINN[PRE]] ep=0620 loss_train=1.404445e-01 | loss_val=1.602162e-01 | lr=1.562500e-05 | best_val=1.600714e-01
2026-09-09 12:10:58,419 | INFO | [PINN[PRE]] ep=0630 loss_train=1.401320e-01 | loss_val=1.600796e-01 | lr=7.812500e-06 | best_val=1.600714e-01
2026-09-09 12:11:07,875 | INFO | [PINN[PRE]] ep=0640 loss_train=1.398688e-01 | loss_val=1.600771e-01 | lr=7.812500e-06 | best_val=1.599615e-01
2026-09-09 12:11:17,402 | INFO | [PINN[PRE]] ep=0650 loss_train=1.398171e-01 | loss_val=1.599221e-01 | lr=7.812500e-06 | best_val=1.599221e-01
2026-09-09 12:11:27,103 | INFO | [PINN[PRE]] ep=0660 loss_train=1.395482e-01 | loss_val=1.598087e-01 | lr=7.812500e-06 | best_val=1.598087e-01
2026-09-09 12:11:36,431 | INFO | [PINN[PRE]] ep=0670 loss_train=1.396479e-01 | loss_val=1.599008e-01 | lr=7.812500e-06 | best_val=1.598087e-01
2026-09-09 12:11:45,619 | INFO | [PINN[PRE]] ep=0680 loss_train=1.398139e-01 | loss_val=1.599093e-01 | lr=3.906250e-06 | best_val=1.598087e-01
2026-09-09 12:11:45,619 | INFO | Early stopping (val não melhorou). Melhor loss_val: 1.598087e-01
2026-09-09 12:11:46,186 | INFO | [PINN][REFERÊNCIA] ref_data=1.598087e-01 | ref_cont=0.000000e+00 | ref_mom=10137.294348661906
2026-09-09 12:11:48,210 | INFO | [PINN[MOMENTUM]] ep=0001 loss_total=2.857847e-01 | loss_data=1.919846e-01 | loss_cont=None | loss_mom=9.380015e+03 | val_score=1.020559e+00 | val_data=1.738738e-01 | val_cont=0.000000e+00 | lr=1.000000e-03 | best_val=1.020559e+00
2026-09-09 12:12:06,025 | INFO | [PINN[MOMENTUM]] ep=0010 loss_total=2.280047e-01 | loss_data=1.652549e-01 | loss_cont=None | loss_mom=6.274983e+03 | val_score=1.026413e+00 | val_data=1.920957e-01 | val_cont=0.000000e+00 | lr=1.000000e-03 | best_val=9.700936e-01
2026-09-09 12:12:25,678 | INFO | [PINN[MOMENTUM]] ep=0020 loss_total=2.119562e-01 | loss_data=1.538219e-01 | loss_cont=None | loss_mom=5.813433e+03 | val_score=9.311906e-01 | val_data=1.731424e-01 | val_cont=0.000000e+00 | lr=5.000000e-04 | best_val=9.120835e-01
2026-09-09 12:12:45,092 | INFO | [PINN[MOMENTUM]] ep=0030 loss_total=2.096589e-01 | loss_data=1.537263e-01 | loss_cont=None | loss_mom=5.593262e+03 | val_score=9.259147e-01 | val_data=1.731197e-01 | val_cont=0.000000e+00 | lr=5.000000e-04 | best_val=9.111740e-01
2026-09-09 12:13:04,577 | INFO | [PINN[MOMENTUM]] ep=0040 loss_total=2.069470e-01 | loss_data=1.526905e-01 | loss_cont=None | loss_mom=5.425646e+03 | val_score=9.636784e-01 | val_data=1.829715e-01 | val_cont=0.000000e+00 | lr=5.000000e-04 | best_val=8.989850e-01
2026-09-09 12:13:23,959 | INFO | [PINN[MOMENTUM]] ep=0050 loss_total=1.989588e-01 | loss_data=1.462834e-01 | loss_cont=None | loss_mom=5.267544e+03 | val_score=8.867521e-01 | val_data=1.663352e-01 | val_cont=0.000000e+00 | lr=2.500000e-04 | best_val=8.843747e-01
2026-09-09 12:13:43,841 | INFO | [PINN[MOMENTUM]] ep=0060 loss_total=1.975431e-01 | loss_data=1.453676e-01 | loss_cont=None | loss_mom=5.217556e+03 | val_score=8.795359e-01 | val_data=1.648405e-01 | val_cont=0.000000e+00 | lr=2.500000e-04 | best_val=8.680722e-01
2026-09-09 12:14:04,106 | INFO | [PINN[MOMENTUM]] ep=0070 loss_total=1.970594e-01 | loss_data=1.457030e-01 | loss_cont=None | loss_mom=5.135648e+03 | val_score=8.727088e-01 | val_data=1.639415e-01 | val_cont=0.000000e+00 | lr=2.500000e-04 | best_val=8.664327e-01
2026-09-09 12:14:24,212 | INFO | [PINN[MOMENTUM]] ep=0080 loss_total=1.963802e-01 | loss_data=1.455064e-01 | loss_cont=None | loss_mom=5.087388e+03 | val_score=8.694655e-01 | val_data=1.635882e-01 | val_cont=0.000000e+00 | lr=2.500000e-04 | best_val=8.647602e-01
2026-09-09 12:14:43,733 | INFO | [PINN[MOMENTUM]] ep=0090 loss_total=1.937640e-01 | loss_data=1.436297e-01 | loss_cont=None | loss_mom=5.013429e+03 | val_score=8.513079e-01 | val_data=1.596868e-01 | val_cont=0.000000e+00 | lr=2.500000e-04 | best_val=8.513079e-01
2026-09-09 12:15:03,393 | INFO | [PINN[MOMENTUM]] ep=0100 loss_total=1.936672e-01 | loss_data=1.440129e-01 | loss_cont=None | loss_mom=4.965435e+03 | val_score=8.517480e-01 | val_data=1.603348e-01 | val_cont=0.000000e+00 | lr=2.500000e-04 | best_val=8.513079e-01
2026-09-09 12:15:23,307 | INFO | [PINN[MOMENTUM]] ep=0110 loss_total=1.895559e-01 | loss_data=1.402911e-01 | loss_cont=None | loss_mom=4.926482e+03 | val_score=8.489878e-01 | val_data=1.597734e-01 | val_cont=0.000000e+00 | lr=1.250000e-04 | best_val=8.424294e-01
2026-09-09 12:15:43,247 | INFO | [PINN[MOMENTUM]] ep=0120 loss_total=1.889283e-01 | loss_data=1.399615e-01 | loss_cont=None | loss_mom=4.896681e+03 | val_score=8.440438e-01 | val_data=1.588721e-01 | val_cont=0.000000e+00 | lr=1.250000e-04 | best_val=8.392964e-01
2026-09-09 12:16:03,071 | INFO | [PINN[MOMENTUM]] ep=0130 loss_total=1.871406e-01 | loss_data=1.385225e-01 | loss_cont=None | loss_mom=4.861812e+03 | val_score=8.393179e-01 | val_data=1.580200e-01 | val_cont=0.000000e+00 | lr=6.250000e-05 | best_val=8.366176e-01
2026-09-09 12:16:23,231 | INFO | [PINN[MOMENTUM]] ep=0140 loss_total=1.867711e-01 | loss_data=1.382243e-01 | loss_cont=None | loss_mom=4.854681e+03 | val_score=8.347598e-01 | val_data=1.570212e-01 | val_cont=0.000000e+00 | lr=6.250000e-05 | best_val=8.346778e-01
2026-09-09 12:16:43,164 | INFO | [PINN[MOMENTUM]] ep=0150 loss_total=1.864549e-01 | loss_data=1.380784e-01 | loss_cont=None | loss_mom=4.837649e+03 | val_score=8.336964e-01 | val_data=1.568581e-01 | val_cont=0.000000e+00 | lr=6.250000e-05 | best_val=8.327726e-01
2026-09-09 12:17:02,963 | INFO | [PINN[MOMENTUM]] ep=0160 loss_total=1.864313e-01 | loss_data=1.381320e-01 | loss_cont=None | loss_mom=4.829930e+03 | val_score=8.349177e-01 | val_data=1.572082e-01 | val_cont=0.000000e+00 | lr=6.250000e-05 | best_val=8.318213e-01
2026-09-09 12:17:22,658 | INFO | [PINN[MOMENTUM]] ep=0170 loss_total=1.853079e-01 | loss_data=1.371581e-01 | loss_cont=None | loss_mom=4.814976e+03 | val_score=8.319552e-01 | val_data=1.566509e-01 | val_cont=0.000000e+00 | lr=3.125000e-05 | best_val=8.290741e-01
2026-09-09 12:17:42,130 | INFO | [PINN[MOMENTUM]] ep=0180 loss_total=1.851476e-01 | loss_data=1.370333e-01 | loss_cont=None | loss_mom=4.811426e+03 | val_score=8.315168e-01 | val_data=1.565811e-01 | val_cont=0.000000e+00 | lr=3.125000e-05 | best_val=8.288961e-01
2026-09-09 12:18:01,845 | INFO | [PINN[MOMENTUM]] ep=0190 loss_total=1.846974e-01 | loss_data=1.366816e-01 | loss_cont=None | loss_mom=4.801571e+03 | val_score=8.283031e-01 | val_data=1.558991e-01 | val_cont=0.000000e+00 | lr=3.125000e-05 | best_val=8.278419e-01
2026-09-09 12:18:21,527 | INFO | [PINN[MOMENTUM]] ep=0200 loss_total=1.846202e-01 | loss_data=1.367371e-01 | loss_cont=None | loss_mom=4.788313e+03 | val_score=8.283248e-01 | val_data=1.559746e-01 | val_cont=0.000000e+00 | lr=3.125000e-05 | best_val=8.269122e-01
2026-09-09 12:18:41,156 | INFO | [PINN[MOMENTUM]] ep=0210 loss_total=1.843618e-01 | loss_data=1.364942e-01 | loss_cont=None | loss_mom=4.786754e+03 | val_score=8.277103e-01 | val_data=1.558617e-01 | val_cont=0.000000e+00 | lr=3.125000e-05 | best_val=8.267135e-01
2026-09-09 12:19:01,683 | INFO | [PINN[MOMENTUM]] ep=0220 loss_total=1.842904e-01 | loss_data=1.365588e-01 | loss_cont=None | loss_mom=4.773166e+03 | val_score=8.269023e-01 | val_data=1.556762e-01 | val_cont=0.000000e+00 | lr=3.125000e-05 | best_val=8.257231e-01
2026-09-09 12:19:21,413 | INFO | [PINN[MOMENTUM]] ep=0230 loss_total=1.837537e-01 | loss_data=1.360987e-01 | loss_cont=None | loss_mom=4.765503e+03 | val_score=8.249790e-01 | val_data=1.552942e-01 | val_cont=0.000000e+00 | lr=1.562500e-05 | best_val=8.239917e-01
2026-09-09 12:19:41,898 | INFO | [PINN[MOMENTUM]] ep=0240 loss_total=1.835014e-01 | loss_data=1.358824e-01 | loss_cont=None | loss_mom=4.761905e+03 | val_score=8.241833e-01 | val_data=1.551754e-01 | val_cont=0.000000e+00 | lr=1.562500e-05 | best_val=8.236103e-01
2026-09-09 12:20:01,754 | INFO | [PINN[MOMENTUM]] ep=0250 loss_total=1.832784e-01 | loss_data=1.356931e-01 | loss_cont=None | loss_mom=4.758538e+03 | val_score=8.233398e-01 | val_data=1.549957e-01 | val_cont=0.000000e+00 | lr=7.812500e-06 | best_val=8.233398e-01
2026-09-09 12:20:21,299 | INFO | [PINN[MOMENTUM]] ep=0260 loss_total=1.832649e-01 | loss_data=1.356692e-01 | loss_cont=None | loss_mom=4.759566e+03 | val_score=8.234129e-01 | val_data=1.550193e-01 | val_cont=0.000000e+00 | lr=7.812500e-06 | best_val=8.231707e-01
2026-09-09 12:20:41,193 | INFO | [PINN[MOMENTUM]] ep=0270 loss_total=1.830072e-01 | loss_data=1.355033e-01 | loss_cont=None | loss_mom=4.750396e+03 | val_score=8.235104e-01 | val_data=1.550440e-01 | val_cont=0.000000e+00 | lr=7.812500e-06 | best_val=8.230202e-01
2026-09-09 12:21:00,929 | INFO | [PINN[MOMENTUM]] ep=0280 loss_total=1.831374e-01 | loss_data=1.355384e-01 | loss_cont=None | loss_mom=4.759898e+03 | val_score=8.235491e-01 | val_data=1.550680e-01 | val_cont=0.000000e+00 | lr=3.906250e-06 | best_val=8.230202e-01
2026-09-09 12:21:21,073 | INFO | [PINN[MOMENTUM]] ep=0290 loss_total=1.832182e-01 | loss_data=1.356029e-01 | loss_cont=None | loss_mom=4.761531e+03 | val_score=8.229791e-01 | val_data=1.549444e-01 | val_cont=0.000000e+00 | lr=1.953125e-06 | best_val=8.229285e-01
2026-09-09 12:21:40,788 | INFO | [PINN[MOMENTUM]] ep=0300 loss_total=1.829796e-01 | loss_data=1.354242e-01 | loss_cont=None | loss_mom=4.755538e+03 | val_score=8.229312e-01 | val_data=1.549370e-01 | val_cont=0.000000e+00 | lr=9.765625e-07 | best_val=8.228897e-01
2026-09-09 12:22:00,601 | INFO | [PINN[MOMENTUM]] ep=0310 loss_total=1.824551e-01 | loss_data=1.350053e-01 | loss_cont=None | loss_mom=4.744979e+03 | val_score=8.229183e-01 | val_data=1.549347e-01 | val_cont=0.000000e+00 | lr=9.765625e-07 | best_val=8.228897e-01
2026-09-09 12:22:18,076 | INFO | Early stopping PINN. Melhor val_score: 8.228897e-01
2026-09-09 12:22:18,157 | INFO | Scalers da PINN salvos em:results/models/pinn/pinn_mom_base_20260909_120129
2026-09-09 12:22:18,157 | INFO | Iniciando avaliacao final para mom_base
2026-09-09 12:22:18,157 | INFO | Modelo: results/models/pinn/pinn_mom_base_20260909_120129/pinn_mom_base_d4_w64.pt
2026-09-09 12:22:18,157 | INFO | Dataset: data/data_processed/dataset_test_pinn_mom_base_d4_w64.parquet
2026-09-09 12:22:36,157 | INFO | Avaliacao concluida. Metrics: results/metrics/pinn/pinn_mom_base_20260909_120129/pinn_mom_base_d4_w64_seed42_test.json
2026-09-09 12:22:36,158 | INFO | Predictions: results/metrics/pinn/pinn_mom_base_20260909_120129/pinn_mom_base_d4_w64_seed42_predictions_test.parquet
2026-09-09 12:22:36,158 | INFO | Plots: results/plots/pinn/pinn_mom_base_20260909_120129/pinn_mom_base_d4_w64_seed42_test
2026-09-09 12:22:36,158 | INFO | Iniciando avaliacao final para mom_base
2026-09-09 12:22:36,158 | INFO | Modelo: results/models/pinn/pinn_mom_base_20260909_120129/pinn_mom_base_d4_w64.pt
2026-09-09 12:22:36,158 | INFO | Dataset: data/data_processed/dataset_bfs_2d_kepsilon_Re20000_28000_36000_full.parquet
2026-09-09 12:23:29,584 | INFO | Avaliacao concluida. Metrics: results/metrics/pinn/pinn_mom_base_20260909_120129/pinn_mom_base_d4_w64_seed42_full_domain.json
2026-09-09 12:23:29,584 | INFO | Predictions: results/metrics/pinn/pinn_mom_base_20260909_120129/pinn_mom_base_d4_w64_seed42_predictions_full_domain.parquet
2026-09-09 12:23:29,584 | INFO | Plots: results/plots/pinn/pinn_mom_base_20260909_120129/pinn_mom_base_d4_w64_seed42_full_domain
2026-09-09 12:23:29,584 | INFO | Iniciando avaliação física no domínio completo.
2026-09-09 12:23:54,654 | INFO | Avaliação física concluída. Metrics: results/metrics/pinn/pinn_mom_base_20260909_120129/pinn_mom_base_d4_w64_seed42_physics.json
2026-09-09 12:23:54,654 | INFO | ================================================================================
2026-09-09 12:23:54,654 | INFO | Experimento finalizado
2026-09-09 12:23:54,654 | INFO | Wall time: 1344.93 s
2026-09-09 12:23:54,654 | INFO | CPU time: 872.31 s
2026-09-09 12:23:54,654 | INFO | Metadados salvos em: logs/pinn/pinn_mom_base_20260909_120129/pinn_mom_base_k_epsilon_20260909_120129.json
2026-09-09 12:23:54,654 | INFO | ================================================================================
