2026-09-08 20:05:44,326 | INFO | ================================================================================
2026-09-08 20:05:44,326 | INFO | Iniciando experimento: metrics_standalone_pinn_cont_base
2026-09-08 20:05:44,326 | INFO | Run ID: metrics_standalone_pinn_cont_base_k_epsilon_20260908_200544
2026-09-08 20:05:44,326 | INFO | Hardware: {'platform': 'Linux-7.0.0-31-generic-x86_64-with-glibc2.35', 'processor': 'x86_64', 'python_version': '3.11.14', 'cpu_count_logical': 12, 'cpu_count_physical': 6, 'ram_total_gb': 31.23, 'torch_version': '2.9.1+cu128', 'cuda_available': True, 'cuda_version': '12.8', 'gpu_name': 'NVIDIA GeForce RTX 3060', 'gpu_count': 1, 'gpu_memory_gb': 11.63}
2026-09-08 20:05:44,326 | INFO | Config: {'experiment': {'name': 'cont_base', 'type': 'k_epsilon', 'seed': 42}, 'model': {'type': 'pinn', 'width': 64, 'depth': 4, 'activation': 'tanh'}, 'paths': {'root': '.', 'data_process_dir': 'data/data_processed', 'results_dir': 'results', 'metrics_dir': 'results/metrics', 'plots_dir': 'results/plots', 'logs_dir': 'logs', 'models_dir': 'results/models/pinn/pinn_cont_base_20260908_154133'}, 'dataset': {'parquet': 'dataset_bfs_2d_kepsilon_Re32000_full.parquet'}, 'features': ['x', 'y', 'Ux', 'Uy', 'p', 'Re_norm'], 'targets': ['dUx', 'dUy', 'dp'], 'training': {'batch_size': 4096}}
2026-09-08 20:05:44,326 | INFO | ================================================================================
2026-09-08 20:05:44,326 | INFO | Avaliacao independente (fora do pipeline de treino) para pinn_cont_base
2026-09-08 20:05:44,327 | INFO | Iniciando avaliacao final para cont_base
2026-09-08 20:05:44,327 | INFO | Modelo: results/models/pinn/pinn_cont_base_20260908_154133/pinn_cont_base_d4_w64.pt
2026-09-08 20:05:44,327 | INFO | Dataset: data/data_processed/dataset_bfs_2d_kepsilon_Re32000_full.parquet
2026-09-08 20:06:06,572 | INFO | Avaliacao concluida. Metrics: results/metrics/standalone/pinn/pinn_cont_base_20260908_200544/pinn_cont_base_d4_w64_seed42_eval.json
2026-09-08 20:06:06,572 | INFO | Predictions: results/metrics/standalone/pinn/pinn_cont_base_20260908_200544/pinn_cont_base_d4_w64_seed42_predictions_eval.parquet
2026-09-08 20:06:06,572 | INFO | Plots: results/plots/standalone/pinn/pinn_cont_base_20260908_200544/pinn_cont_base_d4_w64_seed42_eval
2026-09-08 20:06:06,572 | INFO | Iniciando avaliação física no domínio completo.
2026-09-08 20:06:16,786 | INFO | Avaliação física concluída. Metrics: results/metrics/standalone/pinn/pinn_cont_base_20260908_200544/pinn_cont_base_d4_w64_seed42_physics.json
2026-09-08 20:06:16,786 | INFO | ================================================================================
2026-09-08 20:06:16,786 | INFO | Experimento finalizado
2026-09-08 20:06:16,786 | INFO | Wall time: 32.46 s
2026-09-08 20:06:16,786 | INFO | CPU time: 32.46 s
2026-09-08 20:06:16,786 | INFO | Metadados salvos em: logs/standalone/pinn/pinn_cont_base_20260908_200544/metrics_standalone_pinn_cont_base_k_epsilon_20260908_200544.json
2026-09-08 20:06:16,786 | INFO | ================================================================================
