2026-07-28 04:17:37,149 | INFO | Dispositivo do experimento: cuda
2026-07-28 04:17:37,149 | INFO | ================================================================================
2026-07-28 04:17:37,149 | INFO | Iniciando experimento: pinn_cont_base
2026-07-28 04:17:37,149 | INFO | Run ID: pinn_cont_base_k_epsilon_20260728_041736
2026-07-28 04:17:37,149 | INFO | Hardware: {'platform': 'Linux-6.8.0-136-generic-x86_64-with-glibc2.35', 'processor': 'x86_64', 'python_version': '3.11.14', 'cpu_count_logical': 12, 'cpu_count_physical': 6, 'ram_total_gb': 31.16, 'torch_version': '2.9.1+cu128', 'cuda_available': True, 'cuda_version': '12.8', 'gpu_name': 'NVIDIA GeForce RTX 3060', 'gpu_count': 1, 'gpu_memory_gb': 11.62}
2026-07-28 04:17:37,149 | INFO | Config: {'experiment': {'name': 'cont_base', 'type': 'k_epsilon', 'seed': 42}, 'paths': {'root': '.', 'data_process_dir': 'data/data_processed', 'data_cfd_dir': 'data/data_cfd', 'results_dir': 'results', 'models_dir': 'results/models', 'metrics_dir': 'results/metrics', 'plots_dir': 'results/plots', 'logs_dir': 'logs'}, 'dataset': {'parquet': 'dataset_bfs_2d_kepsilon_Re36000_full.parquet', 'test_output': 'dataset_test_pinn'}, 'features': ['x', 'y', 'Ux', 'Uy', 'p', 'Re_norm'], 'targets': ['dUx', 'dUy', 'dp'], 'model': {'type': 'pinn', 'width': 64, 'depth': 4, 'activation': 'tanh'}, 'training': {'batch_size': 4096, 'epochs': 1000, 'lr': '1e-3', 'weight_decay': '1e-6'}, 'early_stopping': {'patience': 20}, 'scheduler': {'factor': 0.5, 'patience': 10}, 'split': {'strategy': 'spatial_x_quantile', 'column': 'x', 'bins': 8, 'test_frac': 0.2, 'version': 'v1'}, 'pinn': {'physics_mode': 'continuity', 'nut_transform': 'exp', 'epochs_pre': 1000, 'epochs_phys': 1000, 'w_data': 1.0, 'w_cont': '5e-5', 'w_mom': '1e-5'}}
2026-07-28 04:17:37,149 | INFO | ================================================================================
2026-07-28 04:17:37,497 | INFO | Dataset salvo: dataset_test_pinn_cont_base_d4_w64.parquet
2026-07-28 04:17:37,497 | INFO | Split salvo em: data/data_processed/splits/dataset_bfs_2d_kepsilon_Re36000_full_spatial_x_quantile_x/b8_v1_seed42.json
2026-07-28 04:17:37,710 | INFO | Model device: cuda:0
2026-07-28 04:17:40,249 | INFO | [PINN[PRE]] ep=0001 loss_train=8.213613e-01 | loss_val=7.325009e-01 | lr=1.000000e-03 | best_val=7.325009e-01
2026-07-28 04:17:43,470 | INFO | [PINN[PRE]] ep=0010 loss_train=4.742740e-01 | loss_val=4.854643e-01 | lr=1.000000e-03 | best_val=4.854643e-01
2026-07-28 04:17:47,212 | INFO | [PINN[PRE]] ep=0020 loss_train=3.728411e-01 | loss_val=3.814045e-01 | lr=1.000000e-03 | best_val=3.814045e-01
2026-07-28 04:17:51,189 | INFO | [PINN[PRE]] ep=0030 loss_train=2.545251e-01 | loss_val=2.617985e-01 | lr=1.000000e-03 | best_val=2.617985e-01
2026-07-28 04:17:54,471 | INFO | [PINN[PRE]] ep=0040 loss_train=2.108696e-01 | loss_val=2.186261e-01 | lr=1.000000e-03 | best_val=2.186261e-01
2026-07-28 04:17:58,189 | INFO | [PINN[PRE]] ep=0050 loss_train=1.787803e-01 | loss_val=1.860698e-01 | lr=1.000000e-03 | best_val=1.860698e-01
2026-07-28 04:18:01,958 | INFO | [PINN[PRE]] ep=0060 loss_train=1.610249e-01 | loss_val=1.664359e-01 | lr=1.000000e-03 | best_val=1.664359e-01
2026-07-28 04:18:05,917 | INFO | [PINN[PRE]] ep=0070 loss_train=1.434263e-01 | loss_val=1.468282e-01 | lr=1.000000e-03 | best_val=1.468282e-01
2026-07-28 04:18:09,909 | INFO | [PINN[PRE]] ep=0080 loss_train=1.288012e-01 | loss_val=1.329509e-01 | lr=1.000000e-03 | best_val=1.329509e-01
2026-07-28 04:18:13,859 | INFO | [PINN[PRE]] ep=0090 loss_train=1.154582e-01 | loss_val=1.216327e-01 | lr=1.000000e-03 | best_val=1.216327e-01
2026-07-28 04:18:17,661 | INFO | [PINN[PRE]] ep=0100 loss_train=1.061728e-01 | loss_val=1.122580e-01 | lr=1.000000e-03 | best_val=1.122580e-01
2026-07-28 04:18:21,650 | INFO | [PINN[PRE]] ep=0110 loss_train=9.695939e-02 | loss_val=1.059762e-01 | lr=1.000000e-03 | best_val=1.028199e-01
2026-07-28 04:18:25,743 | INFO | [PINN[PRE]] ep=0120 loss_train=9.236601e-02 | loss_val=9.633665e-02 | lr=1.000000e-03 | best_val=9.555143e-02
2026-07-28 04:18:29,824 | INFO | [PINN[PRE]] ep=0130 loss_train=8.762728e-02 | loss_val=9.336348e-02 | lr=1.000000e-03 | best_val=8.837627e-02
2026-07-28 04:18:33,948 | INFO | [PINN[PRE]] ep=0140 loss_train=7.818318e-02 | loss_val=9.692273e-02 | lr=1.000000e-03 | best_val=8.130950e-02
2026-07-28 04:18:37,807 | INFO | [PINN[PRE]] ep=0150 loss_train=7.142482e-02 | loss_val=7.511483e-02 | lr=1.000000e-03 | best_val=7.511483e-02
2026-07-28 04:18:41,547 | INFO | [PINN[PRE]] ep=0160 loss_train=6.506567e-02 | loss_val=6.916063e-02 | lr=1.000000e-03 | best_val=6.916063e-02
2026-07-28 04:18:45,370 | INFO | [PINN[PRE]] ep=0170 loss_train=6.311299e-02 | loss_val=6.680130e-02 | lr=1.000000e-03 | best_val=6.660019e-02
2026-07-28 04:18:49,276 | INFO | [PINN[PRE]] ep=0180 loss_train=5.836080e-02 | loss_val=6.246234e-02 | lr=1.000000e-03 | best_val=6.186084e-02
2026-07-28 04:18:53,108 | INFO | [PINN[PRE]] ep=0190 loss_train=5.456552e-02 | loss_val=5.850705e-02 | lr=1.000000e-03 | best_val=5.816306e-02
2026-07-28 04:18:56,920 | INFO | [PINN[PRE]] ep=0200 loss_train=5.132588e-02 | loss_val=5.415183e-02 | lr=1.000000e-03 | best_val=5.415183e-02
2026-07-28 04:19:00,838 | INFO | [PINN[PRE]] ep=0210 loss_train=4.892107e-02 | loss_val=5.177119e-02 | lr=1.000000e-03 | best_val=5.177119e-02
2026-07-28 04:19:04,599 | INFO | [PINN[PRE]] ep=0220 loss_train=4.625198e-02 | loss_val=4.962387e-02 | lr=1.000000e-03 | best_val=4.902356e-02
2026-07-28 04:19:08,329 | INFO | [PINN[PRE]] ep=0230 loss_train=4.331756e-02 | loss_val=4.650685e-02 | lr=1.000000e-03 | best_val=4.650685e-02
2026-07-28 04:19:12,077 | INFO | [PINN[PRE]] ep=0240 loss_train=4.210515e-02 | loss_val=4.482241e-02 | lr=1.000000e-03 | best_val=4.461025e-02
2026-07-28 04:19:15,959 | INFO | [PINN[PRE]] ep=0250 loss_train=3.968185e-02 | loss_val=4.364200e-02 | lr=1.000000e-03 | best_val=4.250046e-02
2026-07-28 04:19:19,871 | INFO | [PINN[PRE]] ep=0260 loss_train=3.736533e-02 | loss_val=4.020109e-02 | lr=1.000000e-03 | best_val=4.020109e-02
2026-07-28 04:19:23,788 | INFO | [PINN[PRE]] ep=0270 loss_train=3.661441e-02 | loss_val=3.894012e-02 | lr=1.000000e-03 | best_val=3.871637e-02
2026-07-28 04:19:27,670 | INFO | [PINN[PRE]] ep=0280 loss_train=3.464925e-02 | loss_val=3.737007e-02 | lr=1.000000e-03 | best_val=3.737007e-02
2026-07-28 04:19:31,537 | INFO | [PINN[PRE]] ep=0290 loss_train=3.234111e-02 | loss_val=3.520066e-02 | lr=1.000000e-03 | best_val=3.486901e-02
2026-07-28 04:19:35,478 | INFO | [PINN[PRE]] ep=0300 loss_train=3.149966e-02 | loss_val=3.433719e-02 | lr=1.000000e-03 | best_val=3.372125e-02
2026-07-28 04:19:39,262 | INFO | [PINN[PRE]] ep=0310 loss_train=3.000436e-02 | loss_val=3.204680e-02 | lr=1.000000e-03 | best_val=3.204680e-02
2026-07-28 04:19:43,018 | INFO | [PINN[PRE]] ep=0320 loss_train=2.894880e-02 | loss_val=3.114753e-02 | lr=1.000000e-03 | best_val=3.114753e-02
2026-07-28 04:19:47,080 | INFO | [PINN[PRE]] ep=0330 loss_train=2.872657e-02 | loss_val=3.002001e-02 | lr=1.000000e-03 | best_val=3.002001e-02
2026-07-28 04:19:50,952 | INFO | [PINN[PRE]] ep=0340 loss_train=2.700129e-02 | loss_val=2.885171e-02 | lr=1.000000e-03 | best_val=2.885171e-02
2026-07-28 04:19:54,797 | INFO | [PINN[PRE]] ep=0350 loss_train=2.563802e-02 | loss_val=2.755922e-02 | lr=1.000000e-03 | best_val=2.755922e-02
2026-07-28 04:19:58,723 | INFO | [PINN[PRE]] ep=0360 loss_train=2.489989e-02 | loss_val=2.719386e-02 | lr=1.000000e-03 | best_val=2.670294e-02
2026-07-28 04:20:02,715 | INFO | [PINN[PRE]] ep=0370 loss_train=2.404250e-02 | loss_val=2.592705e-02 | lr=1.000000e-03 | best_val=2.592705e-02
2026-07-28 04:20:06,667 | INFO | [PINN[PRE]] ep=0380 loss_train=2.322178e-02 | loss_val=2.561915e-02 | lr=1.000000e-03 | best_val=2.486897e-02
2026-07-28 04:20:10,722 | INFO | [PINN[PRE]] ep=0390 loss_train=2.231052e-02 | loss_val=2.449320e-02 | lr=1.000000e-03 | best_val=2.442300e-02
2026-07-28 04:20:14,598 | INFO | [PINN[PRE]] ep=0400 loss_train=2.153764e-02 | loss_val=2.365499e-02 | lr=1.000000e-03 | best_val=2.313322e-02
2026-07-28 04:20:18,562 | INFO | [PINN[PRE]] ep=0410 loss_train=2.089922e-02 | loss_val=2.294835e-02 | lr=1.000000e-03 | best_val=2.294835e-02
2026-07-28 04:20:22,406 | INFO | [PINN[PRE]] ep=0420 loss_train=2.028844e-02 | loss_val=2.187327e-02 | lr=1.000000e-03 | best_val=2.187327e-02
2026-07-28 04:20:26,452 | INFO | [PINN[PRE]] ep=0430 loss_train=1.992628e-02 | loss_val=2.185508e-02 | lr=1.000000e-03 | best_val=2.140182e-02
2026-07-28 04:20:30,365 | INFO | [PINN[PRE]] ep=0440 loss_train=1.934442e-02 | loss_val=2.186869e-02 | lr=1.000000e-03 | best_val=2.079613e-02
2026-07-28 04:20:34,500 | INFO | [PINN[PRE]] ep=0450 loss_train=1.868809e-02 | loss_val=2.061554e-02 | lr=1.000000e-03 | best_val=2.047314e-02
2026-07-28 04:20:38,339 | INFO | [PINN[PRE]] ep=0460 loss_train=1.808426e-02 | loss_val=1.959527e-02 | lr=1.000000e-03 | best_val=1.947992e-02
2026-07-28 04:20:42,208 | INFO | [PINN[PRE]] ep=0470 loss_train=1.773174e-02 | loss_val=1.911608e-02 | lr=1.000000e-03 | best_val=1.911608e-02
2026-07-28 04:20:46,032 | INFO | [PINN[PRE]] ep=0480 loss_train=1.784952e-02 | loss_val=1.930869e-02 | lr=1.000000e-03 | best_val=1.881102e-02
2026-07-28 04:20:49,984 | INFO | [PINN[PRE]] ep=0490 loss_train=1.699777e-02 | loss_val=1.891414e-02 | lr=1.000000e-03 | best_val=1.867008e-02
2026-07-28 04:20:53,690 | INFO | [PINN[PRE]] ep=0500 loss_train=1.649559e-02 | loss_val=1.844387e-02 | lr=1.000000e-03 | best_val=1.838588e-02
2026-07-28 04:20:57,643 | INFO | [PINN[PRE]] ep=0510 loss_train=1.655705e-02 | loss_val=1.819924e-02 | lr=1.000000e-03 | best_val=1.804755e-02
2026-07-28 04:21:01,466 | INFO | [PINN[PRE]] ep=0520 loss_train=1.625521e-02 | loss_val=1.797669e-02 | lr=1.000000e-03 | best_val=1.746827e-02
2026-07-28 04:21:05,283 | INFO | [PINN[PRE]] ep=0530 loss_train=1.589168e-02 | loss_val=1.765759e-02 | lr=1.000000e-03 | best_val=1.742528e-02
2026-07-28 04:21:09,282 | INFO | [PINN[PRE]] ep=0540 loss_train=1.556901e-02 | loss_val=1.699158e-02 | lr=1.000000e-03 | best_val=1.699158e-02
2026-07-28 04:21:13,220 | INFO | [PINN[PRE]] ep=0550 loss_train=1.573465e-02 | loss_val=1.756094e-02 | lr=1.000000e-03 | best_val=1.699158e-02
2026-07-28 04:21:17,129 | INFO | [PINN[PRE]] ep=0560 loss_train=1.505594e-02 | loss_val=1.703219e-02 | lr=1.000000e-03 | best_val=1.689960e-02
2026-07-28 04:21:21,106 | INFO | [PINN[PRE]] ep=0570 loss_train=1.520498e-02 | loss_val=1.660174e-02 | lr=1.000000e-03 | best_val=1.660174e-02
2026-07-28 04:21:25,064 | INFO | [PINN[PRE]] ep=0580 loss_train=1.508877e-02 | loss_val=1.693121e-02 | lr=1.000000e-03 | best_val=1.637354e-02
2026-07-28 04:21:28,999 | INFO | [PINN[PRE]] ep=0590 loss_train=1.404285e-02 | loss_val=1.573292e-02 | lr=5.000000e-04 | best_val=1.562848e-02
2026-07-28 04:21:32,852 | INFO | [PINN[PRE]] ep=0600 loss_train=1.395818e-02 | loss_val=1.596484e-02 | lr=5.000000e-04 | best_val=1.553975e-02
2026-07-28 04:21:36,831 | INFO | [PINN[PRE]] ep=0610 loss_train=1.406657e-02 | loss_val=1.577718e-02 | lr=5.000000e-04 | best_val=1.551952e-02
2026-07-28 04:21:40,712 | INFO | [PINN[PRE]] ep=0620 loss_train=1.353866e-02 | loss_val=1.534959e-02 | lr=2.500000e-04 | best_val=1.534959e-02
2026-07-28 04:21:44,703 | INFO | [PINN[PRE]] ep=0630 loss_train=1.356888e-02 | loss_val=1.530804e-02 | lr=2.500000e-04 | best_val=1.524991e-02
2026-07-28 04:21:48,649 | INFO | [PINN[PRE]] ep=0640 loss_train=1.350499e-02 | loss_val=1.534667e-02 | lr=2.500000e-04 | best_val=1.519584e-02
2026-07-28 04:21:52,487 | INFO | [PINN[PRE]] ep=0650 loss_train=1.339681e-02 | loss_val=1.513909e-02 | lr=1.250000e-04 | best_val=1.513574e-02
2026-07-28 04:21:56,341 | INFO | [PINN[PRE]] ep=0660 loss_train=1.333836e-02 | loss_val=1.513343e-02 | lr=1.250000e-04 | best_val=1.507517e-02
2026-07-28 04:22:00,180 | INFO | [PINN[PRE]] ep=0670 loss_train=1.326826e-02 | loss_val=1.505814e-02 | lr=1.250000e-04 | best_val=1.505316e-02
2026-07-28 04:22:03,816 | INFO | [PINN[PRE]] ep=0680 loss_train=1.327314e-02 | loss_val=1.510784e-02 | lr=1.250000e-04 | best_val=1.503231e-02
2026-07-28 04:22:07,565 | INFO | [PINN[PRE]] ep=0690 loss_train=1.319257e-02 | loss_val=1.498786e-02 | lr=6.250000e-05 | best_val=1.497043e-02
2026-07-28 04:22:11,208 | INFO | [PINN[PRE]] ep=0700 loss_train=1.308928e-02 | loss_val=1.499552e-02 | lr=6.250000e-05 | best_val=1.495933e-02
2026-07-28 04:22:14,815 | INFO | [PINN[PRE]] ep=0710 loss_train=1.311442e-02 | loss_val=1.493341e-02 | lr=3.125000e-05 | best_val=1.492962e-02
2026-07-28 04:22:18,632 | INFO | [PINN[PRE]] ep=0720 loss_train=1.304218e-02 | loss_val=1.493218e-02 | lr=3.125000e-05 | best_val=1.491662e-02
2026-07-28 04:22:22,467 | INFO | [PINN[PRE]] ep=0730 loss_train=1.307938e-02 | loss_val=1.491903e-02 | lr=3.125000e-05 | best_val=1.490741e-02
2026-07-28 04:22:26,240 | INFO | [PINN[PRE]] ep=0740 loss_train=1.305769e-02 | loss_val=1.489579e-02 | lr=1.562500e-05 | best_val=1.489579e-02
2026-07-28 04:22:29,972 | INFO | [PINN[PRE]] ep=0750 loss_train=1.304051e-02 | loss_val=1.490038e-02 | lr=1.562500e-05 | best_val=1.489579e-02
2026-07-28 04:22:33,464 | INFO | [PINN[PRE]] ep=0760 loss_train=1.306177e-02 | loss_val=1.490063e-02 | lr=7.812500e-06 | best_val=1.489579e-02
2026-07-28 04:22:33,464 | INFO | Early stopping (val não melhorou). Melhor loss_val: 1.489579e-02
2026-07-28 04:22:33,816 | INFO | [PINN][REFERÊNCIA] ref_data=1.489579e-02 | ref_cont=2.035545e+05 | ref_mom=N/A
2026-07-28 04:22:34,396 | INFO | [PINN[CONTINUITY]] ep=0001 loss_total=6.572975e+00 | loss_data=2.247404e-01 | loss_cont=1.269647e+05 | val_score=1.831623e+01 | val_data=3.883070e-01 | val_cont=4.645499e+04 | lr=1.000000e-03 | best_val=1.831623e+01
2026-07-28 04:22:38,225 | INFO | [PINN[CONTINUITY]] ep=0010 loss_total=4.303360e-01 | loss_data=2.000927e-01 | loss_cont=4.604866e+03 | val_score=9.639539e+00 | val_data=2.049526e-01 | val_cont=5.544950e+03 | lr=1.000000e-03 | best_val=9.639539e+00
2026-07-28 04:22:42,743 | INFO | [PINN[CONTINUITY]] ep=0020 loss_total=2.577867e-01 | loss_data=1.486478e-01 | loss_cont=2.182779e+03 | val_score=7.262664e+00 | val_data=1.544551e-01 | val_cont=2.942264e+03 | lr=1.000000e-03 | best_val=7.262664e+00
2026-07-28 04:22:47,132 | INFO | [PINN[CONTINUITY]] ep=0030 loss_total=1.862911e-01 | loss_data=1.213612e-01 | loss_cont=1.298599e+03 | val_score=5.956155e+00 | val_data=1.266893e-01 | val_cont=1.783832e+03 | lr=1.000000e-03 | best_val=5.956155e+00
2026-07-28 04:22:51,569 | INFO | [PINN[CONTINUITY]] ep=0040 loss_total=1.487105e-01 | loss_data=1.040100e-01 | loss_cont=8.940108e+02 | val_score=5.159498e+00 | val_data=1.097520e-01 | val_cont=1.294391e+03 | lr=1.000000e-03 | best_val=5.159498e+00
2026-07-28 04:22:56,212 | INFO | [PINN[CONTINUITY]] ep=0050 loss_total=1.246538e-01 | loss_data=9.164297e-02 | loss_cont=6.602156e+02 | val_score=4.643716e+00 | val_data=9.878633e-02 | val_cont=9.746110e+02 | lr=1.000000e-03 | best_val=4.643716e+00
2026-07-28 04:23:00,549 | INFO | [PINN[CONTINUITY]] ep=0060 loss_total=1.107726e-01 | loss_data=8.426586e-02 | loss_cont=5.301348e+02 | val_score=4.243556e+00 | val_data=9.027744e-02 | val_cont=7.707843e+02 | lr=1.000000e-03 | best_val=4.243556e+00
2026-07-28 04:23:04,981 | INFO | [PINN[CONTINUITY]] ep=0070 loss_total=9.964445e-02 | loss_data=7.756642e-02 | loss_cont=4.415605e+02 | val_score=3.943667e+00 | val_data=8.390074e-02 | val_cont=6.160984e+02 | lr=1.000000e-03 | best_val=3.943667e+00
2026-07-28 04:23:09,538 | INFO | [PINN[CONTINUITY]] ep=0080 loss_total=9.018136e-02 | loss_data=7.141126e-02 | loss_cont=3.754020e+02 | val_score=3.657643e+00 | val_data=7.781812e-02 | val_cont=4.923287e+02 | lr=1.000000e-03 | best_val=3.657643e+00
2026-07-28 04:23:13,827 | INFO | [PINN[CONTINUITY]] ep=0090 loss_total=8.204015e-02 | loss_data=6.599015e-02 | loss_cont=3.210000e+02 | val_score=3.400064e+00 | val_data=7.233869e-02 | val_cont=4.355031e+02 | lr=1.000000e-03 | best_val=3.400064e+00
2026-07-28 04:23:18,200 | INFO | [PINN[CONTINUITY]] ep=0100 loss_total=7.515591e-02 | loss_data=6.119886e-02 | loss_cont=2.791411e+02 | val_score=3.172428e+00 | val_data=6.749617e-02 | val_cont=3.877027e+02 | lr=1.000000e-03 | best_val=3.172428e+00
2026-07-28 04:23:22,756 | INFO | [PINN[CONTINUITY]] ep=0110 loss_total=6.980556e-02 | loss_data=5.769362e-02 | loss_cont=2.422389e+02 | val_score=2.964022e+00 | val_data=6.306266e-02 | val_cont=3.456189e+02 | lr=1.000000e-03 | best_val=2.964022e+00
2026-07-28 04:23:27,151 | INFO | [PINN[CONTINUITY]] ep=0120 loss_total=6.475815e-02 | loss_data=5.407260e-02 | loss_cont=2.137111e+02 | val_score=2.777722e+00 | val_data=5.909896e-02 | val_cont=3.234748e+02 | lr=1.000000e-03 | best_val=2.777722e+00
2026-07-28 04:23:31,495 | INFO | [PINN[CONTINUITY]] ep=0130 loss_total=6.024372e-02 | loss_data=5.050197e-02 | loss_cont=1.948350e+02 | val_score=2.629975e+00 | val_data=5.595596e-02 | val_cont=2.908227e+02 | lr=1.000000e-03 | best_val=2.629975e+00
2026-07-28 04:23:36,184 | INFO | [PINN[CONTINUITY]] ep=0140 loss_total=5.680201e-02 | loss_data=4.789072e-02 | loss_cont=1.782257e+02 | val_score=2.489309e+00 | val_data=5.296331e-02 | val_cont=2.690243e+02 | lr=1.000000e-03 | best_val=2.489309e+00
2026-07-28 04:23:40,660 | INFO | [PINN[CONTINUITY]] ep=0150 loss_total=5.348217e-02 | loss_data=4.553007e-02 | loss_cont=1.590421e+02 | val_score=2.350697e+00 | val_data=5.001441e-02 | val_cont=2.461278e+02 | lr=1.000000e-03 | best_val=2.350697e+00
2026-07-28 04:23:45,247 | INFO | [PINN[CONTINUITY]] ep=0160 loss_total=5.015133e-02 | loss_data=4.275824e-02 | loss_cont=1.478617e+02 | val_score=2.221916e+00 | val_data=4.727462e-02 | val_cont=2.256884e+02 | lr=1.000000e-03 | best_val=2.221916e+00
2026-07-28 04:23:49,880 | INFO | [PINN[CONTINUITY]] ep=0170 loss_total=4.744918e-02 | loss_data=4.052164e-02 | loss_cont=1.385508e+02 | val_score=2.096809e+00 | val_data=4.461290e-02 | val_cont=2.098996e+02 | lr=1.000000e-03 | best_val=2.096809e+00
2026-07-28 04:23:54,170 | INFO | [PINN[CONTINUITY]] ep=0180 loss_total=4.437237e-02 | loss_data=3.811903e-02 | loss_cont=1.250669e+02 | val_score=1.995740e+00 | val_data=4.246279e-02 | val_cont=1.905427e+02 | lr=1.000000e-03 | best_val=1.995740e+00
2026-07-28 04:23:58,528 | INFO | [PINN[CONTINUITY]] ep=0190 loss_total=4.221729e-02 | loss_data=3.633718e-02 | loss_cont=1.176023e+02 | val_score=1.893091e+00 | val_data=4.027825e-02 | val_cont=1.966521e+02 | lr=1.000000e-03 | best_val=1.893091e+00
2026-07-28 04:24:03,090 | INFO | [PINN[CONTINUITY]] ep=0200 loss_total=4.116204e-02 | loss_data=3.516624e-02 | loss_cont=1.199160e+02 | val_score=1.814930e+00 | val_data=3.861554e-02 | val_cont=1.798430e+02 | lr=1.000000e-03 | best_val=1.814930e+00
2026-07-28 04:24:07,505 | INFO | [PINN[CONTINUITY]] ep=0210 loss_total=3.986918e-02 | loss_data=3.378143e-02 | loss_cont=1.217551e+02 | val_score=1.727946e+00 | val_data=3.676479e-02 | val_cont=1.715730e+02 | lr=1.000000e-03 | best_val=1.727946e+00
2026-07-28 04:24:11,955 | INFO | [PINN[CONTINUITY]] ep=0220 loss_total=3.694033e-02 | loss_data=3.203186e-02 | loss_cont=9.816940e+01 | val_score=1.658458e+00 | val_data=3.528693e-02 | val_cont=1.453965e+02 | lr=1.000000e-03 | best_val=1.658458e+00
2026-07-28 04:24:16,619 | INFO | [PINN[CONTINUITY]] ep=0230 loss_total=3.572699e-02 | loss_data=3.086014e-02 | loss_cont=9.733715e+01 | val_score=1.581183e+00 | val_data=3.364221e-02 | val_cont=1.560836e+02 | lr=1.000000e-03 | best_val=1.581183e+00
2026-07-28 04:24:20,943 | INFO | [PINN[CONTINUITY]] ep=0240 loss_total=3.663485e-02 | loss_data=3.024689e-02 | loss_cont=1.277592e+02 | val_score=1.543476e+00 | val_data=3.283978e-02 | val_cont=1.573222e+02 | lr=1.000000e-03 | best_val=1.543476e+00
2026-07-28 04:24:25,357 | INFO | [PINN[CONTINUITY]] ep=0250 loss_total=3.377691e-02 | loss_data=2.889957e-02 | loss_cont=9.754675e+01 | val_score=1.468945e+00 | val_data=3.125434e-02 | val_cont=1.394557e+02 | lr=1.000000e-03 | best_val=1.468945e+00
2026-07-28 04:24:29,919 | INFO | [PINN[CONTINUITY]] ep=0260 loss_total=3.232027e-02 | loss_data=2.784342e-02 | loss_cont=8.953703e+01 | val_score=1.440626e+00 | val_data=3.065209e-02 | val_cont=1.278045e+02 | lr=1.000000e-03 | best_val=1.440626e+00
2026-07-28 04:24:34,193 | INFO | [PINN[CONTINUITY]] ep=0270 loss_total=3.090279e-02 | loss_data=2.678965e-02 | loss_cont=8.226288e+01 | val_score=1.394880e+00 | val_data=2.967867e-02 | val_cont=1.264751e+02 | lr=1.000000e-03 | best_val=1.387726e+00
2026-07-28 04:24:38,571 | INFO | [PINN[CONTINUITY]] ep=0280 loss_total=3.070707e-02 | loss_data=2.643620e-02 | loss_cont=8.541721e+01 | val_score=1.343192e+00 | val_data=2.857896e-02 | val_cont=1.198555e+02 | lr=1.000000e-03 | best_val=1.343192e+00
2026-07-28 04:24:43,118 | INFO | [PINN[CONTINUITY]] ep=0290 loss_total=3.011192e-02 | loss_data=2.576239e-02 | loss_cont=8.699071e+01 | val_score=1.321402e+00 | val_data=2.811421e-02 | val_cont=1.543783e+02 | lr=1.000000e-03 | best_val=1.321402e+00
2026-07-28 04:24:47,519 | INFO | [PINN[CONTINUITY]] ep=0300 loss_total=3.079062e-02 | loss_data=2.554968e-02 | loss_cont=1.048188e+02 | val_score=1.299473e+00 | val_data=2.764821e-02 | val_cont=1.335664e+02 | lr=1.000000e-03 | best_val=1.283335e+00
2026-07-28 04:24:51,853 | INFO | [PINN[CONTINUITY]] ep=0310 loss_total=2.732190e-02 | loss_data=2.405763e-02 | loss_cont=6.528542e+01 | val_score=1.243940e+00 | val_data=2.646730e-02 | val_cont=1.074894e+02 | lr=1.000000e-03 | best_val=1.237016e+00
2026-07-28 04:24:56,527 | INFO | [PINN[CONTINUITY]] ep=0320 loss_total=3.224704e-02 | loss_data=2.613309e-02 | loss_cont=1.222790e+02 | val_score=1.303594e+00 | val_data=2.773522e-02 | val_cont=1.552554e+02 | lr=1.000000e-03 | best_val=1.223019e+00
2026-07-28 04:25:00,928 | INFO | [PINN[CONTINUITY]] ep=0330 loss_total=2.685538e-02 | loss_data=2.355676e-02 | loss_cont=6.597244e+01 | val_score=1.192679e+00 | val_data=2.537690e-02 | val_cont=9.389399e+01 | lr=1.000000e-03 | best_val=1.192679e+00
2026-07-28 04:25:05,435 | INFO | [PINN[CONTINUITY]] ep=0340 loss_total=2.614448e-02 | loss_data=2.275754e-02 | loss_cont=6.773885e+01 | val_score=1.162974e+00 | val_data=2.474483e-02 | val_cont=9.302679e+01 | lr=1.000000e-03 | best_val=1.162974e+00
2026-07-28 04:25:09,974 | INFO | [PINN[CONTINUITY]] ep=0350 loss_total=2.572584e-02 | loss_data=2.247934e-02 | loss_cont=6.493010e+01 | val_score=1.138702e+00 | val_data=2.422838e-02 | val_cont=9.100506e+01 | lr=1.000000e-03 | best_val=1.135178e+00
2026-07-28 04:25:14,229 | INFO | [PINN[CONTINUITY]] ep=0360 loss_total=2.522719e-02 | loss_data=2.195855e-02 | loss_cont=6.537277e+01 | val_score=1.118996e+00 | val_data=2.380873e-02 | val_cont=1.012751e+02 | lr=1.000000e-03 | best_val=1.118208e+00
2026-07-28 04:25:18,565 | INFO | [PINN[CONTINUITY]] ep=0370 loss_total=2.522701e-02 | loss_data=2.180643e-02 | loss_cont=6.841161e+01 | val_score=1.105261e+00 | val_data=2.351644e-02 | val_cont=1.013316e+02 | lr=1.000000e-03 | best_val=1.101547e+00
2026-07-28 04:25:23,098 | INFO | [PINN[CONTINUITY]] ep=0380 loss_total=2.414702e-02 | loss_data=2.103971e-02 | loss_cont=6.214634e+01 | val_score=1.081070e+00 | val_data=2.300181e-02 | val_cont=9.695526e+01 | lr=1.000000e-03 | best_val=1.074620e+00
2026-07-28 04:25:27,499 | INFO | [PINN[CONTINUITY]] ep=0390 loss_total=2.435192e-02 | loss_data=2.096748e-02 | loss_cont=6.768876e+01 | val_score=1.064301e+00 | val_data=2.264503e-02 | val_cont=9.513412e+01 | lr=1.000000e-03 | best_val=1.059495e+00
2026-07-28 04:25:31,963 | INFO | [PINN[CONTINUITY]] ep=0400 loss_total=2.358521e-02 | loss_data=2.062131e-02 | loss_cont=5.927809e+01 | val_score=1.043426e+00 | val_data=2.220119e-02 | val_cont=8.287608e+01 | lr=1.000000e-03 | best_val=1.043426e+00
2026-07-28 04:25:36,621 | INFO | [PINN[CONTINUITY]] ep=0410 loss_total=2.297887e-02 | loss_data=2.015900e-02 | loss_cont=5.639741e+01 | val_score=1.056951e+00 | val_data=2.248836e-02 | val_cont=1.032965e+02 | lr=1.000000e-03 | best_val=1.026126e+00
2026-07-28 04:25:40,919 | INFO | [PINN[CONTINUITY]] ep=0420 loss_total=2.220695e-02 | loss_data=1.970199e-02 | loss_cont=5.009913e+01 | val_score=1.003055e+00 | val_data=2.134228e-02 | val_cont=7.747936e+01 | lr=1.000000e-03 | best_val=1.003055e+00
2026-07-28 04:25:45,378 | INFO | [PINN[CONTINUITY]] ep=0430 loss_total=2.198866e-02 | loss_data=1.938127e-02 | loss_cont=5.214791e+01 | val_score=9.985202e-01 | val_data=2.124580e-02 | val_cont=7.687488e+01 | lr=1.000000e-03 | best_val=9.863188e-01
2026-07-28 04:25:49,939 | INFO | [PINN[CONTINUITY]] ep=0440 loss_total=2.214887e-02 | loss_data=1.924696e-02 | loss_cont=5.803810e+01 | val_score=9.783590e-01 | val_data=2.081653e-02 | val_cont=8.467410e+01 | lr=1.000000e-03 | best_val=9.783251e-01
2026-07-28 04:25:54,247 | INFO | [PINN[CONTINUITY]] ep=0450 loss_total=2.128574e-02 | loss_data=1.880701e-02 | loss_cont=4.957469e+01 | val_score=9.787647e-01 | val_data=2.082531e-02 | val_cont=8.023608e+01 | lr=1.000000e-03 | best_val=9.620266e-01
2026-07-28 04:25:58,619 | INFO | [PINN[CONTINUITY]] ep=0460 loss_total=2.298522e-02 | loss_data=1.941579e-02 | loss_cont=7.138861e+01 | val_score=9.690315e-01 | val_data=2.061803e-02 | val_cont=8.519273e+01 | lr=1.000000e-03 | best_val=9.536445e-01
2026-07-28 04:26:03,183 | INFO | [PINN[CONTINUITY]] ep=0470 loss_total=2.111210e-02 | loss_data=1.845276e-02 | loss_cont=5.318688e+01 | val_score=9.559591e-01 | val_data=2.034028e-02 | val_cont=7.144558e+01 | lr=1.000000e-03 | best_val=9.407409e-01
2026-07-28 04:26:07,592 | INFO | [PINN[CONTINUITY]] ep=0480 loss_total=2.030891e-02 | loss_data=1.808213e-02 | loss_cont=4.453572e+01 | val_score=9.265066e-01 | val_data=1.971373e-02 | val_cont=6.569448e+01 | lr=1.000000e-03 | best_val=9.173779e-01
2026-07-28 04:26:11,966 | INFO | [PINN[CONTINUITY]] ep=0490 loss_total=1.968025e-02 | loss_data=1.771074e-02 | loss_cont=3.939008e+01 | val_score=9.052795e-01 | val_data=1.926233e-02 | val_cont=5.563355e+01 | lr=5.000000e-04 | best_val=9.052795e-01
2026-07-28 04:26:16,639 | INFO | [PINN[CONTINUITY]] ep=0500 loss_total=1.904529e-02 | loss_data=1.732734e-02 | loss_cont=3.435900e+01 | val_score=8.997791e-01 | val_data=1.914531e-02 | val_cont=5.471723e+01 | lr=5.000000e-04 | best_val=8.979369e-01
2026-07-28 04:26:21,026 | INFO | [PINN[CONTINUITY]] ep=0510 loss_total=1.934746e-02 | loss_data=1.746426e-02 | loss_cont=3.766393e+01 | val_score=9.131299e-01 | val_data=1.942921e-02 | val_cont=6.125185e+01 | lr=5.000000e-04 | best_val=8.936308e-01
2026-07-28 04:26:25,557 | INFO | [PINN[CONTINUITY]] ep=0520 loss_total=1.901810e-02 | loss_data=1.725300e-02 | loss_cont=3.530203e+01 | val_score=8.937088e-01 | val_data=1.901610e-02 | val_cont=5.609371e+01 | lr=5.000000e-04 | best_val=8.863419e-01
2026-07-28 04:26:30,133 | INFO | [PINN[CONTINUITY]] ep=0530 loss_total=1.885904e-02 | loss_data=1.716822e-02 | loss_cont=3.381626e+01 | val_score=8.839268e-01 | val_data=1.880801e-02 | val_cont=5.388048e+01 | lr=5.000000e-04 | best_val=8.804298e-01
2026-07-28 04:26:34,448 | INFO | [PINN[CONTINUITY]] ep=0540 loss_total=1.867901e-02 | loss_data=1.696691e-02 | loss_cont=3.424214e+01 | val_score=8.900495e-01 | val_data=1.893797e-02 | val_cont=6.426059e+01 | lr=5.000000e-04 | best_val=8.751272e-01
2026-07-28 04:26:38,770 | INFO | [PINN[CONTINUITY]] ep=0550 loss_total=1.877788e-02 | loss_data=1.694998e-02 | loss_cont=3.655805e+01 | val_score=8.721260e-01 | val_data=1.855691e-02 | val_cont=5.345996e+01 | lr=5.000000e-04 | best_val=8.664081e-01
2026-07-28 04:26:43,264 | INFO | [PINN[CONTINUITY]] ep=0560 loss_total=1.873241e-02 | loss_data=1.680081e-02 | loss_cont=3.863186e+01 | val_score=8.646415e-01 | val_data=1.839770e-02 | val_cont=5.146204e+01 | lr=5.000000e-04 | best_val=8.644089e-01
2026-07-28 04:26:47,639 | INFO | [PINN[CONTINUITY]] ep=0570 loss_total=1.828570e-02 | loss_data=1.662274e-02 | loss_cont=3.325925e+01 | val_score=8.589636e-01 | val_data=1.827687e-02 | val_cont=5.172111e+01 | lr=5.000000e-04 | best_val=8.589636e-01
2026-07-28 04:26:51,985 | INFO | [PINN[CONTINUITY]] ep=0580 loss_total=1.829210e-02 | loss_data=1.657396e-02 | loss_cont=3.436291e+01 | val_score=8.552840e-01 | val_data=1.819853e-02 | val_cont=5.303179e+01 | lr=5.000000e-04 | best_val=8.491300e-01
2026-07-28 04:26:56,501 | INFO | [PINN[CONTINUITY]] ep=0590 loss_total=1.775857e-02 | loss_data=1.631746e-02 | loss_cont=2.882216e+01 | val_score=8.472013e-01 | val_data=1.802671e-02 | val_cont=4.728963e+01 | lr=2.500000e-04 | best_val=8.439624e-01
2026-07-28 04:27:00,779 | INFO | [PINN[CONTINUITY]] ep=0600 loss_total=1.771183e-02 | loss_data=1.626324e-02 | loss_cont=2.897180e+01 | val_score=8.410846e-01 | val_data=1.789662e-02 | val_cont=4.502891e+01 | lr=2.500000e-04 | best_val=8.377079e-01
2026-07-28 04:27:05,184 | INFO | [PINN[CONTINUITY]] ep=0610 loss_total=1.759180e-02 | loss_data=1.620467e-02 | loss_cont=2.774249e+01 | val_score=8.346223e-01 | val_data=1.775906e-02 | val_cont=4.641896e+01 | lr=2.500000e-04 | best_val=8.346223e-01
2026-07-28 04:27:09,749 | INFO | [PINN[CONTINUITY]] ep=0620 loss_total=1.752672e-02 | loss_data=1.609392e-02 | loss_cont=2.865598e+01 | val_score=8.375090e-01 | val_data=1.782045e-02 | val_cont=4.754813e+01 | lr=2.500000e-04 | best_val=8.335642e-01
2026-07-28 04:27:13,868 | INFO | [PINN[CONTINUITY]] ep=0630 loss_total=1.735867e-02 | loss_data=1.592762e-02 | loss_cont=2.862085e+01 | val_score=8.327861e-01 | val_data=1.772001e-02 | val_cont=4.568179e+01 | lr=2.500000e-04 | best_val=8.281396e-01
2026-07-28 04:27:18,184 | INFO | [PINN[CONTINUITY]] ep=0640 loss_total=1.726074e-02 | loss_data=1.591495e-02 | loss_cont=2.691575e+01 | val_score=8.266578e-01 | val_data=1.758956e-02 | val_cont=4.697373e+01 | lr=2.500000e-04 | best_val=8.263460e-01
2026-07-28 04:27:22,662 | INFO | [PINN[CONTINUITY]] ep=0650 loss_total=1.721114e-02 | loss_data=1.586514e-02 | loss_cont=2.691983e+01 | val_score=8.247360e-01 | val_data=1.754875e-02 | val_cont=4.437641e+01 | lr=2.500000e-04 | best_val=8.245490e-01
2026-07-28 04:27:26,986 | INFO | [PINN[CONTINUITY]] ep=0660 loss_total=1.717965e-02 | loss_data=1.581372e-02 | loss_cont=2.731858e+01 | val_score=8.249761e-01 | val_data=1.755386e-02 | val_cont=4.427718e+01 | lr=2.500000e-04 | best_val=8.206266e-01
2026-07-28 04:27:31,259 | INFO | [PINN[CONTINUITY]] ep=0670 loss_total=1.730887e-02 | loss_data=1.584459e-02 | loss_cont=2.928565e+01 | val_score=8.190531e-01 | val_data=1.742771e-02 | val_cont=4.770563e+01 | lr=2.500000e-04 | best_val=8.171605e-01
2026-07-28 04:27:35,775 | INFO | [PINN[CONTINUITY]] ep=0680 loss_total=1.705328e-02 | loss_data=1.570129e-02 | loss_cont=2.703981e+01 | val_score=8.162734e-01 | val_data=1.736863e-02 | val_cont=4.529061e+01 | lr=2.500000e-04 | best_val=8.137706e-01
2026-07-28 04:27:40,103 | INFO | [PINN[CONTINUITY]] ep=0690 loss_total=1.704792e-02 | loss_data=1.567229e-02 | loss_cont=2.751258e+01 | val_score=8.175095e-01 | val_data=1.739490e-02 | val_cont=4.641918e+01 | lr=2.500000e-04 | best_val=8.125645e-01
2026-07-28 04:27:44,561 | INFO | [PINN[CONTINUITY]] ep=0700 loss_total=1.689012e-02 | loss_data=1.549723e-02 | loss_cont=2.785769e+01 | val_score=8.082222e-01 | val_data=1.719730e-02 | val_cont=4.560802e+01 | lr=2.500000e-04 | best_val=8.075789e-01
2026-07-28 04:27:49,119 | INFO | [PINN[CONTINUITY]] ep=0710 loss_total=1.695179e-02 | loss_data=1.550156e-02 | loss_cont=2.900465e+01 | val_score=8.154297e-01 | val_data=1.735053e-02 | val_cont=5.011859e+01 | lr=2.500000e-04 | best_val=8.044649e-01
2026-07-28 04:27:53,291 | INFO | [PINN[CONTINUITY]] ep=0720 loss_total=1.658693e-02 | loss_data=1.537931e-02 | loss_cont=2.415236e+01 | val_score=7.989426e-01 | val_data=1.699997e-02 | val_cont=4.111126e+01 | lr=1.250000e-04 | best_val=7.989426e-01
2026-07-28 04:27:57,579 | INFO | [PINN[CONTINUITY]] ep=0730 loss_total=1.644816e-02 | loss_data=1.526258e-02 | loss_cont=2.371146e+01 | val_score=7.970907e-01 | val_data=1.696054e-02 | val_cont=4.199743e+01 | lr=1.250000e-04 | best_val=7.970907e-01
2026-07-28 04:28:02,042 | INFO | [PINN[CONTINUITY]] ep=0740 loss_total=1.659208e-02 | loss_data=1.538644e-02 | loss_cont=2.411275e+01 | val_score=7.972354e-01 | val_data=1.696364e-02 | val_cont=4.120720e+01 | lr=1.250000e-04 | best_val=7.968300e-01
2026-07-28 04:28:06,374 | INFO | [PINN[CONTINUITY]] ep=0750 loss_total=1.658448e-02 | loss_data=1.536500e-02 | loss_cont=2.438959e+01 | val_score=8.001674e-01 | val_data=1.702602e-02 | val_cont=4.150276e+01 | lr=1.250000e-04 | best_val=7.951779e-01
2026-07-28 04:28:10,702 | INFO | [PINN[CONTINUITY]] ep=0760 loss_total=1.624544e-02 | loss_data=1.505793e-02 | loss_cont=2.375027e+01 | val_score=7.928478e-01 | val_data=1.687029e-02 | val_cont=4.078094e+01 | lr=1.250000e-04 | best_val=7.925194e-01
2026-07-28 04:28:15,211 | INFO | [PINN[CONTINUITY]] ep=0770 loss_total=1.650628e-02 | loss_data=1.529950e-02 | loss_cont=2.413566e+01 | val_score=7.988770e-01 | val_data=1.699851e-02 | val_cont=4.304901e+01 | lr=1.250000e-04 | best_val=7.918153e-01
2026-07-28 04:28:19,473 | INFO | [PINN[CONTINUITY]] ep=0780 loss_total=1.641471e-02 | loss_data=1.522950e-02 | loss_cont=2.370416e+01 | val_score=7.894303e-01 | val_data=1.679758e-02 | val_cont=4.031062e+01 | lr=1.250000e-04 | best_val=7.894303e-01
2026-07-28 04:28:23,850 | INFO | [PINN[CONTINUITY]] ep=0790 loss_total=1.621773e-02 | loss_data=1.504095e-02 | loss_cont=2.353568e+01 | val_score=7.872484e-01 | val_data=1.675110e-02 | val_cont=4.187173e+01 | lr=1.250000e-04 | best_val=7.872484e-01
2026-07-28 04:28:28,426 | INFO | [PINN[CONTINUITY]] ep=0800 loss_total=1.631345e-02 | loss_data=1.512639e-02 | loss_cont=2.374126e+01 | val_score=7.870473e-01 | val_data=1.674684e-02 | val_cont=4.106935e+01 | lr=1.250000e-04 | best_val=7.855412e-01
2026-07-28 04:28:32,582 | INFO | [PINN[CONTINUITY]] ep=0810 loss_total=1.632984e-02 | loss_data=1.512309e-02 | loss_cont=2.413490e+01 | val_score=7.830938e-01 | val_data=1.666272e-02 | val_cont=4.078607e+01 | lr=1.250000e-04 | best_val=7.830938e-01
2026-07-28 04:28:36,891 | INFO | [PINN[CONTINUITY]] ep=0820 loss_total=1.608389e-02 | loss_data=1.491945e-02 | loss_cont=2.328873e+01 | val_score=7.833722e-01 | val_data=1.666861e-02 | val_cont=4.206273e+01 | lr=1.250000e-04 | best_val=7.825571e-01
2026-07-28 04:28:41,408 | INFO | [PINN[CONTINUITY]] ep=0830 loss_total=1.648179e-02 | loss_data=1.509309e-02 | loss_cont=2.777388e+01 | val_score=7.827583e-01 | val_data=1.665552e-02 | val_cont=4.291884e+01 | lr=1.250000e-04 | best_val=7.801854e-01
2026-07-28 04:28:45,764 | INFO | [PINN[CONTINUITY]] ep=0840 loss_total=1.608573e-02 | loss_data=1.490724e-02 | loss_cont=2.356982e+01 | val_score=7.782333e-01 | val_data=1.655932e-02 | val_cont=3.985641e+01 | lr=1.250000e-04 | best_val=7.782333e-01
2026-07-28 04:28:50,037 | INFO | [PINN[CONTINUITY]] ep=0850 loss_total=1.605278e-02 | loss_data=1.492646e-02 | loss_cont=2.252634e+01 | val_score=7.783014e-01 | val_data=1.656079e-02 | val_cont=3.940298e+01 | lr=6.250000e-05 | best_val=7.782333e-01
2026-07-28 04:28:54,624 | INFO | [PINN[CONTINUITY]] ep=0860 loss_total=1.598347e-02 | loss_data=1.489835e-02 | loss_cont=2.170248e+01 | val_score=7.766787e-01 | val_data=1.652626e-02 | val_cont=3.924593e+01 | lr=6.250000e-05 | best_val=7.756164e-01
2026-07-28 04:28:59,003 | INFO | [PINN[CONTINUITY]] ep=0870 loss_total=1.601053e-02 | loss_data=1.491926e-02 | loss_cont=2.182533e+01 | val_score=7.779974e-01 | val_data=1.655431e-02 | val_cont=3.970297e+01 | lr=6.250000e-05 | best_val=7.742967e-01
2026-07-28 04:29:03,509 | INFO | [PINN[CONTINUITY]] ep=0880 loss_total=1.583481e-02 | loss_data=1.477209e-02 | loss_cont=2.125450e+01 | val_score=7.731201e-01 | val_data=1.645055e-02 | val_cont=3.886017e+01 | lr=3.125000e-05 | best_val=7.731201e-01
2026-07-28 04:29:08,075 | INFO | [PINN[CONTINUITY]] ep=0890 loss_total=1.585406e-02 | loss_data=1.479504e-02 | loss_cont=2.118053e+01 | val_score=7.750481e-01 | val_data=1.649158e-02 | val_cont=3.878615e+01 | lr=3.125000e-05 | best_val=7.729614e-01
2026-07-28 04:29:12,251 | INFO | [PINN[CONTINUITY]] ep=0900 loss_total=1.585825e-02 | loss_data=1.479379e-02 | loss_cont=2.128925e+01 | val_score=7.722749e-01 | val_data=1.643257e-02 | val_cont=3.841848e+01 | lr=3.125000e-05 | best_val=7.722749e-01
2026-07-28 04:29:16,560 | INFO | [PINN[CONTINUITY]] ep=0910 loss_total=1.584513e-02 | loss_data=1.479046e-02 | loss_cont=2.109345e+01 | val_score=7.723281e-01 | val_data=1.643370e-02 | val_cont=3.859809e+01 | lr=3.125000e-05 | best_val=7.721361e-01
2026-07-28 04:29:21,036 | INFO | [PINN[CONTINUITY]] ep=0920 loss_total=1.583653e-02 | loss_data=1.477846e-02 | loss_cont=2.116136e+01 | val_score=7.714326e-01 | val_data=1.641464e-02 | val_cont=3.868267e+01 | lr=3.125000e-05 | best_val=7.714326e-01
2026-07-28 04:29:25,424 | INFO | [PINN[CONTINUITY]] ep=0930 loss_total=1.584015e-02 | loss_data=1.478086e-02 | loss_cont=2.118572e+01 | val_score=7.715420e-01 | val_data=1.641698e-02 | val_cont=3.847422e+01 | lr=3.125000e-05 | best_val=7.712751e-01
2026-07-28 04:29:29,777 | INFO | [PINN[CONTINUITY]] ep=0940 loss_total=1.577859e-02 | loss_data=1.473421e-02 | loss_cont=2.088776e+01 | val_score=7.711410e-01 | val_data=1.640845e-02 | val_cont=3.840128e+01 | lr=1.562500e-05 | best_val=7.705241e-01
2026-07-28 04:29:34,309 | INFO | [PINN[CONTINUITY]] ep=0950 loss_total=1.577139e-02 | loss_data=1.473332e-02 | loss_cont=2.076138e+01 | val_score=7.701328e-01 | val_data=1.638700e-02 | val_cont=3.820773e+01 | lr=1.562500e-05 | best_val=7.700997e-01
2026-07-28 04:29:38,594 | INFO | [PINN[CONTINUITY]] ep=0960 loss_total=1.578115e-02 | loss_data=1.473639e-02 | loss_cont=2.089536e+01 | val_score=7.707604e-01 | val_data=1.640035e-02 | val_cont=3.816370e+01 | lr=1.562500e-05 | best_val=7.698714e-01
2026-07-28 04:29:42,984 | INFO | [PINN[CONTINUITY]] ep=0970 loss_total=1.573439e-02 | loss_data=1.470562e-02 | loss_cont=2.057540e+01 | val_score=7.702497e-01 | val_data=1.638949e-02 | val_cont=3.825187e+01 | lr=7.812500e-06 | best_val=7.698714e-01
2026-07-28 04:29:45,218 | INFO | Early stopping PINN. Melhor val_score: 7.698714e-01
2026-07-28 04:29:45,283 | INFO | Scalers da PINN salvos em:results/models/pinn/pinn_cont_base_20260728_041736
2026-07-28 04:29:45,283 | INFO | Iniciando avaliacao final para cont_base
2026-07-28 04:29:45,283 | INFO | Modelo: results/models/pinn/pinn_cont_base_20260728_041736/pinn_cont_base_d4_w64.pt
2026-07-28 04:29:45,283 | INFO | Dataset: data/data_processed/dataset_test_pinn_cont_base_d4_w64.parquet
2026-07-28 04:29:55,553 | INFO | Avaliacao concluida. Metrics: results/metrics/pinn/pinn_cont_base_20260728_041736/pinn_cont_base_d4_w64_seed42.json
2026-07-28 04:29:55,553 | INFO | Predictions: results/metrics/pinn/pinn_cont_base_20260728_041736/pinn_cont_base_d4_w64_seed42_predictions.parquet
2026-07-28 04:29:55,553 | INFO | Plots: results/plots/pinn/pinn_cont_base_20260728_041736/pinn_cont_base_d4_w64_seed42
2026-07-28 04:29:55,553 | INFO | Iniciando avaliação física no domínio completo.
2026-07-28 04:30:06,268 | INFO | Avaliação física concluída. Metrics: results/metrics/pinn/pinn_cont_base_20260728_041736/pinn_cont_base_d4_w64_seed42_physics.json
2026-07-28 04:30:06,268 | INFO | ================================================================================
2026-07-28 04:30:06,268 | INFO | Experimento finalizado
2026-07-28 04:30:06,268 | INFO | Wall time: 749.12 s
2026-07-28 04:30:06,268 | INFO | CPU time: 315.61 s
2026-07-28 04:30:06,268 | INFO | Metadados salvos em: logs/pinn/pinn_cont_base_20260728_041736/pinn_cont_base_k_epsilon_20260728_041736.json
2026-07-28 04:30:06,268 | INFO | ================================================================================
