2026-09-02 14:41:42,515 | INFO | Dispositivo do experimento: cuda
2026-09-02 14:41:42,515 | INFO | ================================================================================
2026-09-02 14:41:42,515 | INFO | Iniciando experimento: mlp_base
2026-09-02 14:41:42,516 | INFO | Run ID: mlp_base_k_epsilon_20260902_144142
2026-09-02 14:41:42,516 | INFO | Hardware: {'platform': 'Linux-7.0.0-30-generic-x86_64-with-glibc2.35', 'processor': 'x86_64', 'python_version': '3.11.14', 'cpu_count_logical': 12, 'cpu_count_physical': 6, 'ram_total_gb': 31.23, 'torch_version': '2.9.1+cu128', 'cuda_available': True, 'cuda_version': '12.8', 'gpu_name': 'NVIDIA GeForce RTX 3060', 'gpu_count': 1, 'gpu_memory_gb': 11.63}
2026-09-02 14:41:42,516 | INFO | Config: {'experiment': {'name': 'base', 'type': 'k_epsilon', 'seed': 42}, 'paths': {'root': '.', 'data_process_dir': 'data/data_processed', 'data_cfd_dir': 'data/data_cfd', 'results_dir': 'results', 'models_dir': 'results/models', 'metrics_dir': 'results/metrics', 'plots_dir': 'results/plots', 'logs_dir': 'logs'}, 'dataset': {'parquet': 'dataset_bfs_2d_kepsilon_Re36000_full.parquet', 'test_output': 'dataset_test_mlp'}, 'features': ['x', 'y', 'Ux', 'Uy', 'p', 'Re_norm'], 'targets': ['dUx', 'dUy', 'dp'], 'model': {'type': 'mlp', 'width': 64, 'depth': 4, 'activation': 'tanh'}, 'training': {'batch_size': 4096, 'epochs': 1000, 'lr': '1e-3', 'weight_decay': '1e-6'}, 'early_stopping': {'patience': 20}, 'scheduler': {'factor': 0.5, 'patience': 10}, 'split': {'strategy': 'spatial_x_quantile', 'column': 'x', 'bins': 8, 'val_frac': 0.1, 'test_frac': 0.2, 'version': 'v2'}}
2026-09-02 14:41:42,516 | INFO | ================================================================================
2026-09-02 14:41:42,794 | INFO | Dataset salvo: dataset_test_mlp_base_d4_w64.parquet
2026-09-02 14:41:42,794 | INFO | Split salvo em: data/data_processed/splits/dataset_bfs_2d_kepsilon_Re36000_full_spatial_x_quantile_x/b8_v2_seed42.json
2026-09-02 14:41:43,241 | INFO | Model device: cuda:0
2026-09-02 14:41:45,899 | INFO | [MLP] ep=0001 loss_train=8.312613e-01 | loss_val=7.401194e-01 | lr=1.000000e-03 | best_val=7.401194e-01
2026-09-02 14:41:48,403 | INFO | [MLP] ep=0010 loss_train=4.909321e-01 | loss_val=5.029472e-01 | lr=1.000000e-03 | best_val=5.029472e-01
2026-09-02 14:41:50,936 | INFO | [MLP] ep=0020 loss_train=3.941312e-01 | loss_val=4.095562e-01 | lr=1.000000e-03 | best_val=4.095562e-01
2026-09-02 14:41:53,675 | INFO | [MLP] ep=0030 loss_train=2.761364e-01 | loss_val=2.824919e-01 | lr=1.000000e-03 | best_val=2.824919e-01
2026-09-02 14:41:56,439 | INFO | [MLP] ep=0040 loss_train=2.228092e-01 | loss_val=2.309507e-01 | lr=1.000000e-03 | best_val=2.309507e-01
2026-09-02 14:41:58,924 | INFO | [MLP] ep=0050 loss_train=1.956728e-01 | loss_val=2.045607e-01 | lr=1.000000e-03 | best_val=2.025074e-01
2026-09-02 14:42:01,766 | INFO | [MLP] ep=0060 loss_train=1.691957e-01 | loss_val=1.752776e-01 | lr=1.000000e-03 | best_val=1.752776e-01
2026-09-02 14:42:04,541 | INFO | [MLP] ep=0070 loss_train=1.525539e-01 | loss_val=1.615455e-01 | lr=1.000000e-03 | best_val=1.615455e-01
2026-09-02 14:42:07,342 | INFO | [MLP] ep=0080 loss_train=1.368532e-01 | loss_val=1.513953e-01 | lr=1.000000e-03 | best_val=1.472219e-01
2026-09-02 14:42:10,042 | INFO | [MLP] ep=0090 loss_train=1.276680e-01 | loss_val=1.347998e-01 | lr=1.000000e-03 | best_val=1.347998e-01
2026-09-02 14:42:12,721 | INFO | [MLP] ep=0100 loss_train=1.164047e-01 | loss_val=1.263240e-01 | lr=1.000000e-03 | best_val=1.261244e-01
2026-09-02 14:42:15,486 | INFO | [MLP] ep=0110 loss_train=1.051516e-01 | loss_val=1.151980e-01 | lr=1.000000e-03 | best_val=1.151980e-01
2026-09-02 14:42:18,141 | INFO | [MLP] ep=0120 loss_train=1.001893e-01 | loss_val=1.099708e-01 | lr=1.000000e-03 | best_val=1.080420e-01
2026-09-02 14:42:20,957 | INFO | [MLP] ep=0130 loss_train=9.140730e-02 | loss_val=9.980817e-02 | lr=1.000000e-03 | best_val=9.980817e-02
2026-09-02 14:42:23,897 | INFO | [MLP] ep=0140 loss_train=8.481797e-02 | loss_val=9.318809e-02 | lr=1.000000e-03 | best_val=9.318809e-02
2026-09-02 14:42:27,000 | INFO | [MLP] ep=0150 loss_train=7.913967e-02 | loss_val=8.835845e-02 | lr=1.000000e-03 | best_val=8.835845e-02
2026-09-02 14:42:30,134 | INFO | [MLP] ep=0160 loss_train=7.374626e-02 | loss_val=8.390113e-02 | lr=1.000000e-03 | best_val=8.272199e-02
2026-09-02 14:42:33,149 | INFO | [MLP] ep=0170 loss_train=6.914927e-02 | loss_val=7.767724e-02 | lr=1.000000e-03 | best_val=7.763534e-02
2026-09-02 14:42:36,469 | INFO | [MLP] ep=0180 loss_train=6.637371e-02 | loss_val=7.472257e-02 | lr=1.000000e-03 | best_val=7.371261e-02
2026-09-02 14:42:39,636 | INFO | [MLP] ep=0190 loss_train=6.223230e-02 | loss_val=7.053901e-02 | lr=1.000000e-03 | best_val=6.913522e-02
2026-09-02 14:42:42,853 | INFO | [MLP] ep=0200 loss_train=5.777386e-02 | loss_val=6.481375e-02 | lr=1.000000e-03 | best_val=6.481375e-02
2026-09-02 14:42:45,940 | INFO | [MLP] ep=0210 loss_train=5.459150e-02 | loss_val=6.308509e-02 | lr=1.000000e-03 | best_val=6.273157e-02
2026-09-02 14:42:48,718 | INFO | [MLP] ep=0220 loss_train=5.236483e-02 | loss_val=5.890371e-02 | lr=1.000000e-03 | best_val=5.887768e-02
2026-09-02 14:42:51,553 | INFO | [MLP] ep=0230 loss_train=5.000293e-02 | loss_val=5.532308e-02 | lr=1.000000e-03 | best_val=5.532308e-02
2026-09-02 14:42:54,546 | INFO | [MLP] ep=0240 loss_train=4.760637e-02 | loss_val=5.298611e-02 | lr=1.000000e-03 | best_val=5.298611e-02
2026-09-02 14:42:57,338 | INFO | [MLP] ep=0250 loss_train=4.575346e-02 | loss_val=5.071611e-02 | lr=1.000000e-03 | best_val=5.071611e-02
2026-09-02 14:43:00,204 | INFO | [MLP] ep=0260 loss_train=4.363478e-02 | loss_val=4.789449e-02 | lr=1.000000e-03 | best_val=4.789449e-02
2026-09-02 14:43:03,017 | INFO | [MLP] ep=0270 loss_train=4.152064e-02 | loss_val=4.557957e-02 | lr=1.000000e-03 | best_val=4.557957e-02
2026-09-02 14:43:06,482 | INFO | [MLP] ep=0280 loss_train=4.073388e-02 | loss_val=4.390564e-02 | lr=1.000000e-03 | best_val=4.390564e-02
2026-09-02 14:43:09,833 | INFO | [MLP] ep=0290 loss_train=3.839896e-02 | loss_val=4.182944e-02 | lr=1.000000e-03 | best_val=4.182944e-02
2026-09-02 14:43:12,861 | INFO | [MLP] ep=0300 loss_train=3.751725e-02 | loss_val=4.052900e-02 | lr=1.000000e-03 | best_val=4.050340e-02
2026-09-02 14:43:16,022 | INFO | [MLP] ep=0310 loss_train=3.615989e-02 | loss_val=3.945671e-02 | lr=1.000000e-03 | best_val=3.896489e-02
2026-09-02 14:43:18,993 | INFO | [MLP] ep=0320 loss_train=3.430310e-02 | loss_val=3.700171e-02 | lr=1.000000e-03 | best_val=3.686062e-02
2026-09-02 14:43:21,838 | INFO | [MLP] ep=0330 loss_train=3.318531e-02 | loss_val=3.663539e-02 | lr=1.000000e-03 | best_val=3.576360e-02
2026-09-02 14:43:24,905 | INFO | [MLP] ep=0340 loss_train=3.184435e-02 | loss_val=3.511733e-02 | lr=1.000000e-03 | best_val=3.390312e-02
2026-09-02 14:43:27,799 | INFO | [MLP] ep=0350 loss_train=3.076181e-02 | loss_val=3.312257e-02 | lr=1.000000e-03 | best_val=3.312257e-02
2026-09-02 14:43:30,464 | INFO | [MLP] ep=0360 loss_train=2.916931e-02 | loss_val=3.169711e-02 | lr=1.000000e-03 | best_val=3.142986e-02
2026-09-02 14:43:33,501 | INFO | [MLP] ep=0370 loss_train=2.897122e-02 | loss_val=3.145415e-02 | lr=1.000000e-03 | best_val=3.036848e-02
2026-09-02 14:43:36,168 | INFO | [MLP] ep=0380 loss_train=2.768241e-02 | loss_val=2.992220e-02 | lr=1.000000e-03 | best_val=2.904080e-02
2026-09-02 14:43:38,923 | INFO | [MLP] ep=0390 loss_train=2.667371e-02 | loss_val=2.850972e-02 | lr=1.000000e-03 | best_val=2.831248e-02
2026-09-02 14:43:41,720 | INFO | [MLP] ep=0400 loss_train=2.563153e-02 | loss_val=2.716048e-02 | lr=1.000000e-03 | best_val=2.716048e-02
2026-09-02 14:43:44,998 | INFO | [MLP] ep=0410 loss_train=2.454701e-02 | loss_val=2.618110e-02 | lr=1.000000e-03 | best_val=2.607253e-02
2026-09-02 14:43:47,904 | INFO | [MLP] ep=0420 loss_train=2.384329e-02 | loss_val=2.567964e-02 | lr=1.000000e-03 | best_val=2.558665e-02
2026-09-02 14:43:50,847 | INFO | [MLP] ep=0430 loss_train=2.286471e-02 | loss_val=2.447827e-02 | lr=1.000000e-03 | best_val=2.447827e-02
2026-09-02 14:43:53,950 | INFO | [MLP] ep=0440 loss_train=2.216150e-02 | loss_val=2.381971e-02 | lr=1.000000e-03 | best_val=2.381971e-02
2026-09-02 14:43:56,688 | INFO | [MLP] ep=0450 loss_train=2.179716e-02 | loss_val=2.345690e-02 | lr=1.000000e-03 | best_val=2.323448e-02
2026-09-02 14:43:59,548 | INFO | [MLP] ep=0460 loss_train=2.147426e-02 | loss_val=2.373016e-02 | lr=1.000000e-03 | best_val=2.261328e-02
2026-09-02 14:44:02,493 | INFO | [MLP] ep=0470 loss_train=2.023843e-02 | loss_val=2.234388e-02 | lr=1.000000e-03 | best_val=2.192796e-02
2026-09-02 14:44:05,391 | INFO | [MLP] ep=0480 loss_train=1.980544e-02 | loss_val=2.235036e-02 | lr=1.000000e-03 | best_val=2.140058e-02
2026-09-02 14:44:08,373 | INFO | [MLP] ep=0490 loss_train=1.920759e-02 | loss_val=2.069633e-02 | lr=1.000000e-03 | best_val=2.069633e-02
2026-09-02 14:44:11,279 | INFO | [MLP] ep=0500 loss_train=1.927080e-02 | loss_val=2.060414e-02 | lr=1.000000e-03 | best_val=2.060414e-02
2026-09-02 14:44:14,415 | INFO | [MLP] ep=0510 loss_train=1.831607e-02 | loss_val=2.055997e-02 | lr=1.000000e-03 | best_val=2.020462e-02
2026-09-02 14:44:17,559 | INFO | [MLP] ep=0520 loss_train=1.804058e-02 | loss_val=1.977593e-02 | lr=1.000000e-03 | best_val=1.977593e-02
2026-09-02 14:44:20,491 | INFO | [MLP] ep=0530 loss_train=1.760698e-02 | loss_val=2.016353e-02 | lr=1.000000e-03 | best_val=1.971236e-02
2026-09-02 14:44:23,137 | INFO | [MLP] ep=0540 loss_train=1.741753e-02 | loss_val=1.984349e-02 | lr=1.000000e-03 | best_val=1.920910e-02
2026-09-02 14:44:26,123 | INFO | [MLP] ep=0550 loss_train=1.716444e-02 | loss_val=1.880000e-02 | lr=1.000000e-03 | best_val=1.880000e-02
2026-09-02 14:44:28,938 | INFO | [MLP] ep=0560 loss_train=1.696630e-02 | loss_val=1.971153e-02 | lr=1.000000e-03 | best_val=1.876300e-02
2026-09-02 14:44:31,906 | INFO | [MLP] ep=0570 loss_train=1.604083e-02 | loss_val=1.830580e-02 | lr=5.000000e-04 | best_val=1.793975e-02
2026-09-02 14:44:34,765 | INFO | [MLP] ep=0580 loss_train=1.579948e-02 | loss_val=1.853678e-02 | lr=5.000000e-04 | best_val=1.783479e-02
2026-09-02 14:44:38,030 | INFO | [MLP] ep=0590 loss_train=1.562454e-02 | loss_val=1.773692e-02 | lr=5.000000e-04 | best_val=1.773692e-02
2026-09-02 14:44:41,262 | INFO | [MLP] ep=0600 loss_train=1.555061e-02 | loss_val=1.788743e-02 | lr=5.000000e-04 | best_val=1.749234e-02
2026-09-02 14:44:43,972 | INFO | [MLP] ep=0610 loss_train=1.539086e-02 | loss_val=1.752078e-02 | lr=5.000000e-04 | best_val=1.744858e-02
2026-09-02 14:44:46,767 | INFO | [MLP] ep=0620 loss_train=1.510357e-02 | loss_val=1.736065e-02 | lr=2.500000e-04 | best_val=1.729286e-02
2026-09-02 14:44:49,525 | INFO | [MLP] ep=0630 loss_train=1.502559e-02 | loss_val=1.721800e-02 | lr=2.500000e-04 | best_val=1.718714e-02
2026-09-02 14:44:52,420 | INFO | [MLP] ep=0640 loss_train=1.491445e-02 | loss_val=1.714357e-02 | lr=2.500000e-04 | best_val=1.714131e-02
2026-09-02 14:44:55,539 | INFO | [MLP] ep=0650 loss_train=1.480305e-02 | loss_val=1.710269e-02 | lr=1.250000e-04 | best_val=1.702102e-02
2026-09-02 14:44:58,344 | INFO | [MLP] ep=0660 loss_train=1.472370e-02 | loss_val=1.692981e-02 | lr=1.250000e-04 | best_val=1.692981e-02
2026-09-02 14:45:01,371 | INFO | [MLP] ep=0670 loss_train=1.468882e-02 | loss_val=1.698886e-02 | lr=1.250000e-04 | best_val=1.691505e-02
2026-09-02 14:45:04,300 | INFO | [MLP] ep=0680 loss_train=1.464770e-02 | loss_val=1.692766e-02 | lr=6.250000e-05 | best_val=1.686155e-02
2026-09-02 14:45:07,083 | INFO | [MLP] ep=0690 loss_train=1.453677e-02 | loss_val=1.687298e-02 | lr=6.250000e-05 | best_val=1.680430e-02
2026-09-02 14:45:09,886 | INFO | [MLP] ep=0700 loss_train=1.457297e-02 | loss_val=1.683137e-02 | lr=3.125000e-05 | best_val=1.680430e-02
2026-09-02 14:45:12,727 | INFO | [MLP] ep=0710 loss_train=1.440062e-02 | loss_val=1.681492e-02 | lr=3.125000e-05 | best_val=1.679971e-02
2026-09-02 14:45:15,482 | INFO | [MLP] ep=0720 loss_train=1.446699e-02 | loss_val=1.678299e-02 | lr=1.562500e-05 | best_val=1.678237e-02
2026-09-02 14:45:18,137 | INFO | [MLP] ep=0730 loss_train=1.445165e-02 | loss_val=1.679330e-02 | lr=1.562500e-05 | best_val=1.676307e-02
2026-09-02 14:45:20,829 | INFO | [MLP] ep=0740 loss_train=1.442165e-02 | loss_val=1.678563e-02 | lr=7.812500e-06 | best_val=1.676307e-02
2026-09-02 14:45:22,242 | INFO | Early stopping (val não melhorou). Melhor loss_val: 1.676307e-02
2026-09-02 14:45:22,331 | INFO | Scalers da MLP salvos em:results/models/mlp/mlp_base_20260902_144142
2026-09-02 14:45:22,332 | INFO | Iniciando avaliacao final para base
2026-09-02 14:45:22,332 | INFO | Modelo: results/models/mlp/mlp_base_20260902_144142/mlp_base_d4_w64.pt
2026-09-02 14:45:22,332 | INFO | Dataset: data/data_processed/dataset_test_mlp_base_d4_w64.parquet
2026-09-02 14:45:32,647 | INFO | Avaliacao concluida. Metrics: results/metrics/mlp/mlp_base_20260902_144142/mlp_base_d4_w64_seed42_test.json
2026-09-02 14:45:32,647 | INFO | Predictions: results/metrics/mlp/mlp_base_20260902_144142/mlp_base_d4_w64_seed42_predictions_test.parquet
2026-09-02 14:45:32,647 | INFO | Plots: results/plots/mlp/mlp_base_20260902_144142/mlp_base_d4_w64_seed42_test
2026-09-02 14:45:32,647 | INFO | Iniciando avaliacao final para base
2026-09-02 14:45:32,647 | INFO | Modelo: results/models/mlp/mlp_base_20260902_144142/mlp_base_d4_w64.pt
2026-09-02 14:45:32,647 | INFO | Dataset: data/data_processed/dataset_bfs_2d_kepsilon_Re36000_full.parquet
2026-09-02 14:45:54,646 | INFO | Avaliacao concluida. Metrics: results/metrics/mlp/mlp_base_20260902_144142/mlp_base_d4_w64_seed42_full_domain.json
2026-09-02 14:45:54,646 | INFO | Predictions: results/metrics/mlp/mlp_base_20260902_144142/mlp_base_d4_w64_seed42_predictions_full_domain.parquet
2026-09-02 14:45:54,646 | INFO | Plots: results/plots/mlp/mlp_base_20260902_144142/mlp_base_d4_w64_seed42_full_domain
2026-09-02 14:45:54,646 | INFO | Iniciando avaliação física da MLP no domínio completo.
2026-09-02 14:46:04,604 | INFO | ================================================================================
2026-09-02 14:46:04,604 | INFO | Experimento finalizado
2026-09-02 14:46:04,604 | INFO | Wall time: 262.09 s
2026-09-02 14:46:04,604 | INFO | CPU time: 101.88 s
2026-09-02 14:46:04,604 | INFO | Metadados salvos em: logs/mlp/mlp_base_20260902_144142/mlp_base_k_epsilon_20260902_144142.json
2026-09-02 14:46:04,604 | INFO | ================================================================================

========================================================
      RESULTADOS DO MODELO (BASE)
========================================================

===== Métricas de Acurácia =====
MAE vetorial (u,v) (coarse -> fine):      6.029567
MAE pressão (p) (coarse -> fine):         286.302856
MAE vetorial (u,v) (corrigido -> fine):   0.757470
MAE pressão (p) (corrigido -> fine):      17.685570
MAE vetorial (ΔU_pred -> ΔU_true):        0.757470
MAE pressão (Δp_pred -> Δp_true):         17.685570
RMSE (u,v) (coarse -> fine):              9.765406
RMSE (u,v) (corrigido -> fine):           1.363431
RMSE (p)   (coarse -> fine):              349.443085
RMSE (p)   (corrigido -> fine):           27.603821
RER (u,v):                                0.8744
RER (p):                                  0.9382
Melhora (u,v) (MAE):                      87.44%
Melhora (p) (MAE):                        93.82%

=====  Comparativo com CFD Fine (base) =====
L2 relativo (u,v) - Coarse:               2.171398e-01
L2 relativo (u,v) - Corrigido:            3.031673e-02
L2 relativo (p) - Coarse:                 8.703855e-01
L2 relativo (p) - Corrigido:              6.875502e-02
Salvo: results/metrics/mlp/mlp_base_20260902_144142/mlp_base_d4_w64_seed42_test.json

Predições salvas em: results/metrics/mlp/mlp_base_20260902_144142/mlp_base_d4_w64_seed42_predictions_test.parquet


========================================================
      RESULTADOS DO MODELO (BASE)
========================================================

===== Métricas de Acurácia =====
MAE vetorial (u,v) (coarse -> fine):      5.981949
MAE pressão (p) (coarse -> fine):         284.203308
MAE vetorial (u,v) (corrigido -> fine):   0.737569
MAE pressão (p) (corrigido -> fine):      17.440964
MAE vetorial (ΔU_pred -> ΔU_true):        0.737569
MAE pressão (Δp_pred -> Δp_true):         17.440964
RMSE (u,v) (coarse -> fine):              9.661861
RMSE (u,v) (corrigido -> fine):           1.308177
RMSE (p)   (coarse -> fine):              345.197235
RMSE (p)   (corrigido -> fine):           27.231777
RER (u,v):                                0.8767
RER (p):                                  0.9386
Melhora (u,v) (MAE):                      87.67%
Melhora (p) (MAE):                        93.86%

=====  Comparativo com CFD Fine (base) =====
L2 relativo (u,v) - Coarse:               2.145569e-01
L2 relativo (u,v) - Corrigido:            2.905014e-02
L2 relativo (p) - Coarse:                 8.674141e-01
L2 relativo (p) - Corrigido:              6.842820e-02
Salvo: results/metrics/mlp/mlp_base_20260902_144142/mlp_base_d4_w64_seed42_full_domain.json

Predições salvas em: results/metrics/mlp/mlp_base_20260902_144142/mlp_base_d4_w64_seed42_predictions_full_domain.parquet


================================================================
MÉTRICAS FÍSICAS DE DIVERGÊNCIA (base)
================================================================

CFD coarse
  MAE(div U):                 1.551502e-01
  RMSE(div U):                3.377179e+00
  L2(div U):                  1.071098e+03
  Linf(div U):                2.415380e+02
  Média assinada(div U):      -5.707184e-02
  Desvio-padrão(div U):       3.376696e+00
  Pontos válidos:             100589 (100.00%)

CFD fine
  MAE(div U):                 4.239915e-01
  RMSE(div U):                5.366322e+00
  L2(div U):                  1.701970e+03
  Linf(div U):                8.642390e+02
  Média assinada(div U):      -3.276348e-02
  Desvio-padrão(div U):       5.366222e+00
  Pontos válidos:             100589 (100.00%)

Campo corrigido
  MAE(div U):                 1.250200e+02
  RMSE(div U):                4.487660e+02
  L2(div U):                  1.423296e+05
  Linf(div U):                1.471897e+04
  Média assinada(div U):      8.739236e+00
  Desvio-padrão(div U):       4.486809e+02
  Pontos válidos:             100589 (100.00%)

Corrigido versus CFD fine
  MAE do erro de divergência: 1.250510e+02
  RMSE do erro de divergência:4.487959e+02
  L2 do erro de divergência:  1.423391e+05
  Linf do erro de divergência:1.471910e+04

Indicadores relativos
  Redução RMSE vs. coarse:    -13188.19%
  Redução MAE vs. coarse:     -80480.00%
  Redução RMSE vs. fine:      -8262.64%
================================================================
