2026-09-08 15:41:34,084 | INFO | Dispositivo do experimento: cuda
2026-09-08 15:41:34,084 | INFO | ================================================================================
2026-09-08 15:41:34,084 | INFO | Iniciando experimento: pinn_cont_base
2026-09-08 15:41:34,084 | INFO | Run ID: pinn_cont_base_k_epsilon_20260908_154133
2026-09-08 15:41:34,084 | INFO | Hardware: {'platform': 'Linux-7.0.0-31-generic-x86_64-with-glibc2.35', 'processor': 'x86_64', 'python_version': '3.11.14', 'cpu_count_logical': 12, 'cpu_count_physical': 6, 'ram_total_gb': 31.23, 'torch_version': '2.9.1+cu128', 'cuda_available': True, 'cuda_version': '12.8', 'gpu_name': 'NVIDIA GeForce RTX 3060', 'gpu_count': 1, 'gpu_memory_gb': 11.63}
2026-09-08 15:41:34,085 | INFO | Config: {'experiment': {'name': 'cont_base', 'type': 'k_epsilon', 'seed': 42}, 'paths': {'root': '.', 'data_process_dir': 'data/data_processed', 'data_cfd_dir': 'data/data_cfd', 'results_dir': 'results', 'models_dir': 'results/models', 'metrics_dir': 'results/metrics', 'plots_dir': 'results/plots', 'logs_dir': 'logs'}, 'dataset': {'parquet': 'dataset_bfs_2d_kepsilon_Re20000_28000_36000_full.parquet', 'test_output': 'dataset_test_pinn'}, 'features': ['x', 'y', 'Ux', 'Uy', 'p', 'Re_norm'], 'targets': ['dUx', 'dUy', 'dp'], 'model': {'type': 'pinn', 'width': 64, 'depth': 4, 'activation': 'tanh'}, 'training': {'batch_size': 4096, 'epochs': 2000, 'lr': '1e-3', 'weight_decay': '1e-6'}, 'early_stopping': {'patience': 20}, 'scheduler': {'factor': 0.5, 'patience': 10}, 'split': {'strategy': 'spatial_x_quantile', 'column': 'x', 'bins': 8, 'val_frac': 0.1, 'test_frac': 0.2, 'version': 'v2'}, 'pinn': {'physics_mode': 'continuity', 'nut_transform': 'exp', 'epochs_pre': 2000, 'epochs_phys': 2000, 'w_data': 1.0, 'w_cont': 7.5e-05, 'w_mom': '1e-5'}}
2026-09-08 15:41:34,085 | INFO | ================================================================================
2026-09-08 15:41:34,557 | INFO | Dataset salvo: dataset_test_pinn_cont_base_d4_w64.parquet
2026-09-08 15:41:34,557 | INFO | Split salvo em: data/data_processed/splits/dataset_bfs_2d_kepsilon_Re20000_28000_36000_full_spatial_x_quantile_x/b8_v2_seed42.json
2026-09-08 15:41:34,679 | INFO | Model device: cuda:0
2026-09-08 15:41:36,838 | INFO | [PINN[PRE]] ep=0001 loss_train=7.500924e-01 | loss_val=6.799482e-01 | lr=1.000000e-03 | best_val=6.799482e-01
2026-09-08 15:41:44,398 | INFO | [PINN[PRE]] ep=0010 loss_train=3.902187e-01 | loss_val=3.927055e-01 | lr=1.000000e-03 | best_val=3.927055e-01
2026-09-08 15:41:52,768 | INFO | [PINN[PRE]] ep=0020 loss_train=2.627334e-01 | loss_val=2.618405e-01 | lr=1.000000e-03 | best_val=2.618405e-01
2026-09-08 15:42:01,277 | INFO | [PINN[PRE]] ep=0030 loss_train=1.748707e-01 | loss_val=1.758630e-01 | lr=1.000000e-03 | best_val=1.758630e-01
2026-09-08 15:42:09,602 | INFO | [PINN[PRE]] ep=0040 loss_train=1.349214e-01 | loss_val=1.384837e-01 | lr=1.000000e-03 | best_val=1.384837e-01
2026-09-08 15:42:18,111 | INFO | [PINN[PRE]] ep=0050 loss_train=1.124114e-01 | loss_val=1.142147e-01 | lr=1.000000e-03 | best_val=1.142147e-01
2026-09-08 15:42:26,898 | INFO | [PINN[PRE]] ep=0060 loss_train=9.892375e-02 | loss_val=9.767518e-02 | lr=1.000000e-03 | best_val=9.767518e-02
2026-09-08 15:42:35,232 | INFO | [PINN[PRE]] ep=0070 loss_train=8.768505e-02 | loss_val=8.809199e-02 | lr=1.000000e-03 | best_val=8.809199e-02
2026-09-08 15:42:44,018 | INFO | [PINN[PRE]] ep=0080 loss_train=7.915139e-02 | loss_val=8.095127e-02 | lr=1.000000e-03 | best_val=8.095127e-02
2026-09-08 15:42:52,321 | INFO | [PINN[PRE]] ep=0090 loss_train=7.258887e-02 | loss_val=7.389130e-02 | lr=1.000000e-03 | best_val=7.324805e-02
2026-09-08 15:43:00,849 | INFO | [PINN[PRE]] ep=0100 loss_train=6.599707e-02 | loss_val=6.941334e-02 | lr=1.000000e-03 | best_val=6.854524e-02
2026-09-08 15:43:09,691 | INFO | [PINN[PRE]] ep=0110 loss_train=6.144219e-02 | loss_val=6.247867e-02 | lr=1.000000e-03 | best_val=6.247867e-02
2026-09-08 15:43:18,482 | INFO | [PINN[PRE]] ep=0120 loss_train=5.718587e-02 | loss_val=5.915157e-02 | lr=1.000000e-03 | best_val=5.837224e-02
2026-09-08 15:43:27,297 | INFO | [PINN[PRE]] ep=0130 loss_train=5.354670e-02 | loss_val=5.476672e-02 | lr=1.000000e-03 | best_val=5.476672e-02
2026-09-08 15:43:36,197 | INFO | [PINN[PRE]] ep=0140 loss_train=5.085445e-02 | loss_val=5.274748e-02 | lr=1.000000e-03 | best_val=5.210645e-02
2026-09-08 15:43:45,090 | INFO | [PINN[PRE]] ep=0150 loss_train=4.839950e-02 | loss_val=5.030785e-02 | lr=1.000000e-03 | best_val=4.972980e-02
2026-09-08 15:43:53,507 | INFO | [PINN[PRE]] ep=0160 loss_train=4.523161e-02 | loss_val=4.748292e-02 | lr=1.000000e-03 | best_val=4.729298e-02
2026-09-08 15:44:02,453 | INFO | [PINN[PRE]] ep=0170 loss_train=4.369039e-02 | loss_val=4.518386e-02 | lr=1.000000e-03 | best_val=4.518386e-02
2026-09-08 15:44:10,986 | INFO | [PINN[PRE]] ep=0180 loss_train=4.160745e-02 | loss_val=4.330460e-02 | lr=1.000000e-03 | best_val=4.330460e-02
2026-09-08 15:44:19,570 | INFO | [PINN[PRE]] ep=0190 loss_train=4.041876e-02 | loss_val=4.189082e-02 | lr=1.000000e-03 | best_val=4.189082e-02
2026-09-08 15:44:28,557 | INFO | [PINN[PRE]] ep=0200 loss_train=3.853641e-02 | loss_val=3.951759e-02 | lr=1.000000e-03 | best_val=3.951759e-02
2026-09-08 15:44:37,339 | INFO | [PINN[PRE]] ep=0210 loss_train=3.697164e-02 | loss_val=3.824635e-02 | lr=1.000000e-03 | best_val=3.824635e-02
2026-09-08 15:44:46,090 | INFO | [PINN[PRE]] ep=0220 loss_train=3.635948e-02 | loss_val=3.788890e-02 | lr=1.000000e-03 | best_val=3.729853e-02
2026-09-08 15:44:54,710 | INFO | [PINN[PRE]] ep=0230 loss_train=3.491231e-02 | loss_val=3.617365e-02 | lr=1.000000e-03 | best_val=3.608849e-02
2026-09-08 15:45:03,227 | INFO | [PINN[PRE]] ep=0240 loss_train=3.354933e-02 | loss_val=3.630988e-02 | lr=1.000000e-03 | best_val=3.501684e-02
2026-09-08 15:45:11,986 | INFO | [PINN[PRE]] ep=0250 loss_train=3.240036e-02 | loss_val=3.389191e-02 | lr=1.000000e-03 | best_val=3.355216e-02
2026-09-08 15:45:20,722 | INFO | [PINN[PRE]] ep=0260 loss_train=3.178442e-02 | loss_val=3.318906e-02 | lr=1.000000e-03 | best_val=3.275518e-02
2026-09-08 15:45:29,361 | INFO | [PINN[PRE]] ep=0270 loss_train=3.099092e-02 | loss_val=3.154748e-02 | lr=1.000000e-03 | best_val=3.154748e-02
2026-09-08 15:45:38,105 | INFO | [PINN[PRE]] ep=0280 loss_train=2.947121e-02 | loss_val=3.078127e-02 | lr=1.000000e-03 | best_val=3.078127e-02
2026-09-08 15:45:46,935 | INFO | [PINN[PRE]] ep=0290 loss_train=2.865333e-02 | loss_val=3.022708e-02 | lr=1.000000e-03 | best_val=2.987755e-02
2026-09-08 15:45:55,434 | INFO | [PINN[PRE]] ep=0300 loss_train=2.762948e-02 | loss_val=2.878363e-02 | lr=1.000000e-03 | best_val=2.878363e-02
2026-09-08 15:46:04,325 | INFO | [PINN[PRE]] ep=0310 loss_train=2.741099e-02 | loss_val=2.917490e-02 | lr=1.000000e-03 | best_val=2.869934e-02
2026-09-08 15:46:13,112 | INFO | [PINN[PRE]] ep=0320 loss_train=2.665345e-02 | loss_val=2.903536e-02 | lr=1.000000e-03 | best_val=2.765736e-02
2026-09-08 15:46:21,775 | INFO | [PINN[PRE]] ep=0330 loss_train=2.584585e-02 | loss_val=2.747624e-02 | lr=1.000000e-03 | best_val=2.678158e-02
2026-09-08 15:46:30,714 | INFO | [PINN[PRE]] ep=0340 loss_train=2.505487e-02 | loss_val=2.588820e-02 | lr=1.000000e-03 | best_val=2.588820e-02
2026-09-08 15:46:39,690 | INFO | [PINN[PRE]] ep=0350 loss_train=2.411061e-02 | loss_val=2.573497e-02 | lr=1.000000e-03 | best_val=2.521126e-02
2026-09-08 15:46:48,516 | INFO | [PINN[PRE]] ep=0360 loss_train=2.348498e-02 | loss_val=2.564006e-02 | lr=1.000000e-03 | best_val=2.480767e-02
2026-09-08 15:46:58,006 | INFO | [PINN[PRE]] ep=0370 loss_train=2.301261e-02 | loss_val=2.404105e-02 | lr=1.000000e-03 | best_val=2.404105e-02
2026-09-08 15:47:07,206 | INFO | [PINN[PRE]] ep=0380 loss_train=2.262594e-02 | loss_val=2.366547e-02 | lr=1.000000e-03 | best_val=2.364197e-02
2026-09-08 15:47:16,268 | INFO | [PINN[PRE]] ep=0390 loss_train=2.243267e-02 | loss_val=2.326090e-02 | lr=1.000000e-03 | best_val=2.322389e-02
2026-09-08 15:47:25,426 | INFO | [PINN[PRE]] ep=0400 loss_train=2.175539e-02 | loss_val=2.274728e-02 | lr=1.000000e-03 | best_val=2.274728e-02
2026-09-08 15:47:34,706 | INFO | [PINN[PRE]] ep=0410 loss_train=2.101912e-02 | loss_val=2.299966e-02 | lr=1.000000e-03 | best_val=2.209364e-02
2026-09-08 15:47:44,283 | INFO | [PINN[PRE]] ep=0420 loss_train=2.070709e-02 | loss_val=2.172226e-02 | lr=1.000000e-03 | best_val=2.172226e-02
2026-09-08 15:47:53,374 | INFO | [PINN[PRE]] ep=0430 loss_train=2.071355e-02 | loss_val=2.185716e-02 | lr=1.000000e-03 | best_val=2.139374e-02
2026-09-08 15:48:02,443 | INFO | [PINN[PRE]] ep=0440 loss_train=1.965041e-02 | loss_val=2.100320e-02 | lr=1.000000e-03 | best_val=2.089369e-02
2026-09-08 15:48:11,901 | INFO | [PINN[PRE]] ep=0450 loss_train=1.919167e-02 | loss_val=2.072512e-02 | lr=1.000000e-03 | best_val=2.072512e-02
2026-09-08 15:48:21,557 | INFO | [PINN[PRE]] ep=0460 loss_train=1.944787e-02 | loss_val=2.158376e-02 | lr=1.000000e-03 | best_val=2.032966e-02
2026-09-08 15:48:30,747 | INFO | [PINN[PRE]] ep=0470 loss_train=1.897329e-02 | loss_val=2.081705e-02 | lr=1.000000e-03 | best_val=1.993562e-02
2026-09-08 15:48:39,725 | INFO | [PINN[PRE]] ep=0480 loss_train=1.842725e-02 | loss_val=2.002109e-02 | lr=1.000000e-03 | best_val=1.991893e-02
2026-09-08 15:48:49,075 | INFO | [PINN[PRE]] ep=0490 loss_train=1.824345e-02 | loss_val=1.964271e-02 | lr=1.000000e-03 | best_val=1.918405e-02
2026-09-08 15:48:58,067 | INFO | [PINN[PRE]] ep=0500 loss_train=1.689988e-02 | loss_val=1.891574e-02 | lr=5.000000e-04 | best_val=1.825863e-02
2026-09-08 15:49:07,410 | INFO | [PINN[PRE]] ep=0510 loss_train=1.690452e-02 | loss_val=1.837714e-02 | lr=2.500000e-04 | best_val=1.825863e-02
2026-09-08 15:49:16,735 | INFO | [PINN[PRE]] ep=0520 loss_train=1.640223e-02 | loss_val=1.808681e-02 | lr=2.500000e-04 | best_val=1.784911e-02
2026-09-08 15:49:25,979 | INFO | [PINN[PRE]] ep=0530 loss_train=1.633892e-02 | loss_val=1.786017e-02 | lr=2.500000e-04 | best_val=1.776228e-02
2026-09-08 15:49:35,374 | INFO | [PINN[PRE]] ep=0540 loss_train=1.608241e-02 | loss_val=1.773983e-02 | lr=1.250000e-04 | best_val=1.757877e-02
2026-09-08 15:49:45,133 | INFO | [PINN[PRE]] ep=0550 loss_train=1.602055e-02 | loss_val=1.760130e-02 | lr=1.250000e-04 | best_val=1.751789e-02
2026-09-08 15:49:54,872 | INFO | [PINN[PRE]] ep=0560 loss_train=1.584238e-02 | loss_val=1.749654e-02 | lr=6.250000e-05 | best_val=1.743302e-02
2026-09-08 15:50:04,339 | INFO | [PINN[PRE]] ep=0570 loss_train=1.586839e-02 | loss_val=1.737380e-02 | lr=6.250000e-05 | best_val=1.737380e-02
2026-09-08 15:50:14,008 | INFO | [PINN[PRE]] ep=0580 loss_train=1.576964e-02 | loss_val=1.737120e-02 | lr=6.250000e-05 | best_val=1.734995e-02
2026-09-08 15:50:23,403 | INFO | [PINN[PRE]] ep=0590 loss_train=1.574628e-02 | loss_val=1.731430e-02 | lr=6.250000e-05 | best_val=1.729255e-02
2026-09-08 15:50:32,773 | INFO | [PINN[PRE]] ep=0600 loss_train=1.567615e-02 | loss_val=1.730803e-02 | lr=3.125000e-05 | best_val=1.727511e-02
2026-09-08 15:50:42,435 | INFO | [PINN[PRE]] ep=0610 loss_train=1.567762e-02 | loss_val=1.726616e-02 | lr=3.125000e-05 | best_val=1.724927e-02
2026-09-08 15:50:51,984 | INFO | [PINN[PRE]] ep=0620 loss_train=1.563761e-02 | loss_val=1.725789e-02 | lr=3.125000e-05 | best_val=1.721618e-02
2026-09-08 15:51:01,882 | INFO | [PINN[PRE]] ep=0630 loss_train=1.561035e-02 | loss_val=1.722208e-02 | lr=3.125000e-05 | best_val=1.718920e-02
2026-09-08 15:51:11,729 | INFO | [PINN[PRE]] ep=0640 loss_train=1.560511e-02 | loss_val=1.720921e-02 | lr=3.125000e-05 | best_val=1.717046e-02
2026-09-08 15:51:21,348 | INFO | [PINN[PRE]] ep=0650 loss_train=1.555256e-02 | loss_val=1.716483e-02 | lr=3.125000e-05 | best_val=1.715171e-02
2026-09-08 15:51:30,787 | INFO | [PINN[PRE]] ep=0660 loss_train=1.551902e-02 | loss_val=1.714070e-02 | lr=1.562500e-05 | best_val=1.714070e-02
2026-09-08 15:51:40,348 | INFO | [PINN[PRE]] ep=0670 loss_train=1.549900e-02 | loss_val=1.714410e-02 | lr=1.562500e-05 | best_val=1.712512e-02
2026-09-08 15:51:49,486 | INFO | [PINN[PRE]] ep=0680 loss_train=1.549735e-02 | loss_val=1.716912e-02 | lr=1.562500e-05 | best_val=1.710551e-02
2026-09-08 15:51:59,183 | INFO | [PINN[PRE]] ep=0690 loss_train=1.543949e-02 | loss_val=1.713215e-02 | lr=7.812500e-06 | best_val=1.710551e-02
2026-09-08 15:52:08,559 | INFO | [PINN[PRE]] ep=0700 loss_train=1.544900e-02 | loss_val=1.710812e-02 | lr=3.906250e-06 | best_val=1.710211e-02
2026-09-08 15:52:18,122 | INFO | [PINN[PRE]] ep=0710 loss_train=1.543865e-02 | loss_val=1.710154e-02 | lr=3.906250e-06 | best_val=1.709813e-02
2026-09-08 15:52:27,618 | INFO | [PINN[PRE]] ep=0720 loss_train=1.545840e-02 | loss_val=1.709740e-02 | lr=1.953125e-06 | best_val=1.709740e-02
2026-09-08 15:52:37,388 | INFO | [PINN[PRE]] ep=0730 loss_train=1.545444e-02 | loss_val=1.709629e-02 | lr=9.765625e-07 | best_val=1.709629e-02
2026-09-08 15:52:46,827 | INFO | [PINN[PRE]] ep=0740 loss_train=1.544381e-02 | loss_val=1.709761e-02 | lr=9.765625e-07 | best_val=1.709592e-02
2026-09-08 15:52:56,188 | INFO | [PINN[PRE]] ep=0750 loss_train=1.542940e-02 | loss_val=1.709847e-02 | lr=4.882813e-07 | best_val=1.709592e-02
2026-09-08 15:53:01,772 | INFO | Early stopping (val não melhorou). Melhor loss_val: 1.709592e-02
2026-09-08 15:53:02,098 | INFO | [PINN][REFERÊNCIA] ref_data=1.709592e-02 | ref_cont=1.938125e+05 | ref_mom=N/A
2026-09-08 15:53:03,101 | INFO | [PINN[CONTINUITY]] ep=0001 loss_total=4.456100e+00 | loss_data=2.971795e-01 | loss_cont=5.545227e+04 | val_score=1.456345e+01 | val_data=3.548231e-01 | val_cont=2.265211e+04 | lr=1.000000e-03 | best_val=1.456345e+01
2026-09-08 15:53:12,338 | INFO | [PINN[CONTINUITY]] ep=0010 loss_total=3.945092e-01 | loss_data=2.106221e-01 | loss_cont=2.451828e+03 | val_score=8.713222e+00 | val_data=2.127050e-01 | val_cont=2.531520e+03 | lr=1.000000e-03 | best_val=8.713222e+00
2026-09-08 15:53:22,335 | INFO | [PINN[CONTINUITY]] ep=0020 loss_total=2.501761e-01 | loss_data=1.659060e-01 | loss_cont=1.123601e+03 | val_score=6.911369e+00 | val_data=1.687465e-01 | val_cont=1.270620e+03 | lr=1.000000e-03 | best_val=6.911369e+00
2026-09-08 15:53:32,464 | INFO | [PINN[CONTINUITY]] ep=0030 loss_total=1.963296e-01 | loss_data=1.409532e-01 | loss_cont=7.383525e+02 | val_score=5.882433e+00 | val_data=1.436333e-01 | val_cont=8.407325e+02 | lr=1.000000e-03 | best_val=5.882433e+00
2026-09-08 15:53:42,748 | INFO | [PINN[CONTINUITY]] ep=0040 loss_total=1.631673e-01 | loss_data=1.231416e-01 | loss_cont=5.336764e+02 | val_score=5.124219e+00 | val_data=1.251244e-01 | val_cont=6.089487e+02 | lr=1.000000e-03 | best_val=5.124219e+00
2026-09-08 15:53:52,847 | INFO | [PINN[CONTINUITY]] ep=0050 loss_total=1.406842e-01 | loss_data=1.096279e-01 | loss_cont=4.140845e+02 | val_score=4.597563e+00 | val_data=1.122674e-01 | val_cont=4.664317e+02 | lr=1.000000e-03 | best_val=4.597563e+00
2026-09-08 15:54:03,046 | INFO | [PINN[CONTINUITY]] ep=0060 loss_total=1.277401e-01 | loss_data=9.908358e-02 | loss_cont=3.820864e+02 | val_score=4.129478e+00 | val_data=1.008370e-01 | val_cont=4.278264e+02 | lr=1.000000e-03 | best_val=4.129478e+00
2026-09-08 15:54:13,279 | INFO | [PINN[CONTINUITY]] ep=0070 loss_total=1.130557e-01 | loss_data=8.964344e-02 | loss_cont=3.121637e+02 | val_score=3.749507e+00 | val_data=9.155963e-02 | val_cont=3.598499e+02 | lr=1.000000e-03 | best_val=3.749507e+00
2026-09-08 15:54:23,607 | INFO | [PINN[CONTINUITY]] ep=0080 loss_total=1.046304e-01 | loss_data=8.210567e-02 | loss_cont=3.003291e+02 | val_score=3.473381e+00 | val_data=8.481718e-02 | val_cont=3.252190e+02 | lr=1.000000e-03 | best_val=3.473381e+00
2026-09-08 15:54:33,790 | INFO | [PINN[CONTINUITY]] ep=0090 loss_total=9.790612e-02 | loss_data=7.869594e-02 | loss_cont=2.561357e+02 | val_score=3.299745e+00 | val_data=8.057717e-02 | val_cont=3.076386e+02 | lr=1.000000e-03 | best_val=3.299745e+00
2026-09-08 15:54:43,861 | INFO | [PINN[CONTINUITY]] ep=0100 loss_total=8.604206e-02 | loss_data=7.044360e-02 | loss_cont=2.079794e+02 | val_score=2.944438e+00 | val_data=7.190178e-02 | val_cont=2.498163e+02 | lr=1.000000e-03 | best_val=2.944438e+00
2026-09-08 15:54:53,942 | INFO | [PINN[CONTINUITY]] ep=0110 loss_total=7.856067e-02 | loss_data=6.500507e-02 | loss_cont=1.807413e+02 | val_score=2.705760e+00 | val_data=6.607418e-02 | val_cont=2.086833e+02 | lr=1.000000e-03 | best_val=2.705760e+00
2026-09-08 15:55:04,032 | INFO | [PINN[CONTINUITY]] ep=0120 loss_total=8.152729e-02 | loss_data=6.246744e-02 | loss_cont=2.541313e+02 | val_score=2.595487e+00 | val_data=6.337894e-02 | val_cont=2.630471e+02 | lr=1.000000e-03 | best_val=2.576178e+00
2026-09-08 15:55:14,383 | INFO | [PINN[CONTINUITY]] ep=0130 loss_total=7.045765e-02 | loss_data=5.752416e-02 | loss_cont=1.724465e+02 | val_score=2.370982e+00 | val_data=5.789863e-02 | val_cont=1.917206e+02 | lr=1.000000e-03 | best_val=2.370982e+00
2026-09-08 15:55:24,489 | INFO | [PINN[CONTINUITY]] ep=0140 loss_total=6.551120e-02 | loss_data=5.440782e-02 | loss_cont=1.480451e+02 | val_score=2.289994e+00 | val_data=5.592063e-02 | val_cont=1.928850e+02 | lr=1.000000e-03 | best_val=2.268148e+00
2026-09-08 15:55:34,640 | INFO | [PINN[CONTINUITY]] ep=0150 loss_total=6.090626e-02 | loss_data=5.131715e-02 | loss_cont=1.278549e+02 | val_score=2.122448e+00 | val_data=5.183004e-02 | val_cont=1.573672e+02 | lr=1.000000e-03 | best_val=2.122448e+00
2026-09-08 15:55:44,756 | INFO | [PINN[CONTINUITY]] ep=0160 loss_total=5.908884e-02 | loss_data=4.929425e-02 | loss_cont=1.305946e+02 | val_score=2.049981e+00 | val_data=5.005895e-02 | val_cont=1.906804e+02 | lr=1.000000e-03 | best_val=2.036812e+00
2026-09-08 15:55:54,961 | INFO | [PINN[CONTINUITY]] ep=0170 loss_total=5.574512e-02 | loss_data=4.694765e-02 | loss_cont=1.172996e+02 | val_score=1.934227e+00 | val_data=4.723399e-02 | val_cont=1.356574e+02 | lr=1.000000e-03 | best_val=1.934227e+00
2026-09-08 15:56:05,274 | INFO | [PINN[CONTINUITY]] ep=0180 loss_total=5.337773e-02 | loss_data=4.507431e-02 | loss_cont=1.107123e+02 | val_score=1.854444e+00 | val_data=4.528608e-02 | val_cont=1.197276e+02 | lr=1.000000e-03 | best_val=1.853416e+00
2026-09-08 15:56:15,479 | INFO | [PINN[CONTINUITY]] ep=0190 loss_total=5.252447e-02 | loss_data=4.354591e-02 | loss_cont=1.197142e+02 | val_score=1.836699e+00 | val_data=4.485138e-02 | val_cont=1.542321e+02 | lr=1.000000e-03 | best_val=1.795053e+00
2026-09-08 15:56:25,617 | INFO | [PINN[CONTINUITY]] ep=0200 loss_total=4.902748e-02 | loss_data=4.163407e-02 | loss_cont=9.857887e+01 | val_score=1.713692e+00 | val_data=4.184835e-02 | val_cont=1.243314e+02 | lr=1.000000e-03 | best_val=1.713692e+00
2026-09-08 15:56:35,624 | INFO | [PINN[CONTINUITY]] ep=0210 loss_total=4.733986e-02 | loss_data=4.010038e-02 | loss_cont=9.652633e+01 | val_score=1.683080e+00 | val_data=4.110091e-02 | val_cont=1.194647e+02 | lr=1.000000e-03 | best_val=1.683080e+00
2026-09-08 15:56:45,881 | INFO | [PINN[CONTINUITY]] ep=0220 loss_total=4.604488e-02 | loss_data=3.886456e-02 | loss_cont=9.573763e+01 | val_score=1.616516e+00 | val_data=3.947587e-02 | val_cont=1.026472e+02 | lr=1.000000e-03 | best_val=1.616516e+00
2026-09-08 15:56:55,910 | INFO | [PINN[CONTINUITY]] ep=0230 loss_total=4.449940e-02 | loss_data=3.775212e-02 | loss_cont=8.996368e+01 | val_score=1.581824e+00 | val_data=3.862848e-02 | val_cont=1.058467e+02 | lr=1.000000e-03 | best_val=1.574547e+00
2026-09-08 15:57:06,084 | INFO | [PINN[CONTINUITY]] ep=0240 loss_total=4.325863e-02 | loss_data=3.657746e-02 | loss_cont=8.908228e+01 | val_score=1.541216e+00 | val_data=3.763646e-02 | val_cont=1.126400e+02 | lr=1.000000e-03 | best_val=1.535084e+00
2026-09-08 15:57:16,355 | INFO | [PINN[CONTINUITY]] ep=0250 loss_total=4.158293e-02 | loss_data=3.557812e-02 | loss_cont=8.006420e+01 | val_score=1.481582e+00 | val_data=3.618085e-02 | val_cont=9.111091e+01 | lr=1.000000e-03 | best_val=1.478329e+00
2026-09-08 15:57:26,851 | INFO | [PINN[CONTINUITY]] ep=0260 loss_total=4.108487e-02 | loss_data=3.470200e-02 | loss_cont=8.510481e+01 | val_score=1.443107e+00 | val_data=3.524112e-02 | val_cont=9.275028e+01 | lr=1.000000e-03 | best_val=1.443107e+00
2026-09-08 15:57:37,025 | INFO | [PINN[CONTINUITY]] ep=0270 loss_total=4.018844e-02 | loss_data=3.396211e-02 | loss_cont=8.301765e+01 | val_score=1.424100e+00 | val_data=3.477695e-02 | val_cont=9.168003e+01 | lr=1.000000e-03 | best_val=1.423045e+00
2026-09-08 15:57:47,107 | INFO | [PINN[CONTINUITY]] ep=0280 loss_total=3.952720e-02 | loss_data=3.308631e-02 | loss_cont=8.587856e+01 | val_score=1.377794e+00 | val_data=3.364627e-02 | val_cont=8.519974e+01 | lr=1.000000e-03 | best_val=1.377794e+00
2026-09-08 15:57:57,330 | INFO | [PINN[CONTINUITY]] ep=0290 loss_total=3.732954e-02 | loss_data=3.211631e-02 | loss_cont=6.950976e+01 | val_score=1.349409e+00 | val_data=3.295322e-02 | val_cont=8.030435e+01 | lr=1.000000e-03 | best_val=1.349409e+00
2026-09-08 15:58:07,280 | INFO | [PINN[CONTINUITY]] ep=0300 loss_total=3.744621e-02 | loss_data=3.159846e-02 | loss_cont=7.796992e+01 | val_score=1.354433e+00 | val_data=3.307580e-02 | val_cont=8.343391e+01 | lr=1.000000e-03 | best_val=1.341455e+00
2026-09-08 15:58:17,552 | INFO | [PINN[CONTINUITY]] ep=0310 loss_total=3.730870e-02 | loss_data=3.106079e-02 | loss_cont=8.330541e+01 | val_score=1.345290e+00 | val_data=3.285194e-02 | val_cont=9.886478e+01 | lr=1.000000e-03 | best_val=1.312880e+00
2026-09-08 15:58:27,636 | INFO | [PINN[CONTINUITY]] ep=0320 loss_total=3.620659e-02 | loss_data=3.047134e-02 | loss_cont=7.647004e+01 | val_score=1.278738e+00 | val_data=3.122728e-02 | val_cont=7.909388e+01 | lr=1.000000e-03 | best_val=1.278738e+00
2026-09-08 15:58:37,730 | INFO | [PINN[CONTINUITY]] ep=0330 loss_total=3.502418e-02 | loss_data=2.983440e-02 | loss_cont=6.919717e+01 | val_score=1.299397e+00 | val_data=3.173151e-02 | val_cont=8.781260e+01 | lr=1.000000e-03 | best_val=1.258174e+00
2026-09-08 15:58:47,864 | INFO | [PINN[CONTINUITY]] ep=0340 loss_total=3.413607e-02 | loss_data=2.919136e-02 | loss_cont=6.592945e+01 | val_score=1.245432e+00 | val_data=3.041382e-02 | val_cont=8.020548e+01 | lr=1.000000e-03 | best_val=1.240070e+00
2026-09-08 15:58:58,004 | INFO | [PINN[CONTINUITY]] ep=0350 loss_total=3.375562e-02 | loss_data=2.883332e-02 | loss_cont=6.563072e+01 | val_score=1.228645e+00 | val_data=3.000362e-02 | val_cont=8.634113e+01 | lr=1.000000e-03 | best_val=1.214218e+00
2026-09-08 15:59:08,208 | INFO | [PINN[CONTINUITY]] ep=0360 loss_total=3.255601e-02 | loss_data=2.808949e-02 | loss_cont=5.955367e+01 | val_score=1.209421e+00 | val_data=2.953454e-02 | val_cont=7.514927e+01 | lr=1.000000e-03 | best_val=1.206939e+00
2026-09-08 15:59:18,366 | INFO | [PINN[CONTINUITY]] ep=0370 loss_total=3.233075e-02 | loss_data=2.780440e-02 | loss_cont=6.035128e+01 | val_score=1.178886e+00 | val_data=2.878890e-02 | val_cont=7.195690e+01 | lr=1.000000e-03 | best_val=1.178886e+00
2026-09-08 15:59:28,584 | INFO | [PINN[CONTINUITY]] ep=0380 loss_total=3.203448e-02 | loss_data=2.747140e-02 | loss_cont=6.084101e+01 | val_score=1.166645e+00 | val_data=2.849018e-02 | val_cont=6.603563e+01 | lr=1.000000e-03 | best_val=1.166645e+00
2026-09-08 15:59:38,665 | INFO | [PINN[CONTINUITY]] ep=0390 loss_total=3.204808e-02 | loss_data=2.702797e-02 | loss_cont=6.693478e+01 | val_score=1.166540e+00 | val_data=2.848721e-02 | val_cont=7.649473e+01 | lr=1.000000e-03 | best_val=1.155905e+00
2026-09-08 15:59:49,005 | INFO | [PINN[CONTINUITY]] ep=0400 loss_total=3.092632e-02 | loss_data=2.649663e-02 | loss_cont=5.906254e+01 | val_score=1.154208e+00 | val_data=2.818636e-02 | val_cont=6.774974e+01 | lr=1.000000e-03 | best_val=1.137300e+00
2026-09-08 15:59:58,985 | INFO | [PINN[CONTINUITY]] ep=0410 loss_total=3.083298e-02 | loss_data=2.635413e-02 | loss_cont=5.971804e+01 | val_score=1.145307e+00 | val_data=2.796855e-02 | val_cont=7.900267e+01 | lr=1.000000e-03 | best_val=1.121884e+00
2026-09-08 16:00:09,086 | INFO | [PINN[CONTINUITY]] ep=0420 loss_total=3.073398e-02 | loss_data=2.602086e-02 | loss_cont=6.284164e+01 | val_score=1.124720e+00 | val_data=2.746583e-02 | val_cont=7.681575e+01 | lr=1.000000e-03 | best_val=1.103936e+00
2026-09-08 16:00:19,217 | INFO | [PINN[CONTINUITY]] ep=0430 loss_total=2.797582e-02 | loss_data=2.501629e-02 | loss_cont=3.946035e+01 | val_score=1.075032e+00 | val_data=2.625322e-02 | val_cont=5.313051e+01 | lr=5.000000e-04 | best_val=1.075032e+00
2026-09-08 16:00:29,524 | INFO | [PINN[CONTINUITY]] ep=0440 loss_total=2.776450e-02 | loss_data=2.473116e-02 | loss_cont=4.044451e+01 | val_score=1.069050e+00 | val_data=2.610710e-02 | val_cont=5.377954e+01 | lr=5.000000e-04 | best_val=1.069050e+00
2026-09-08 16:00:39,636 | INFO | [PINN[CONTINUITY]] ep=0450 loss_total=2.790657e-02 | loss_data=2.470067e-02 | loss_cont=4.274526e+01 | val_score=1.084080e+00 | val_data=2.647414e-02 | val_cont=5.446326e+01 | lr=5.000000e-04 | best_val=1.066678e+00
2026-09-08 16:00:49,724 | INFO | [PINN[CONTINUITY]] ep=0460 loss_total=2.759287e-02 | loss_data=2.445560e-02 | loss_cont=4.183018e+01 | val_score=1.061621e+00 | val_data=2.592570e-02 | val_cont=5.237305e+01 | lr=5.000000e-04 | best_val=1.056230e+00
2026-09-08 16:01:00,065 | INFO | [PINN[CONTINUITY]] ep=0470 loss_total=2.652570e-02 | loss_data=2.394154e-02 | loss_cont=3.445543e+01 | val_score=1.037253e+00 | val_data=2.533079e-02 | val_cont=4.717828e+01 | lr=2.500000e-04 | best_val=1.037253e+00
2026-09-08 16:01:10,202 | INFO | [PINN[CONTINUITY]] ep=0480 loss_total=2.638109e-02 | loss_data=2.378838e-02 | loss_cont=3.456946e+01 | val_score=1.036484e+00 | val_data=2.531199e-02 | val_cont=4.767697e+01 | lr=2.500000e-04 | best_val=1.033693e+00
2026-09-08 16:01:20,442 | INFO | [PINN[CONTINUITY]] ep=0490 loss_total=2.632778e-02 | loss_data=2.369389e-02 | loss_cont=3.511855e+01 | val_score=1.032067e+00 | val_data=2.520403e-02 | val_cont=4.972926e+01 | lr=2.500000e-04 | best_val=1.032067e+00
2026-09-08 16:01:30,714 | INFO | [PINN[CONTINUITY]] ep=0500 loss_total=2.618198e-02 | loss_data=2.355434e-02 | loss_cont=3.503528e+01 | val_score=1.029341e+00 | val_data=2.513750e-02 | val_cont=4.850519e+01 | lr=2.500000e-04 | best_val=1.029341e+00
2026-09-08 16:01:40,831 | INFO | [PINN[CONTINUITY]] ep=0510 loss_total=2.606299e-02 | loss_data=2.343405e-02 | loss_cont=3.505251e+01 | val_score=1.028299e+00 | val_data=2.511205e-02 | val_cont=4.841913e+01 | lr=2.500000e-04 | best_val=1.023828e+00
2026-09-08 16:01:50,950 | INFO | [PINN[CONTINUITY]] ep=0520 loss_total=2.604648e-02 | loss_data=2.336031e-02 | loss_cont=3.581555e+01 | val_score=1.020640e+00 | val_data=2.492486e-02 | val_cont=5.213935e+01 | lr=2.500000e-04 | best_val=1.016506e+00
2026-09-08 16:02:01,263 | INFO | [PINN[CONTINUITY]] ep=0530 loss_total=2.591607e-02 | loss_data=2.327249e-02 | loss_cont=3.524772e+01 | val_score=1.022372e+00 | val_data=2.496724e-02 | val_cont=4.960627e+01 | lr=2.500000e-04 | best_val=1.013924e+00
2026-09-08 16:02:11,279 | INFO | [PINN[CONTINUITY]] ep=0540 loss_total=2.580028e-02 | loss_data=2.314286e-02 | loss_cont=3.543219e+01 | val_score=1.010754e+00 | val_data=2.468356e-02 | val_cont=4.795287e+01 | lr=2.500000e-04 | best_val=1.010754e+00
2026-09-08 16:02:21,357 | INFO | [PINN[CONTINUITY]] ep=0550 loss_total=2.556520e-02 | loss_data=2.296014e-02 | loss_cont=3.473413e+01 | val_score=1.010330e+00 | val_data=2.467319e-02 | val_cont=4.850812e+01 | lr=2.500000e-04 | best_val=1.006398e+00
2026-09-08 16:02:31,577 | INFO | [PINN[CONTINUITY]] ep=0560 loss_total=2.560661e-02 | loss_data=2.289475e-02 | loss_cont=3.615810e+01 | val_score=1.002854e+00 | val_data=2.449056e-02 | val_cont=4.982992e+01 | lr=2.500000e-04 | best_val=1.000740e+00
2026-09-08 16:02:41,678 | INFO | [PINN[CONTINUITY]] ep=0570 loss_total=2.533464e-02 | loss_data=2.275694e-02 | loss_cont=3.436933e+01 | val_score=1.000280e+00 | val_data=2.442765e-02 | val_cont=5.086479e+01 | lr=2.500000e-04 | best_val=9.936505e-01
2026-09-08 16:02:52,076 | INFO | [PINN[CONTINUITY]] ep=0580 loss_total=2.524052e-02 | loss_data=2.266734e-02 | loss_cont=3.430911e+01 | val_score=9.927851e-01 | val_data=2.424470e-02 | val_cont=4.834069e+01 | lr=2.500000e-04 | best_val=9.906252e-01
2026-09-08 16:03:02,199 | INFO | [PINN[CONTINUITY]] ep=0590 loss_total=2.514647e-02 | loss_data=2.253976e-02 | loss_cont=3.475607e+01 | val_score=9.915948e-01 | val_data=2.421561e-02 | val_cont=4.887533e+01 | lr=2.500000e-04 | best_val=9.901508e-01
2026-09-08 16:03:12,318 | INFO | [PINN[CONTINUITY]] ep=0600 loss_total=2.506024e-02 | loss_data=2.248479e-02 | loss_cont=3.433930e+01 | val_score=9.883775e-01 | val_data=2.413706e-02 | val_cont=4.813697e+01 | lr=2.500000e-04 | best_val=9.838466e-01
2026-09-08 16:03:22,477 | INFO | [PINN[CONTINUITY]] ep=0610 loss_total=2.482268e-02 | loss_data=2.231065e-02 | loss_cont=3.349382e+01 | val_score=9.815182e-01 | val_data=2.396953e-02 | val_cont=4.847936e+01 | lr=2.500000e-04 | best_val=9.781701e-01
2026-09-08 16:03:32,789 | INFO | [PINN[CONTINUITY]] ep=0620 loss_total=2.478867e-02 | loss_data=2.226291e-02 | loss_cont=3.367671e+01 | val_score=9.820711e-01 | val_data=2.398296e-02 | val_cont=5.034898e+01 | lr=2.500000e-04 | best_val=9.739311e-01
2026-09-08 16:03:43,027 | INFO | [PINN[CONTINUITY]] ep=0630 loss_total=2.476821e-02 | loss_data=2.217660e-02 | loss_cont=3.455487e+01 | val_score=9.891491e-01 | val_data=2.415576e-02 | val_cont=5.207923e+01 | lr=2.500000e-04 | best_val=9.702428e-01
2026-09-08 16:03:53,145 | INFO | [PINN[CONTINUITY]] ep=0640 loss_total=2.461695e-02 | loss_data=2.207501e-02 | loss_cont=3.389259e+01 | val_score=9.816967e-01 | val_data=2.397383e-02 | val_cont=5.004105e+01 | lr=2.500000e-04 | best_val=9.664463e-01
2026-09-08 16:04:03,243 | INFO | [PINN[CONTINUITY]] ep=0650 loss_total=2.444970e-02 | loss_data=2.192737e-02 | loss_cont=3.363119e+01 | val_score=9.683229e-01 | val_data=2.364725e-02 | val_cont=4.876513e+01 | lr=2.500000e-04 | best_val=9.641265e-01
2026-09-08 16:04:13,375 | INFO | [PINN[CONTINUITY]] ep=0660 loss_total=2.440496e-02 | loss_data=2.188938e-02 | loss_cont=3.354099e+01 | val_score=9.624492e-01 | val_data=2.350384e-02 | val_cont=4.770971e+01 | lr=2.500000e-04 | best_val=9.614709e-01
2026-09-08 16:04:23,614 | INFO | [PINN[CONTINUITY]] ep=0670 loss_total=2.382584e-02 | loss_data=2.159991e-02 | loss_cont=2.967896e+01 | val_score=9.589671e-01 | val_data=2.341887e-02 | val_cont=4.586920e+01 | lr=1.250000e-04 | best_val=9.526681e-01
2026-09-08 16:04:33,881 | INFO | [PINN[CONTINUITY]] ep=0680 loss_total=2.371759e-02 | loss_data=2.152331e-02 | loss_cont=2.925710e+01 | val_score=9.525999e-01 | val_data=2.326337e-02 | val_cont=4.552939e+01 | lr=1.250000e-04 | best_val=9.509439e-01
2026-09-08 16:04:43,951 | INFO | [PINN[CONTINUITY]] ep=0690 loss_total=2.348585e-02 | loss_data=2.140497e-02 | loss_cont=2.774500e+01 | val_score=9.480862e-01 | val_data=2.315320e-02 | val_cont=4.389596e+01 | lr=6.250000e-05 | best_val=9.480862e-01
2026-09-08 16:04:54,206 | INFO | [PINN[CONTINUITY]] ep=0700 loss_total=2.355886e-02 | loss_data=2.146436e-02 | loss_cont=2.792670e+01 | val_score=9.489253e-01 | val_data=2.317368e-02 | val_cont=4.415636e+01 | lr=6.250000e-05 | best_val=9.470633e-01
2026-09-08 16:05:04,491 | INFO | [PINN[CONTINUITY]] ep=0710 loss_total=2.353914e-02 | loss_data=2.144233e-02 | loss_cont=2.795741e+01 | val_score=9.491022e-01 | val_data=2.317801e-02 | val_cont=4.405588e+01 | lr=6.250000e-05 | best_val=9.451311e-01
2026-09-08 16:05:14,648 | INFO | [PINN[CONTINUITY]] ep=0720 loss_total=2.350545e-02 | loss_data=2.139673e-02 | loss_cont=2.811627e+01 | val_score=9.493234e-01 | val_data=2.318339e-02 | val_cont=4.465673e+01 | lr=6.250000e-05 | best_val=9.442498e-01
2026-09-08 16:05:24,711 | INFO | [PINN[CONTINUITY]] ep=0730 loss_total=2.346226e-02 | loss_data=2.135134e-02 | loss_cont=2.814556e+01 | val_score=9.451557e-01 | val_data=2.308162e-02 | val_cont=4.422694e+01 | lr=6.250000e-05 | best_val=9.429322e-01
2026-09-08 16:05:34,771 | INFO | [PINN[CONTINUITY]] ep=0740 loss_total=2.340412e-02 | loss_data=2.129603e-02 | loss_cont=2.810786e+01 | val_score=9.435309e-01 | val_data=2.304193e-02 | val_cont=4.447433e+01 | lr=6.250000e-05 | best_val=9.423047e-01
2026-09-08 16:05:44,937 | INFO | [PINN[CONTINUITY]] ep=0750 loss_total=2.334394e-02 | loss_data=2.125751e-02 | loss_cont=2.781915e+01 | val_score=9.422609e-01 | val_data=2.301090e-02 | val_cont=4.468090e+01 | lr=6.250000e-05 | best_val=9.387158e-01
2026-09-08 16:05:55,219 | INFO | [PINN[CONTINUITY]] ep=0760 loss_total=2.326509e-02 | loss_data=2.122732e-02 | loss_cont=2.717029e+01 | val_score=9.391618e-01 | val_data=2.293525e-02 | val_cont=4.374395e+01 | lr=3.125000e-05 | best_val=9.387158e-01
2026-09-08 16:06:03,473 | INFO | Early stopping PINN. Melhor val_score: 9.387158e-01
2026-09-08 16:06:03,563 | INFO | Scalers da PINN salvos em:results/models/pinn/pinn_cont_base_20260908_154133
2026-09-08 16:06:03,563 | INFO | Iniciando avaliacao final para cont_base
2026-09-08 16:06:03,563 | INFO | Modelo: results/models/pinn/pinn_cont_base_20260908_154133/pinn_cont_base_d4_w64.pt
2026-09-08 16:06:03,563 | INFO | Dataset: data/data_processed/dataset_test_pinn_cont_base_d4_w64.parquet
2026-09-08 16:06:20,946 | INFO | Avaliacao concluida. Metrics: results/metrics/pinn/pinn_cont_base_20260908_154133/pinn_cont_base_d4_w64_seed42_test.json
2026-09-08 16:06:20,946 | INFO | Predictions: results/metrics/pinn/pinn_cont_base_20260908_154133/pinn_cont_base_d4_w64_seed42_predictions_test.parquet
2026-09-08 16:06:20,946 | INFO | Plots: results/plots/pinn/pinn_cont_base_20260908_154133/pinn_cont_base_d4_w64_seed42_test
2026-09-08 16:06:20,946 | INFO | Iniciando avaliacao final para cont_base
2026-09-08 16:06:20,946 | INFO | Modelo: results/models/pinn/pinn_cont_base_20260908_154133/pinn_cont_base_d4_w64.pt
2026-09-08 16:06:20,946 | INFO | Dataset: data/data_processed/dataset_bfs_2d_kepsilon_Re20000_28000_36000_full.parquet
2026-09-08 16:07:13,591 | INFO | Avaliacao concluida. Metrics: results/metrics/pinn/pinn_cont_base_20260908_154133/pinn_cont_base_d4_w64_seed42_full_domain.json
2026-09-08 16:07:13,591 | INFO | Predictions: results/metrics/pinn/pinn_cont_base_20260908_154133/pinn_cont_base_d4_w64_seed42_predictions_full_domain.parquet
2026-09-08 16:07:13,591 | INFO | Plots: results/plots/pinn/pinn_cont_base_20260908_154133/pinn_cont_base_d4_w64_seed42_full_domain
2026-09-08 16:07:13,591 | INFO | Iniciando avaliação física no domínio completo.
2026-09-08 16:07:38,988 | INFO | Avaliação física concluída. Metrics: results/metrics/pinn/pinn_cont_base_20260908_154133/pinn_cont_base_d4_w64_seed42_physics.json
2026-09-08 16:07:38,988 | INFO | ================================================================================
2026-09-08 16:07:38,988 | INFO | Experimento finalizado
2026-09-08 16:07:38,988 | INFO | Wall time: 1564.90 s
2026-09-08 16:07:38,988 | INFO | CPU time: 748.69 s
2026-09-08 16:07:38,988 | INFO | Metadados salvos em: logs/pinn/pinn_cont_base_20260908_154133/pinn_cont_base_k_epsilon_20260908_154133.json
2026-09-08 16:07:38,988 | INFO | ================================================================================

========================================================
      RESULTADOS DO MODELO (CONT_BASE)
========================================================

===== Métricas de Acurácia =====
MAE vetorial (u,v) (coarse -> fine):      5.805953
MAE pressão (p) (coarse -> fine):         285.335785
MAE vetorial (u,v) (corrigido -> fine):   0.861373
MAE pressão (p) (corrigido -> fine):      20.759661
MAE vetorial (ΔU_pred -> ΔU_true):        0.861373
MAE pressão (Δp_pred -> Δp_true):         20.759661
RMSE (u,v) (coarse -> fine):              9.583665
RMSE (u,v) (corrigido -> fine):           1.522299
RMSE (p)   (coarse -> fine):              353.714020
RMSE (p)   (corrigido -> fine):           34.993084
RER (u,v):                                0.8516
RER (p):                                  0.9272
Melhora (u,v) (MAE):                      85.16%
Melhora (p) (MAE):                        92.72%

=====  Comparativo com CFD Fine (cont_base) =====
L2 relativo (u,v) - Coarse:               2.128426e-01
L2 relativo (u,v) - Corrigido:            3.380858e-02
L2 relativo (p) - Coarse:                 8.480979e-01
L2 relativo (p) - Corrigido:              8.390269e-02
Salvo: results/metrics/pinn/pinn_cont_base_20260908_154133/pinn_cont_base_d4_w64_seed42_test.json

Predições salvas em: results/metrics/pinn/pinn_cont_base_20260908_154133/pinn_cont_base_d4_w64_seed42_predictions_test.parquet


========================================================
      RESULTADOS DO MODELO (CONT_BASE)
========================================================

===== Métricas de Acurácia =====
MAE vetorial (u,v) (coarse -> fine):      5.777151
MAE pressão (p) (coarse -> fine):         285.018036
MAE vetorial (u,v) (corrigido -> fine):   0.848761
MAE pressão (p) (corrigido -> fine):      20.461224
MAE vetorial (ΔU_pred -> ΔU_true):        0.848761
MAE pressão (Δp_pred -> Δp_true):         20.461224
RMSE (u,v) (coarse -> fine):              9.556145
RMSE (u,v) (corrigido -> fine):           1.477046
RMSE (p)   (coarse -> fine):              353.032379
RMSE (p)   (corrigido -> fine):           33.884216
RER (u,v):                                0.8531
RER (p):                                  0.9282
Melhora (u,v) (MAE):                      85.31%
Melhora (p) (MAE):                        92.82%

=====  Comparativo com CFD Fine (cont_base) =====
L2 relativo (u,v) - Coarse:               2.122603e-01
L2 relativo (u,v) - Corrigido:            3.280801e-02
L2 relativo (p) - Coarse:                 8.473981e-01
L2 relativo (p) - Corrigido:              8.133368e-02
Salvo: results/metrics/pinn/pinn_cont_base_20260908_154133/pinn_cont_base_d4_w64_seed42_full_domain.json

Predições salvas em: results/metrics/pinn/pinn_cont_base_20260908_154133/pinn_cont_base_d4_w64_seed42_predictions_full_domain.parquet


================================================================
MÉTRICAS FÍSICAS DE DIVERGÊNCIA (cont_base)
================================================================

CFD coarse
  MAE(div U):                 1.228885e-01
  RMSE(div U):                2.326814e+00
  L2(div U):                  1.278196e+03
  Linf(div U):                2.415380e+02
  Média assinada(div U):      -3.458192e-02
  Desvio-padrão(div U):       2.326557e+00
  Pontos válidos:             301767 (100.00%)

CFD fine
  MAE(div U):                 3.492691e-01
  RMSE(div U):                3.585658e+00
  L2(div U):                  1.969721e+03
  Linf(div U):                8.642390e+02
  Média assinada(div U):      -2.941500e-02
  Desvio-padrão(div U):       3.585537e+00
  Pontos válidos:             301767 (100.00%)

Campo corrigido
  MAE(div U):                 3.274739e+00
  RMSE(div U):                5.684326e+00
  L2(div U):                  3.122589e+03
  Linf(div U):                3.448541e+02
  Média assinada(div U):      1.438600e-01
  Desvio-padrão(div U):       5.682506e+00
  Pontos válidos:             301767 (100.00%)

Corrigido versus CFD fine
  MAE do erro de divergência: 3.394037e+00
  RMSE do erro de divergência:6.771339e+00
  L2 do erro de divergência:  3.719722e+03
  Linf do erro de divergência:8.743414e+02

Indicadores relativos
  Redução RMSE vs. coarse:    -144.30%
  Redução MAE vs. coarse:     -2564.81%
  Redução RMSE vs. fine:      -58.53%
================================================================
