2026-07-29 18:55:06,392 | INFO | Dispositivo do experimento: cuda
2026-07-29 18:55:06,393 | INFO | ================================================================================
2026-07-29 18:55:06,393 | INFO | Iniciando experimento: pinn_cont_base
2026-07-29 18:55:06,393 | INFO | Run ID: pinn_cont_base_k_epsilon_20260729_185506
2026-07-29 18:55:06,393 | INFO | Hardware: {'platform': 'Linux-6.8.0-136-generic-x86_64-with-glibc2.35', 'processor': 'x86_64', 'python_version': '3.11.14', 'cpu_count_logical': 12, 'cpu_count_physical': 6, 'ram_total_gb': 31.16, 'torch_version': '2.9.1+cu128', 'cuda_available': True, 'cuda_version': '12.8', 'gpu_name': 'NVIDIA GeForce RTX 3060', 'gpu_count': 1, 'gpu_memory_gb': 11.62}
2026-07-29 18:55:06,393 | INFO | Config: {'experiment': {'name': 'cont_base', 'type': 'k_epsilon', 'seed': 456}, 'paths': {'root': '.', 'data_process_dir': 'data/data_processed', 'data_cfd_dir': 'data/data_cfd', 'results_dir': 'results', 'models_dir': 'results/models', 'metrics_dir': 'results/metrics', 'plots_dir': 'results/plots', 'logs_dir': 'logs'}, 'dataset': {'parquet': 'dataset_bfs_2d_kepsilon_Re36000_full.parquet', 'test_output': 'dataset_test_pinn'}, 'features': ['x', 'y', 'Ux', 'Uy', 'p', 'Re_norm'], 'targets': ['dUx', 'dUy', 'dp'], 'model': {'type': 'pinn', 'width': 64, 'depth': 4, 'activation': 'tanh'}, 'training': {'batch_size': 4096, 'epochs': 1000, 'lr': '1e-3', 'weight_decay': '1e-6'}, 'early_stopping': {'patience': 20}, 'scheduler': {'factor': 0.5, 'patience': 10}, 'split': {'strategy': 'spatial_x_quantile', 'column': 'x', 'bins': 8, 'test_frac': 0.2, 'version': 'v1'}, 'pinn': {'physics_mode': 'continuity', 'nut_transform': 'exp', 'epochs_pre': 1000, 'epochs_phys': 1000, 'w_data': 1.0, 'w_cont': 7.5e-05, 'w_mom': '1e-5'}}
2026-07-29 18:55:06,393 | INFO | ================================================================================
2026-07-29 18:55:06,538 | INFO | Dataset salvo: dataset_test_pinn_cont_base_d4_w64.parquet
2026-07-29 18:55:06,539 | INFO | Split salvo em: data/data_processed/splits/dataset_bfs_2d_kepsilon_Re36000_full_spatial_x_quantile_x/b8_v1_seed456.json
2026-07-29 18:55:06,655 | INFO | Model device: cuda:0
2026-07-29 18:55:08,126 | INFO | [PINN[PRE]] ep=0001 loss_train=7.976637e-01 | loss_val=7.110594e-01 | lr=1.000000e-03 | best_val=7.110594e-01
2026-07-29 18:55:11,476 | INFO | [PINN[PRE]] ep=0010 loss_train=4.574833e-01 | loss_val=4.457770e-01 | lr=1.000000e-03 | best_val=4.457770e-01
2026-07-29 18:55:15,164 | INFO | [PINN[PRE]] ep=0020 loss_train=3.223410e-01 | loss_val=3.065343e-01 | lr=1.000000e-03 | best_val=3.065343e-01
2026-07-29 18:55:18,881 | INFO | [PINN[PRE]] ep=0030 loss_train=2.300762e-01 | loss_val=2.240664e-01 | lr=1.000000e-03 | best_val=2.240664e-01
2026-07-29 18:55:22,917 | INFO | [PINN[PRE]] ep=0040 loss_train=1.933136e-01 | loss_val=1.855025e-01 | lr=1.000000e-03 | best_val=1.855025e-01
2026-07-29 18:55:26,556 | INFO | [PINN[PRE]] ep=0050 loss_train=1.675448e-01 | loss_val=1.611014e-01 | lr=1.000000e-03 | best_val=1.611014e-01
2026-07-29 18:55:30,368 | INFO | [PINN[PRE]] ep=0060 loss_train=1.485831e-01 | loss_val=1.436877e-01 | lr=1.000000e-03 | best_val=1.436877e-01
2026-07-29 18:55:34,083 | INFO | [PINN[PRE]] ep=0070 loss_train=1.372377e-01 | loss_val=1.443013e-01 | lr=1.000000e-03 | best_val=1.286951e-01
2026-07-29 18:55:37,892 | INFO | [PINN[PRE]] ep=0080 loss_train=1.207413e-01 | loss_val=1.156320e-01 | lr=1.000000e-03 | best_val=1.156320e-01
2026-07-29 18:55:41,500 | INFO | [PINN[PRE]] ep=0090 loss_train=1.104709e-01 | loss_val=1.125658e-01 | lr=1.000000e-03 | best_val=1.063573e-01
2026-07-29 18:55:45,432 | INFO | [PINN[PRE]] ep=0100 loss_train=1.001482e-01 | loss_val=9.574845e-02 | lr=1.000000e-03 | best_val=9.574845e-02
2026-07-29 18:55:48,981 | INFO | [PINN[PRE]] ep=0110 loss_train=9.256106e-02 | loss_val=8.802383e-02 | lr=1.000000e-03 | best_val=8.750083e-02
2026-07-29 18:55:52,699 | INFO | [PINN[PRE]] ep=0120 loss_train=8.707370e-02 | loss_val=8.290792e-02 | lr=1.000000e-03 | best_val=8.132698e-02
2026-07-29 18:55:56,719 | INFO | [PINN[PRE]] ep=0130 loss_train=7.510811e-02 | loss_val=7.350382e-02 | lr=1.000000e-03 | best_val=7.303789e-02
2026-07-29 18:56:00,350 | INFO | [PINN[PRE]] ep=0140 loss_train=6.878908e-02 | loss_val=6.734983e-02 | lr=1.000000e-03 | best_val=6.734983e-02
2026-07-29 18:56:04,123 | INFO | [PINN[PRE]] ep=0150 loss_train=6.313685e-02 | loss_val=6.155651e-02 | lr=1.000000e-03 | best_val=6.155651e-02
2026-07-29 18:56:07,858 | INFO | [PINN[PRE]] ep=0160 loss_train=5.790752e-02 | loss_val=5.632725e-02 | lr=1.000000e-03 | best_val=5.632725e-02
2026-07-29 18:56:11,731 | INFO | [PINN[PRE]] ep=0170 loss_train=5.357532e-02 | loss_val=5.207489e-02 | lr=1.000000e-03 | best_val=5.207489e-02
2026-07-29 18:56:15,373 | INFO | [PINN[PRE]] ep=0180 loss_train=4.979171e-02 | loss_val=4.809414e-02 | lr=1.000000e-03 | best_val=4.809414e-02
2026-07-29 18:56:19,203 | INFO | [PINN[PRE]] ep=0190 loss_train=4.655739e-02 | loss_val=4.574020e-02 | lr=1.000000e-03 | best_val=4.516119e-02
2026-07-29 18:56:22,839 | INFO | [PINN[PRE]] ep=0200 loss_train=4.346641e-02 | loss_val=4.375759e-02 | lr=1.000000e-03 | best_val=4.240849e-02
2026-07-29 18:56:26,670 | INFO | [PINN[PRE]] ep=0210 loss_train=4.006905e-02 | loss_val=3.860782e-02 | lr=1.000000e-03 | best_val=3.860782e-02
2026-07-29 18:56:30,666 | INFO | [PINN[PRE]] ep=0220 loss_train=3.814366e-02 | loss_val=3.702688e-02 | lr=1.000000e-03 | best_val=3.702688e-02
2026-07-29 18:56:34,290 | INFO | [PINN[PRE]] ep=0230 loss_train=3.554035e-02 | loss_val=3.409202e-02 | lr=1.000000e-03 | best_val=3.409202e-02
2026-07-29 18:56:38,011 | INFO | [PINN[PRE]] ep=0240 loss_train=3.358207e-02 | loss_val=3.291434e-02 | lr=1.000000e-03 | best_val=3.270142e-02
2026-07-29 18:56:41,839 | INFO | [PINN[PRE]] ep=0250 loss_train=3.140138e-02 | loss_val=3.134153e-02 | lr=1.000000e-03 | best_val=3.045265e-02
2026-07-29 18:56:45,670 | INFO | [PINN[PRE]] ep=0260 loss_train=3.035672e-02 | loss_val=2.942429e-02 | lr=1.000000e-03 | best_val=2.900633e-02
2026-07-29 18:56:49,279 | INFO | [PINN[PRE]] ep=0270 loss_train=2.845174e-02 | loss_val=2.739590e-02 | lr=1.000000e-03 | best_val=2.729475e-02
2026-07-29 18:56:53,028 | INFO | [PINN[PRE]] ep=0280 loss_train=2.656010e-02 | loss_val=2.667638e-02 | lr=1.000000e-03 | best_val=2.630368e-02
2026-07-29 18:56:56,656 | INFO | [PINN[PRE]] ep=0290 loss_train=2.546557e-02 | loss_val=2.475057e-02 | lr=1.000000e-03 | best_val=2.475057e-02
2026-07-29 18:57:00,389 | INFO | [PINN[PRE]] ep=0300 loss_train=2.459985e-02 | loss_val=2.425401e-02 | lr=1.000000e-03 | best_val=2.381457e-02
2026-07-29 18:57:04,308 | INFO | [PINN[PRE]] ep=0310 loss_train=2.321173e-02 | loss_val=2.252645e-02 | lr=1.000000e-03 | best_val=2.252645e-02
2026-07-29 18:57:07,896 | INFO | [PINN[PRE]] ep=0320 loss_train=2.251272e-02 | loss_val=2.264957e-02 | lr=1.000000e-03 | best_val=2.207453e-02
2026-07-29 18:57:11,602 | INFO | [PINN[PRE]] ep=0330 loss_train=2.165239e-02 | loss_val=2.091373e-02 | lr=1.000000e-03 | best_val=2.091373e-02
2026-07-29 18:57:15,415 | INFO | [PINN[PRE]] ep=0340 loss_train=2.082857e-02 | loss_val=2.056238e-02 | lr=1.000000e-03 | best_val=2.056238e-02
2026-07-29 18:57:19,189 | INFO | [PINN[PRE]] ep=0350 loss_train=2.037026e-02 | loss_val=2.005707e-02 | lr=1.000000e-03 | best_val=1.975692e-02
2026-07-29 18:57:22,761 | INFO | [PINN[PRE]] ep=0360 loss_train=1.985883e-02 | loss_val=1.944889e-02 | lr=1.000000e-03 | best_val=1.944889e-02
2026-07-29 18:57:26,598 | INFO | [PINN[PRE]] ep=0370 loss_train=1.896117e-02 | loss_val=1.902037e-02 | lr=1.000000e-03 | best_val=1.881588e-02
2026-07-29 18:57:30,172 | INFO | [PINN[PRE]] ep=0380 loss_train=1.833700e-02 | loss_val=1.933467e-02 | lr=1.000000e-03 | best_val=1.793878e-02
2026-07-29 18:57:33,851 | INFO | [PINN[PRE]] ep=0390 loss_train=1.778394e-02 | loss_val=1.828398e-02 | lr=1.000000e-03 | best_val=1.771434e-02
2026-07-29 18:57:37,788 | INFO | [PINN[PRE]] ep=0400 loss_train=1.732804e-02 | loss_val=1.783139e-02 | lr=1.000000e-03 | best_val=1.732910e-02
2026-07-29 18:57:41,266 | INFO | [PINN[PRE]] ep=0410 loss_train=1.711564e-02 | loss_val=1.760203e-02 | lr=1.000000e-03 | best_val=1.695529e-02
2026-07-29 18:57:44,986 | INFO | [PINN[PRE]] ep=0420 loss_train=1.653237e-02 | loss_val=1.733165e-02 | lr=1.000000e-03 | best_val=1.657527e-02
2026-07-29 18:57:48,773 | INFO | [PINN[PRE]] ep=0430 loss_train=1.603798e-02 | loss_val=1.642421e-02 | lr=1.000000e-03 | best_val=1.619236e-02
2026-07-29 18:57:52,519 | INFO | [PINN[PRE]] ep=0440 loss_train=1.622887e-02 | loss_val=1.624169e-02 | lr=1.000000e-03 | best_val=1.592530e-02
2026-07-29 18:57:56,093 | INFO | [PINN[PRE]] ep=0450 loss_train=1.528528e-02 | loss_val=1.571068e-02 | lr=1.000000e-03 | best_val=1.571068e-02
2026-07-29 18:57:59,822 | INFO | [PINN[PRE]] ep=0460 loss_train=1.545498e-02 | loss_val=1.599638e-02 | lr=1.000000e-03 | best_val=1.531863e-02
2026-07-29 18:58:03,367 | INFO | [PINN[PRE]] ep=0470 loss_train=1.484872e-02 | loss_val=1.530395e-02 | lr=1.000000e-03 | best_val=1.502884e-02
2026-07-29 18:58:07,054 | INFO | [PINN[PRE]] ep=0480 loss_train=1.443630e-02 | loss_val=1.491862e-02 | lr=1.000000e-03 | best_val=1.468413e-02
2026-07-29 18:58:11,042 | INFO | [PINN[PRE]] ep=0490 loss_train=1.449291e-02 | loss_val=1.465596e-02 | lr=1.000000e-03 | best_val=1.465596e-02
2026-07-29 18:58:14,663 | INFO | [PINN[PRE]] ep=0500 loss_train=1.411075e-02 | loss_val=1.460454e-02 | lr=1.000000e-03 | best_val=1.450081e-02
2026-07-29 18:58:18,326 | INFO | [PINN[PRE]] ep=0510 loss_train=1.411531e-02 | loss_val=1.414316e-02 | lr=1.000000e-03 | best_val=1.409448e-02
2026-07-29 18:58:22,137 | INFO | [PINN[PRE]] ep=0520 loss_train=1.322814e-02 | loss_val=1.366460e-02 | lr=5.000000e-04 | best_val=1.366460e-02
2026-07-29 18:58:26,003 | INFO | [PINN[PRE]] ep=0530 loss_train=1.294894e-02 | loss_val=1.342807e-02 | lr=5.000000e-04 | best_val=1.341714e-02
2026-07-29 18:58:29,674 | INFO | [PINN[PRE]] ep=0540 loss_train=1.274530e-02 | loss_val=1.325200e-02 | lr=2.500000e-04 | best_val=1.325200e-02
2026-07-29 18:58:33,544 | INFO | [PINN[PRE]] ep=0550 loss_train=1.268858e-02 | loss_val=1.322472e-02 | lr=2.500000e-04 | best_val=1.313759e-02
2026-07-29 18:58:37,059 | INFO | [PINN[PRE]] ep=0560 loss_train=1.267761e-02 | loss_val=1.315322e-02 | lr=1.250000e-04 | best_val=1.313759e-02
2026-07-29 18:58:40,747 | INFO | [PINN[PRE]] ep=0570 loss_train=1.257098e-02 | loss_val=1.303740e-02 | lr=1.250000e-04 | best_val=1.303740e-02
2026-07-29 18:58:44,755 | INFO | [PINN[PRE]] ep=0580 loss_train=1.249298e-02 | loss_val=1.310444e-02 | lr=1.250000e-04 | best_val=1.303410e-02
2026-07-29 18:58:48,280 | INFO | [PINN[PRE]] ep=0590 loss_train=1.252977e-02 | loss_val=1.300142e-02 | lr=1.250000e-04 | best_val=1.300142e-02
2026-07-29 18:58:51,978 | INFO | [PINN[PRE]] ep=0600 loss_train=1.246222e-02 | loss_val=1.299105e-02 | lr=1.250000e-04 | best_val=1.296934e-02
2026-07-29 18:58:55,804 | INFO | [PINN[PRE]] ep=0610 loss_train=1.246758e-02 | loss_val=1.298832e-02 | lr=1.250000e-04 | best_val=1.294320e-02
2026-07-29 18:58:59,580 | INFO | [PINN[PRE]] ep=0620 loss_train=1.238961e-02 | loss_val=1.294177e-02 | lr=1.250000e-04 | best_val=1.291987e-02
2026-07-29 18:59:03,270 | INFO | [PINN[PRE]] ep=0630 loss_train=1.240130e-02 | loss_val=1.284840e-02 | lr=1.250000e-04 | best_val=1.284840e-02
2026-07-29 18:59:07,035 | INFO | [PINN[PRE]] ep=0640 loss_train=1.230701e-02 | loss_val=1.286379e-02 | lr=1.250000e-04 | best_val=1.284010e-02
2026-07-29 18:59:10,556 | INFO | [PINN[PRE]] ep=0650 loss_train=1.230997e-02 | loss_val=1.288271e-02 | lr=1.250000e-04 | best_val=1.277945e-02
2026-07-29 18:59:14,346 | INFO | [PINN[PRE]] ep=0660 loss_train=1.225242e-02 | loss_val=1.276279e-02 | lr=1.250000e-04 | best_val=1.276279e-02
2026-07-29 18:59:18,447 | INFO | [PINN[PRE]] ep=0670 loss_train=1.226492e-02 | loss_val=1.271680e-02 | lr=1.250000e-04 | best_val=1.271680e-02
2026-07-29 18:59:22,128 | INFO | [PINN[PRE]] ep=0680 loss_train=1.215901e-02 | loss_val=1.275583e-02 | lr=1.250000e-04 | best_val=1.269332e-02
2026-07-29 18:59:26,020 | INFO | [PINN[PRE]] ep=0690 loss_train=1.216509e-02 | loss_val=1.266902e-02 | lr=1.250000e-04 | best_val=1.262522e-02
2026-07-29 18:59:29,930 | INFO | [PINN[PRE]] ep=0700 loss_train=1.218721e-02 | loss_val=1.266223e-02 | lr=1.250000e-04 | best_val=1.259140e-02
2026-07-29 18:59:33,918 | INFO | [PINN[PRE]] ep=0710 loss_train=1.204914e-02 | loss_val=1.256730e-02 | lr=6.250000e-05 | best_val=1.254561e-02
2026-07-29 18:59:37,761 | INFO | [PINN[PRE]] ep=0720 loss_train=1.199168e-02 | loss_val=1.253793e-02 | lr=6.250000e-05 | best_val=1.251737e-02
2026-07-29 18:59:41,654 | INFO | [PINN[PRE]] ep=0730 loss_train=1.200573e-02 | loss_val=1.253984e-02 | lr=6.250000e-05 | best_val=1.250582e-02
2026-07-29 18:59:45,259 | INFO | [PINN[PRE]] ep=0740 loss_train=1.195223e-02 | loss_val=1.252797e-02 | lr=6.250000e-05 | best_val=1.248340e-02
2026-07-29 18:59:49,152 | INFO | [PINN[PRE]] ep=0750 loss_train=1.197306e-02 | loss_val=1.247190e-02 | lr=6.250000e-05 | best_val=1.245458e-02
2026-07-29 18:59:53,368 | INFO | [PINN[PRE]] ep=0760 loss_train=1.191212e-02 | loss_val=1.249975e-02 | lr=3.125000e-05 | best_val=1.243573e-02
2026-07-29 18:59:57,015 | INFO | [PINN[PRE]] ep=0770 loss_train=1.192064e-02 | loss_val=1.242691e-02 | lr=3.125000e-05 | best_val=1.240963e-02
2026-07-29 19:00:01,116 | INFO | [PINN[PRE]] ep=0780 loss_train=1.187974e-02 | loss_val=1.239078e-02 | lr=3.125000e-05 | best_val=1.239078e-02
2026-07-29 19:00:05,079 | INFO | [PINN[PRE]] ep=0790 loss_train=1.184864e-02 | loss_val=1.239880e-02 | lr=3.125000e-05 | best_val=1.239078e-02
2026-07-29 19:00:08,977 | INFO | [PINN[PRE]] ep=0800 loss_train=1.183558e-02 | loss_val=1.238327e-02 | lr=1.562500e-05 | best_val=1.238174e-02
2026-07-29 19:00:12,994 | INFO | [PINN[PRE]] ep=0810 loss_train=1.177617e-02 | loss_val=1.239602e-02 | lr=1.562500e-05 | best_val=1.237599e-02
2026-07-29 19:00:16,940 | INFO | [PINN[PRE]] ep=0820 loss_train=1.180407e-02 | loss_val=1.237171e-02 | lr=1.562500e-05 | best_val=1.237155e-02
2026-07-29 19:00:20,653 | INFO | [PINN[PRE]] ep=0830 loss_train=1.184428e-02 | loss_val=1.236708e-02 | lr=7.812500e-06 | best_val=1.236222e-02
2026-07-29 19:00:24,578 | INFO | [PINN[PRE]] ep=0840 loss_train=1.180680e-02 | loss_val=1.236669e-02 | lr=7.812500e-06 | best_val=1.235983e-02
2026-07-29 19:00:28,896 | INFO | [PINN[PRE]] ep=0850 loss_train=1.179997e-02 | loss_val=1.236121e-02 | lr=3.906250e-06 | best_val=1.235949e-02
2026-07-29 19:00:32,735 | INFO | [PINN[PRE]] ep=0860 loss_train=1.175036e-02 | loss_val=1.236215e-02 | lr=1.953125e-06 | best_val=1.235949e-02
2026-07-29 19:00:36,677 | INFO | [PINN[PRE]] ep=0870 loss_train=1.178626e-02 | loss_val=1.235976e-02 | lr=9.765625e-07 | best_val=1.235891e-02
2026-07-29 19:00:40,668 | INFO | [PINN[PRE]] ep=0880 loss_train=1.181601e-02 | loss_val=1.235940e-02 | lr=4.882813e-07 | best_val=1.235891e-02
2026-07-29 19:00:42,135 | INFO | Early stopping (val não melhorou). Melhor loss_val: 1.235891e-02
2026-07-29 19:00:42,406 | INFO | [PINN][REFERÊNCIA] ref_data=1.235891e-02 | ref_cont=1.313513e+05 | ref_mom=N/A
2026-07-29 19:00:42,913 | INFO | [PINN[CONTINUITY]] ep=0001 loss_total=4.364847e+00 | loss_data=4.583094e-01 | loss_cont=5.208716e+04 | val_score=3.622593e+01 | val_data=6.386968e-01 | val_cont=2.214922e+04 | lr=1.000000e-03 | best_val=3.622593e+01
2026-07-29 19:00:47,096 | INFO | [PINN[CONTINUITY]] ep=0010 loss_total=3.923553e-01 | loss_data=2.653754e-01 | loss_cont=1.693065e+03 | val_score=1.477851e+01 | val_data=2.608509e-01 | val_cont=1.793839e+03 | lr=1.000000e-03 | best_val=1.477851e+01
2026-07-29 19:00:51,549 | INFO | [PINN[CONTINUITY]] ep=0020 loss_total=2.616332e-01 | loss_data=2.038944e-01 | loss_cont=7.698507e+02 | val_score=1.153038e+01 | val_data=2.035382e-01 | val_cont=9.286302e+02 | lr=1.000000e-03 | best_val=1.153038e+01
2026-07-29 19:00:55,918 | INFO | [PINN[CONTINUITY]] ep=0030 loss_total=2.127343e-01 | loss_data=1.745652e-01 | loss_cont=5.089202e+02 | val_score=9.832979e+00 | val_data=1.735811e-01 | val_cont=6.419437e+02 | lr=1.000000e-03 | best_val=9.832979e+00
2026-07-29 19:01:00,804 | INFO | [PINN[CONTINUITY]] ep=0040 loss_total=1.828005e-01 | loss_data=1.535120e-01 | loss_cont=3.905128e+02 | val_score=8.650925e+00 | val_data=1.527165e-01 | val_cont=5.113084e+02 | lr=1.000000e-03 | best_val=8.650925e+00
2026-07-29 19:01:05,599 | INFO | [PINN[CONTINUITY]] ep=0050 loss_total=1.589568e-01 | loss_data=1.350145e-01 | loss_cont=3.192303e+02 | val_score=7.718921e+00 | val_data=1.362648e-01 | val_cont=4.273813e+02 | lr=1.000000e-03 | best_val=7.718921e+00
2026-07-29 19:01:10,314 | INFO | [PINN[CONTINUITY]] ep=0060 loss_total=1.421411e-01 | loss_data=1.222421e-01 | loss_cont=2.653207e+02 | val_score=6.905150e+00 | val_data=1.218996e-01 | val_cont=3.683994e+02 | lr=1.000000e-03 | best_val=6.905150e+00
2026-07-29 19:01:14,893 | INFO | [PINN[CONTINUITY]] ep=0070 loss_total=1.256760e-01 | loss_data=1.084330e-01 | loss_cont=2.299069e+02 | val_score=6.195538e+00 | val_data=1.093727e-01 | val_cont=3.250775e+02 | lr=1.000000e-03 | best_val=6.195538e+00
2026-07-29 19:01:19,600 | INFO | [PINN[CONTINUITY]] ep=0080 loss_total=1.133417e-01 | loss_data=9.842190e-02 | loss_cont=1.989302e+02 | val_score=5.583459e+00 | val_data=9.856802e-02 | val_cont=2.781117e+02 | lr=1.000000e-03 | best_val=5.583459e+00
2026-07-29 19:01:24,354 | INFO | [PINN[CONTINUITY]] ep=0090 loss_total=1.019425e-01 | loss_data=8.880327e-02 | loss_cont=1.751890e+02 | val_score=5.078952e+00 | val_data=8.966218e-02 | val_cont=2.404408e+02 | lr=1.000000e-03 | best_val=5.078952e+00
2026-07-29 19:01:29,064 | INFO | [PINN[CONTINUITY]] ep=0100 loss_total=9.321101e-02 | loss_data=8.171109e-02 | loss_cont=1.533321e+02 | val_score=4.674839e+00 | val_data=8.252837e-02 | val_cont=2.144671e+02 | lr=1.000000e-03 | best_val=4.674839e+00
2026-07-29 19:01:33,551 | INFO | [PINN[CONTINUITY]] ep=0110 loss_total=8.594294e-02 | loss_data=7.545345e-02 | loss_cont=1.398600e+02 | val_score=4.319590e+00 | val_data=7.625705e-02 | val_cont=1.945972e+02 | lr=1.000000e-03 | best_val=4.319590e+00
2026-07-29 19:01:37,874 | INFO | [PINN[CONTINUITY]] ep=0120 loss_total=7.997885e-02 | loss_data=7.025829e-02 | loss_cont=1.296075e+02 | val_score=4.024282e+00 | val_data=7.104384e-02 | val_cont=1.788050e+02 | lr=1.000000e-03 | best_val=4.024282e+00
2026-07-29 19:01:42,381 | INFO | [PINN[CONTINUITY]] ep=0130 loss_total=7.403139e-02 | loss_data=6.543653e-02 | loss_cont=1.145980e+02 | val_score=3.773338e+00 | val_data=6.661419e-02 | val_cont=1.562483e+02 | lr=1.000000e-03 | best_val=3.773338e+00
2026-07-29 19:01:47,003 | INFO | [PINN[CONTINUITY]] ep=0140 loss_total=7.131046e-02 | loss_data=6.189947e-02 | loss_cont=1.254799e+02 | val_score=3.563832e+00 | val_data=6.291567e-02 | val_cont=1.456597e+02 | lr=1.000000e-03 | best_val=3.563832e+00
2026-07-29 19:01:51,592 | INFO | [PINN[CONTINUITY]] ep=0150 loss_total=6.589519e-02 | loss_data=5.835715e-02 | loss_cont=1.005073e+02 | val_score=3.360679e+00 | val_data=5.932933e-02 | val_cont=1.344386e+02 | lr=1.000000e-03 | best_val=3.360679e+00
2026-07-29 19:01:56,018 | INFO | [PINN[CONTINUITY]] ep=0160 loss_total=6.243756e-02 | loss_data=5.511907e-02 | loss_cont=9.757989e+01 | val_score=3.184134e+00 | val_data=5.621289e-02 | val_cont=1.205461e+02 | lr=1.000000e-03 | best_val=3.184134e+00
2026-07-29 19:02:00,614 | INFO | [PINN[CONTINUITY]] ep=0170 loss_total=5.958505e-02 | loss_data=5.254266e-02 | loss_cont=9.389857e+01 | val_score=3.039843e+00 | val_data=5.366558e-02 | val_cont=1.147269e+02 | lr=1.000000e-03 | best_val=3.039843e+00
2026-07-29 19:02:05,370 | INFO | [PINN[CONTINUITY]] ep=0180 loss_total=5.596206e-02 | loss_data=4.974467e-02 | loss_cont=8.289847e+01 | val_score=2.893478e+00 | val_data=5.108145e-02 | val_cont=1.137011e+02 | lr=1.000000e-03 | best_val=2.893478e+00
2026-07-29 19:02:10,006 | INFO | [PINN[CONTINUITY]] ep=0190 loss_total=5.410276e-02 | loss_data=4.762108e-02 | loss_cont=8.642233e+01 | val_score=2.770392e+00 | val_data=4.890818e-02 | val_cont=1.169099e+02 | lr=1.000000e-03 | best_val=2.764143e+00
2026-07-29 19:02:14,672 | INFO | [PINN[CONTINUITY]] ep=0200 loss_total=5.123886e-02 | loss_data=4.588806e-02 | loss_cont=7.134397e+01 | val_score=2.661329e+00 | val_data=4.698339e-02 | val_cont=9.728074e+01 | lr=1.000000e-03 | best_val=2.657359e+00
2026-07-29 19:02:19,063 | INFO | [PINN[CONTINUITY]] ep=0210 loss_total=4.870175e-02 | loss_data=4.356757e-02 | loss_cont=6.845566e+01 | val_score=2.539818e+00 | val_data=4.483826e-02 | val_cont=9.203289e+01 | lr=1.000000e-03 | best_val=2.539818e+00
2026-07-29 19:02:23,772 | INFO | [PINN[CONTINUITY]] ep=0220 loss_total=4.685531e-02 | loss_data=4.177441e-02 | loss_cont=6.774532e+01 | val_score=2.440847e+00 | val_data=4.309102e-02 | val_cont=8.844592e+01 | lr=1.000000e-03 | best_val=2.440847e+00
2026-07-29 19:02:28,565 | INFO | [PINN[CONTINUITY]] ep=0230 loss_total=4.510090e-02 | loss_data=4.018559e-02 | loss_cont=6.553750e+01 | val_score=2.359686e+00 | val_data=4.165789e-02 | val_cont=9.284025e+01 | lr=1.000000e-03 | best_val=2.359686e+00
2026-07-29 19:02:33,273 | INFO | [PINN[CONTINUITY]] ep=0240 loss_total=4.426198e-02 | loss_data=3.923665e-02 | loss_cont=6.700443e+01 | val_score=2.302013e+00 | val_data=4.063932e-02 | val_cont=1.005719e+02 | lr=1.000000e-03 | best_val=2.292571e+00
2026-07-29 19:02:37,913 | INFO | [PINN[CONTINUITY]] ep=0250 loss_total=4.269070e-02 | loss_data=3.787083e-02 | loss_cont=6.426495e+01 | val_score=2.215362e+00 | val_data=3.910964e-02 | val_cont=9.591067e+01 | lr=1.000000e-03 | best_val=2.210145e+00
2026-07-29 19:02:42,645 | INFO | [PINN[CONTINUITY]] ep=0260 loss_total=4.114222e-02 | loss_data=3.646813e-02 | loss_cont=6.232125e+01 | val_score=2.156407e+00 | val_data=3.806929e-02 | val_cont=8.293834e+01 | lr=1.000000e-03 | best_val=2.156407e+00
2026-07-29 19:02:47,555 | INFO | [PINN[CONTINUITY]] ep=0270 loss_total=3.966737e-02 | loss_data=3.542307e-02 | loss_cont=5.659068e+01 | val_score=2.071216e+00 | val_data=3.656545e-02 | val_cont=7.629183e+01 | lr=1.000000e-03 | best_val=2.071216e+00
2026-07-29 19:02:52,193 | INFO | [PINN[CONTINUITY]] ep=0280 loss_total=4.030179e-02 | loss_data=3.511666e-02 | loss_cont=6.913504e+01 | val_score=2.064003e+00 | val_data=3.643795e-02 | val_cont=8.037820e+01 | lr=1.000000e-03 | best_val=2.028860e+00
2026-07-29 19:02:56,741 | INFO | [PINN[CONTINUITY]] ep=0290 loss_total=3.769379e-02 | loss_data=3.374629e-02 | loss_cont=5.263336e+01 | val_score=1.963190e+00 | val_data=3.465839e-02 | val_cont=7.151426e+01 | lr=1.000000e-03 | best_val=1.963190e+00
2026-07-29 19:03:01,231 | INFO | [PINN[CONTINUITY]] ep=0300 loss_total=3.670473e-02 | loss_data=3.294735e-02 | loss_cont=5.009832e+01 | val_score=1.925637e+00 | val_data=3.399553e-02 | val_cont=6.766390e+01 | lr=1.000000e-03 | best_val=1.922292e+00
2026-07-29 19:03:05,866 | INFO | [PINN[CONTINUITY]] ep=0310 loss_total=3.774850e-02 | loss_data=3.283004e-02 | loss_cont=6.557944e+01 | val_score=1.899580e+00 | val_data=3.353515e-02 | val_cont=7.565014e+01 | lr=1.000000e-03 | best_val=1.898055e+00
2026-07-29 19:03:10,590 | INFO | [PINN[CONTINUITY]] ep=0320 loss_total=3.615883e-02 | loss_data=3.186529e-02 | loss_cont=5.724725e+01 | val_score=1.845337e+00 | val_data=3.257765e-02 | val_cont=7.058798e+01 | lr=1.000000e-03 | best_val=1.841872e+00
2026-07-29 19:03:15,158 | INFO | [PINN[CONTINUITY]] ep=0330 loss_total=3.626563e-02 | loss_data=3.122473e-02 | loss_cont=6.721209e+01 | val_score=1.842625e+00 | val_data=3.252862e-02 | val_cont=9.922644e+01 | lr=1.000000e-03 | best_val=1.803012e+00
2026-07-29 19:03:19,692 | INFO | [PINN[CONTINUITY]] ep=0340 loss_total=3.403878e-02 | loss_data=3.036560e-02 | loss_cont=4.897579e+01 | val_score=1.756909e+00 | val_data=3.101661e-02 | val_cont=6.550975e+01 | lr=1.000000e-03 | best_val=1.756909e+00
2026-07-29 19:03:24,393 | INFO | [PINN[CONTINUITY]] ep=0350 loss_total=3.305411e-02 | loss_data=2.962385e-02 | loss_cont=4.573683e+01 | val_score=1.738528e+00 | val_data=3.069219e-02 | val_cont=6.317394e+01 | lr=1.000000e-03 | best_val=1.725861e+00
2026-07-29 19:03:29,195 | INFO | [PINN[CONTINUITY]] ep=0360 loss_total=3.246304e-02 | loss_data=2.902197e-02 | loss_cont=4.588093e+01 | val_score=1.681724e+00 | val_data=2.968934e-02 | val_cont=6.151715e+01 | lr=1.000000e-03 | best_val=1.681724e+00
2026-07-29 19:03:33,951 | INFO | [PINN[CONTINUITY]] ep=0370 loss_total=3.127200e-02 | loss_data=2.812625e-02 | loss_cont=4.194336e+01 | val_score=1.653893e+00 | val_data=2.919797e-02 | val_cont=6.146528e+01 | lr=1.000000e-03 | best_val=1.639563e+00
2026-07-29 19:03:38,556 | INFO | [PINN[CONTINUITY]] ep=0380 loss_total=3.154544e-02 | loss_data=2.787547e-02 | loss_cont=4.893304e+01 | val_score=1.647235e+00 | val_data=2.908022e-02 | val_cont=6.654646e+01 | lr=1.000000e-03 | best_val=1.626117e+00
2026-07-29 19:03:43,073 | INFO | [PINN[CONTINUITY]] ep=0390 loss_total=3.261984e-02 | loss_data=2.797527e-02 | loss_cont=6.192759e+01 | val_score=1.626684e+00 | val_data=2.871628e-02 | val_cont=9.358877e+01 | lr=1.000000e-03 | best_val=1.596036e+00
2026-07-29 19:03:47,688 | INFO | [PINN[CONTINUITY]] ep=0400 loss_total=3.048460e-02 | loss_data=2.716695e-02 | loss_cont=4.423537e+01 | val_score=1.576030e+00 | val_data=2.782343e-02 | val_cont=5.692567e+01 | lr=1.000000e-03 | best_val=1.565441e+00
2026-07-29 19:03:52,413 | INFO | [PINN[CONTINUITY]] ep=0410 loss_total=2.940202e-02 | loss_data=2.636149e-02 | loss_cont=4.054041e+01 | val_score=1.556786e+00 | val_data=2.748356e-02 | val_cont=5.958089e+01 | lr=1.000000e-03 | best_val=1.542677e+00
2026-07-29 19:03:57,165 | INFO | [PINN[CONTINUITY]] ep=0420 loss_total=3.113644e-02 | loss_data=2.659978e-02 | loss_cont=6.048886e+01 | val_score=1.515191e+00 | val_data=2.674859e-02 | val_cont=7.397583e+01 | lr=1.000000e-03 | best_val=1.512939e+00
2026-07-29 19:04:01,930 | INFO | [PINN[CONTINUITY]] ep=0430 loss_total=2.845682e-02 | loss_data=2.577477e-02 | loss_cont=3.576064e+01 | val_score=1.479457e+00 | val_data=2.611824e-02 | val_cont=6.049940e+01 | lr=1.000000e-03 | best_val=1.479457e+00
2026-07-29 19:04:06,586 | INFO | [PINN[CONTINUITY]] ep=0440 loss_total=2.816439e-02 | loss_data=2.523040e-02 | loss_cont=3.911981e+01 | val_score=1.465122e+00 | val_data=2.586513e-02 | val_cont=6.095287e+01 | lr=1.000000e-03 | best_val=1.451162e+00
2026-07-29 19:04:11,443 | INFO | [PINN[CONTINUITY]] ep=0450 loss_total=2.739629e-02 | loss_data=2.474975e-02 | loss_cont=3.528727e+01 | val_score=1.449275e+00 | val_data=2.558552e-02 | val_cont=5.626041e+01 | lr=1.000000e-03 | best_val=1.436598e+00
2026-07-29 19:04:16,318 | INFO | [PINN[CONTINUITY]] ep=0460 loss_total=2.800036e-02 | loss_data=2.463531e-02 | loss_cont=4.486742e+01 | val_score=1.432327e+00 | val_data=2.528565e-02 | val_cont=7.249500e+01 | lr=1.000000e-03 | best_val=1.407676e+00
2026-07-29 19:04:20,940 | INFO | [PINN[CONTINUITY]] ep=0470 loss_total=2.687799e-02 | loss_data=2.402944e-02 | loss_cont=3.798063e+01 | val_score=1.411594e+00 | val_data=2.492032e-02 | val_cont=5.461950e+01 | lr=1.000000e-03 | best_val=1.396365e+00
2026-07-29 19:04:25,370 | INFO | [PINN[CONTINUITY]] ep=0480 loss_total=2.776110e-02 | loss_data=2.404108e-02 | loss_cont=4.960025e+01 | val_score=1.388196e+00 | val_data=2.450649e-02 | val_cont=7.266002e+01 | lr=1.000000e-03 | best_val=1.368011e+00
2026-07-29 19:04:30,032 | INFO | [PINN[CONTINUITY]] ep=0490 loss_total=2.632872e-02 | loss_data=2.345186e-02 | loss_cont=3.835816e+01 | val_score=1.343305e+00 | val_data=2.371463e-02 | val_cont=5.476663e+01 | lr=1.000000e-03 | best_val=1.343305e+00
2026-07-29 19:04:34,785 | INFO | [PINN[CONTINUITY]] ep=0500 loss_total=2.630567e-02 | loss_data=2.323067e-02 | loss_cont=4.099999e+01 | val_score=1.333529e+00 | val_data=2.354171e-02 | val_cont=6.282615e+01 | lr=1.000000e-03 | best_val=1.332224e+00
2026-07-29 19:04:39,401 | INFO | [PINN[CONTINUITY]] ep=0510 loss_total=2.517545e-02 | loss_data=2.270625e-02 | loss_cont=3.292261e+01 | val_score=1.305039e+00 | val_data=2.303898e-02 | val_cont=5.575769e+01 | lr=1.000000e-03 | best_val=1.305039e+00
2026-07-29 19:04:43,776 | INFO | [PINN[CONTINUITY]] ep=0520 loss_total=2.683948e-02 | loss_data=2.278799e-02 | loss_cont=5.401993e+01 | val_score=1.316681e+00 | val_data=2.324444e-02 | val_cont=5.772134e+01 | lr=1.000000e-03 | best_val=1.299030e+00
2026-07-29 19:04:48,431 | INFO | [PINN[CONTINUITY]] ep=0530 loss_total=2.468584e-02 | loss_data=2.212942e-02 | loss_cont=3.408557e+01 | val_score=1.263142e+00 | val_data=2.229950e-02 | val_cont=5.001399e+01 | lr=1.000000e-03 | best_val=1.263142e+00
2026-07-29 19:04:53,147 | INFO | [PINN[CONTINUITY]] ep=0540 loss_total=2.442921e-02 | loss_data=2.185894e-02 | loss_cont=3.427033e+01 | val_score=1.267832e+00 | val_data=2.238171e-02 | val_cont=6.435626e+01 | lr=1.000000e-03 | best_val=1.263099e+00
2026-07-29 19:04:57,923 | INFO | [PINN[CONTINUITY]] ep=0550 loss_total=2.294434e-02 | loss_data=2.116412e-02 | loss_cont=2.373622e+01 | val_score=1.229859e+00 | val_data=2.171208e-02 | val_cont=4.475564e+01 | lr=5.000000e-04 | best_val=1.225573e+00
2026-07-29 19:05:02,615 | INFO | [PINN[CONTINUITY]] ep=0560 loss_total=2.276747e-02 | loss_data=2.100343e-02 | loss_cont=2.352053e+01 | val_score=1.218228e+00 | val_data=2.150675e-02 | val_cont=4.400906e+01 | lr=5.000000e-04 | best_val=1.218228e+00
2026-07-29 19:05:07,118 | INFO | [PINN[CONTINUITY]] ep=0570 loss_total=2.325658e-02 | loss_data=2.112113e-02 | loss_cont=2.847268e+01 | val_score=1.224215e+00 | val_data=2.161242e-02 | val_cont=4.485638e+01 | lr=5.000000e-04 | best_val=1.211503e+00
2026-07-29 19:05:11,794 | INFO | [PINN[CONTINUITY]] ep=0580 loss_total=2.257487e-02 | loss_data=2.058545e-02 | loss_cont=2.652560e+01 | val_score=1.204353e+00 | val_data=2.126154e-02 | val_cont=4.980707e+01 | lr=5.000000e-04 | best_val=1.201461e+00
2026-07-29 19:05:16,501 | INFO | [PINN[CONTINUITY]] ep=0590 loss_total=2.245296e-02 | loss_data=2.060574e-02 | loss_cont=2.462952e+01 | val_score=1.190875e+00 | val_data=2.102379e-02 | val_cont=4.500982e+01 | lr=5.000000e-04 | best_val=1.190875e+00
2026-07-29 19:05:21,215 | INFO | [PINN[CONTINUITY]] ep=0600 loss_total=2.227399e-02 | loss_data=2.042190e-02 | loss_cont=2.469453e+01 | val_score=1.185311e+00 | val_data=2.092556e-02 | val_cont=4.429746e+01 | lr=5.000000e-04 | best_val=1.185311e+00
2026-07-29 19:05:25,676 | INFO | [PINN[CONTINUITY]] ep=0610 loss_total=2.248049e-02 | loss_data=2.044458e-02 | loss_cont=2.714547e+01 | val_score=1.170165e+00 | val_data=2.065814e-02 | val_cont=4.474109e+01 | lr=5.000000e-04 | best_val=1.170165e+00
2026-07-29 19:05:30,384 | INFO | [PINN[CONTINUITY]] ep=0620 loss_total=2.213056e-02 | loss_data=2.007882e-02 | loss_cont=2.735648e+01 | val_score=1.174147e+00 | val_data=2.072833e-02 | val_cont=4.771941e+01 | lr=5.000000e-04 | best_val=1.166587e+00
2026-07-29 19:05:35,163 | INFO | [PINN[CONTINUITY]] ep=0630 loss_total=2.183484e-02 | loss_data=1.979058e-02 | loss_cont=2.725684e+01 | val_score=1.169979e+00 | val_data=2.065458e-02 | val_cont=5.149306e+01 | lr=5.000000e-04 | best_val=1.155643e+00
2026-07-29 19:05:39,715 | INFO | [PINN[CONTINUITY]] ep=0640 loss_total=2.199550e-02 | loss_data=1.996198e-02 | loss_cont=2.711370e+01 | val_score=1.157380e+00 | val_data=2.043232e-02 | val_cont=4.714771e+01 | lr=5.000000e-04 | best_val=1.145327e+00
2026-07-29 19:05:44,117 | INFO | [PINN[CONTINUITY]] ep=0650 loss_total=2.214513e-02 | loss_data=1.984072e-02 | loss_cont=3.072548e+01 | val_score=1.148276e+00 | val_data=2.027123e-02 | val_cont=5.608099e+01 | lr=2.500000e-04 | best_val=1.145327e+00
2026-07-29 19:05:48,459 | INFO | [PINN[CONTINUITY]] ep=0660 loss_total=2.087043e-02 | loss_data=1.934564e-02 | loss_cont=2.033049e+01 | val_score=1.129566e+00 | val_data=1.994145e-02 | val_cont=4.211862e+01 | lr=2.500000e-04 | best_val=1.122978e+00
2026-07-29 19:05:53,029 | INFO | [PINN[CONTINUITY]] ep=0670 loss_total=2.083035e-02 | loss_data=1.930909e-02 | loss_cont=2.028350e+01 | val_score=1.124137e+00 | val_data=1.984567e-02 | val_cont=4.033849e+01 | lr=2.500000e-04 | best_val=1.121614e+00
2026-07-29 19:05:57,622 | INFO | [PINN[CONTINUITY]] ep=0680 loss_total=2.085467e-02 | loss_data=1.930326e-02 | loss_cont=2.068551e+01 | val_score=1.120876e+00 | val_data=1.978803e-02 | val_cont=4.191790e+01 | lr=2.500000e-04 | best_val=1.117766e+00
2026-07-29 19:06:02,217 | INFO | [PINN[CONTINUITY]] ep=0690 loss_total=2.054077e-02 | loss_data=1.903442e-02 | loss_cont=2.008470e+01 | val_score=1.118886e+00 | val_data=1.975295e-02 | val_cont=4.044876e+01 | lr=2.500000e-04 | best_val=1.114964e+00
2026-07-29 19:06:06,859 | INFO | [PINN[CONTINUITY]] ep=0700 loss_total=2.048218e-02 | loss_data=1.895800e-02 | loss_cont=2.032231e+01 | val_score=1.107058e+00 | val_data=1.954412e-02 | val_cont=4.044768e+01 | lr=2.500000e-04 | best_val=1.106505e+00
2026-07-29 19:06:11,546 | INFO | [PINN[CONTINUITY]] ep=0710 loss_total=2.050764e-02 | loss_data=1.893555e-02 | loss_cont=2.096118e+01 | val_score=1.103682e+00 | val_data=1.948448e-02 | val_cont=4.154351e+01 | lr=2.500000e-04 | best_val=1.101621e+00
2026-07-29 19:06:16,534 | INFO | [PINN[CONTINUITY]] ep=0720 loss_total=2.052929e-02 | loss_data=1.893562e-02 | loss_cont=2.124888e+01 | val_score=1.104193e+00 | val_data=1.949350e-02 | val_cont=4.131844e+01 | lr=2.500000e-04 | best_val=1.096112e+00
2026-07-29 19:06:21,306 | INFO | [PINN[CONTINUITY]] ep=0730 loss_total=2.034631e-02 | loss_data=1.873701e-02 | loss_cont=2.145734e+01 | val_score=1.098753e+00 | val_data=1.939746e-02 | val_cont=4.143126e+01 | lr=2.500000e-04 | best_val=1.093727e+00
2026-07-29 19:06:25,968 | INFO | [PINN[CONTINUITY]] ep=0740 loss_total=2.056336e-02 | loss_data=1.884435e-02 | loss_cont=2.292018e+01 | val_score=1.086863e+00 | val_data=1.918752e-02 | val_cont=4.168719e+01 | lr=2.500000e-04 | best_val=1.086471e+00
2026-07-29 19:06:30,284 | INFO | [PINN[CONTINUITY]] ep=0750 loss_total=2.002908e-02 | loss_data=1.851788e-02 | loss_cont=2.014935e+01 | val_score=1.086127e+00 | val_data=1.917455e-02 | val_cont=4.104033e+01 | lr=2.500000e-04 | best_val=1.082546e+00
2026-07-29 19:06:34,791 | INFO | [PINN[CONTINUITY]] ep=0760 loss_total=2.015032e-02 | loss_data=1.862309e-02 | loss_cont=2.036308e+01 | val_score=1.082378e+00 | val_data=1.910836e-02 | val_cont=4.103576e+01 | lr=2.500000e-04 | best_val=1.079503e+00
2026-07-29 19:06:39,494 | INFO | [PINN[CONTINUITY]] ep=0770 loss_total=2.008211e-02 | loss_data=1.850138e-02 | loss_cont=2.107637e+01 | val_score=1.076652e+00 | val_data=1.900716e-02 | val_cont=4.354095e+01 | lr=2.500000e-04 | best_val=1.072859e+00
2026-07-29 19:06:44,019 | INFO | [PINN[CONTINUITY]] ep=0780 loss_total=1.959593e-02 | loss_data=1.823702e-02 | loss_cont=1.811884e+01 | val_score=1.065734e+00 | val_data=1.881457e-02 | val_cont=3.957344e+01 | lr=1.250000e-04 | best_val=1.065004e+00
2026-07-29 19:06:48,388 | INFO | [PINN[CONTINUITY]] ep=0790 loss_total=1.952832e-02 | loss_data=1.817659e-02 | loss_cont=1.802297e+01 | val_score=1.068900e+00 | val_data=1.887041e-02 | val_cont=4.058178e+01 | lr=1.250000e-04 | best_val=1.063969e+00
2026-07-29 19:06:53,002 | INFO | [PINN[CONTINUITY]] ep=0800 loss_total=1.948942e-02 | loss_data=1.815457e-02 | loss_cont=1.779810e+01 | val_score=1.061213e+00 | val_data=1.873468e-02 | val_cont=4.107229e+01 | lr=1.250000e-04 | best_val=1.059570e+00
2026-07-29 19:06:57,872 | INFO | [PINN[CONTINUITY]] ep=0810 loss_total=1.937525e-02 | loss_data=1.801776e-02 | loss_cont=1.809982e+01 | val_score=1.059293e+00 | val_data=1.870079e-02 | val_cont=4.069472e+01 | lr=1.250000e-04 | best_val=1.058061e+00
2026-07-29 19:07:02,576 | INFO | [PINN[CONTINUITY]] ep=0820 loss_total=1.935073e-02 | loss_data=1.796127e-02 | loss_cont=1.852612e+01 | val_score=1.057642e+00 | val_data=1.867162e-02 | val_cont=4.145570e+01 | lr=1.250000e-04 | best_val=1.055998e+00
2026-07-29 19:07:07,330 | INFO | [PINN[CONTINUITY]] ep=0830 loss_total=1.950442e-02 | loss_data=1.808353e-02 | loss_cont=1.894522e+01 | val_score=1.053206e+00 | val_data=1.859335e-02 | val_cont=4.009102e+01 | lr=1.250000e-04 | best_val=1.052749e+00
2026-07-29 19:07:11,669 | INFO | [PINN[CONTINUITY]] ep=0840 loss_total=1.930369e-02 | loss_data=1.795884e-02 | loss_cont=1.793135e+01 | val_score=1.048531e+00 | val_data=1.851080e-02 | val_cont=4.028963e+01 | lr=1.250000e-04 | best_val=1.048531e+00
2026-07-29 19:07:16,305 | INFO | [PINN[CONTINUITY]] ep=0850 loss_total=1.934475e-02 | loss_data=1.796098e-02 | loss_cont=1.845032e+01 | val_score=1.047525e+00 | val_data=1.849307e-02 | val_cont=3.975911e+01 | lr=1.250000e-04 | best_val=1.046669e+00
2026-07-29 19:07:20,839 | INFO | [PINN[CONTINUITY]] ep=0860 loss_total=1.917126e-02 | loss_data=1.784751e-02 | loss_cont=1.764998e+01 | val_score=1.047821e+00 | val_data=1.849828e-02 | val_cont=3.987672e+01 | lr=1.250000e-04 | best_val=1.044671e+00
2026-07-29 19:07:25,426 | INFO | [PINN[CONTINUITY]] ep=0870 loss_total=1.916297e-02 | loss_data=1.784203e-02 | loss_cont=1.761258e+01 | val_score=1.044754e+00 | val_data=1.844409e-02 | val_cont=4.076027e+01 | lr=1.250000e-04 | best_val=1.043176e+00
2026-07-29 19:07:29,926 | INFO | [PINN[CONTINUITY]] ep=0880 loss_total=1.907974e-02 | loss_data=1.775404e-02 | loss_cont=1.767598e+01 | val_score=1.039968e+00 | val_data=1.835963e-02 | val_cont=3.978372e+01 | lr=1.250000e-04 | best_val=1.039247e+00
2026-07-29 19:07:34,771 | INFO | [PINN[CONTINUITY]] ep=0890 loss_total=1.891408e-02 | loss_data=1.757419e-02 | loss_cont=1.786522e+01 | val_score=1.037014e+00 | val_data=1.830747e-02 | val_cont=3.989850e+01 | lr=1.250000e-04 | best_val=1.037014e+00
2026-07-29 19:07:39,533 | INFO | [PINN[CONTINUITY]] ep=0900 loss_total=1.904660e-02 | loss_data=1.767398e-02 | loss_cont=1.830157e+01 | val_score=1.034823e+00 | val_data=1.826878e-02 | val_cont=4.040922e+01 | lr=1.250000e-04 | best_val=1.034285e+00
2026-07-29 19:07:44,167 | INFO | [PINN[CONTINUITY]] ep=0910 loss_total=1.912556e-02 | loss_data=1.777265e-02 | loss_cont=1.803890e+01 | val_score=1.033703e+00 | val_data=1.824899e-02 | val_cont=4.043838e+01 | lr=1.250000e-04 | best_val=1.033457e+00
2026-07-29 19:07:48,686 | INFO | [PINN[CONTINUITY]] ep=0920 loss_total=1.879323e-02 | loss_data=1.754860e-02 | loss_cont=1.659507e+01 | val_score=1.029205e+00 | val_data=1.816962e-02 | val_cont=3.942990e+01 | lr=6.250000e-05 | best_val=1.028876e+00
2026-07-29 19:07:53,054 | INFO | [PINN[CONTINUITY]] ep=0930 loss_total=1.875886e-02 | loss_data=1.750114e-02 | loss_cont=1.676955e+01 | val_score=1.030557e+00 | val_data=1.819349e-02 | val_cont=3.949648e+01 | lr=6.250000e-05 | best_val=1.026725e+00
2026-07-29 19:07:57,707 | INFO | [PINN[CONTINUITY]] ep=0940 loss_total=1.883313e-02 | loss_data=1.756750e-02 | loss_cont=1.687498e+01 | val_score=1.025420e+00 | val_data=1.810278e-02 | val_cont=3.977872e+01 | lr=6.250000e-05 | best_val=1.025420e+00
2026-07-29 19:08:02,335 | INFO | [PINN[CONTINUITY]] ep=0950 loss_total=1.874202e-02 | loss_data=1.749983e-02 | loss_cont=1.656253e+01 | val_score=1.025230e+00 | val_data=1.809945e-02 | val_cont=3.948135e+01 | lr=6.250000e-05 | best_val=1.023326e+00
2026-07-29 19:08:06,840 | INFO | [PINN[CONTINUITY]] ep=0960 loss_total=1.876487e-02 | loss_data=1.750053e-02 | loss_cont=1.685783e+01 | val_score=1.025057e+00 | val_data=1.809641e-02 | val_cont=3.912134e+01 | lr=6.250000e-05 | best_val=1.022494e+00
2026-07-29 19:08:11,228 | INFO | [PINN[CONTINUITY]] ep=0970 loss_total=1.860082e-02 | loss_data=1.738138e-02 | loss_cont=1.625915e+01 | val_score=1.022757e+00 | val_data=1.805576e-02 | val_cont=3.979269e+01 | lr=6.250000e-05 | best_val=1.021214e+00
2026-07-29 19:08:15,841 | INFO | [PINN[CONTINUITY]] ep=0980 loss_total=1.857869e-02 | loss_data=1.738338e-02 | loss_cont=1.593745e+01 | val_score=1.020011e+00 | val_data=1.800731e-02 | val_cont=3.912752e+01 | lr=3.125000e-05 | best_val=1.020011e+00
2026-07-29 19:08:20,595 | INFO | [PINN[CONTINUITY]] ep=0990 loss_total=1.861382e-02 | loss_data=1.739592e-02 | loss_cont=1.623864e+01 | val_score=1.019199e+00 | val_data=1.799296e-02 | val_cont=3.949900e+01 | lr=3.125000e-05 | best_val=1.019080e+00
2026-07-29 19:08:25,220 | INFO | [PINN[CONTINUITY]] ep=1000 loss_total=1.851211e-02 | loss_data=1.731362e-02 | loss_cont=1.597990e+01 | val_score=1.018956e+00 | val_data=1.798867e-02 | val_cont=3.931553e+01 | lr=3.125000e-05 | best_val=1.017931e+00
2026-07-29 19:08:25,285 | INFO | Scalers da PINN salvos em:results/models/pinn/pinn_cont_base_20260729_185506
2026-07-29 19:08:25,285 | INFO | Iniciando avaliacao final para cont_base
2026-07-29 19:08:25,285 | INFO | Modelo: results/models/pinn/pinn_cont_base_20260729_185506/pinn_cont_base_d4_w64.pt
2026-07-29 19:08:25,285 | INFO | Dataset: data/data_processed/dataset_test_pinn_cont_base_d4_w64.parquet
2026-07-29 19:08:35,378 | INFO | Avaliacao concluida. Metrics: results/metrics/pinn/pinn_cont_base_20260729_185506/pinn_cont_base_d4_w64_seed456.json
2026-07-29 19:08:35,378 | INFO | Predictions: results/metrics/pinn/pinn_cont_base_20260729_185506/pinn_cont_base_d4_w64_seed456_predictions.parquet
2026-07-29 19:08:35,378 | INFO | Plots: results/plots/pinn/pinn_cont_base_d4_w64_seed456_20260729_185506
2026-07-29 19:08:35,379 | INFO | Iniciando avaliação física no domínio completo.
2026-07-29 19:08:46,102 | INFO | Avaliação física concluída. Metrics: results/metrics/pinn/pinn_cont_base_20260729_185506/pinn_cont_base_d4_w64_seed456_physics.json
2026-07-29 19:08:46,102 | INFO | ================================================================================
2026-07-29 19:08:46,102 | INFO | Experimento finalizado
2026-07-29 19:08:46,102 | INFO | Wall time: 819.71 s
2026-07-29 19:08:46,102 | INFO | CPU time: 339.06 s
2026-07-29 19:08:46,102 | INFO | Metadados salvos em: logs/pinn/pinn_cont_base_20260729_185506/pinn_cont_base_k_epsilon_20260729_185506.json
2026-07-29 19:08:46,102 | INFO | ================================================================================
