2026-06-28 04:00:10,336 | INFO | ================================================================================
2026-06-28 04:00:10,336 | INFO | Iniciando experimento: k_epsilon
2026-06-28 04:00:10,336 | INFO | Run ID: k_epsilon_20260628_040010
2026-06-28 04:00:10,336 | INFO | Hardware: {'platform': 'Linux-6.8.0-124-generic-x86_64-with-glibc2.35', 'processor': 'x86_64', 'python_version': '3.11.14', 'cpu_count_logical': 12, 'cpu_count_physical': 6, 'ram_total_gb': 31.16, 'torch_version': '2.9.1+cu128', 'cuda_available': True, 'cuda_version': '12.8', 'gpu_name': 'NVIDIA GeForce RTX 3060', 'gpu_count': 1, 'gpu_memory_gb': 11.75}
2026-06-28 04:00:10,337 | INFO | Config: {'experiment': {'name': 'k_epsilon', 'seed': 42}, 'paths': {'root': '.', 'data_process_dir': 'data/data_processed', 'data_cfd_dir': 'data/data_cfd', 'results_dir': 'results', 'models_dir': 'results/models', 'metrics_dir': 'results/metrics', 'plots_dir': 'results/plots', 'logs_dir': 'logs'}, 'dataset': {'parquet': 'dataset_bfs_2d_kepsilon_with_wz.parquet', 'test_output': 'dataset_test_mlp'}, 'features': ['x', 'y', 'Ux', 'Uy', 'p', 'k', 'nut_log', 'Re'], 'targets': ['dUx', 'dUy', 'dp'], 'model': {'type': 'mlp', 'width': 64, 'depth': 4, 'activation': 'tanh'}, 'training': {'batch_size': 4096, 'epochs': 1000, 'lr': '1e-3', 'weight_decay': '1e-6'}, 'early_stopping': {'patience': 20}, 'scheduler': {'factor': 0.5, 'patience': 10}, 'split': {'strategy': 'spatial_x_quantile', 'column': 'x', 'bins': 8, 'test_frac': 0.2}}
2026-06-28 04:00:10,337 | INFO | ================================================================================
2026-06-28 04:00:10,476 | INFO | Split salvo em: data/data_processed/splits/dataset_bfs_2d_kepsilon_with_wz_spatial_x_quantile_x/b8_seed42.json
2026-06-28 04:00:12,908 | INFO | [MLP] ep=0001 loss_train=7.562315e-01 | loss_val=6.944776e-01 | lr=1.000000e-03 | best_val=6.944776e-01
2026-06-28 04:00:25,018 | INFO | [MLP] ep=0010 loss_train=4.442547e-01 | loss_val=4.551050e-01 | lr=1.000000e-03 | best_val=4.551050e-01
2026-06-28 04:00:38,280 | INFO | [MLP] ep=0020 loss_train=3.219962e-01 | loss_val=3.296150e-01 | lr=1.000000e-03 | best_val=3.296150e-01
2026-06-28 04:00:51,805 | INFO | [MLP] ep=0030 loss_train=2.367406e-01 | loss_val=2.447416e-01 | lr=1.000000e-03 | best_val=2.447416e-01
2026-06-28 04:01:05,178 | INFO | [MLP] ep=0040 loss_train=1.941004e-01 | loss_val=2.030794e-01 | lr=1.000000e-03 | best_val=2.030794e-01
2026-06-28 04:01:18,840 | INFO | [MLP] ep=0050 loss_train=1.672083e-01 | loss_val=1.728514e-01 | lr=1.000000e-03 | best_val=1.728514e-01
2026-06-28 04:01:32,480 | INFO | [MLP] ep=0060 loss_train=1.471566e-01 | loss_val=1.573554e-01 | lr=1.000000e-03 | best_val=1.569792e-01
2026-06-28 04:01:46,086 | INFO | [MLP] ep=0070 loss_train=1.327033e-01 | loss_val=1.400403e-01 | lr=1.000000e-03 | best_val=1.389372e-01
2026-06-28 04:01:59,539 | INFO | [MLP] ep=0080 loss_train=1.175211e-01 | loss_val=1.266864e-01 | lr=1.000000e-03 | best_val=1.247762e-01
2026-06-28 04:02:13,022 | INFO | [MLP] ep=0090 loss_train=1.062986e-01 | loss_val=1.176129e-01 | lr=1.000000e-03 | best_val=1.145312e-01
2026-06-28 04:02:26,535 | INFO | [MLP] ep=0100 loss_train=9.921659e-02 | loss_val=1.055675e-01 | lr=1.000000e-03 | best_val=1.054659e-01
2026-06-28 04:02:40,036 | INFO | [MLP] ep=0110 loss_train=8.979101e-02 | loss_val=9.643117e-02 | lr=1.000000e-03 | best_val=9.643117e-02
2026-06-28 04:02:53,454 | INFO | [MLP] ep=0120 loss_train=8.115211e-02 | loss_val=8.616098e-02 | lr=1.000000e-03 | best_val=8.616098e-02
2026-06-28 04:03:07,105 | INFO | [MLP] ep=0130 loss_train=7.259477e-02 | loss_val=7.849394e-02 | lr=1.000000e-03 | best_val=7.849394e-02
2026-06-28 04:03:20,564 | INFO | [MLP] ep=0140 loss_train=6.640915e-02 | loss_val=7.116890e-02 | lr=1.000000e-03 | best_val=7.116890e-02
2026-06-28 04:03:34,157 | INFO | [MLP] ep=0150 loss_train=6.101958e-02 | loss_val=6.519231e-02 | lr=1.000000e-03 | best_val=6.519231e-02
2026-06-28 04:03:47,865 | INFO | [MLP] ep=0160 loss_train=5.659533e-02 | loss_val=6.240168e-02 | lr=1.000000e-03 | best_val=6.131135e-02
2026-06-28 04:04:01,738 | INFO | [MLP] ep=0170 loss_train=5.320796e-02 | loss_val=5.652943e-02 | lr=1.000000e-03 | best_val=5.652943e-02
2026-06-28 04:04:15,116 | INFO | [MLP] ep=0180 loss_train=4.900160e-02 | loss_val=5.309082e-02 | lr=1.000000e-03 | best_val=5.297487e-02
2026-06-28 04:04:28,635 | INFO | [MLP] ep=0190 loss_train=4.636922e-02 | loss_val=4.966520e-02 | lr=1.000000e-03 | best_val=4.966520e-02
2026-06-28 04:04:41,939 | INFO | [MLP] ep=0200 loss_train=4.372764e-02 | loss_val=4.743767e-02 | lr=1.000000e-03 | best_val=4.714378e-02
2026-06-28 04:04:55,717 | INFO | [MLP] ep=0210 loss_train=4.168619e-02 | loss_val=4.467590e-02 | lr=1.000000e-03 | best_val=4.437897e-02
2026-06-28 04:05:09,241 | INFO | [MLP] ep=0220 loss_train=3.912668e-02 | loss_val=4.202870e-02 | lr=1.000000e-03 | best_val=4.202870e-02
2026-06-28 04:05:22,616 | INFO | [MLP] ep=0230 loss_train=3.722373e-02 | loss_val=3.977028e-02 | lr=1.000000e-03 | best_val=3.977028e-02
2026-06-28 04:05:36,019 | INFO | [MLP] ep=0240 loss_train=3.560668e-02 | loss_val=3.892464e-02 | lr=1.000000e-03 | best_val=3.875118e-02
2026-06-28 04:05:49,491 | INFO | [MLP] ep=0250 loss_train=3.398097e-02 | loss_val=3.691343e-02 | lr=1.000000e-03 | best_val=3.661341e-02
2026-06-28 04:06:02,972 | INFO | [MLP] ep=0260 loss_train=3.210659e-02 | loss_val=3.400104e-02 | lr=1.000000e-03 | best_val=3.400104e-02
2026-06-28 04:06:16,754 | INFO | [MLP] ep=0270 loss_train=3.075983e-02 | loss_val=3.254654e-02 | lr=1.000000e-03 | best_val=3.254654e-02
2026-06-28 04:06:30,208 | INFO | [MLP] ep=0280 loss_train=2.923986e-02 | loss_val=3.129656e-02 | lr=1.000000e-03 | best_val=3.129656e-02
2026-06-28 04:06:44,011 | INFO | [MLP] ep=0290 loss_train=2.781062e-02 | loss_val=3.056278e-02 | lr=1.000000e-03 | best_val=2.992934e-02
2026-06-28 04:06:57,424 | INFO | [MLP] ep=0300 loss_train=2.691805e-02 | loss_val=2.875076e-02 | lr=1.000000e-03 | best_val=2.875076e-02
2026-06-28 04:07:11,178 | INFO | [MLP] ep=0310 loss_train=2.691375e-02 | loss_val=2.863480e-02 | lr=1.000000e-03 | best_val=2.787674e-02
2026-06-28 04:07:24,542 | INFO | [MLP] ep=0320 loss_train=2.471692e-02 | loss_val=2.656181e-02 | lr=1.000000e-03 | best_val=2.656181e-02
2026-06-28 04:07:38,096 | INFO | [MLP] ep=0330 loss_train=2.405504e-02 | loss_val=2.623811e-02 | lr=1.000000e-03 | best_val=2.568193e-02
2026-06-28 04:07:51,515 | INFO | [MLP] ep=0340 loss_train=2.306627e-02 | loss_val=2.597572e-02 | lr=1.000000e-03 | best_val=2.457975e-02
2026-06-28 04:08:05,264 | INFO | [MLP] ep=0350 loss_train=2.189295e-02 | loss_val=2.350238e-02 | lr=1.000000e-03 | best_val=2.350238e-02
2026-06-28 04:08:19,983 | INFO | [MLP] ep=0360 loss_train=2.127178e-02 | loss_val=2.276943e-02 | lr=1.000000e-03 | best_val=2.276943e-02
2026-06-28 04:08:33,659 | INFO | [MLP] ep=0370 loss_train=2.116280e-02 | loss_val=2.398288e-02 | lr=1.000000e-03 | best_val=2.223329e-02
2026-06-28 04:08:46,897 | INFO | [MLP] ep=0380 loss_train=1.987595e-02 | loss_val=2.260386e-02 | lr=1.000000e-03 | best_val=2.130502e-02
2026-06-28 04:09:00,232 | INFO | [MLP] ep=0390 loss_train=1.891181e-02 | loss_val=2.098648e-02 | lr=1.000000e-03 | best_val=2.088161e-02
2026-06-28 04:09:13,496 | INFO | [MLP] ep=0400 loss_train=1.806620e-02 | loss_val=1.988873e-02 | lr=5.000000e-04 | best_val=1.988873e-02
2026-06-28 04:09:27,037 | INFO | [MLP] ep=0410 loss_train=1.774703e-02 | loss_val=1.974368e-02 | lr=5.000000e-04 | best_val=1.961074e-02
2026-06-28 04:09:40,504 | INFO | [MLP] ep=0420 loss_train=1.751911e-02 | loss_val=1.939863e-02 | lr=2.500000e-04 | best_val=1.939863e-02
2026-06-28 04:09:54,051 | INFO | [MLP] ep=0430 loss_train=1.724076e-02 | loss_val=1.925791e-02 | lr=2.500000e-04 | best_val=1.925179e-02
2026-06-28 04:10:07,625 | INFO | [MLP] ep=0440 loss_train=1.717747e-02 | loss_val=1.911472e-02 | lr=2.500000e-04 | best_val=1.910221e-02
2026-06-28 04:10:21,328 | INFO | [MLP] ep=0450 loss_train=1.699002e-02 | loss_val=1.898059e-02 | lr=2.500000e-04 | best_val=1.895025e-02
2026-06-28 04:10:35,044 | INFO | [MLP] ep=0460 loss_train=1.689940e-02 | loss_val=1.877204e-02 | lr=2.500000e-04 | best_val=1.877204e-02
2026-06-28 04:10:49,592 | INFO | [MLP] ep=0470 loss_train=1.657372e-02 | loss_val=1.857656e-02 | lr=2.500000e-04 | best_val=1.857656e-02
2026-06-28 04:11:03,156 | INFO | [MLP] ep=0480 loss_train=1.666747e-02 | loss_val=1.872094e-02 | lr=2.500000e-04 | best_val=1.848182e-02
2026-06-28 04:11:16,649 | INFO | [MLP] ep=0490 loss_train=1.656592e-02 | loss_val=1.843973e-02 | lr=2.500000e-04 | best_val=1.836543e-02
2026-06-28 04:11:30,197 | INFO | [MLP] ep=0500 loss_train=1.636792e-02 | loss_val=1.823381e-02 | lr=2.500000e-04 | best_val=1.821831e-02
2026-06-28 04:11:43,661 | INFO | [MLP] ep=0510 loss_train=1.624999e-02 | loss_val=1.822381e-02 | lr=2.500000e-04 | best_val=1.812945e-02
2026-06-28 04:11:56,937 | INFO | [MLP] ep=0520 loss_train=1.593840e-02 | loss_val=1.797405e-02 | lr=1.250000e-04 | best_val=1.791808e-02
2026-06-28 04:12:10,366 | INFO | [MLP] ep=0530 loss_train=1.585349e-02 | loss_val=1.795634e-02 | lr=1.250000e-04 | best_val=1.783031e-02
2026-06-28 04:12:23,718 | INFO | [MLP] ep=0540 loss_train=1.590201e-02 | loss_val=1.790310e-02 | lr=1.250000e-04 | best_val=1.776896e-02
2026-06-28 04:12:37,292 | INFO | [MLP] ep=0550 loss_train=1.569249e-02 | loss_val=1.779824e-02 | lr=1.250000e-04 | best_val=1.768523e-02
2026-06-28 04:12:50,851 | INFO | [MLP] ep=0560 loss_train=1.570713e-02 | loss_val=1.765034e-02 | lr=1.250000e-04 | best_val=1.760884e-02
2026-06-28 04:13:04,442 | INFO | [MLP] ep=0570 loss_train=1.566518e-02 | loss_val=1.763135e-02 | lr=1.250000e-04 | best_val=1.755114e-02
2026-06-28 04:13:18,004 | INFO | [MLP] ep=0580 loss_train=1.549812e-02 | loss_val=1.751703e-02 | lr=1.250000e-04 | best_val=1.748664e-02
2026-06-28 04:13:31,894 | INFO | [MLP] ep=0590 loss_train=1.538415e-02 | loss_val=1.740968e-02 | lr=1.250000e-04 | best_val=1.737750e-02
2026-06-28 04:13:45,328 | INFO | [MLP] ep=0600 loss_train=1.535617e-02 | loss_val=1.732666e-02 | lr=1.250000e-04 | best_val=1.732666e-02
2026-06-28 04:13:59,023 | INFO | [MLP] ep=0610 loss_train=1.534098e-02 | loss_val=1.738945e-02 | lr=1.250000e-04 | best_val=1.724576e-02
2026-06-28 04:14:12,540 | INFO | [MLP] ep=0620 loss_train=1.524392e-02 | loss_val=1.721063e-02 | lr=1.250000e-04 | best_val=1.716867e-02
2026-06-28 04:14:26,193 | INFO | [MLP] ep=0630 loss_train=1.506990e-02 | loss_val=1.717993e-02 | lr=1.250000e-04 | best_val=1.711966e-02
2026-06-28 04:14:39,665 | INFO | [MLP] ep=0640 loss_train=1.513707e-02 | loss_val=1.720545e-02 | lr=1.250000e-04 | best_val=1.700601e-02
2026-06-28 04:14:53,447 | INFO | [MLP] ep=0650 loss_train=1.503714e-02 | loss_val=1.694684e-02 | lr=1.250000e-04 | best_val=1.694684e-02
2026-06-28 04:15:07,135 | INFO | [MLP] ep=0660 loss_train=1.493209e-02 | loss_val=1.685014e-02 | lr=1.250000e-04 | best_val=1.685014e-02
2026-06-28 04:15:20,792 | INFO | [MLP] ep=0670 loss_train=1.497212e-02 | loss_val=1.700605e-02 | lr=1.250000e-04 | best_val=1.682149e-02
2026-06-28 04:15:34,215 | INFO | [MLP] ep=0680 loss_train=1.489190e-02 | loss_val=1.674947e-02 | lr=1.250000e-04 | best_val=1.674947e-02
2026-06-28 04:15:47,815 | INFO | [MLP] ep=0690 loss_train=1.481441e-02 | loss_val=1.673998e-02 | lr=1.250000e-04 | best_val=1.673998e-02
2026-06-28 04:16:01,325 | INFO | [MLP] ep=0700 loss_train=1.468708e-02 | loss_val=1.663751e-02 | lr=1.250000e-04 | best_val=1.660424e-02
2026-06-28 04:16:15,124 | INFO | [MLP] ep=0710 loss_train=1.469830e-02 | loss_val=1.661696e-02 | lr=1.250000e-04 | best_val=1.653559e-02
2026-06-28 04:16:28,649 | INFO | [MLP] ep=0720 loss_train=1.444412e-02 | loss_val=1.647414e-02 | lr=1.250000e-04 | best_val=1.647212e-02
2026-06-28 04:16:42,236 | INFO | [MLP] ep=0730 loss_train=1.457126e-02 | loss_val=1.655078e-02 | lr=1.250000e-04 | best_val=1.643433e-02
2026-06-28 04:16:55,640 | INFO | [MLP] ep=0740 loss_train=1.450492e-02 | loss_val=1.643803e-02 | lr=1.250000e-04 | best_val=1.639244e-02
2026-06-28 04:17:09,221 | INFO | [MLP] ep=0750 loss_train=1.443768e-02 | loss_val=1.632663e-02 | lr=1.250000e-04 | best_val=1.629843e-02
2026-06-28 04:17:22,811 | INFO | [MLP] ep=0760 loss_train=1.432284e-02 | loss_val=1.625811e-02 | lr=6.250000e-05 | best_val=1.619560e-02
2026-06-28 04:17:36,405 | INFO | [MLP] ep=0770 loss_train=1.423624e-02 | loss_val=1.617204e-02 | lr=6.250000e-05 | best_val=1.617204e-02
2026-06-28 04:17:49,835 | INFO | [MLP] ep=0780 loss_train=1.413856e-02 | loss_val=1.615890e-02 | lr=6.250000e-05 | best_val=1.615676e-02
2026-06-28 04:18:03,468 | INFO | [MLP] ep=0790 loss_train=1.414530e-02 | loss_val=1.610726e-02 | lr=6.250000e-05 | best_val=1.610713e-02
2026-06-28 04:18:16,943 | INFO | [MLP] ep=0800 loss_train=1.413465e-02 | loss_val=1.609867e-02 | lr=6.250000e-05 | best_val=1.605295e-02
2026-06-28 04:18:30,970 | INFO | [MLP] ep=0810 loss_train=1.399280e-02 | loss_val=1.605042e-02 | lr=6.250000e-05 | best_val=1.603858e-02
2026-06-28 04:18:44,429 | INFO | [MLP] ep=0820 loss_train=1.407362e-02 | loss_val=1.604664e-02 | lr=6.250000e-05 | best_val=1.602478e-02
2026-06-28 04:18:58,147 | INFO | [MLP] ep=0830 loss_train=1.403157e-02 | loss_val=1.601075e-02 | lr=6.250000e-05 | best_val=1.600620e-02
2026-06-28 04:19:11,598 | INFO | [MLP] ep=0840 loss_train=1.399494e-02 | loss_val=1.595673e-02 | lr=6.250000e-05 | best_val=1.595635e-02
2026-06-28 04:19:25,111 | INFO | [MLP] ep=0850 loss_train=1.402071e-02 | loss_val=1.600903e-02 | lr=6.250000e-05 | best_val=1.592358e-02
2026-06-28 04:19:38,552 | INFO | [MLP] ep=0860 loss_train=1.391053e-02 | loss_val=1.595236e-02 | lr=6.250000e-05 | best_val=1.586580e-02
2026-06-28 04:19:52,104 | INFO | [MLP] ep=0870 loss_train=1.391489e-02 | loss_val=1.585147e-02 | lr=6.250000e-05 | best_val=1.585147e-02
2026-06-28 04:20:05,666 | INFO | [MLP] ep=0880 loss_train=1.391649e-02 | loss_val=1.585051e-02 | lr=6.250000e-05 | best_val=1.585051e-02
2026-06-28 04:20:19,333 | INFO | [MLP] ep=0890 loss_train=1.382496e-02 | loss_val=1.581325e-02 | lr=3.125000e-05 | best_val=1.581012e-02
2026-06-28 04:20:32,727 | INFO | [MLP] ep=0900 loss_train=1.381336e-02 | loss_val=1.580284e-02 | lr=3.125000e-05 | best_val=1.579154e-02
2026-06-28 04:20:46,306 | INFO | [MLP] ep=0910 loss_train=1.386590e-02 | loss_val=1.574598e-02 | lr=3.125000e-05 | best_val=1.574598e-02
2026-06-28 04:20:59,977 | INFO | [MLP] ep=0920 loss_train=1.381689e-02 | loss_val=1.577680e-02 | lr=3.125000e-05 | best_val=1.574598e-02
2026-06-28 04:21:13,920 | INFO | [MLP] ep=0930 loss_train=1.376199e-02 | loss_val=1.577604e-02 | lr=3.125000e-05 | best_val=1.573235e-02
2026-06-28 04:21:27,283 | INFO | [MLP] ep=0940 loss_train=1.372916e-02 | loss_val=1.572387e-02 | lr=1.562500e-05 | best_val=1.572387e-02
2026-06-28 04:21:41,434 | INFO | [MLP] ep=0950 loss_train=1.372857e-02 | loss_val=1.570882e-02 | lr=1.562500e-05 | best_val=1.570490e-02
2026-06-28 04:21:55,325 | INFO | [MLP] ep=0960 loss_train=1.373116e-02 | loss_val=1.571636e-02 | lr=1.562500e-05 | best_val=1.569457e-02
2026-06-28 04:22:09,153 | INFO | [MLP] ep=0970 loss_train=1.373634e-02 | loss_val=1.568310e-02 | lr=1.562500e-05 | best_val=1.568310e-02
2026-06-28 04:22:23,296 | INFO | [MLP] ep=0980 loss_train=1.370033e-02 | loss_val=1.569463e-02 | lr=1.562500e-05 | best_val=1.567663e-02
2026-06-28 04:22:36,843 | INFO | [MLP] ep=0990 loss_train=1.370443e-02 | loss_val=1.567449e-02 | lr=7.812500e-06 | best_val=1.567449e-02
2026-06-28 04:22:50,393 | INFO | [MLP] ep=1000 loss_train=1.368606e-02 | loss_val=1.567118e-02 | lr=7.812500e-06 | best_val=1.566960e-02
2026-06-28 04:23:00,923 | INFO | ================================================================================
2026-06-28 04:23:00,923 | INFO | Experimento finalizado
2026-06-28 04:23:00,923 | INFO | Wall time: 1370.59 s
2026-06-28 04:23:00,923 | INFO | CPU time: 1370.36 s
2026-06-28 04:23:00,923 | INFO | Metadados salvos em: logs/k_epsilon_20260628_040010.json
2026-06-28 04:23:00,923 | INFO | ================================================================================
