2026-06-30 02:11:52,980 | INFO | ================================================================================
2026-06-30 02:11:52,980 | INFO | Iniciando experimento: k_epsilon_pinn
2026-06-30 02:11:52,980 | INFO | Run ID: k_epsilon_pinn_20260630_021152
2026-06-30 02:11:52,980 | INFO | Hardware: {'platform': 'Linux-6.8.0-124-generic-x86_64-with-glibc2.35', 'processor': 'x86_64', 'python_version': '3.11.14', 'cpu_count_logical': 12, 'cpu_count_physical': 6, 'ram_total_gb': 31.16, 'torch_version': '2.9.1+cu128', 'cuda_available': True, 'cuda_version': '12.8', 'gpu_name': 'NVIDIA GeForce RTX 3060', 'gpu_count': 1, 'gpu_memory_gb': 11.76}
2026-06-30 02:11:52,980 | INFO | Config: {'experiment': {'name': 'k_epsilon', 'seed': 42}, 'paths': {'root': '.', 'data_process_dir': 'data/data_processed', 'data_cfd_dir': 'data/data_cfd', 'results_dir': 'results', 'models_dir': 'results/models', 'metrics_dir': 'results/metrics', 'plots_dir': 'results/plots', 'logs_dir': 'logs'}, 'dataset': {'parquet': 'dataset_bfs_2d_kepsilon_with_wz.parquet', 'test_output': 'dataset_test_pinn'}, 'features': ['x', 'y', 'Ux', 'Uy', 'p', 'k', 'nut_log', 'Re'], 'targets': ['dUx', 'dUy', 'dp'], 'model': {'type': 'pinn', 'width': 64, 'depth': 4, 'activation': 'tanh'}, 'training': {'batch_size': 4096, 'epochs': 1000, 'lr': '1e-3', 'weight_decay': '1e-6'}, 'early_stopping': {'patience': 20}, 'scheduler': {'factor': 0.5, 'patience': 10}, 'split': {'strategy': 'spatial_x_quantile', 'column': 'x', 'bins': 8, 'test_frac': 0.2, 'version': 'v1'}, 'pinn': {'epochs_pre': 500, 'epochs_phys': 300, 'w_data': 1.0, 'w_cont': '1e-5'}}
2026-06-30 02:11:52,980 | INFO | ================================================================================
2026-06-30 02:11:53,127 | INFO | Split salvo em: data/data_processed/splits/dataset_bfs_2d_kepsilon_with_wz_spatial_x_quantile_x/b8_v1_seed42.json
2026-06-30 02:11:54,967 | INFO | [PINN[PRE]] ep=0001 loss_train=7.562315e-01 | loss_val=6.944776e-01 | lr=1.000000e-03 | best_val=6.944776e-01
2026-06-30 02:11:58,566 | INFO | [PINN[PRE]] ep=0010 loss_train=4.412878e-01 | loss_val=4.535606e-01 | lr=1.000000e-03 | best_val=4.535606e-01
2026-06-30 02:12:02,492 | INFO | [PINN[PRE]] ep=0020 loss_train=3.185780e-01 | loss_val=3.247732e-01 | lr=1.000000e-03 | best_val=3.247732e-01
2026-06-30 02:12:06,441 | INFO | [PINN[PRE]] ep=0030 loss_train=2.365390e-01 | loss_val=2.435729e-01 | lr=1.000000e-03 | best_val=2.435729e-01
2026-06-30 02:12:10,867 | INFO | [PINN[PRE]] ep=0040 loss_train=1.956134e-01 | loss_val=2.031494e-01 | lr=1.000000e-03 | best_val=2.031494e-01
2026-06-30 02:12:15,081 | INFO | [PINN[PRE]] ep=0050 loss_train=1.662652e-01 | loss_val=1.734205e-01 | lr=1.000000e-03 | best_val=1.734205e-01
2026-06-30 02:12:19,347 | INFO | [PINN[PRE]] ep=0060 loss_train=1.497391e-01 | loss_val=1.543211e-01 | lr=1.000000e-03 | best_val=1.543211e-01
2026-06-30 02:12:23,278 | INFO | [PINN[PRE]] ep=0070 loss_train=1.349005e-01 | loss_val=1.418366e-01 | lr=1.000000e-03 | best_val=1.412191e-01
2026-06-30 02:12:27,697 | INFO | [PINN[PRE]] ep=0080 loss_train=1.178185e-01 | loss_val=1.248958e-01 | lr=1.000000e-03 | best_val=1.248958e-01
2026-06-30 02:12:31,816 | INFO | [PINN[PRE]] ep=0090 loss_train=1.055535e-01 | loss_val=1.130188e-01 | lr=1.000000e-03 | best_val=1.130188e-01
2026-06-30 02:12:36,022 | INFO | [PINN[PRE]] ep=0100 loss_train=9.642288e-02 | loss_val=1.043276e-01 | lr=1.000000e-03 | best_val=1.042066e-01
2026-06-30 02:12:40,158 | INFO | [PINN[PRE]] ep=0110 loss_train=8.772121e-02 | loss_val=9.779511e-02 | lr=1.000000e-03 | best_val=9.519374e-02
2026-06-30 02:12:44,427 | INFO | [PINN[PRE]] ep=0120 loss_train=8.178725e-02 | loss_val=8.630001e-02 | lr=1.000000e-03 | best_val=8.630001e-02
2026-06-30 02:12:48,915 | INFO | [PINN[PRE]] ep=0130 loss_train=7.521994e-02 | loss_val=7.931594e-02 | lr=1.000000e-03 | best_val=7.893044e-02
2026-06-30 02:12:53,104 | INFO | [PINN[PRE]] ep=0140 loss_train=6.748185e-02 | loss_val=7.431861e-02 | lr=1.000000e-03 | best_val=7.216881e-02
2026-06-30 02:12:57,391 | INFO | [PINN[PRE]] ep=0150 loss_train=6.218211e-02 | loss_val=6.597219e-02 | lr=1.000000e-03 | best_val=6.597219e-02
2026-06-30 02:13:01,693 | INFO | [PINN[PRE]] ep=0160 loss_train=5.665827e-02 | loss_val=6.093260e-02 | lr=1.000000e-03 | best_val=6.093260e-02
2026-06-30 02:13:06,125 | INFO | [PINN[PRE]] ep=0170 loss_train=5.287783e-02 | loss_val=5.626155e-02 | lr=1.000000e-03 | best_val=5.626155e-02
2026-06-30 02:13:10,405 | INFO | [PINN[PRE]] ep=0180 loss_train=4.926901e-02 | loss_val=5.283517e-02 | lr=1.000000e-03 | best_val=5.279376e-02
2026-06-30 02:13:14,245 | INFO | [PINN[PRE]] ep=0190 loss_train=4.663779e-02 | loss_val=4.982057e-02 | lr=1.000000e-03 | best_val=4.982057e-02
2026-06-30 02:13:18,720 | INFO | [PINN[PRE]] ep=0200 loss_train=4.432408e-02 | loss_val=4.706174e-02 | lr=1.000000e-03 | best_val=4.668045e-02
2026-06-30 02:13:23,220 | INFO | [PINN[PRE]] ep=0210 loss_train=4.145855e-02 | loss_val=4.414038e-02 | lr=1.000000e-03 | best_val=4.388568e-02
2026-06-30 02:13:27,374 | INFO | [PINN[PRE]] ep=0220 loss_train=3.857036e-02 | loss_val=4.130006e-02 | lr=1.000000e-03 | best_val=4.097623e-02
2026-06-30 02:13:31,537 | INFO | [PINN[PRE]] ep=0230 loss_train=3.642306e-02 | loss_val=3.856808e-02 | lr=1.000000e-03 | best_val=3.856808e-02
2026-06-30 02:13:35,984 | INFO | [PINN[PRE]] ep=0240 loss_train=3.523666e-02 | loss_val=3.723778e-02 | lr=1.000000e-03 | best_val=3.723778e-02
2026-06-30 02:13:40,765 | INFO | [PINN[PRE]] ep=0250 loss_train=3.398379e-02 | loss_val=3.529852e-02 | lr=1.000000e-03 | best_val=3.529852e-02
2026-06-30 02:13:45,129 | INFO | [PINN[PRE]] ep=0260 loss_train=3.178673e-02 | loss_val=3.414096e-02 | lr=1.000000e-03 | best_val=3.376285e-02
2026-06-30 02:13:49,600 | INFO | [PINN[PRE]] ep=0270 loss_train=3.126954e-02 | loss_val=3.257100e-02 | lr=1.000000e-03 | best_val=3.254171e-02
2026-06-30 02:13:54,028 | INFO | [PINN[PRE]] ep=0280 loss_train=2.966245e-02 | loss_val=3.102782e-02 | lr=1.000000e-03 | best_val=3.085187e-02
2026-06-30 02:13:58,154 | INFO | [PINN[PRE]] ep=0290 loss_train=2.840313e-02 | loss_val=3.023979e-02 | lr=1.000000e-03 | best_val=2.977059e-02
2026-06-30 02:14:02,799 | INFO | [PINN[PRE]] ep=0300 loss_train=2.772024e-02 | loss_val=2.914920e-02 | lr=1.000000e-03 | best_val=2.853036e-02
2026-06-30 02:14:07,013 | INFO | [PINN[PRE]] ep=0310 loss_train=2.698499e-02 | loss_val=2.770602e-02 | lr=1.000000e-03 | best_val=2.770602e-02
2026-06-30 02:14:11,075 | INFO | [PINN[PRE]] ep=0320 loss_train=2.561822e-02 | loss_val=2.694156e-02 | lr=1.000000e-03 | best_val=2.694156e-02
2026-06-30 02:14:15,337 | INFO | [PINN[PRE]] ep=0330 loss_train=2.441725e-02 | loss_val=2.576515e-02 | lr=1.000000e-03 | best_val=2.576515e-02
2026-06-30 02:14:19,369 | INFO | [PINN[PRE]] ep=0340 loss_train=2.401342e-02 | loss_val=2.552076e-02 | lr=1.000000e-03 | best_val=2.552076e-02
2026-06-30 02:14:23,954 | INFO | [PINN[PRE]] ep=0350 loss_train=2.359753e-02 | loss_val=2.478259e-02 | lr=1.000000e-03 | best_val=2.462177e-02
2026-06-30 02:14:28,049 | INFO | [PINN[PRE]] ep=0360 loss_train=2.233922e-02 | loss_val=2.367956e-02 | lr=1.000000e-03 | best_val=2.361431e-02
2026-06-30 02:14:32,168 | INFO | [PINN[PRE]] ep=0370 loss_train=2.169531e-02 | loss_val=2.359234e-02 | lr=1.000000e-03 | best_val=2.317550e-02
2026-06-30 02:14:36,119 | INFO | [PINN[PRE]] ep=0380 loss_train=2.089325e-02 | loss_val=2.235029e-02 | lr=1.000000e-03 | best_val=2.235029e-02
2026-06-30 02:14:40,247 | INFO | [PINN[PRE]] ep=0390 loss_train=2.021637e-02 | loss_val=2.225561e-02 | lr=1.000000e-03 | best_val=2.162354e-02
2026-06-30 02:14:44,334 | INFO | [PINN[PRE]] ep=0400 loss_train=1.999920e-02 | loss_val=2.130463e-02 | lr=1.000000e-03 | best_val=2.129378e-02
2026-06-30 02:14:48,067 | INFO | [PINN[PRE]] ep=0410 loss_train=1.938730e-02 | loss_val=2.139035e-02 | lr=1.000000e-03 | best_val=2.092053e-02
2026-06-30 02:14:51,825 | INFO | [PINN[PRE]] ep=0420 loss_train=1.881427e-02 | loss_val=2.140885e-02 | lr=1.000000e-03 | best_val=2.025748e-02
2026-06-30 02:14:55,511 | INFO | [PINN[PRE]] ep=0430 loss_train=1.921378e-02 | loss_val=2.033108e-02 | lr=1.000000e-03 | best_val=1.974153e-02
2026-06-30 02:14:59,788 | INFO | [PINN[PRE]] ep=0440 loss_train=1.821076e-02 | loss_val=1.984641e-02 | lr=1.000000e-03 | best_val=1.950275e-02
2026-06-30 02:15:03,452 | INFO | [PINN[PRE]] ep=0450 loss_train=1.776819e-02 | loss_val=1.985506e-02 | lr=1.000000e-03 | best_val=1.929160e-02
2026-06-30 02:15:07,539 | INFO | [PINN[PRE]] ep=0460 loss_train=1.732228e-02 | loss_val=1.945966e-02 | lr=1.000000e-03 | best_val=1.841322e-02
2026-06-30 02:15:11,385 | INFO | [PINN[PRE]] ep=0470 loss_train=1.684534e-02 | loss_val=1.841723e-02 | lr=5.000000e-04 | best_val=1.841322e-02
2026-06-30 02:15:15,267 | INFO | [PINN[PRE]] ep=0480 loss_train=1.615146e-02 | loss_val=1.817743e-02 | lr=5.000000e-04 | best_val=1.774971e-02
2026-06-30 02:15:19,257 | INFO | [PINN[PRE]] ep=0490 loss_train=1.582403e-02 | loss_val=1.765857e-02 | lr=5.000000e-04 | best_val=1.755582e-02
2026-06-30 02:15:22,935 | INFO | [PINN[PRE]] ep=0500 loss_train=1.575802e-02 | loss_val=1.751206e-02 | lr=5.000000e-04 | best_val=1.739389e-02
2026-06-30 02:15:23,935 | INFO | [PINN[PHYS]] ep=0001 loss_total=1.051201e+00 | loss_data=4.152075e-01 | loss_cont=6.359939e+04 | loss_val=4.535599e-01 | lr=5.000000e-04 | best_val=4.535599e-01
2026-06-30 02:15:28,263 | INFO | [PINN[PHYS]] ep=0010 loss_total=2.073437e-01 | loss_data=1.717005e-01 | loss_cont=3.564322e+03 | loss_val=1.776087e-01 | lr=5.000000e-04 | best_val=1.776087e-01
2026-06-30 02:15:33,172 | INFO | [PINN[PHYS]] ep=0020 loss_total=1.553937e-01 | loss_data=1.318132e-01 | loss_cont=2.358049e+03 | loss_val=1.388686e-01 | lr=5.000000e-04 | best_val=1.388686e-01
2026-06-30 02:15:38,183 | INFO | [PINN[PHYS]] ep=0030 loss_total=1.300358e-01 | loss_data=1.119127e-01 | loss_cont=1.812314e+03 | loss_val=1.183395e-01 | lr=5.000000e-04 | best_val=1.183395e-01
2026-06-30 02:15:43,261 | INFO | [PINN[PHYS]] ep=0040 loss_total=1.128756e-01 | loss_data=9.825655e-02 | loss_cont=1.461909e+03 | loss_val=1.046220e-01 | lr=5.000000e-04 | best_val=1.046220e-01
2026-06-30 02:15:48,106 | INFO | [PINN[PHYS]] ep=0050 loss_total=1.004656e-01 | loss_data=8.839518e-02 | loss_cont=1.207044e+03 | loss_val=9.542379e-02 | lr=5.000000e-04 | best_val=9.542379e-02
2026-06-30 02:15:53,161 | INFO | [PINN[PHYS]] ep=0060 loss_total=9.160441e-02 | loss_data=8.131224e-02 | loss_cont=1.029217e+03 | loss_val=8.815592e-02 | lr=5.000000e-04 | best_val=8.769716e-02
2026-06-30 02:15:58,340 | INFO | [PINN[PHYS]] ep=0070 loss_total=8.360078e-02 | loss_data=7.460914e-02 | loss_cont=8.991648e+02 | loss_val=8.059315e-02 | lr=5.000000e-04 | best_val=8.059315e-02
2026-06-30 02:16:03,318 | INFO | [PINN[PHYS]] ep=0080 loss_total=7.671124e-02 | loss_data=6.880686e-02 | loss_cont=7.904380e+02 | loss_val=7.453275e-02 | lr=5.000000e-04 | best_val=7.453275e-02
2026-06-30 02:16:08,392 | INFO | [PINN[PHYS]] ep=0090 loss_total=7.076328e-02 | loss_data=6.367683e-02 | loss_cont=7.086454e+02 | loss_val=6.970202e-02 | lr=5.000000e-04 | best_val=6.970202e-02
2026-06-30 02:16:13,055 | INFO | [PINN[PHYS]] ep=0100 loss_total=6.627128e-02 | loss_data=5.977094e-02 | loss_cont=6.500338e+02 | loss_val=6.493093e-02 | lr=5.000000e-04 | best_val=6.493093e-02
2026-06-30 02:16:17,903 | INFO | [PINN[PHYS]] ep=0110 loss_total=6.199198e-02 | loss_data=5.607355e-02 | loss_cont=5.918430e+02 | loss_val=6.100098e-02 | lr=5.000000e-04 | best_val=6.100098e-02
2026-06-30 02:16:22,898 | INFO | [PINN[PHYS]] ep=0120 loss_total=5.787073e-02 | loss_data=5.237357e-02 | loss_cont=5.497160e+02 | loss_val=5.759834e-02 | lr=5.000000e-04 | best_val=5.759834e-02
2026-06-30 02:16:27,840 | INFO | [PINN[PHYS]] ep=0130 loss_total=5.504716e-02 | loss_data=4.982663e-02 | loss_cont=5.220528e+02 | loss_val=5.450193e-02 | lr=5.000000e-04 | best_val=5.450193e-02
2026-06-30 02:16:32,634 | INFO | [PINN[PHYS]] ep=0140 loss_total=5.218929e-02 | loss_data=4.730670e-02 | loss_cont=4.882589e+02 | loss_val=5.186740e-02 | lr=5.000000e-04 | best_val=5.186740e-02
2026-06-30 02:16:37,547 | INFO | [PINN[PHYS]] ep=0150 loss_total=4.963449e-02 | loss_data=4.506960e-02 | loss_cont=4.564888e+02 | loss_val=4.945009e-02 | lr=5.000000e-04 | best_val=4.945009e-02
2026-06-30 02:16:42,480 | INFO | [PINN[PHYS]] ep=0160 loss_total=4.790683e-02 | loss_data=4.344197e-02 | loss_cont=4.464852e+02 | loss_val=4.713741e-02 | lr=5.000000e-04 | best_val=4.713741e-02
2026-06-30 02:16:47,335 | INFO | [PINN[PHYS]] ep=0170 loss_total=4.549085e-02 | loss_data=4.130203e-02 | loss_cont=4.188822e+02 | loss_val=4.531540e-02 | lr=5.000000e-04 | best_val=4.531540e-02
2026-06-30 02:16:52,099 | INFO | [PINN[PHYS]] ep=0180 loss_total=4.338736e-02 | loss_data=3.942637e-02 | loss_cont=3.960996e+02 | loss_val=4.362822e-02 | lr=5.000000e-04 | best_val=4.362822e-02
2026-06-30 02:16:56,913 | INFO | [PINN[PHYS]] ep=0190 loss_total=4.163085e-02 | loss_data=3.787477e-02 | loss_cont=3.756081e+02 | loss_val=4.156600e-02 | lr=5.000000e-04 | best_val=4.156600e-02
2026-06-30 02:17:01,956 | INFO | [PINN[PHYS]] ep=0200 loss_total=4.014692e-02 | loss_data=3.648043e-02 | loss_cont=3.666486e+02 | loss_val=3.997165e-02 | lr=5.000000e-04 | best_val=3.997165e-02
2026-06-30 02:17:06,746 | INFO | [PINN[PHYS]] ep=0210 loss_total=3.865663e-02 | loss_data=3.501979e-02 | loss_cont=3.636843e+02 | loss_val=3.856476e-02 | lr=5.000000e-04 | best_val=3.856476e-02
2026-06-30 02:17:11,487 | INFO | [PINN[PHYS]] ep=0220 loss_total=3.689826e-02 | loss_data=3.352904e-02 | loss_cont=3.369216e+02 | loss_val=3.691970e-02 | lr=5.000000e-04 | best_val=3.691970e-02
2026-06-30 02:17:16,413 | INFO | [PINN[PHYS]] ep=0230 loss_total=3.568540e-02 | loss_data=3.242321e-02 | loss_cont=3.262188e+02 | loss_val=3.577362e-02 | lr=5.000000e-04 | best_val=3.577362e-02
2026-06-30 02:17:20,908 | INFO | [PINN[PHYS]] ep=0240 loss_total=3.460110e-02 | loss_data=3.142028e-02 | loss_cont=3.180819e+02 | loss_val=3.459090e-02 | lr=5.000000e-04 | best_val=3.448931e-02
2026-06-30 02:17:25,953 | INFO | [PINN[PHYS]] ep=0250 loss_total=3.357355e-02 | loss_data=3.051206e-02 | loss_cont=3.061483e+02 | loss_val=3.465505e-02 | lr=5.000000e-04 | best_val=3.344324e-02
2026-06-30 02:17:30,727 | INFO | [PINN[PHYS]] ep=0260 loss_total=3.261585e-02 | loss_data=2.966028e-02 | loss_cont=2.955568e+02 | loss_val=3.220762e-02 | lr=5.000000e-04 | best_val=3.220762e-02
2026-06-30 02:17:35,398 | INFO | [PINN[PHYS]] ep=0270 loss_total=3.155608e-02 | loss_data=2.867828e-02 | loss_cont=2.877801e+02 | loss_val=3.136158e-02 | lr=5.000000e-04 | best_val=3.122080e-02
2026-06-30 02:17:40,202 | INFO | [PINN[PHYS]] ep=0280 loss_total=3.089218e-02 | loss_data=2.806487e-02 | loss_cont=2.827315e+02 | loss_val=3.048629e-02 | lr=5.000000e-04 | best_val=3.036689e-02
2026-06-30 02:17:44,981 | INFO | [PINN[PHYS]] ep=0290 loss_total=3.090494e-02 | loss_data=2.788052e-02 | loss_cont=3.024420e+02 | loss_val=2.995453e-02 | lr=5.000000e-04 | best_val=2.955501e-02
2026-06-30 02:17:50,011 | INFO | [PINN[PHYS]] ep=0300 loss_total=2.954645e-02 | loss_data=2.671074e-02 | loss_cont=2.835706e+02 | loss_val=2.903360e-02 | lr=5.000000e-04 | best_val=2.863916e-02
2026-06-30 02:18:01,065 | INFO | ================================================================================
2026-06-30 02:18:01,065 | INFO | Experimento finalizado
2026-06-30 02:18:01,065 | INFO | Wall time: 368.09 s
2026-06-30 02:18:01,065 | INFO | CPU time: 142.07 s
2026-06-30 02:18:01,066 | INFO | Metadados salvos em: logs/k_epsilon_pinn_20260630_021152.json
2026-06-30 02:18:01,066 | INFO | ================================================================================
