2026-07-28 17:25:11,516 | INFO | Dispositivo do experimento: cuda
2026-07-28 17:25:11,516 | INFO | ================================================================================
2026-07-28 17:25:11,516 | INFO | Iniciando experimento: pinn_cont_base
2026-07-28 17:25:11,516 | INFO | Run ID: pinn_cont_base_k_epsilon_20260728_172511
2026-07-28 17:25:11,516 | INFO | Hardware: {'platform': 'Linux-6.8.0-136-generic-x86_64-with-glibc2.35', 'processor': 'x86_64', 'python_version': '3.11.14', 'cpu_count_logical': 12, 'cpu_count_physical': 6, 'ram_total_gb': 31.16, 'torch_version': '2.9.1+cu128', 'cuda_available': True, 'cuda_version': '12.8', 'gpu_name': 'NVIDIA GeForce RTX 3060', 'gpu_count': 1, 'gpu_memory_gb': 11.62}
2026-07-28 17:25:11,516 | INFO | Config: {'experiment': {'name': 'cont_base', 'type': 'k_epsilon', 'seed': 123}, 'paths': {'root': '.', 'data_process_dir': 'data/data_processed', 'data_cfd_dir': 'data/data_cfd', 'results_dir': 'results', 'models_dir': 'results/models', 'metrics_dir': 'results/metrics', 'plots_dir': 'results/plots', 'logs_dir': 'logs'}, 'dataset': {'parquet': 'dataset_bfs_2d_kepsilon_Re36000_full.parquet', 'test_output': 'dataset_test_pinn'}, 'features': ['x', 'y', 'Ux', 'Uy', 'p', 'Re_norm'], 'targets': ['dUx', 'dUy', 'dp'], 'model': {'type': 'pinn', 'width': 64, 'depth': 4, 'activation': 'tanh'}, 'training': {'batch_size': 4096, 'epochs': 1000, 'lr': '1e-3', 'weight_decay': '1e-6'}, 'early_stopping': {'patience': 20}, 'scheduler': {'factor': 0.5, 'patience': 10}, 'split': {'strategy': 'spatial_x_quantile', 'column': 'x', 'bins': 8, 'test_frac': 0.2, 'version': 'v1'}, 'pinn': {'physics_mode': 'continuity', 'nut_transform': 'exp', 'epochs_pre': 1000, 'epochs_phys': 1000, 'w_data': 1.0, 'w_cont': 7.5e-05, 'w_mom': '1e-5'}}
2026-07-28 17:25:11,516 | INFO | ================================================================================
2026-07-28 17:25:11,693 | INFO | Dataset salvo: dataset_test_pinn_cont_base_d4_w64.parquet
2026-07-28 17:25:11,693 | INFO | Split salvo em: data/data_processed/splits/dataset_bfs_2d_kepsilon_Re36000_full_spatial_x_quantile_x/b8_v1_seed123.json
2026-07-28 17:25:11,815 | INFO | Model device: cuda:0
2026-07-28 17:25:13,520 | INFO | [PINN[PRE]] ep=0001 loss_train=7.762994e-01 | loss_val=7.252721e-01 | lr=1.000000e-03 | best_val=7.252721e-01
2026-07-28 17:25:17,328 | INFO | [PINN[PRE]] ep=0010 loss_train=4.478884e-01 | loss_val=4.579746e-01 | lr=1.000000e-03 | best_val=4.579746e-01
2026-07-28 17:25:21,641 | INFO | [PINN[PRE]] ep=0020 loss_train=3.511715e-01 | loss_val=3.555646e-01 | lr=1.000000e-03 | best_val=3.555646e-01
2026-07-28 17:25:26,174 | INFO | [PINN[PRE]] ep=0030 loss_train=2.346058e-01 | loss_val=2.421854e-01 | lr=1.000000e-03 | best_val=2.421854e-01
2026-07-28 17:25:30,245 | INFO | [PINN[PRE]] ep=0040 loss_train=1.873140e-01 | loss_val=1.930335e-01 | lr=1.000000e-03 | best_val=1.930335e-01
2026-07-28 17:25:34,722 | INFO | [PINN[PRE]] ep=0050 loss_train=1.613719e-01 | loss_val=1.688621e-01 | lr=1.000000e-03 | best_val=1.688621e-01
2026-07-28 17:25:39,163 | INFO | [PINN[PRE]] ep=0060 loss_train=1.461393e-01 | loss_val=1.498874e-01 | lr=1.000000e-03 | best_val=1.498874e-01
2026-07-28 17:25:43,964 | INFO | [PINN[PRE]] ep=0070 loss_train=1.326104e-01 | loss_val=1.367536e-01 | lr=1.000000e-03 | best_val=1.367536e-01
2026-07-28 17:25:48,572 | INFO | [PINN[PRE]] ep=0080 loss_train=1.225519e-01 | loss_val=1.249939e-01 | lr=1.000000e-03 | best_val=1.249939e-01
2026-07-28 17:25:53,325 | INFO | [PINN[PRE]] ep=0090 loss_train=1.156638e-01 | loss_val=1.129569e-01 | lr=1.000000e-03 | best_val=1.129569e-01
2026-07-28 17:25:57,981 | INFO | [PINN[PRE]] ep=0100 loss_train=1.040560e-01 | loss_val=1.042319e-01 | lr=1.000000e-03 | best_val=1.038775e-01
2026-07-28 17:26:02,755 | INFO | [PINN[PRE]] ep=0110 loss_train=9.302816e-02 | loss_val=9.500084e-02 | lr=1.000000e-03 | best_val=9.500084e-02
2026-07-28 17:26:07,430 | INFO | [PINN[PRE]] ep=0120 loss_train=8.673076e-02 | loss_val=8.755593e-02 | lr=1.000000e-03 | best_val=8.755593e-02
2026-07-28 17:26:12,071 | INFO | [PINN[PRE]] ep=0130 loss_train=7.967207e-02 | loss_val=8.133408e-02 | lr=1.000000e-03 | best_val=8.133408e-02
2026-07-28 17:26:16,787 | INFO | [PINN[PRE]] ep=0140 loss_train=7.530323e-02 | loss_val=7.582017e-02 | lr=1.000000e-03 | best_val=7.582017e-02
2026-07-28 17:26:21,488 | INFO | [PINN[PRE]] ep=0150 loss_train=6.828068e-02 | loss_val=7.019057e-02 | lr=1.000000e-03 | best_val=7.019057e-02
2026-07-28 17:26:26,171 | INFO | [PINN[PRE]] ep=0160 loss_train=6.510352e-02 | loss_val=6.698118e-02 | lr=1.000000e-03 | best_val=6.512753e-02
2026-07-28 17:26:31,129 | INFO | [PINN[PRE]] ep=0170 loss_train=6.052165e-02 | loss_val=6.050051e-02 | lr=1.000000e-03 | best_val=6.050051e-02
2026-07-28 17:26:36,030 | INFO | [PINN[PRE]] ep=0180 loss_train=5.719359e-02 | loss_val=5.745070e-02 | lr=1.000000e-03 | best_val=5.745070e-02
2026-07-28 17:26:40,776 | INFO | [PINN[PRE]] ep=0190 loss_train=5.297524e-02 | loss_val=5.373074e-02 | lr=1.000000e-03 | best_val=5.373074e-02
2026-07-28 17:26:45,466 | INFO | [PINN[PRE]] ep=0200 loss_train=5.049849e-02 | loss_val=5.197175e-02 | lr=1.000000e-03 | best_val=5.136939e-02
2026-07-28 17:26:50,317 | INFO | [PINN[PRE]] ep=0210 loss_train=4.790790e-02 | loss_val=5.065153e-02 | lr=1.000000e-03 | best_val=4.892013e-02
2026-07-28 17:26:54,971 | INFO | [PINN[PRE]] ep=0220 loss_train=4.474345e-02 | loss_val=4.598145e-02 | lr=1.000000e-03 | best_val=4.598145e-02
2026-07-28 17:26:59,598 | INFO | [PINN[PRE]] ep=0230 loss_train=4.249681e-02 | loss_val=4.378945e-02 | lr=1.000000e-03 | best_val=4.378945e-02
2026-07-28 17:27:04,596 | INFO | [PINN[PRE]] ep=0240 loss_train=4.016363e-02 | loss_val=4.152446e-02 | lr=1.000000e-03 | best_val=4.152446e-02
2026-07-28 17:27:10,205 | INFO | [PINN[PRE]] ep=0250 loss_train=3.845634e-02 | loss_val=3.994889e-02 | lr=1.000000e-03 | best_val=3.985552e-02
2026-07-28 17:27:15,641 | INFO | [PINN[PRE]] ep=0260 loss_train=3.713559e-02 | loss_val=3.761617e-02 | lr=1.000000e-03 | best_val=3.761617e-02
2026-07-28 17:27:21,030 | INFO | [PINN[PRE]] ep=0270 loss_train=3.456977e-02 | loss_val=3.680393e-02 | lr=1.000000e-03 | best_val=3.643936e-02
2026-07-28 17:27:26,032 | INFO | [PINN[PRE]] ep=0280 loss_train=3.333052e-02 | loss_val=3.553897e-02 | lr=1.000000e-03 | best_val=3.497515e-02
2026-07-28 17:27:31,107 | INFO | [PINN[PRE]] ep=0290 loss_train=3.155136e-02 | loss_val=3.360908e-02 | lr=1.000000e-03 | best_val=3.345687e-02
2026-07-28 17:27:35,939 | INFO | [PINN[PRE]] ep=0300 loss_train=3.058782e-02 | loss_val=3.283007e-02 | lr=1.000000e-03 | best_val=3.189015e-02
2026-07-28 17:27:41,173 | INFO | [PINN[PRE]] ep=0310 loss_train=2.904740e-02 | loss_val=3.122041e-02 | lr=1.000000e-03 | best_val=3.122041e-02
2026-07-28 17:27:46,001 | INFO | [PINN[PRE]] ep=0320 loss_train=2.833339e-02 | loss_val=3.064990e-02 | lr=1.000000e-03 | best_val=3.015662e-02
2026-07-28 17:27:50,994 | INFO | [PINN[PRE]] ep=0330 loss_train=2.725695e-02 | loss_val=2.888529e-02 | lr=1.000000e-03 | best_val=2.888529e-02
2026-07-28 17:27:55,926 | INFO | [PINN[PRE]] ep=0340 loss_train=2.728138e-02 | loss_val=2.869533e-02 | lr=1.000000e-03 | best_val=2.840228e-02
2026-07-28 17:28:00,867 | INFO | [PINN[PRE]] ep=0350 loss_train=2.634238e-02 | loss_val=2.798660e-02 | lr=1.000000e-03 | best_val=2.775314e-02
2026-07-28 17:28:05,810 | INFO | [PINN[PRE]] ep=0360 loss_train=2.560024e-02 | loss_val=2.742073e-02 | lr=1.000000e-03 | best_val=2.671063e-02
2026-07-28 17:28:10,747 | INFO | [PINN[PRE]] ep=0370 loss_train=2.450404e-02 | loss_val=2.636437e-02 | lr=1.000000e-03 | best_val=2.606851e-02
2026-07-28 17:28:15,670 | INFO | [PINN[PRE]] ep=0380 loss_train=2.414492e-02 | loss_val=2.552454e-02 | lr=1.000000e-03 | best_val=2.516555e-02
2026-07-28 17:28:20,507 | INFO | [PINN[PRE]] ep=0390 loss_train=2.325055e-02 | loss_val=2.531163e-02 | lr=1.000000e-03 | best_val=2.470841e-02
2026-07-28 17:28:25,101 | INFO | [PINN[PRE]] ep=0400 loss_train=2.283408e-02 | loss_val=2.444156e-02 | lr=1.000000e-03 | best_val=2.403633e-02
2026-07-28 17:28:29,685 | INFO | [PINN[PRE]] ep=0410 loss_train=2.258249e-02 | loss_val=2.361874e-02 | lr=1.000000e-03 | best_val=2.361874e-02
2026-07-28 17:28:34,456 | INFO | [PINN[PRE]] ep=0420 loss_train=2.248997e-02 | loss_val=2.350835e-02 | lr=1.000000e-03 | best_val=2.337990e-02
2026-07-28 17:28:39,203 | INFO | [PINN[PRE]] ep=0430 loss_train=2.191651e-02 | loss_val=2.367072e-02 | lr=1.000000e-03 | best_val=2.277136e-02
2026-07-28 17:28:44,073 | INFO | [PINN[PRE]] ep=0440 loss_train=2.130334e-02 | loss_val=2.254033e-02 | lr=1.000000e-03 | best_val=2.242211e-02
2026-07-28 17:28:49,187 | INFO | [PINN[PRE]] ep=0450 loss_train=2.053331e-02 | loss_val=2.179641e-02 | lr=1.000000e-03 | best_val=2.179641e-02
2026-07-28 17:28:53,899 | INFO | [PINN[PRE]] ep=0460 loss_train=2.025613e-02 | loss_val=2.156517e-02 | lr=1.000000e-03 | best_val=2.141352e-02
2026-07-28 17:28:58,733 | INFO | [PINN[PRE]] ep=0470 loss_train=1.982654e-02 | loss_val=2.096106e-02 | lr=1.000000e-03 | best_val=2.096106e-02
2026-07-28 17:29:04,165 | INFO | [PINN[PRE]] ep=0480 loss_train=1.995042e-02 | loss_val=2.085463e-02 | lr=1.000000e-03 | best_val=2.064705e-02
2026-07-28 17:29:09,817 | INFO | [PINN[PRE]] ep=0490 loss_train=1.892637e-02 | loss_val=2.073521e-02 | lr=1.000000e-03 | best_val=2.048220e-02
2026-07-28 17:29:15,314 | INFO | [PINN[PRE]] ep=0500 loss_train=1.879638e-02 | loss_val=1.996400e-02 | lr=1.000000e-03 | best_val=1.989469e-02
2026-07-28 17:29:20,425 | INFO | [PINN[PRE]] ep=0510 loss_train=1.817266e-02 | loss_val=1.937315e-02 | lr=1.000000e-03 | best_val=1.937148e-02
2026-07-28 17:29:25,303 | INFO | [PINN[PRE]] ep=0520 loss_train=1.782194e-02 | loss_val=1.975356e-02 | lr=1.000000e-03 | best_val=1.919715e-02
2026-07-28 17:29:30,083 | INFO | [PINN[PRE]] ep=0530 loss_train=1.774493e-02 | loss_val=1.891632e-02 | lr=1.000000e-03 | best_val=1.883719e-02
2026-07-28 17:29:35,002 | INFO | [PINN[PRE]] ep=0540 loss_train=1.663080e-02 | loss_val=1.827684e-02 | lr=5.000000e-04 | best_val=1.807410e-02
2026-07-28 17:29:39,982 | INFO | [PINN[PRE]] ep=0550 loss_train=1.630839e-02 | loss_val=1.787988e-02 | lr=5.000000e-04 | best_val=1.787988e-02
2026-07-28 17:29:44,755 | INFO | [PINN[PRE]] ep=0560 loss_train=1.625218e-02 | loss_val=1.785652e-02 | lr=5.000000e-04 | best_val=1.770855e-02
2026-07-28 17:29:49,558 | INFO | [PINN[PRE]] ep=0570 loss_train=1.608441e-02 | loss_val=1.764256e-02 | lr=5.000000e-04 | best_val=1.752868e-02
2026-07-28 17:29:54,665 | INFO | [PINN[PRE]] ep=0580 loss_train=1.587808e-02 | loss_val=1.731113e-02 | lr=5.000000e-04 | best_val=1.724470e-02
2026-07-28 17:29:59,451 | INFO | [PINN[PRE]] ep=0590 loss_train=1.577431e-02 | loss_val=1.712533e-02 | lr=5.000000e-04 | best_val=1.712533e-02
2026-07-28 17:30:04,205 | INFO | [PINN[PRE]] ep=0600 loss_train=1.553841e-02 | loss_val=1.732464e-02 | lr=5.000000e-04 | best_val=1.682198e-02
2026-07-28 17:30:09,013 | INFO | [PINN[PRE]] ep=0610 loss_train=1.525068e-02 | loss_val=1.668628e-02 | lr=5.000000e-04 | best_val=1.668628e-02
2026-07-28 17:30:14,186 | INFO | [PINN[PRE]] ep=0620 loss_train=1.507571e-02 | loss_val=1.705343e-02 | lr=5.000000e-04 | best_val=1.643543e-02
2026-07-28 17:30:19,186 | INFO | [PINN[PRE]] ep=0630 loss_train=1.492891e-02 | loss_val=1.627452e-02 | lr=5.000000e-04 | best_val=1.627452e-02
2026-07-28 17:30:23,754 | INFO | [PINN[PRE]] ep=0640 loss_train=1.476851e-02 | loss_val=1.678451e-02 | lr=5.000000e-04 | best_val=1.600511e-02
2026-07-28 17:30:28,421 | INFO | [PINN[PRE]] ep=0650 loss_train=1.458366e-02 | loss_val=1.641327e-02 | lr=2.500000e-04 | best_val=1.600511e-02
2026-07-28 17:30:33,708 | INFO | [PINN[PRE]] ep=0660 loss_train=1.412154e-02 | loss_val=1.573892e-02 | lr=2.500000e-04 | best_val=1.563878e-02
2026-07-28 17:30:38,570 | INFO | [PINN[PRE]] ep=0670 loss_train=1.386396e-02 | loss_val=1.548433e-02 | lr=1.250000e-04 | best_val=1.547497e-02
2026-07-28 17:30:43,075 | INFO | [PINN[PRE]] ep=0680 loss_train=1.396529e-02 | loss_val=1.548078e-02 | lr=1.250000e-04 | best_val=1.547028e-02
2026-07-28 17:30:47,706 | INFO | [PINN[PRE]] ep=0690 loss_train=1.386921e-02 | loss_val=1.540289e-02 | lr=1.250000e-04 | best_val=1.540289e-02
2026-07-28 17:30:52,581 | INFO | [PINN[PRE]] ep=0700 loss_train=1.377671e-02 | loss_val=1.534715e-02 | lr=1.250000e-04 | best_val=1.534592e-02
2026-07-28 17:30:57,599 | INFO | [PINN[PRE]] ep=0710 loss_train=1.371507e-02 | loss_val=1.537027e-02 | lr=1.250000e-04 | best_val=1.530403e-02
2026-07-28 17:31:02,662 | INFO | [PINN[PRE]] ep=0720 loss_train=1.364917e-02 | loss_val=1.536597e-02 | lr=1.250000e-04 | best_val=1.522399e-02
2026-07-28 17:31:07,521 | INFO | [PINN[PRE]] ep=0730 loss_train=1.364307e-02 | loss_val=1.522447e-02 | lr=1.250000e-04 | best_val=1.521562e-02
2026-07-28 17:31:12,410 | INFO | [PINN[PRE]] ep=0740 loss_train=1.353446e-02 | loss_val=1.515680e-02 | lr=1.250000e-04 | best_val=1.515680e-02
2026-07-28 17:31:17,379 | INFO | [PINN[PRE]] ep=0750 loss_train=1.349375e-02 | loss_val=1.509837e-02 | lr=1.250000e-04 | best_val=1.509837e-02
2026-07-28 17:31:21,978 | INFO | [PINN[PRE]] ep=0760 loss_train=1.339334e-02 | loss_val=1.502123e-02 | lr=1.250000e-04 | best_val=1.502035e-02
2026-07-28 17:31:26,485 | INFO | [PINN[PRE]] ep=0770 loss_train=1.348362e-02 | loss_val=1.495247e-02 | lr=1.250000e-04 | best_val=1.495247e-02
2026-07-28 17:31:31,388 | INFO | [PINN[PRE]] ep=0780 loss_train=1.336218e-02 | loss_val=1.499274e-02 | lr=1.250000e-04 | best_val=1.491767e-02
2026-07-28 17:31:36,005 | INFO | [PINN[PRE]] ep=0790 loss_train=1.321954e-02 | loss_val=1.489705e-02 | lr=1.250000e-04 | best_val=1.487225e-02
2026-07-28 17:31:40,487 | INFO | [PINN[PRE]] ep=0800 loss_train=1.328877e-02 | loss_val=1.485184e-02 | lr=1.250000e-04 | best_val=1.482144e-02
2026-07-28 17:31:45,316 | INFO | [PINN[PRE]] ep=0810 loss_train=1.320913e-02 | loss_val=1.475302e-02 | lr=1.250000e-04 | best_val=1.473304e-02
2026-07-28 17:31:50,047 | INFO | [PINN[PRE]] ep=0820 loss_train=1.318005e-02 | loss_val=1.471053e-02 | lr=1.250000e-04 | best_val=1.469537e-02
2026-07-28 17:31:54,639 | INFO | [PINN[PRE]] ep=0830 loss_train=1.300338e-02 | loss_val=1.463972e-02 | lr=1.250000e-04 | best_val=1.461514e-02
2026-07-28 17:31:59,290 | INFO | [PINN[PRE]] ep=0840 loss_train=1.299276e-02 | loss_val=1.459894e-02 | lr=1.250000e-04 | best_val=1.456783e-02
2026-07-28 17:32:03,994 | INFO | [PINN[PRE]] ep=0850 loss_train=1.298199e-02 | loss_val=1.455007e-02 | lr=1.250000e-04 | best_val=1.450104e-02
2026-07-28 17:32:08,646 | INFO | [PINN[PRE]] ep=0860 loss_train=1.287848e-02 | loss_val=1.455248e-02 | lr=1.250000e-04 | best_val=1.447362e-02
2026-07-28 17:32:13,720 | INFO | [PINN[PRE]] ep=0870 loss_train=1.284191e-02 | loss_val=1.445587e-02 | lr=1.250000e-04 | best_val=1.442096e-02
2026-07-28 17:32:18,199 | INFO | [PINN[PRE]] ep=0880 loss_train=1.279742e-02 | loss_val=1.440610e-02 | lr=1.250000e-04 | best_val=1.437611e-02
2026-07-28 17:32:21,922 | INFO | [PINN[PRE]] ep=0890 loss_train=1.267859e-02 | loss_val=1.431079e-02 | lr=1.250000e-04 | best_val=1.431079e-02
2026-07-28 17:32:26,068 | INFO | [PINN[PRE]] ep=0900 loss_train=1.271008e-02 | loss_val=1.437291e-02 | lr=1.250000e-04 | best_val=1.424339e-02
2026-07-28 17:32:30,109 | INFO | [PINN[PRE]] ep=0910 loss_train=1.271263e-02 | loss_val=1.427777e-02 | lr=1.250000e-04 | best_val=1.422988e-02
2026-07-28 17:32:34,093 | INFO | [PINN[PRE]] ep=0920 loss_train=1.266998e-02 | loss_val=1.420720e-02 | lr=1.250000e-04 | best_val=1.419750e-02
2026-07-28 17:32:37,992 | INFO | [PINN[PRE]] ep=0930 loss_train=1.255097e-02 | loss_val=1.417977e-02 | lr=1.250000e-04 | best_val=1.414865e-02
2026-07-28 17:32:41,693 | INFO | [PINN[PRE]] ep=0940 loss_train=1.244999e-02 | loss_val=1.414966e-02 | lr=1.250000e-04 | best_val=1.408855e-02
2026-07-28 17:32:45,368 | INFO | [PINN[PRE]] ep=0950 loss_train=1.236591e-02 | loss_val=1.410027e-02 | lr=1.250000e-04 | best_val=1.406622e-02
2026-07-28 17:32:49,047 | INFO | [PINN[PRE]] ep=0960 loss_train=1.248825e-02 | loss_val=1.408680e-02 | lr=1.250000e-04 | best_val=1.403126e-02
2026-07-28 17:32:53,031 | INFO | [PINN[PRE]] ep=0970 loss_train=1.229533e-02 | loss_val=1.392821e-02 | lr=1.250000e-04 | best_val=1.390171e-02
2026-07-28 17:32:56,663 | INFO | [PINN[PRE]] ep=0980 loss_train=1.223721e-02 | loss_val=1.395647e-02 | lr=1.250000e-04 | best_val=1.386336e-02
2026-07-28 17:33:00,401 | INFO | [PINN[PRE]] ep=0990 loss_train=1.216479e-02 | loss_val=1.386929e-02 | lr=1.250000e-04 | best_val=1.383245e-02
2026-07-28 17:33:04,019 | INFO | [PINN[PRE]] ep=1000 loss_train=1.213482e-02 | loss_val=1.385323e-02 | lr=1.250000e-04 | best_val=1.380450e-02
2026-07-28 17:33:04,200 | INFO | [PINN][REFERÊNCIA] ref_data=1.380450e-02 | ref_cont=1.037694e+05 | ref_mom=N/A
2026-07-28 17:33:04,754 | INFO | [PINN[CONTINUITY]] ep=0001 loss_total=4.653120e+00 | loss_data=2.637501e-01 | loss_cont=5.852493e+04 | val_score=2.146758e+01 | val_data=4.218905e-01 | val_cont=2.570733e+04 | lr=1.000000e-03 | best_val=2.146758e+01
2026-07-28 17:33:08,599 | INFO | [PINN[CONTINUITY]] ep=0010 loss_total=3.473715e-01 | loss_data=1.910078e-01 | loss_cont=2.084848e+03 | val_score=9.848847e+00 | val_data=1.940962e-01 | val_cont=2.282497e+03 | lr=1.000000e-03 | best_val=9.848847e+00
2026-07-28 17:33:13,153 | INFO | [PINN[CONTINUITY]] ep=0020 loss_total=2.192185e-01 | loss_data=1.493732e-01 | loss_cont=9.312698e+02 | val_score=7.693817e+00 | val_data=1.516602e-01 | val_cont=1.181721e+03 | lr=1.000000e-03 | best_val=7.693817e+00
2026-07-28 17:33:17,274 | INFO | [PINN[CONTINUITY]] ep=0030 loss_total=1.719991e-01 | loss_data=1.248280e-01 | loss_cont=6.289480e+02 | val_score=6.389741e+00 | val_data=1.259634e-01 | val_cont=8.216309e+02 | lr=1.000000e-03 | best_val=6.389741e+00
2026-07-28 17:33:21,547 | INFO | [PINN[CONTINUITY]] ep=0040 loss_total=1.429590e-01 | loss_data=1.074158e-01 | loss_cont=4.739089e+02 | val_score=5.406014e+00 | val_data=1.065741e-01 | val_cont=6.386318e+02 | lr=1.000000e-03 | best_val=5.406014e+00
2026-07-28 17:33:25,994 | INFO | [PINN[CONTINUITY]] ep=0050 loss_total=1.222117e-01 | loss_data=9.381584e-02 | loss_cont=3.786109e+02 | val_score=4.685747e+00 | val_data=9.237650e-02 | val_cont=5.225492e+02 | lr=1.000000e-03 | best_val=4.685747e+00
2026-07-28 17:33:30,333 | INFO | [PINN[CONTINUITY]] ep=0060 loss_total=1.062163e-01 | loss_data=8.274114e-02 | loss_cont=3.130019e+02 | val_score=4.176021e+00 | val_data=8.232884e-02 | val_cont=4.438296e+02 | lr=1.000000e-03 | best_val=4.176021e+00
2026-07-28 17:33:34,540 | INFO | [PINN[CONTINUITY]] ep=0070 loss_total=9.413451e-02 | loss_data=7.453313e-02 | loss_cont=2.613518e+02 | val_score=3.752425e+00 | val_data=7.397771e-02 | val_cont=4.002213e+02 | lr=1.000000e-03 | best_val=3.752425e+00
2026-07-28 17:33:39,004 | INFO | [PINN[CONTINUITY]] ep=0080 loss_total=8.445325e-02 | loss_data=6.796313e-02 | loss_cont=2.198683e+02 | val_score=3.409817e+00 | val_data=6.722507e-02 | val_cont=3.328621e+02 | lr=1.000000e-03 | best_val=3.409817e+00
2026-07-28 17:33:43,409 | INFO | [PINN[CONTINUITY]] ep=0090 loss_total=7.680662e-02 | loss_data=6.255861e-02 | loss_cont=1.899736e+02 | val_score=3.142620e+00 | val_data=6.195777e-02 | val_cont=2.975401e+02 | lr=1.000000e-03 | best_val=3.142620e+00
2026-07-28 17:33:47,860 | INFO | [PINN[CONTINUITY]] ep=0100 loss_total=7.044818e-02 | loss_data=5.819417e-02 | loss_cont=1.633869e+02 | val_score=2.940005e+00 | val_data=5.796403e-02 | val_cont=2.627821e+02 | lr=1.000000e-03 | best_val=2.940005e+00
2026-07-28 17:33:52,503 | INFO | [PINN[CONTINUITY]] ep=0110 loss_total=6.520982e-02 | loss_data=5.416995e-02 | loss_cont=1.471982e+02 | val_score=2.731339e+00 | val_data=5.384999e-02 | val_cont=2.452025e+02 | lr=1.000000e-03 | best_val=2.731339e+00
2026-07-28 17:33:56,699 | INFO | [PINN[CONTINUITY]] ep=0120 loss_total=6.057993e-02 | loss_data=5.065958e-02 | loss_cont=1.322714e+02 | val_score=2.564946e+00 | val_data=5.056960e-02 | val_cont=2.278055e+02 | lr=1.000000e-03 | best_val=2.564946e+00
2026-07-28 17:34:01,046 | INFO | [PINN[CONTINUITY]] ep=0130 loss_total=5.692659e-02 | loss_data=4.805421e-02 | loss_cont=1.182984e+02 | val_score=2.447350e+00 | val_data=4.825190e-02 | val_cont=2.034023e+02 | lr=1.000000e-03 | best_val=2.447350e+00
2026-07-28 17:34:05,503 | INFO | [PINN[CONTINUITY]] ep=0140 loss_total=5.340516e-02 | loss_data=4.536645e-02 | loss_cont=1.071828e+02 | val_score=2.335101e+00 | val_data=4.603907e-02 | val_cont=1.893677e+02 | lr=1.000000e-03 | best_val=2.318027e+00
2026-07-28 17:34:10,106 | INFO | [PINN[CONTINUITY]] ep=0150 loss_total=5.441255e-02 | loss_data=4.391607e-02 | loss_cont=1.399530e+02 | val_score=2.257665e+00 | val_data=4.451098e-02 | val_cont=2.071874e+02 | lr=1.000000e-03 | best_val=2.229522e+00
2026-07-28 17:34:14,667 | INFO | [PINN[CONTINUITY]] ep=0160 loss_total=4.908360e-02 | loss_data=4.165139e-02 | loss_cont=9.909607e+01 | val_score=2.145369e+00 | val_data=4.229867e-02 | val_cont=1.675389e+02 | lr=1.000000e-03 | best_val=2.145369e+00
2026-07-28 17:34:19,718 | INFO | [PINN[CONTINUITY]] ep=0170 loss_total=4.658742e-02 | loss_data=4.014140e-02 | loss_cont=8.594696e+01 | val_score=2.048677e+00 | val_data=4.039171e-02 | val_cont=1.696317e+02 | lr=1.000000e-03 | best_val=2.048677e+00
2026-07-28 17:34:24,314 | INFO | [PINN[CONTINUITY]] ep=0180 loss_total=4.685582e-02 | loss_data=3.914958e-02 | loss_cont=1.027499e+02 | val_score=2.030269e+00 | val_data=4.002821e-02 | val_cont=1.780716e+02 | lr=1.000000e-03 | best_val=2.003612e+00
2026-07-28 17:34:29,043 | INFO | [PINN[CONTINUITY]] ep=0190 loss_total=4.275209e-02 | loss_data=3.700656e-02 | loss_cont=7.660704e+01 | val_score=1.916961e+00 | val_data=3.779594e-02 | val_cont=1.388161e+02 | lr=1.000000e-03 | best_val=1.916692e+00
2026-07-28 17:34:34,012 | INFO | [PINN[CONTINUITY]] ep=0200 loss_total=4.230792e-02 | loss_data=3.602902e-02 | loss_cont=8.371869e+01 | val_score=1.855482e+00 | val_data=3.658390e-02 | val_cont=1.321959e+02 | lr=1.000000e-03 | best_val=1.855482e+00
2026-07-28 17:34:38,496 | INFO | [PINN[CONTINUITY]] ep=0210 loss_total=4.042092e-02 | loss_data=3.476937e-02 | loss_cont=7.535402e+01 | val_score=1.847214e+00 | val_data=3.642061e-02 | val_cont=1.366788e+02 | lr=1.000000e-03 | best_val=1.826862e+00
2026-07-28 17:34:43,248 | INFO | [PINN[CONTINUITY]] ep=0220 loss_total=3.886582e-02 | loss_data=3.378868e-02 | loss_cont=6.769517e+01 | val_score=1.753681e+00 | val_data=3.457684e-02 | val_cont=1.231116e+02 | lr=1.000000e-03 | best_val=1.753681e+00
2026-07-28 17:34:48,061 | INFO | [PINN[CONTINUITY]] ep=0230 loss_total=4.043493e-02 | loss_data=3.377494e-02 | loss_cont=8.879977e+01 | val_score=1.773217e+00 | val_data=3.496005e-02 | val_cont=1.591590e+02 | lr=1.000000e-03 | best_val=1.723027e+00
2026-07-28 17:34:52,741 | INFO | [PINN[CONTINUITY]] ep=0240 loss_total=3.709013e-02 | loss_data=3.196967e-02 | loss_cont=6.827278e+01 | val_score=1.675048e+00 | val_data=3.302675e-02 | val_cont=1.123185e+02 | lr=1.000000e-03 | best_val=1.675048e+00
2026-07-28 17:34:57,271 | INFO | [PINN[CONTINUITY]] ep=0250 loss_total=3.720151e-02 | loss_data=3.119296e-02 | loss_cont=8.011393e+01 | val_score=1.673666e+00 | val_data=3.299803e-02 | val_cont=1.380671e+02 | lr=1.000000e-03 | best_val=1.637942e+00
2026-07-28 17:35:01,963 | INFO | [PINN[CONTINUITY]] ep=0260 loss_total=3.458838e-02 | loss_data=3.008010e-02 | loss_cont=6.011038e+01 | val_score=1.582731e+00 | val_data=3.120695e-02 | val_cont=9.910627e+01 | lr=1.000000e-03 | best_val=1.582731e+00
2026-07-28 17:35:06,574 | INFO | [PINN[CONTINUITY]] ep=0270 loss_total=3.364360e-02 | loss_data=2.933913e-02 | loss_cont=5.739297e+01 | val_score=1.539067e+00 | val_data=3.034630e-02 | val_cont=9.149162e+01 | lr=1.000000e-03 | best_val=1.539067e+00
2026-07-28 17:35:11,551 | INFO | [PINN[CONTINUITY]] ep=0280 loss_total=3.392685e-02 | loss_data=2.890159e-02 | loss_cont=6.700346e+01 | val_score=1.523250e+00 | val_data=3.003351e-02 | val_cont=1.065337e+02 | lr=1.000000e-03 | best_val=1.515602e+00
2026-07-28 17:35:16,423 | INFO | [PINN[CONTINUITY]] ep=0290 loss_total=3.200273e-02 | loss_data=2.775983e-02 | loss_cont=5.657201e+01 | val_score=1.483068e+00 | val_data=2.924219e-02 | val_cont=8.739301e+01 | lr=1.000000e-03 | best_val=1.483068e+00
2026-07-28 17:35:20,668 | INFO | [PINN[CONTINUITY]] ep=0300 loss_total=3.460994e-02 | loss_data=2.792722e-02 | loss_cont=8.910283e+01 | val_score=1.505359e+00 | val_data=2.967902e-02 | val_cont=1.357416e+02 | lr=1.000000e-03 | best_val=1.462145e+00
2026-07-28 17:35:25,265 | INFO | [PINN[CONTINUITY]] ep=0310 loss_total=3.211250e-02 | loss_data=2.701206e-02 | loss_cont=6.800589e+01 | val_score=1.446181e+00 | val_data=2.851231e-02 | val_cont=1.301558e+02 | lr=1.000000e-03 | best_val=1.412581e+00
2026-07-28 17:35:30,305 | INFO | [PINN[CONTINUITY]] ep=0320 loss_total=3.081964e-02 | loss_data=2.632682e-02 | loss_cont=5.990437e+01 | val_score=1.437925e+00 | val_data=2.835179e-02 | val_cont=8.986394e+01 | lr=1.000000e-03 | best_val=1.402908e+00
2026-07-28 17:35:34,789 | INFO | [PINN[CONTINUITY]] ep=0330 loss_total=2.973909e-02 | loss_data=2.580277e-02 | loss_cont=5.248425e+01 | val_score=1.379486e+00 | val_data=2.719988e-02 | val_cont=8.015545e+01 | lr=1.000000e-03 | best_val=1.379486e+00
2026-07-28 17:35:39,420 | INFO | [PINN[CONTINUITY]] ep=0340 loss_total=2.946778e-02 | loss_data=2.531741e-02 | loss_cont=5.533830e+01 | val_score=1.385941e+00 | val_data=2.732700e-02 | val_cont=8.338662e+01 | lr=1.000000e-03 | best_val=1.354817e+00
2026-07-28 17:35:44,216 | INFO | [PINN[CONTINUITY]] ep=0350 loss_total=3.095039e-02 | loss_data=2.533587e-02 | loss_cont=7.486034e+01 | val_score=1.367308e+00 | val_data=2.695960e-02 | val_cont=8.265036e+01 | lr=1.000000e-03 | best_val=1.338262e+00
2026-07-28 17:35:48,612 | INFO | [PINN[CONTINUITY]] ep=0360 loss_total=2.743910e-02 | loss_data=2.422405e-02 | loss_cont=4.286744e+01 | val_score=1.317778e+00 | val_data=2.598345e-02 | val_cont=7.166541e+01 | lr=1.000000e-03 | best_val=1.312314e+00
2026-07-28 17:35:53,123 | INFO | [PINN[CONTINUITY]] ep=0370 loss_total=2.771072e-02 | loss_data=2.389028e-02 | loss_cont=5.093925e+01 | val_score=1.315262e+00 | val_data=2.593370e-02 | val_cont=7.400158e+01 | lr=1.000000e-03 | best_val=1.299683e+00
2026-07-28 17:35:57,878 | INFO | [PINN[CONTINUITY]] ep=0380 loss_total=2.781691e-02 | loss_data=2.371379e-02 | loss_cont=5.470824e+01 | val_score=1.311756e+00 | val_data=2.586361e-02 | val_cont=9.053029e+01 | lr=1.000000e-03 | best_val=1.281214e+00
2026-07-28 17:36:02,299 | INFO | [PINN[CONTINUITY]] ep=0390 loss_total=2.730517e-02 | loss_data=2.335713e-02 | loss_cont=5.264049e+01 | val_score=1.262917e+00 | val_data=2.490140e-02 | val_cont=7.412699e+01 | lr=1.000000e-03 | best_val=1.262729e+00
2026-07-28 17:36:06,682 | INFO | [PINN[CONTINUITY]] ep=0400 loss_total=2.704676e-02 | loss_data=2.289351e-02 | loss_cont=5.537660e+01 | val_score=1.245581e+00 | val_data=2.455956e-02 | val_cont=7.377893e+01 | lr=1.000000e-03 | best_val=1.234732e+00
2026-07-28 17:36:11,250 | INFO | [PINN[CONTINUITY]] ep=0410 loss_total=2.776848e-02 | loss_data=2.292515e-02 | loss_cont=6.457770e+01 | val_score=1.233217e+00 | val_data=2.431509e-02 | val_cont=8.487384e+01 | lr=1.000000e-03 | best_val=1.228163e+00
2026-07-28 17:36:15,878 | INFO | [PINN[CONTINUITY]] ep=0420 loss_total=2.418742e-02 | loss_data=2.187599e-02 | loss_cont=3.081913e+01 | val_score=1.203207e+00 | val_data=2.372512e-02 | val_cont=5.230226e+01 | lr=5.000000e-04 | best_val=1.203207e+00
2026-07-28 17:36:20,170 | INFO | [PINN[CONTINUITY]] ep=0430 loss_total=2.412024e-02 | loss_data=2.168391e-02 | loss_cont=3.248449e+01 | val_score=1.200940e+00 | val_data=2.368043e-02 | val_cont=5.221938e+01 | lr=5.000000e-04 | best_val=1.192843e+00
2026-07-28 17:36:24,738 | INFO | [PINN[CONTINUITY]] ep=0440 loss_total=2.373325e-02 | loss_data=2.143562e-02 | loss_cont=3.063506e+01 | val_score=1.188863e+00 | val_data=2.344196e-02 | val_cont=5.758653e+01 | lr=5.000000e-04 | best_val=1.185684e+00
2026-07-28 17:36:29,387 | INFO | [PINN[CONTINUITY]] ep=0450 loss_total=2.327909e-02 | loss_data=2.121287e-02 | loss_cont=2.754957e+01 | val_score=1.177927e+00 | val_data=2.322662e-02 | val_cont=5.162988e+01 | lr=5.000000e-04 | best_val=1.177927e+00
2026-07-28 17:36:34,103 | INFO | [PINN[CONTINUITY]] ep=0460 loss_total=2.366074e-02 | loss_data=2.120689e-02 | loss_cont=3.271796e+01 | val_score=1.174475e+00 | val_data=2.315820e-02 | val_cont=5.777487e+01 | lr=5.000000e-04 | best_val=1.167467e+00
2026-07-28 17:36:38,957 | INFO | [PINN[CONTINUITY]] ep=0470 loss_total=2.297835e-02 | loss_data=2.094531e-02 | loss_cont=2.710716e+01 | val_score=1.167462e+00 | val_data=2.302015e-02 | val_cont=5.347837e+01 | lr=5.000000e-04 | best_val=1.160530e+00
2026-07-28 17:36:43,188 | INFO | [PINN[CONTINUITY]] ep=0480 loss_total=2.288718e-02 | loss_data=2.069690e-02 | loss_cont=2.920374e+01 | val_score=1.161188e+00 | val_data=2.289619e-02 | val_cont=5.727766e+01 | lr=5.000000e-04 | best_val=1.155080e+00
2026-07-28 17:36:47,702 | INFO | [PINN[CONTINUITY]] ep=0490 loss_total=2.287597e-02 | loss_data=2.059299e-02 | loss_cont=3.043973e+01 | val_score=1.146387e+00 | val_data=2.260447e-02 | val_cont=5.450119e+01 | lr=5.000000e-04 | best_val=1.144879e+00
2026-07-28 17:36:52,317 | INFO | [PINN[CONTINUITY]] ep=0500 loss_total=2.268595e-02 | loss_data=2.050985e-02 | loss_cont=2.901478e+01 | val_score=1.140106e+00 | val_data=2.248065e-02 | val_cont=5.382495e+01 | lr=5.000000e-04 | best_val=1.133573e+00
2026-07-28 17:36:56,913 | INFO | [PINN[CONTINUITY]] ep=0510 loss_total=2.233010e-02 | loss_data=2.027483e-02 | loss_cont=2.740355e+01 | val_score=1.131493e+00 | val_data=2.231080e-02 | val_cont=5.353661e+01 | lr=5.000000e-04 | best_val=1.125412e+00
2026-07-28 17:37:01,209 | INFO | [PINN[CONTINUITY]] ep=0520 loss_total=2.265839e-02 | loss_data=2.032193e-02 | loss_cont=3.115277e+01 | val_score=1.145910e+00 | val_data=2.259534e-02 | val_cont=4.960968e+01 | lr=5.000000e-04 | best_val=1.120341e+00
2026-07-28 17:37:05,906 | INFO | [PINN[CONTINUITY]] ep=0530 loss_total=2.331601e-02 | loss_data=2.017947e-02 | loss_cont=4.182049e+01 | val_score=1.125155e+00 | val_data=2.218573e-02 | val_cont=5.499404e+01 | lr=5.000000e-04 | best_val=1.113079e+00
2026-07-28 17:37:10,408 | INFO | [PINN[CONTINUITY]] ep=0540 loss_total=2.187105e-02 | loss_data=1.983459e-02 | loss_cont=2.715269e+01 | val_score=1.118544e+00 | val_data=2.205505e-02 | val_cont=6.028886e+01 | lr=5.000000e-04 | best_val=1.105554e+00
2026-07-28 17:37:14,893 | INFO | [PINN[CONTINUITY]] ep=0550 loss_total=2.201152e-02 | loss_data=1.973177e-02 | loss_cont=3.039666e+01 | val_score=1.095960e+00 | val_data=2.161017e-02 | val_cont=5.169714e+01 | lr=5.000000e-04 | best_val=1.095960e+00
2026-07-28 17:37:19,731 | INFO | [PINN[CONTINUITY]] ep=0560 loss_total=2.262277e-02 | loss_data=1.967095e-02 | loss_cont=3.935766e+01 | val_score=1.103983e+00 | val_data=2.176742e-02 | val_cont=6.870885e+01 | lr=5.000000e-04 | best_val=1.094574e+00
2026-07-28 17:37:24,140 | INFO | [PINN[CONTINUITY]] ep=0570 loss_total=2.180168e-02 | loss_data=1.942689e-02 | loss_cont=3.166393e+01 | val_score=1.096907e+00 | val_data=2.162825e-02 | val_cont=6.231211e+01 | lr=5.000000e-04 | best_val=1.083074e+00
2026-07-28 17:37:28,892 | INFO | [PINN[CONTINUITY]] ep=0580 loss_total=2.113313e-02 | loss_data=1.910949e-02 | loss_cont=2.698183e+01 | val_score=1.081138e+00 | val_data=2.131782e-02 | val_cont=5.266884e+01 | lr=5.000000e-04 | best_val=1.073113e+00
2026-07-28 17:37:33,801 | INFO | [PINN[CONTINUITY]] ep=0590 loss_total=2.099253e-02 | loss_data=1.915078e-02 | loss_cont=2.455665e+01 | val_score=1.076023e+00 | val_data=2.121715e-02 | val_cont=4.896767e+01 | lr=5.000000e-04 | best_val=1.071616e+00
2026-07-28 17:37:38,245 | INFO | [PINN[CONTINUITY]] ep=0600 loss_total=2.143880e-02 | loss_data=1.895139e-02 | loss_cont=3.316551e+01 | val_score=1.076551e+00 | val_data=2.122727e-02 | val_cont=5.440210e+01 | lr=5.000000e-04 | best_val=1.064545e+00
2026-07-28 17:37:42,557 | INFO | [PINN[CONTINUITY]] ep=0610 loss_total=2.093229e-02 | loss_data=1.887157e-02 | loss_cont=2.747638e+01 | val_score=1.059609e+00 | val_data=2.089353e-02 | val_cont=4.781260e+01 | lr=5.000000e-04 | best_val=1.059609e+00
2026-07-28 17:37:47,060 | INFO | [PINN[CONTINUITY]] ep=0620 loss_total=2.116265e-02 | loss_data=1.886328e-02 | loss_cont=3.065829e+01 | val_score=1.047620e+00 | val_data=2.065707e-02 | val_cont=4.810899e+01 | lr=5.000000e-04 | best_val=1.047620e+00
2026-07-28 17:37:51,764 | INFO | [PINN[CONTINUITY]] ep=0630 loss_total=2.085033e-02 | loss_data=1.866085e-02 | loss_cont=2.919308e+01 | val_score=1.043646e+00 | val_data=2.057835e-02 | val_cont=5.439903e+01 | lr=5.000000e-04 | best_val=1.043646e+00
2026-07-28 17:37:56,299 | INFO | [PINN[CONTINUITY]] ep=0640 loss_total=2.126074e-02 | loss_data=1.855797e-02 | loss_cont=3.603695e+01 | val_score=1.052663e+00 | val_data=2.075512e-02 | val_cont=7.296529e+01 | lr=5.000000e-04 | best_val=1.034698e+00
2026-07-28 17:38:00,897 | INFO | [PINN[CONTINUITY]] ep=0650 loss_total=2.042968e-02 | loss_data=1.836163e-02 | loss_cont=2.757404e+01 | val_score=1.033636e+00 | val_data=2.038105e-02 | val_cont=5.246205e+01 | lr=5.000000e-04 | best_val=1.033636e+00
2026-07-28 17:38:05,108 | INFO | [PINN[CONTINUITY]] ep=0660 loss_total=2.023719e-02 | loss_data=1.829323e-02 | loss_cont=2.591946e+01 | val_score=1.026920e+00 | val_data=2.024873e-02 | val_cont=5.034231e+01 | lr=5.000000e-04 | best_val=1.026920e+00
2026-07-28 17:38:09,507 | INFO | [PINN[CONTINUITY]] ep=0670 loss_total=2.023509e-02 | loss_data=1.814936e-02 | loss_cont=2.780968e+01 | val_score=1.045086e+00 | val_data=2.060644e-02 | val_cont=5.985945e+01 | lr=5.000000e-04 | best_val=1.016483e+00
2026-07-28 17:38:13,998 | INFO | [PINN[CONTINUITY]] ep=0680 loss_total=1.959024e-02 | loss_data=1.793146e-02 | loss_cont=2.211710e+01 | val_score=1.015240e+00 | val_data=2.001856e-02 | val_cont=4.753559e+01 | lr=5.000000e-04 | best_val=1.012079e+00
2026-07-28 17:38:18,357 | INFO | [PINN[CONTINUITY]] ep=0690 loss_total=2.166201e-02 | loss_data=1.830026e-02 | loss_cont=4.482340e+01 | val_score=1.017011e+00 | val_data=2.005262e-02 | val_cont=6.275839e+01 | lr=5.000000e-04 | best_val=1.005140e+00
2026-07-28 17:38:22,697 | INFO | [PINN[CONTINUITY]] ep=0700 loss_total=1.960974e-02 | loss_data=1.777976e-02 | loss_cont=2.439971e+01 | val_score=1.002760e+00 | val_data=1.977240e-02 | val_cont=4.811779e+01 | lr=5.000000e-04 | best_val=1.002760e+00
2026-07-28 17:38:27,211 | INFO | [PINN[CONTINUITY]] ep=0710 loss_total=1.931189e-02 | loss_data=1.764695e-02 | loss_cont=2.219919e+01 | val_score=1.007984e+00 | val_data=1.987530e-02 | val_cont=5.056701e+01 | lr=5.000000e-04 | best_val=9.982569e-01
2026-07-28 17:38:31,410 | INFO | [PINN[CONTINUITY]] ep=0720 loss_total=1.931986e-02 | loss_data=1.752735e-02 | loss_cont=2.390015e+01 | val_score=1.006274e+00 | val_data=1.984094e-02 | val_cont=6.164689e+01 | lr=5.000000e-04 | best_val=9.964121e-01
2026-07-28 17:38:35,837 | INFO | [PINN[CONTINUITY]] ep=0730 loss_total=1.957435e-02 | loss_data=1.746934e-02 | loss_cont=2.806675e+01 | val_score=1.004930e+00 | val_data=1.981448e-02 | val_cont=6.080719e+01 | lr=5.000000e-04 | best_val=9.886758e-01
2026-07-28 17:38:40,350 | INFO | [PINN[CONTINUITY]] ep=0740 loss_total=1.937685e-02 | loss_data=1.743910e-02 | loss_cont=2.583668e+01 | val_score=9.991203e-01 | val_data=1.970027e-02 | val_cont=5.436326e+01 | lr=5.000000e-04 | best_val=9.863218e-01
2026-07-28 17:38:44,560 | INFO | [PINN[CONTINUITY]] ep=0750 loss_total=1.967062e-02 | loss_data=1.737174e-02 | loss_cont=3.065177e+01 | val_score=9.820957e-01 | val_data=1.936457e-02 | val_cont=5.382062e+01 | lr=5.000000e-04 | best_val=9.781751e-01
2026-07-28 17:38:49,012 | INFO | [PINN[CONTINUITY]] ep=0760 loss_total=1.902749e-02 | loss_data=1.721791e-02 | loss_cont=2.412771e+01 | val_score=9.747122e-01 | val_data=1.921920e-02 | val_cont=4.948840e+01 | lr=5.000000e-04 | best_val=9.747122e-01
2026-07-28 17:38:53,528 | INFO | [PINN[CONTINUITY]] ep=0770 loss_total=1.881083e-02 | loss_data=1.704110e-02 | loss_cont=2.359638e+01 | val_score=9.762163e-01 | val_data=1.924872e-02 | val_cont=5.204504e+01 | lr=5.000000e-04 | best_val=9.715147e-01
2026-07-28 17:38:57,931 | INFO | [PINN[CONTINUITY]] ep=0780 loss_total=1.890137e-02 | loss_data=1.700947e-02 | loss_cont=2.522538e+01 | val_score=9.783489e-01 | val_data=1.929081e-02 | val_cont=5.156563e+01 | lr=5.000000e-04 | best_val=9.693954e-01
2026-07-28 17:39:02,179 | INFO | [PINN[CONTINUITY]] ep=0790 loss_total=1.870411e-02 | loss_data=1.694816e-02 | loss_cont=2.341273e+01 | val_score=9.668040e-01 | val_data=1.906315e-02 | val_cont=5.119750e+01 | lr=5.000000e-04 | best_val=9.637662e-01
2026-07-28 17:39:06,784 | INFO | [PINN[CONTINUITY]] ep=0800 loss_total=1.848127e-02 | loss_data=1.677080e-02 | loss_cont=2.280636e+01 | val_score=9.618359e-01 | val_data=1.896502e-02 | val_cont=5.393937e+01 | lr=5.000000e-04 | best_val=9.581444e-01
2026-07-28 17:39:11,155 | INFO | [PINN[CONTINUITY]] ep=0810 loss_total=1.783954e-02 | loss_data=1.658572e-02 | loss_cont=1.671759e+01 | val_score=9.505956e-01 | val_data=1.874375e-02 | val_cont=4.704142e+01 | lr=2.500000e-04 | best_val=9.498970e-01
2026-07-28 17:39:15,585 | INFO | [PINN[CONTINUITY]] ep=0820 loss_total=1.775463e-02 | loss_data=1.651197e-02 | loss_cont=1.656874e+01 | val_score=9.480517e-01 | val_data=1.869359e-02 | val_cont=4.692927e+01 | lr=2.500000e-04 | best_val=9.480517e-01
2026-07-28 17:39:20,169 | INFO | [PINN[CONTINUITY]] ep=0830 loss_total=1.773290e-02 | loss_data=1.644654e-02 | loss_cont=1.715139e+01 | val_score=9.489929e-01 | val_data=1.871202e-02 | val_cont=4.922133e+01 | lr=2.500000e-04 | best_val=9.437476e-01
2026-07-28 17:39:24,452 | INFO | [PINN[CONTINUITY]] ep=0840 loss_total=1.762073e-02 | loss_data=1.639348e-02 | loss_cont=1.636339e+01 | val_score=9.456896e-01 | val_data=1.864697e-02 | val_cont=4.759904e+01 | lr=2.500000e-04 | best_val=9.436383e-01
2026-07-28 17:39:28,896 | INFO | [PINN[CONTINUITY]] ep=0850 loss_total=1.748305e-02 | loss_data=1.633348e-02 | loss_cont=1.532750e+01 | val_score=9.404593e-01 | val_data=1.854376e-02 | val_cont=4.863492e+01 | lr=1.250000e-04 | best_val=9.382076e-01
2026-07-28 17:39:33,542 | INFO | [PINN[CONTINUITY]] ep=0860 loss_total=1.730492e-02 | loss_data=1.617754e-02 | loss_cont=1.503174e+01 | val_score=9.379673e-01 | val_data=1.849469e-02 | val_cont=4.746381e+01 | lr=1.250000e-04 | best_val=9.375129e-01
2026-07-28 17:39:37,938 | INFO | [PINN[CONTINUITY]] ep=0870 loss_total=1.744181e-02 | loss_data=1.623596e-02 | loss_cont=1.607792e+01 | val_score=9.382272e-01 | val_data=1.849974e-02 | val_cont=4.876391e+01 | lr=1.250000e-04 | best_val=9.354298e-01
2026-07-28 17:39:42,315 | INFO | [PINN[CONTINUITY]] ep=0880 loss_total=1.742591e-02 | loss_data=1.625414e-02 | loss_cont=1.562368e+01 | val_score=9.345495e-01 | val_data=1.842725e-02 | val_cont=4.804991e+01 | lr=1.250000e-04 | best_val=9.343052e-01
2026-07-28 17:39:47,097 | INFO | [PINN[CONTINUITY]] ep=0890 loss_total=1.717291e-02 | loss_data=1.608714e-02 | loss_cont=1.447685e+01 | val_score=9.346409e-01 | val_data=1.842909e-02 | val_cont=4.738076e+01 | lr=6.250000e-05 | best_val=9.322300e-01
2026-07-28 17:39:51,579 | INFO | [PINN[CONTINUITY]] ep=0900 loss_total=1.726371e-02 | loss_data=1.617413e-02 | loss_cont=1.452781e+01 | val_score=9.321169e-01 | val_data=1.837933e-02 | val_cont=4.713341e+01 | lr=6.250000e-05 | best_val=9.318315e-01
2026-07-28 17:39:56,055 | INFO | [PINN[CONTINUITY]] ep=0910 loss_total=1.734392e-02 | loss_data=1.624791e-02 | loss_cont=1.461340e+01 | val_score=9.303612e-01 | val_data=1.834464e-02 | val_cont=4.829678e+01 | lr=6.250000e-05 | best_val=9.303612e-01
2026-07-28 17:40:00,638 | INFO | [PINN[CONTINUITY]] ep=0920 loss_total=1.728875e-02 | loss_data=1.618992e-02 | loss_cont=1.465102e+01 | val_score=9.305429e-01 | val_data=1.834826e-02 | val_cont=4.770743e+01 | lr=6.250000e-05 | best_val=9.297325e-01
2026-07-28 17:40:04,877 | INFO | [PINN[CONTINUITY]] ep=0930 loss_total=1.729462e-02 | loss_data=1.618647e-02 | loss_cont=1.477544e+01 | val_score=9.301358e-01 | val_data=1.834017e-02 | val_cont=4.873529e+01 | lr=6.250000e-05 | best_val=9.291497e-01
2026-07-28 17:40:09,212 | INFO | [PINN[CONTINUITY]] ep=0940 loss_total=1.721745e-02 | loss_data=1.611795e-02 | loss_cont=1.466002e+01 | val_score=9.269397e-01 | val_data=1.827722e-02 | val_cont=4.740249e+01 | lr=6.250000e-05 | best_val=9.269397e-01
2026-07-28 17:40:13,688 | INFO | [PINN[CONTINUITY]] ep=0950 loss_total=1.713595e-02 | loss_data=1.602324e-02 | loss_cont=1.483611e+01 | val_score=9.268178e-01 | val_data=1.827477e-02 | val_cont=4.820152e+01 | lr=6.250000e-05 | best_val=9.264384e-01
2026-07-28 17:40:18,259 | INFO | [PINN[CONTINUITY]] ep=0960 loss_total=1.716351e-02 | loss_data=1.606509e-02 | loss_cont=1.464550e+01 | val_score=9.271116e-01 | val_data=1.828055e-02 | val_cont=4.831494e+01 | lr=3.125000e-05 | best_val=9.264143e-01
2026-07-28 17:40:22,756 | INFO | [PINN[CONTINUITY]] ep=0970 loss_total=1.714636e-02 | loss_data=1.608687e-02 | loss_cont=1.412656e+01 | val_score=9.269555e-01 | val_data=1.827741e-02 | val_cont=4.940484e+01 | lr=3.125000e-05 | best_val=9.246715e-01
2026-07-28 17:40:27,427 | INFO | [PINN[CONTINUITY]] ep=0980 loss_total=1.709372e-02 | loss_data=1.605397e-02 | loss_cont=1.386337e+01 | val_score=9.244295e-01 | val_data=1.822768e-02 | val_cont=4.791203e+01 | lr=1.562500e-05 | best_val=9.244295e-01
2026-07-28 17:40:31,781 | INFO | [PINN[CONTINUITY]] ep=0990 loss_total=1.704828e-02 | loss_data=1.600767e-02 | loss_cont=1.387471e+01 | val_score=9.246629e-01 | val_data=1.823225e-02 | val_cont=4.856193e+01 | lr=1.562500e-05 | best_val=9.242129e-01
2026-07-28 17:40:36,255 | INFO | [PINN[CONTINUITY]] ep=1000 loss_total=1.706951e-02 | loss_data=1.602733e-02 | loss_cont=1.389582e+01 | val_score=9.244982e-01 | val_data=1.822903e-02 | val_cont=4.812487e+01 | lr=1.562500e-05 | best_val=9.238131e-01
2026-07-28 17:40:36,319 | INFO | Scalers da PINN salvos em:results/models/pinn/pinn_cont_base_20260728_172511
2026-07-28 17:40:36,320 | INFO | Iniciando avaliacao final para cont_base
2026-07-28 17:40:36,320 | INFO | Modelo: results/models/pinn/pinn_cont_base_20260728_172511/pinn_cont_base_d4_w64.pt
2026-07-28 17:40:36,320 | INFO | Dataset: data/data_processed/dataset_test_pinn_cont_base_d4_w64.parquet
2026-07-28 17:40:46,637 | INFO | Avaliacao concluida. Metrics: results/metrics/pinn/pinn_cont_base_20260728_172511/pinn_cont_base_d4_w64_seed123.json
2026-07-28 17:40:46,637 | INFO | Predictions: results/metrics/pinn/pinn_cont_base_20260728_172511/pinn_cont_base_d4_w64_seed123_predictions.parquet
2026-07-28 17:40:46,637 | INFO | Plots: results/plots/pinn/pinn_cont_base_20260728_172511/pinn_cont_base_d4_w64_seed123
2026-07-28 17:40:46,637 | INFO | Iniciando avaliação física no domínio completo.
2026-07-28 17:40:57,498 | INFO | Avaliação física concluída. Metrics: results/metrics/pinn/pinn_cont_base_20260728_172511/pinn_cont_base_d4_w64_seed123_physics.json
2026-07-28 17:40:57,498 | INFO | ================================================================================
2026-07-28 17:40:57,498 | INFO | Experimento finalizado
2026-07-28 17:40:57,498 | INFO | Wall time: 945.98 s
2026-07-28 17:40:57,498 | INFO | CPU time: 370.62 s
2026-07-28 17:40:57,498 | INFO | Metadados salvos em: logs/pinn/pinn_cont_base_20260728_172511/pinn_cont_base_k_epsilon_20260728_172511.json
2026-07-28 17:40:57,498 | INFO | ================================================================================
