2026-09-09 01:47:07,800 | INFO | Dispositivo do experimento: cuda
2026-09-09 01:47:07,801 | INFO | ================================================================================
2026-09-09 01:47:07,801 | INFO | Iniciando experimento: pinn_cont_base
2026-09-09 01:47:07,801 | INFO | Run ID: pinn_cont_base_k_epsilon_20260909_014707
2026-09-09 01:47:07,801 | INFO | Hardware: {'platform': 'Linux-7.0.0-31-generic-x86_64-with-glibc2.35', 'processor': 'x86_64', 'python_version': '3.11.14', 'cpu_count_logical': 12, 'cpu_count_physical': 6, 'ram_total_gb': 31.23, 'torch_version': '2.9.1+cu128', 'cuda_available': True, 'cuda_version': '12.8', 'gpu_name': 'NVIDIA GeForce RTX 3060', 'gpu_count': 1, 'gpu_memory_gb': 11.63}
2026-09-09 01:47:07,801 | INFO | Config: {'experiment': {'name': 'cont_base', 'type': 'k_epsilon', 'seed': 42}, 'paths': {'root': '.', 'data_process_dir': 'data/data_processed', 'data_cfd_dir': 'data/data_cfd', 'results_dir': 'results', 'models_dir': 'results/models', 'metrics_dir': 'results/metrics', 'plots_dir': 'results/plots', 'logs_dir': 'logs'}, 'dataset': {'parquet': 'dataset_bfs_2d_kepsilon_Re20000_28000_36000_full.parquet', 'test_output': 'dataset_test_pinn'}, 'features': ['x', 'y', 'Ux', 'Uy', 'p', 'Re_norm'], 'targets': ['dUx', 'dUy', 'dp'], 'model': {'type': 'pinn', 'width': 64, 'depth': 4, 'activation': 'tanh'}, 'training': {'batch_size': 4096, 'epochs': 2000, 'lr': '1e-3', 'weight_decay': '1e-6'}, 'early_stopping': {'patience': 20}, 'scheduler': {'factor': 0.5, 'patience': 10}, 'split': {'strategy': 'spatial_x_quantile', 'column': 'x', 'bins': 8, 'val_frac': 0.1, 'test_frac': 0.2, 'version': 'v2'}, 'pinn': {'physics_mode': 'continuity', 'nut_transform': 'exp', 'epochs_pre': 2000, 'epochs_phys': 2000, 'w_data': 1.0, 'w_cont': 7.5e-05, 'w_mom': '1e-5'}}
2026-09-09 01:47:07,801 | INFO | ================================================================================
2026-09-09 01:47:08,243 | INFO | Dataset salvo: dataset_test_pinn_cont_base_d4_w64.parquet
2026-09-09 01:47:08,243 | INFO | Split salvo em: data/data_processed/splits/dataset_bfs_2d_kepsilon_Re20000_28000_36000_full_spatial_x_quantile_x/b8_v2_seed42.json
2026-09-09 01:47:08,367 | INFO | Model device: cuda:0
2026-09-09 01:47:10,358 | INFO | [PINN[PRE]] ep=0001 loss_train=5.753491e+00 | loss_val=5.701182e+00 | lr=1.000000e-03 | best_val=5.701182e+00
2026-09-09 01:47:17,682 | INFO | [PINN[PRE]] ep=0010 loss_train=3.843882e+00 | loss_val=3.847758e+00 | lr=1.000000e-03 | best_val=3.847758e+00
2026-09-09 01:47:25,926 | INFO | [PINN[PRE]] ep=0020 loss_train=2.123963e+00 | loss_val=2.116478e+00 | lr=1.000000e-03 | best_val=2.116478e+00
2026-09-09 01:47:34,478 | INFO | [PINN[PRE]] ep=0030 loss_train=1.387195e+00 | loss_val=1.416424e+00 | lr=1.000000e-03 | best_val=1.416424e+00
2026-09-09 01:47:43,018 | INFO | [PINN[PRE]] ep=0040 loss_train=1.109920e+00 | loss_val=1.155362e+00 | lr=1.000000e-03 | best_val=1.140011e+00
2026-09-09 01:47:51,321 | INFO | [PINN[PRE]] ep=0050 loss_train=9.537899e-01 | loss_val=9.838110e-01 | lr=1.000000e-03 | best_val=9.838110e-01
2026-09-09 01:47:59,887 | INFO | [PINN[PRE]] ep=0060 loss_train=8.551162e-01 | loss_val=8.531872e-01 | lr=1.000000e-03 | best_val=8.531872e-01
2026-09-09 01:48:07,792 | INFO | [PINN[PRE]] ep=0070 loss_train=7.441133e-01 | loss_val=7.740701e-01 | lr=1.000000e-03 | best_val=7.591084e-01
2026-09-09 01:48:15,905 | INFO | [PINN[PRE]] ep=0080 loss_train=6.745576e-01 | loss_val=6.984460e-01 | lr=1.000000e-03 | best_val=6.984460e-01
2026-09-09 01:48:24,355 | INFO | [PINN[PRE]] ep=0090 loss_train=6.210497e-01 | loss_val=6.365340e-01 | lr=1.000000e-03 | best_val=6.259257e-01
2026-09-09 01:48:32,891 | INFO | [PINN[PRE]] ep=0100 loss_train=5.580471e-01 | loss_val=6.085762e-01 | lr=1.000000e-03 | best_val=5.902844e-01
2026-09-09 01:48:41,411 | INFO | [PINN[PRE]] ep=0110 loss_train=5.302138e-01 | loss_val=5.479775e-01 | lr=1.000000e-03 | best_val=5.479775e-01
2026-09-09 01:48:49,943 | INFO | [PINN[PRE]] ep=0120 loss_train=5.009755e-01 | loss_val=5.119266e-01 | lr=1.000000e-03 | best_val=5.119266e-01
2026-09-09 01:48:58,212 | INFO | [PINN[PRE]] ep=0130 loss_train=4.546582e-01 | loss_val=4.802610e-01 | lr=1.000000e-03 | best_val=4.771665e-01
2026-09-09 01:49:06,615 | INFO | [PINN[PRE]] ep=0140 loss_train=4.223032e-01 | loss_val=4.492553e-01 | lr=1.000000e-03 | best_val=4.492553e-01
2026-09-09 01:49:15,156 | INFO | [PINN[PRE]] ep=0150 loss_train=4.013042e-01 | loss_val=4.595507e-01 | lr=1.000000e-03 | best_val=4.289396e-01
2026-09-09 01:49:23,441 | INFO | [PINN[PRE]] ep=0160 loss_train=3.837556e-01 | loss_val=4.056810e-01 | lr=1.000000e-03 | best_val=3.984253e-01
2026-09-09 01:49:31,881 | INFO | [PINN[PRE]] ep=0170 loss_train=3.542415e-01 | loss_val=3.730314e-01 | lr=1.000000e-03 | best_val=3.730314e-01
2026-09-09 01:49:40,386 | INFO | [PINN[PRE]] ep=0180 loss_train=3.464607e-01 | loss_val=3.581468e-01 | lr=1.000000e-03 | best_val=3.567785e-01
2026-09-09 01:49:48,946 | INFO | [PINN[PRE]] ep=0190 loss_train=3.206518e-01 | loss_val=3.447618e-01 | lr=1.000000e-03 | best_val=3.419671e-01
2026-09-09 01:49:57,856 | INFO | [PINN[PRE]] ep=0200 loss_train=3.149261e-01 | loss_val=3.259506e-01 | lr=1.000000e-03 | best_val=3.252141e-01
2026-09-09 01:50:06,279 | INFO | [PINN[PRE]] ep=0210 loss_train=2.972521e-01 | loss_val=3.142887e-01 | lr=1.000000e-03 | best_val=3.104309e-01
2026-09-09 01:50:14,694 | INFO | [PINN[PRE]] ep=0220 loss_train=2.773459e-01 | loss_val=3.195192e-01 | lr=1.000000e-03 | best_val=2.984345e-01
2026-09-09 01:50:23,325 | INFO | [PINN[PRE]] ep=0230 loss_train=2.716139e-01 | loss_val=2.866450e-01 | lr=1.000000e-03 | best_val=2.866450e-01
2026-09-09 01:50:31,888 | INFO | [PINN[PRE]] ep=0240 loss_train=2.620409e-01 | loss_val=2.888038e-01 | lr=1.000000e-03 | best_val=2.836258e-01
2026-09-09 01:50:40,418 | INFO | [PINN[PRE]] ep=0250 loss_train=2.512384e-01 | loss_val=2.668117e-01 | lr=1.000000e-03 | best_val=2.598893e-01
2026-09-09 01:50:48,938 | INFO | [PINN[PRE]] ep=0260 loss_train=2.512715e-01 | loss_val=2.621460e-01 | lr=1.000000e-03 | best_val=2.561658e-01
2026-09-09 01:50:57,234 | INFO | [PINN[PRE]] ep=0270 loss_train=2.401279e-01 | loss_val=2.473203e-01 | lr=1.000000e-03 | best_val=2.473203e-01
2026-09-09 01:51:05,905 | INFO | [PINN[PRE]] ep=0280 loss_train=2.261853e-01 | loss_val=2.410171e-01 | lr=1.000000e-03 | best_val=2.410171e-01
2026-09-09 01:51:14,662 | INFO | [PINN[PRE]] ep=0290 loss_train=2.216388e-01 | loss_val=2.368724e-01 | lr=1.000000e-03 | best_val=2.368724e-01
2026-09-09 01:51:22,966 | INFO | [PINN[PRE]] ep=0300 loss_train=2.136873e-01 | loss_val=2.360039e-01 | lr=1.000000e-03 | best_val=2.298742e-01
2026-09-09 01:51:31,568 | INFO | [PINN[PRE]] ep=0310 loss_train=2.082361e-01 | loss_val=2.262584e-01 | lr=1.000000e-03 | best_val=2.218409e-01
2026-09-09 01:51:40,275 | INFO | [PINN[PRE]] ep=0320 loss_train=2.079029e-01 | loss_val=2.362315e-01 | lr=5.000000e-04 | best_val=2.218409e-01
2026-09-09 01:51:49,105 | INFO | [PINN[PRE]] ep=0330 loss_train=1.898850e-01 | loss_val=2.106126e-01 | lr=5.000000e-04 | best_val=2.059599e-01
2026-09-09 01:51:57,993 | INFO | [PINN[PRE]] ep=0340 loss_train=1.883903e-01 | loss_val=2.050293e-01 | lr=5.000000e-04 | best_val=2.033575e-01
2026-09-09 01:52:06,615 | INFO | [PINN[PRE]] ep=0350 loss_train=1.873831e-01 | loss_val=2.035313e-01 | lr=5.000000e-04 | best_val=1.995345e-01
2026-09-09 01:52:15,234 | INFO | [PINN[PRE]] ep=0360 loss_train=1.805820e-01 | loss_val=1.980875e-01 | lr=5.000000e-04 | best_val=1.956793e-01
2026-09-09 01:52:24,497 | INFO | [PINN[PRE]] ep=0370 loss_train=1.797314e-01 | loss_val=1.943372e-01 | lr=5.000000e-04 | best_val=1.936854e-01
2026-09-09 01:52:33,782 | INFO | [PINN[PRE]] ep=0380 loss_train=1.780106e-01 | loss_val=1.934556e-01 | lr=5.000000e-04 | best_val=1.890879e-01
2026-09-09 01:52:43,287 | INFO | [PINN[PRE]] ep=0390 loss_train=1.764142e-01 | loss_val=1.894081e-01 | lr=5.000000e-04 | best_val=1.886801e-01
2026-09-09 01:52:52,955 | INFO | [PINN[PRE]] ep=0400 loss_train=1.800687e-01 | loss_val=1.956273e-01 | lr=5.000000e-04 | best_val=1.859296e-01
2026-09-09 01:53:02,103 | INFO | [PINN[PRE]] ep=0410 loss_train=1.670309e-01 | loss_val=1.837819e-01 | lr=5.000000e-04 | best_val=1.811184e-01
2026-09-09 01:53:11,541 | INFO | [PINN[PRE]] ep=0420 loss_train=1.660198e-01 | loss_val=1.762291e-01 | lr=5.000000e-04 | best_val=1.762291e-01
2026-09-09 01:53:20,777 | INFO | [PINN[PRE]] ep=0430 loss_train=1.643249e-01 | loss_val=1.812710e-01 | lr=5.000000e-04 | best_val=1.758757e-01
2026-09-09 01:53:30,008 | INFO | [PINN[PRE]] ep=0440 loss_train=1.602573e-01 | loss_val=1.763884e-01 | lr=5.000000e-04 | best_val=1.739419e-01
2026-09-09 01:53:39,465 | INFO | [PINN[PRE]] ep=0450 loss_train=1.574222e-01 | loss_val=1.783022e-01 | lr=5.000000e-04 | best_val=1.721065e-01
2026-09-09 01:53:48,658 | INFO | [PINN[PRE]] ep=0460 loss_train=1.535382e-01 | loss_val=1.698010e-01 | lr=5.000000e-04 | best_val=1.661452e-01
2026-09-09 01:53:58,296 | INFO | [PINN[PRE]] ep=0470 loss_train=1.553363e-01 | loss_val=1.681693e-01 | lr=5.000000e-04 | best_val=1.652687e-01
2026-09-09 01:54:07,455 | INFO | [PINN[PRE]] ep=0480 loss_train=1.510561e-01 | loss_val=1.632063e-01 | lr=5.000000e-04 | best_val=1.624869e-01
2026-09-09 01:54:16,534 | INFO | [PINN[PRE]] ep=0490 loss_train=1.496226e-01 | loss_val=1.659049e-01 | lr=5.000000e-04 | best_val=1.591775e-01
2026-09-09 01:54:25,559 | INFO | [PINN[PRE]] ep=0500 loss_train=1.484252e-01 | loss_val=1.680115e-01 | lr=5.000000e-04 | best_val=1.581562e-01
2026-09-09 01:54:34,705 | INFO | [PINN[PRE]] ep=0510 loss_train=1.452717e-01 | loss_val=1.660387e-01 | lr=5.000000e-04 | best_val=1.569004e-01
2026-09-09 01:54:43,999 | INFO | [PINN[PRE]] ep=0520 loss_train=1.423175e-01 | loss_val=1.599285e-01 | lr=5.000000e-04 | best_val=1.521341e-01
2026-09-09 01:54:53,264 | INFO | [PINN[PRE]] ep=0530 loss_train=1.375377e-01 | loss_val=1.517192e-01 | lr=2.500000e-04 | best_val=1.517192e-01
2026-09-09 01:55:02,280 | INFO | [PINN[PRE]] ep=0540 loss_train=1.349006e-01 | loss_val=1.492292e-01 | lr=2.500000e-04 | best_val=1.473313e-01
2026-09-09 01:55:11,362 | INFO | [PINN[PRE]] ep=0550 loss_train=1.338502e-01 | loss_val=1.458130e-01 | lr=2.500000e-04 | best_val=1.458130e-01
2026-09-09 01:55:21,046 | INFO | [PINN[PRE]] ep=0560 loss_train=1.324950e-01 | loss_val=1.477545e-01 | lr=2.500000e-04 | best_val=1.450365e-01
2026-09-09 01:55:30,494 | INFO | [PINN[PRE]] ep=0570 loss_train=1.306884e-01 | loss_val=1.437488e-01 | lr=1.250000e-04 | best_val=1.437488e-01
2026-09-09 01:55:40,036 | INFO | [PINN[PRE]] ep=0580 loss_train=1.298442e-01 | loss_val=1.435016e-01 | lr=1.250000e-04 | best_val=1.430040e-01
2026-09-09 01:55:49,411 | INFO | [PINN[PRE]] ep=0590 loss_train=1.294236e-01 | loss_val=1.428013e-01 | lr=1.250000e-04 | best_val=1.423457e-01
2026-09-09 01:55:58,761 | INFO | [PINN[PRE]] ep=0600 loss_train=1.288434e-01 | loss_val=1.421280e-01 | lr=1.250000e-04 | best_val=1.420171e-01
2026-09-09 01:56:08,166 | INFO | [PINN[PRE]] ep=0610 loss_train=1.273837e-01 | loss_val=1.409914e-01 | lr=6.250000e-05 | best_val=1.407918e-01
2026-09-09 01:56:17,652 | INFO | [PINN[PRE]] ep=0620 loss_train=1.268879e-01 | loss_val=1.403289e-01 | lr=6.250000e-05 | best_val=1.403289e-01
2026-09-09 01:56:27,514 | INFO | [PINN[PRE]] ep=0630 loss_train=1.265055e-01 | loss_val=1.404504e-01 | lr=6.250000e-05 | best_val=1.402857e-01
2026-09-09 01:56:37,135 | INFO | [PINN[PRE]] ep=0640 loss_train=1.264037e-01 | loss_val=1.401456e-01 | lr=6.250000e-05 | best_val=1.397996e-01
2026-09-09 01:56:46,875 | INFO | [PINN[PRE]] ep=0650 loss_train=1.261167e-01 | loss_val=1.391674e-01 | lr=6.250000e-05 | best_val=1.391674e-01
2026-09-09 01:56:56,294 | INFO | [PINN[PRE]] ep=0660 loss_train=1.251703e-01 | loss_val=1.394102e-01 | lr=6.250000e-05 | best_val=1.391674e-01
2026-09-09 01:57:05,707 | INFO | [PINN[PRE]] ep=0670 loss_train=1.245835e-01 | loss_val=1.393479e-01 | lr=3.125000e-05 | best_val=1.387584e-01
2026-09-09 01:57:15,330 | INFO | [PINN[PRE]] ep=0680 loss_train=1.244877e-01 | loss_val=1.393044e-01 | lr=1.562500e-05 | best_val=1.387514e-01
2026-09-09 01:57:25,210 | INFO | [PINN[PRE]] ep=0690 loss_train=1.238936e-01 | loss_val=1.386778e-01 | lr=1.562500e-05 | best_val=1.386411e-01
2026-09-09 01:57:34,836 | INFO | [PINN[PRE]] ep=0700 loss_train=1.240456e-01 | loss_val=1.388745e-01 | lr=1.562500e-05 | best_val=1.384967e-01
2026-09-09 01:57:44,813 | INFO | [PINN[PRE]] ep=0710 loss_train=1.240104e-01 | loss_val=1.384292e-01 | lr=7.812500e-06 | best_val=1.383330e-01
2026-09-09 01:57:54,608 | INFO | [PINN[PRE]] ep=0720 loss_train=1.238309e-01 | loss_val=1.383844e-01 | lr=3.906250e-06 | best_val=1.383330e-01
2026-09-09 01:58:02,193 | INFO | Early stopping (val não melhorou). Melhor loss_val: 1.383330e-01
2026-09-09 01:58:02,508 | INFO | [PINN][REFERÊNCIA] ref_data=1.383330e-01 | ref_cont=2.408989e+05 | ref_mom=N/A
2026-09-09 01:58:03,721 | INFO | [PINN[CONTINUITY]] ep=0001 loss_total=7.558337e+00 | loss_data=1.833663e+00 | loss_cont=7.632898e+04 | val_score=8.534660e+00 | val_data=1.677343e+00 | val_cont=3.764350e+04 | lr=1.000000e-03 | best_val=8.534660e+00
2026-09-09 01:58:12,890 | INFO | [PINN[CONTINUITY]] ep=0010 loss_total=1.375415e+00 | loss_data=8.540949e-01 | loss_cont=6.950934e+03 | val_score=4.325705e+00 | val_data=8.528799e-01 | val_cont=7.963596e+03 | lr=1.000000e-03 | best_val=4.325705e+00
2026-09-09 01:58:23,301 | INFO | [PINN[CONTINUITY]] ep=0020 loss_total=8.889810e-01 | loss_data=6.140818e-01 | loss_cont=3.665322e+03 | val_score=3.103996e+00 | val_data=6.123741e-01 | val_cont=4.198560e+03 | lr=1.000000e-03 | best_val=3.103996e+00
2026-09-09 01:58:33,765 | INFO | [PINN[CONTINUITY]] ep=0030 loss_total=6.865468e-01 | loss_data=4.968328e-01 | loss_cont=2.529520e+03 | val_score=2.508820e+00 | val_data=4.950523e-01 | val_cont=2.995985e+03 | lr=1.000000e-03 | best_val=2.508820e+00
2026-09-09 01:58:44,087 | INFO | [PINN[CONTINUITY]] ep=0040 loss_total=5.730378e-01 | loss_data=4.306563e-01 | loss_cont=1.898419e+03 | val_score=2.201055e+00 | val_data=4.344433e-01 | val_cont=2.137420e+03 | lr=1.000000e-03 | best_val=2.201055e+00
2026-09-09 01:58:54,317 | INFO | [PINN[CONTINUITY]] ep=0050 loss_total=5.101237e-01 | loss_data=3.921974e-01 | loss_cont=1.572351e+03 | val_score=2.014498e+00 | val_data=3.976736e-01 | val_cont=1.741920e+03 | lr=1.000000e-03 | best_val=2.014498e+00
2026-09-09 01:59:04,585 | INFO | [PINN[CONTINUITY]] ep=0060 loss_total=4.607420e-01 | loss_data=3.620059e-01 | loss_cont=1.316481e+03 | val_score=1.827796e+00 | val_data=3.608407e-01 | val_cont=1.486106e+03 | lr=1.000000e-03 | best_val=1.827796e+00
2026-09-09 01:59:14,966 | INFO | [PINN[CONTINUITY]] ep=0070 loss_total=4.206931e-01 | loss_data=3.361702e-01 | loss_cont=1.126973e+03 | val_score=1.816364e+00 | val_data=3.585582e-01 | val_cont=1.581314e+03 | lr=1.000000e-03 | best_val=1.743364e+00
2026-09-09 01:59:24,989 | INFO | [PINN[CONTINUITY]] ep=0080 loss_total=3.885993e-01 | loss_data=3.133918e-01 | loss_cont=1.002767e+03 | val_score=1.658911e+00 | val_data=3.275625e-01 | val_cont=1.093950e+03 | lr=1.000000e-03 | best_val=1.658911e+00
2026-09-09 01:59:35,479 | INFO | [PINN[CONTINUITY]] ep=0090 loss_total=3.712091e-01 | loss_data=3.027449e-01 | loss_cont=9.128554e+02 | val_score=1.611268e+00 | val_data=3.181664e-01 | val_cont=1.016306e+03 | lr=1.000000e-03 | best_val=1.577207e+00
2026-09-09 01:59:45,862 | INFO | [PINN[CONTINUITY]] ep=0100 loss_total=3.381583e-01 | loss_data=2.815245e-01 | loss_cont=7.551168e+02 | val_score=1.501956e+00 | val_data=2.965863e-01 | val_cont=9.271552e+02 | lr=1.000000e-03 | best_val=1.501956e+00
2026-09-09 01:59:56,324 | INFO | [PINN[CONTINUITY]] ep=0110 loss_total=3.247152e-01 | loss_data=2.706614e-01 | loss_cont=7.207171e+02 | val_score=1.452278e+00 | val_data=2.867778e-01 | val_cont=8.917844e+02 | lr=1.000000e-03 | best_val=1.452278e+00
2026-09-09 02:00:06,610 | INFO | [PINN[CONTINUITY]] ep=0120 loss_total=3.169692e-01 | loss_data=2.648763e-01 | loss_cont=6.945728e+02 | val_score=1.405792e+00 | val_data=2.775897e-01 | val_cont=8.973568e+02 | lr=1.000000e-03 | best_val=1.401911e+00
2026-09-09 02:00:16,860 | INFO | [PINN[CONTINUITY]] ep=0130 loss_total=3.008323e-01 | loss_data=2.531537e-01 | loss_cont=6.357147e+02 | val_score=1.363228e+00 | val_data=2.692114e-01 | val_cont=7.629483e+02 | lr=1.000000e-03 | best_val=1.351969e+00
2026-09-09 02:00:27,050 | INFO | [PINN[CONTINUITY]] ep=0140 loss_total=2.919848e-01 | loss_data=2.458909e-01 | loss_cont=6.145860e+02 | val_score=1.313780e+00 | val_data=2.594528e-01 | val_cont=7.095832e+02 | lr=1.000000e-03 | best_val=1.313780e+00
2026-09-09 02:00:37,366 | INFO | [PINN[CONTINUITY]] ep=0150 loss_total=2.757242e-01 | loss_data=2.337537e-01 | loss_cont=5.596064e+02 | val_score=1.277116e+00 | val_data=2.522147e-01 | val_cont=6.796695e+02 | lr=1.000000e-03 | best_val=1.265613e+00
2026-09-09 02:00:47,694 | INFO | [PINN[CONTINUITY]] ep=0160 loss_total=2.791153e-01 | loss_data=2.330265e-01 | loss_cont=6.145170e+02 | val_score=1.257740e+00 | val_data=2.483868e-01 | val_cont=6.749242e+02 | lr=1.000000e-03 | best_val=1.257740e+00
2026-09-09 02:00:57,723 | INFO | [PINN[CONTINUITY]] ep=0170 loss_total=2.647227e-01 | loss_data=2.247753e-01 | loss_cont=5.326315e+02 | val_score=1.281662e+00 | val_data=2.531168e-01 | val_cont=6.641832e+02 | lr=1.000000e-03 | best_val=1.231134e+00
2026-09-09 02:01:08,135 | INFO | [PINN[CONTINUITY]] ep=0180 loss_total=2.522791e-01 | loss_data=2.148759e-01 | loss_cont=4.987096e+02 | val_score=1.172120e+00 | val_data=2.314905e-01 | val_cont=5.778686e+02 | lr=1.000000e-03 | best_val=1.172120e+00
2026-09-09 02:01:18,400 | INFO | [PINN[CONTINUITY]] ep=0190 loss_total=2.632059e-01 | loss_data=2.206030e-01 | loss_cont=5.680384e+02 | val_score=1.160625e+00 | val_data=2.292211e-01 | val_cont=5.685703e+02 | lr=1.000000e-03 | best_val=1.160625e+00
2026-09-09 02:01:28,716 | INFO | [PINN[CONTINUITY]] ep=0200 loss_total=2.510972e-01 | loss_data=2.128117e-01 | loss_cont=5.104734e+02 | val_score=1.187382e+00 | val_data=2.344882e-01 | val_cont=6.524614e+02 | lr=1.000000e-03 | best_val=1.136837e+00
2026-09-09 02:01:38,739 | INFO | [PINN[CONTINUITY]] ep=0210 loss_total=2.347665e-01 | loss_data=2.004588e-01 | loss_cont=4.574359e+02 | val_score=1.128992e+00 | val_data=2.229771e-01 | val_cont=5.394237e+02 | lr=1.000000e-03 | best_val=1.108249e+00
2026-09-09 02:01:48,794 | INFO | [PINN[CONTINUITY]] ep=0220 loss_total=2.317401e-01 | loss_data=1.976414e-01 | loss_cont=4.546489e+02 | val_score=1.089459e+00 | val_data=2.151639e-01 | val_cont=5.426588e+02 | lr=1.000000e-03 | best_val=1.080935e+00
2026-09-09 02:01:58,977 | INFO | [PINN[CONTINUITY]] ep=0230 loss_total=2.288621e-01 | loss_data=1.949101e-01 | loss_cont=4.526939e+02 | val_score=1.082764e+00 | val_data=2.138419e-01 | val_cont=5.384304e+02 | lr=1.000000e-03 | best_val=1.078232e+00
2026-09-09 02:02:09,131 | INFO | [PINN[CONTINUITY]] ep=0240 loss_total=2.269212e-01 | loss_data=1.928684e-01 | loss_cont=4.540369e+02 | val_score=1.087311e+00 | val_data=2.147373e-01 | val_cont=5.506284e+02 | lr=1.000000e-03 | best_val=1.046708e+00
2026-09-09 02:02:19,144 | INFO | [PINN[CONTINUITY]] ep=0250 loss_total=2.043913e-01 | loss_data=1.784758e-01 | loss_cont=3.455387e+02 | val_score=9.990601e-01 | val_data=1.973248e-01 | val_cont=4.390082e+02 | lr=5.000000e-04 | best_val=9.929244e-01
2026-09-09 02:02:29,082 | INFO | [PINN[CONTINUITY]] ep=0260 loss_total=1.978925e-01 | loss_data=1.735565e-01 | loss_cont=3.244800e+02 | val_score=9.815465e-01 | val_data=1.938708e-01 | val_cont=4.104777e+02 | lr=2.500000e-04 | best_val=9.815465e-01
2026-09-09 02:02:39,404 | INFO | [PINN[CONTINUITY]] ep=0270 loss_total=1.968360e-01 | loss_data=1.727024e-01 | loss_cont=3.217813e+02 | val_score=9.753919e-01 | val_data=1.926560e-01 | val_cont=4.047703e+02 | lr=2.500000e-04 | best_val=9.730148e-01
2026-09-09 02:02:49,456 | INFO | [PINN[CONTINUITY]] ep=0280 loss_total=1.933535e-01 | loss_data=1.703080e-01 | loss_cont=3.072728e+02 | val_score=9.670016e-01 | val_data=1.909992e-01 | val_cont=3.994223e+02 | lr=1.250000e-04 | best_val=9.652768e-01
2026-09-09 02:02:59,697 | INFO | [PINN[CONTINUITY]] ep=0290 loss_total=1.931021e-01 | loss_data=1.700257e-01 | loss_cont=3.076857e+02 | val_score=9.699132e-01 | val_data=1.915734e-01 | val_cont=4.041372e+02 | lr=1.250000e-04 | best_val=9.598257e-01
2026-09-09 02:03:09,647 | INFO | [PINN[CONTINUITY]] ep=0300 loss_total=1.925113e-01 | loss_data=1.692501e-01 | loss_cont=3.101493e+02 | val_score=9.604111e-01 | val_data=1.896964e-01 | val_cont=4.012169e+02 | lr=1.250000e-04 | best_val=9.573000e-01
2026-09-09 02:03:19,787 | INFO | [PINN[CONTINUITY]] ep=0310 loss_total=1.913995e-01 | loss_data=1.686044e-01 | loss_cont=3.039355e+02 | val_score=9.623934e-01 | val_data=1.900882e-01 | val_cont=4.008224e+02 | lr=1.250000e-04 | best_val=9.536008e-01
2026-09-09 02:03:29,890 | INFO | [PINN[CONTINUITY]] ep=0320 loss_total=1.904528e-01 | loss_data=1.675294e-01 | loss_cont=3.056444e+02 | val_score=9.613186e-01 | val_data=1.898753e-01 | val_cont=4.029720e+02 | lr=1.250000e-04 | best_val=9.525570e-01
2026-09-09 02:03:39,853 | INFO | [PINN[CONTINUITY]] ep=0330 loss_total=1.899205e-01 | loss_data=1.671109e-01 | loss_cont=3.041284e+02 | val_score=9.507554e-01 | val_data=1.877900e-01 | val_cont=3.939421e+02 | lr=1.250000e-04 | best_val=9.481601e-01
2026-09-09 02:03:49,989 | INFO | [PINN[CONTINUITY]] ep=0340 loss_total=1.892161e-01 | loss_data=1.663891e-01 | loss_cont=3.043604e+02 | val_score=9.491761e-01 | val_data=1.874764e-01 | val_cont=4.000870e+02 | lr=1.250000e-04 | best_val=9.474967e-01
2026-09-09 02:03:59,952 | INFO | [PINN[CONTINUITY]] ep=0350 loss_total=1.886354e-01 | loss_data=1.660829e-01 | loss_cont=3.006992e+02 | val_score=9.426694e-01 | val_data=1.861920e-01 | val_cont=3.943794e+02 | lr=1.250000e-04 | best_val=9.426694e-01
2026-09-09 02:04:10,131 | INFO | [PINN[CONTINUITY]] ep=0360 loss_total=1.877798e-01 | loss_data=1.653417e-01 | loss_cont=2.991751e+02 | val_score=9.489625e-01 | val_data=1.874332e-01 | val_cont=4.040159e+02 | lr=1.250000e-04 | best_val=9.411792e-01
2026-09-09 02:04:20,275 | INFO | [PINN[CONTINUITY]] ep=0370 loss_total=1.872590e-01 | loss_data=1.646816e-01 | loss_cont=3.010321e+02 | val_score=9.459946e-01 | val_data=1.868490e-01 | val_cont=3.945894e+02 | lr=1.250000e-04 | best_val=9.381870e-01
2026-09-09 02:04:30,468 | INFO | [PINN[CONTINUITY]] ep=0380 loss_total=1.843333e-01 | loss_data=1.625931e-01 | loss_cont=2.898691e+02 | val_score=9.309960e-01 | val_data=1.838867e-01 | val_cont=3.876692e+02 | lr=6.250000e-05 | best_val=9.309792e-01
2026-09-09 02:04:40,505 | INFO | [PINN[CONTINUITY]] ep=0390 loss_total=1.840799e-01 | loss_data=1.625759e-01 | loss_cont=2.867202e+02 | val_score=9.284986e-01 | val_data=1.833939e-01 | val_cont=3.849727e+02 | lr=3.125000e-05 | best_val=9.284986e-01
2026-09-09 02:04:50,738 | INFO | [PINN[CONTINUITY]] ep=0400 loss_total=1.833145e-01 | loss_data=1.619306e-01 | loss_cont=2.851182e+02 | val_score=9.273322e-01 | val_data=1.831639e-01 | val_cont=3.825776e+02 | lr=3.125000e-05 | best_val=9.273322e-01
2026-09-09 02:05:00,699 | INFO | [PINN[CONTINUITY]] ep=0410 loss_total=1.833588e-01 | loss_data=1.620487e-01 | loss_cont=2.841346e+02 | val_score=9.282505e-01 | val_data=1.833453e-01 | val_cont=3.828741e+02 | lr=3.125000e-05 | best_val=9.258762e-01
2026-09-09 02:05:10,859 | INFO | [PINN[CONTINUITY]] ep=0420 loss_total=1.829892e-01 | loss_data=1.617288e-01 | loss_cont=2.834728e+02 | val_score=9.268764e-01 | val_data=1.830742e-01 | val_cont=3.810967e+02 | lr=1.562500e-05 | best_val=9.258762e-01
2026-09-09 02:05:13,983 | INFO | Early stopping PINN. Melhor val_score: 9.258762e-01
2026-09-09 02:05:14,062 | INFO | Scalers da PINN salvos em:results/models/pinn/pinn_cont_base_20260909_014707
2026-09-09 02:05:14,063 | INFO | Iniciando avaliacao final para cont_base
2026-09-09 02:05:14,063 | INFO | Modelo: results/models/pinn/pinn_cont_base_20260909_014707/pinn_cont_base_d4_w64.pt
2026-09-09 02:05:14,063 | INFO | Dataset: data/data_processed/dataset_test_pinn_cont_base_d4_w64.parquet
2026-09-09 02:05:31,605 | INFO | Avaliacao concluida. Metrics: results/metrics/pinn/pinn_cont_base_20260909_014707/pinn_cont_base_d4_w64_seed42_test.json
2026-09-09 02:05:31,605 | INFO | Predictions: results/metrics/pinn/pinn_cont_base_20260909_014707/pinn_cont_base_d4_w64_seed42_predictions_test.parquet
2026-09-09 02:05:31,605 | INFO | Plots: results/plots/pinn/pinn_cont_base_20260909_014707/pinn_cont_base_d4_w64_seed42_test
2026-09-09 02:05:31,606 | INFO | Iniciando avaliacao final para cont_base
2026-09-09 02:05:31,606 | INFO | Modelo: results/models/pinn/pinn_cont_base_20260909_014707/pinn_cont_base_d4_w64.pt
2026-09-09 02:05:31,606 | INFO | Dataset: data/data_processed/dataset_bfs_2d_kepsilon_Re20000_28000_36000_full.parquet
2026-09-09 02:06:24,861 | INFO | Avaliacao concluida. Metrics: results/metrics/pinn/pinn_cont_base_20260909_014707/pinn_cont_base_d4_w64_seed42_full_domain.json
2026-09-09 02:06:24,861 | INFO | Predictions: results/metrics/pinn/pinn_cont_base_20260909_014707/pinn_cont_base_d4_w64_seed42_predictions_full_domain.parquet
2026-09-09 02:06:24,861 | INFO | Plots: results/plots/pinn/pinn_cont_base_20260909_014707/pinn_cont_base_d4_w64_seed42_full_domain
2026-09-09 02:06:24,861 | INFO | Iniciando avaliação física no domínio completo.
2026-09-09 02:06:50,479 | INFO | Avaliação física concluída. Metrics: results/metrics/pinn/pinn_cont_base_20260909_014707/pinn_cont_base_d4_w64_seed42_physics.json
2026-09-09 02:06:50,479 | INFO | ================================================================================
2026-09-09 02:06:50,479 | INFO | Experimento finalizado
2026-09-09 02:06:50,479 | INFO | Wall time: 1182.68 s
2026-09-09 02:06:50,479 | INFO | CPU time: 535.02 s
2026-09-09 02:06:50,479 | INFO | Metadados salvos em: logs/pinn/pinn_cont_base_20260909_014707/pinn_cont_base_k_epsilon_20260909_014707.json
2026-09-09 02:06:50,479 | INFO | ================================================================================

========================================================
      RESULTADOS DO MODELO (CONT_BASE)
========================================================

===== Métricas de Acurácia =====
MAE vetorial (u,v) (coarse -> fine):      5.805953
MAE pressão (p) (coarse -> fine):         285.335785
MAE vetorial (u,v) (corrigido -> fine):   1.100075
MAE pressão (p) (corrigido -> fine):      54.894306
MAE vetorial (ΔU_pred -> ΔU_true):        1.100075
MAE pressão (Δp_pred -> Δp_true):         54.894306
RMSE (u,v) (coarse -> fine):              9.583665
RMSE (u,v) (corrigido -> fine):           1.930376
RMSE (p)   (coarse -> fine):              353.714020
RMSE (p)   (corrigido -> fine):           84.196106
RER (u,v):                                0.8105
RER (p):                                  0.8076
Melhora (u,v) (MAE):                      81.05%
Melhora (p) (MAE):                        80.76%

=====  Comparativo com CFD Fine (cont_base) =====
L2 relativo (u,v) - Coarse:               2.128426e-01
L2 relativo (u,v) - Corrigido:            4.287152e-02
L2 relativo (p) - Coarse:                 8.480979e-01
L2 relativo (p) - Corrigido:              2.018765e-01
Salvo: results/metrics/pinn/pinn_cont_base_20260909_014707/pinn_cont_base_d4_w64_seed42_test.json

Predições salvas em: results/metrics/pinn/pinn_cont_base_20260909_014707/pinn_cont_base_d4_w64_seed42_predictions_test.parquet


========================================================
      RESULTADOS DO MODELO (CONT_BASE)
========================================================

===== Métricas de Acurácia =====
MAE vetorial (u,v) (coarse -> fine):      5.777151
MAE pressão (p) (coarse -> fine):         285.018036
MAE vetorial (u,v) (corrigido -> fine):   1.082734
MAE pressão (p) (corrigido -> fine):      54.826546
MAE vetorial (ΔU_pred -> ΔU_true):        1.082734
MAE pressão (Δp_pred -> Δp_true):         54.826546
RMSE (u,v) (coarse -> fine):              9.556145
RMSE (u,v) (corrigido -> fine):           1.881178
RMSE (p)   (coarse -> fine):              353.032379
RMSE (p)   (corrigido -> fine):           83.951180
RER (u,v):                                0.8126
RER (p):                                  0.8076
Melhora (u,v) (MAE):                      81.26%
Melhora (p) (MAE):                        80.76%

=====  Comparativo com CFD Fine (cont_base) =====
L2 relativo (u,v) - Coarse:               2.122603e-01
L2 relativo (u,v) - Corrigido:            4.178456e-02
L2 relativo (p) - Coarse:                 8.473981e-01
L2 relativo (p) - Corrigido:              2.015114e-01
Salvo: results/metrics/pinn/pinn_cont_base_20260909_014707/pinn_cont_base_d4_w64_seed42_full_domain.json

Predições salvas em: results/metrics/pinn/pinn_cont_base_20260909_014707/pinn_cont_base_d4_w64_seed42_predictions_full_domain.parquet


================================================================
MÉTRICAS FÍSICAS DE DIVERGÊNCIA (cont_base)
================================================================

CFD coarse
  MAE(div U):                 1.228885e-01
  RMSE(div U):                2.326814e+00
  L2(div U):                  1.278196e+03
  Linf(div U):                2.415380e+02
  Média assinada(div U):      -3.458192e-02
  Desvio-padrão(div U):       2.326557e+00
  Pontos válidos:             301767 (100.00%)

CFD fine
  MAE(div U):                 3.492691e-01
  RMSE(div U):                3.585658e+00
  L2(div U):                  1.969721e+03
  Linf(div U):                8.642390e+02
  Média assinada(div U):      -2.941500e-02
  Desvio-padrão(div U):       3.585537e+00
  Pontos válidos:             301767 (100.00%)

Campo corrigido
  MAE(div U):                 1.033355e+01
  RMSE(div U):                1.763148e+01
  L2(div U):                  9.685558e+03
  Linf(div U):                5.039199e+02
  Média assinada(div U):      -3.627815e-01
  Desvio-padrão(div U):       1.762775e+01
  Pontos válidos:             301767 (100.00%)

Corrigido versus CFD fine
  MAE do erro de divergência: 1.039922e+01
  RMSE do erro de divergência:1.800561e+01
  L2 do erro de divergência:  9.891078e+03
  Linf do erro de divergência:8.579786e+02

Indicadores relativos
  Redução RMSE vs. coarse:    -657.75%
  Redução MAE vs. coarse:     -8308.88%
  Redução RMSE vs. fine:      -391.72%
================================================================
