2026-09-02 01:32:58,644 | INFO | Dispositivo do experimento: cuda
2026-09-02 01:32:58,645 | INFO | ================================================================================
2026-09-02 01:32:58,645 | INFO | Iniciando experimento: pinn_cont_base
2026-09-02 01:32:58,645 | INFO | Run ID: pinn_cont_base_k_epsilon_20260902_013258
2026-09-02 01:32:58,645 | INFO | Hardware: {'platform': 'Linux-7.0.0-30-generic-x86_64-with-glibc2.35', 'processor': 'x86_64', 'python_version': '3.11.14', 'cpu_count_logical': 12, 'cpu_count_physical': 6, 'ram_total_gb': 31.23, 'torch_version': '2.9.1+cu128', 'cuda_available': True, 'cuda_version': '12.8', 'gpu_name': 'NVIDIA GeForce RTX 3060', 'gpu_count': 1, 'gpu_memory_gb': 11.63}
2026-09-02 01:32:58,645 | INFO | Config: {'experiment': {'name': 'cont_base', 'type': 'k_epsilon', 'seed': 42}, 'paths': {'root': '.', 'data_process_dir': 'data/data_processed', 'data_cfd_dir': 'data/data_cfd', 'results_dir': 'results', 'models_dir': 'results/models', 'metrics_dir': 'results/metrics', 'plots_dir': 'results/plots', 'logs_dir': 'logs'}, 'dataset': {'parquet': 'dataset_bfs_2d_kepsilon_Re36000_full.parquet', 'test_output': 'dataset_test_pinn'}, 'features': ['x', 'y', 'Ux', 'Uy', 'p', 'Re_norm'], 'targets': ['dUx', 'dUy', 'dp'], 'model': {'type': 'pinn', 'width': 64, 'depth': 4, 'activation': 'tanh'}, 'training': {'batch_size': 4096, 'epochs': 1000, 'lr': '1e-3', 'weight_decay': '1e-6'}, 'early_stopping': {'patience': 20}, 'scheduler': {'factor': 0.5, 'patience': 10}, 'split': {'strategy': 'spatial_x_quantile', 'column': 'x', 'bins': 8, 'test_frac': 0.2, 'version': 'v1'}, 'pinn': {'physics_mode': 'continuity', 'nut_transform': 'exp', 'epochs_pre': 1000, 'epochs_phys': 1000, 'w_data': 1.0, 'w_cont': 7.5e-05, 'w_mom': '1e-5'}}
2026-09-02 01:32:58,645 | INFO | ================================================================================
2026-09-02 01:32:58,798 | INFO | Dataset salvo: dataset_test_pinn_cont_base_d4_w64.parquet
2026-09-02 01:32:58,798 | INFO | Split salvo em: data/data_processed/splits/dataset_bfs_2d_kepsilon_Re36000_full_spatial_x_quantile_x/b8_v1_seed42.json
2026-09-02 01:32:58,931 | INFO | Model device: cuda:0
2026-09-02 01:33:00,549 | INFO | [PINN[PRE]] ep=0001 loss_train=8.213613e-01 | loss_val=7.325009e-01 | lr=1.000000e-03 | best_val=7.325009e-01
2026-09-02 01:33:04,138 | INFO | [PINN[PRE]] ep=0010 loss_train=4.742740e-01 | loss_val=4.854643e-01 | lr=1.000000e-03 | best_val=4.854643e-01
2026-09-02 01:33:07,919 | INFO | [PINN[PRE]] ep=0020 loss_train=3.728411e-01 | loss_val=3.814045e-01 | lr=1.000000e-03 | best_val=3.814045e-01
2026-09-02 01:33:11,595 | INFO | [PINN[PRE]] ep=0030 loss_train=2.545251e-01 | loss_val=2.617985e-01 | lr=1.000000e-03 | best_val=2.617985e-01
2026-09-02 01:33:15,406 | INFO | [PINN[PRE]] ep=0040 loss_train=2.108696e-01 | loss_val=2.186261e-01 | lr=1.000000e-03 | best_val=2.186261e-01
2026-09-02 01:33:18,982 | INFO | [PINN[PRE]] ep=0050 loss_train=1.787803e-01 | loss_val=1.860698e-01 | lr=1.000000e-03 | best_val=1.860698e-01
2026-09-02 01:33:22,685 | INFO | [PINN[PRE]] ep=0060 loss_train=1.610249e-01 | loss_val=1.664359e-01 | lr=1.000000e-03 | best_val=1.664359e-01
2026-09-02 01:33:26,581 | INFO | [PINN[PRE]] ep=0070 loss_train=1.434263e-01 | loss_val=1.468282e-01 | lr=1.000000e-03 | best_val=1.468282e-01
2026-09-02 01:33:30,377 | INFO | [PINN[PRE]] ep=0080 loss_train=1.288012e-01 | loss_val=1.329509e-01 | lr=1.000000e-03 | best_val=1.329509e-01
2026-09-02 01:33:34,000 | INFO | [PINN[PRE]] ep=0090 loss_train=1.154582e-01 | loss_val=1.216327e-01 | lr=1.000000e-03 | best_val=1.216327e-01
2026-09-02 01:33:37,824 | INFO | [PINN[PRE]] ep=0100 loss_train=1.061728e-01 | loss_val=1.122580e-01 | lr=1.000000e-03 | best_val=1.122580e-01
2026-09-02 01:33:41,364 | INFO | [PINN[PRE]] ep=0110 loss_train=9.695939e-02 | loss_val=1.059762e-01 | lr=1.000000e-03 | best_val=1.028199e-01
2026-09-02 01:33:45,268 | INFO | [PINN[PRE]] ep=0120 loss_train=9.236601e-02 | loss_val=9.633665e-02 | lr=1.000000e-03 | best_val=9.555143e-02
2026-09-02 01:33:49,268 | INFO | [PINN[PRE]] ep=0130 loss_train=8.762728e-02 | loss_val=9.336348e-02 | lr=1.000000e-03 | best_val=8.837627e-02
2026-09-02 01:33:52,926 | INFO | [PINN[PRE]] ep=0140 loss_train=7.818318e-02 | loss_val=9.692273e-02 | lr=1.000000e-03 | best_val=8.130950e-02
2026-09-02 01:33:56,640 | INFO | [PINN[PRE]] ep=0150 loss_train=7.142482e-02 | loss_val=7.511483e-02 | lr=1.000000e-03 | best_val=7.511483e-02
2026-09-02 01:34:00,408 | INFO | [PINN[PRE]] ep=0160 loss_train=6.506567e-02 | loss_val=6.916063e-02 | lr=1.000000e-03 | best_val=6.916063e-02
2026-09-02 01:34:04,258 | INFO | [PINN[PRE]] ep=0170 loss_train=6.311299e-02 | loss_val=6.680130e-02 | lr=1.000000e-03 | best_val=6.660019e-02
2026-09-02 01:34:07,970 | INFO | [PINN[PRE]] ep=0180 loss_train=5.836080e-02 | loss_val=6.246234e-02 | lr=1.000000e-03 | best_val=6.186084e-02
2026-09-02 01:34:11,729 | INFO | [PINN[PRE]] ep=0190 loss_train=5.456552e-02 | loss_val=5.850705e-02 | lr=1.000000e-03 | best_val=5.816306e-02
2026-09-02 01:34:15,379 | INFO | [PINN[PRE]] ep=0200 loss_train=5.132588e-02 | loss_val=5.415183e-02 | lr=1.000000e-03 | best_val=5.415183e-02
2026-09-02 01:34:19,105 | INFO | [PINN[PRE]] ep=0210 loss_train=4.892107e-02 | loss_val=5.177119e-02 | lr=1.000000e-03 | best_val=5.177119e-02
2026-09-02 01:34:23,041 | INFO | [PINN[PRE]] ep=0220 loss_train=4.625198e-02 | loss_val=4.962387e-02 | lr=1.000000e-03 | best_val=4.902356e-02
2026-09-02 01:34:26,674 | INFO | [PINN[PRE]] ep=0230 loss_train=4.331756e-02 | loss_val=4.650685e-02 | lr=1.000000e-03 | best_val=4.650685e-02
2026-09-02 01:34:30,452 | INFO | [PINN[PRE]] ep=0240 loss_train=4.210515e-02 | loss_val=4.482241e-02 | lr=1.000000e-03 | best_val=4.461025e-02
2026-09-02 01:34:34,317 | INFO | [PINN[PRE]] ep=0250 loss_train=3.968185e-02 | loss_val=4.364200e-02 | lr=1.000000e-03 | best_val=4.250046e-02
2026-09-02 01:34:38,182 | INFO | [PINN[PRE]] ep=0260 loss_train=3.736533e-02 | loss_val=4.020109e-02 | lr=1.000000e-03 | best_val=4.020109e-02
2026-09-02 01:34:41,699 | INFO | [PINN[PRE]] ep=0270 loss_train=3.661441e-02 | loss_val=3.894012e-02 | lr=1.000000e-03 | best_val=3.871637e-02
2026-09-02 01:34:45,564 | INFO | [PINN[PRE]] ep=0280 loss_train=3.464925e-02 | loss_val=3.737007e-02 | lr=1.000000e-03 | best_val=3.737007e-02
2026-09-02 01:34:49,179 | INFO | [PINN[PRE]] ep=0290 loss_train=3.234111e-02 | loss_val=3.520066e-02 | lr=1.000000e-03 | best_val=3.486901e-02
2026-09-02 01:34:52,991 | INFO | [PINN[PRE]] ep=0300 loss_train=3.149966e-02 | loss_val=3.433719e-02 | lr=1.000000e-03 | best_val=3.372125e-02
2026-09-02 01:34:56,985 | INFO | [PINN[PRE]] ep=0310 loss_train=3.000436e-02 | loss_val=3.204680e-02 | lr=1.000000e-03 | best_val=3.204680e-02
2026-09-02 01:35:00,657 | INFO | [PINN[PRE]] ep=0320 loss_train=2.894880e-02 | loss_val=3.114753e-02 | lr=1.000000e-03 | best_val=3.114753e-02
2026-09-02 01:35:04,402 | INFO | [PINN[PRE]] ep=0330 loss_train=2.872657e-02 | loss_val=3.002001e-02 | lr=1.000000e-03 | best_val=3.002001e-02
2026-09-02 01:35:08,416 | INFO | [PINN[PRE]] ep=0340 loss_train=2.700129e-02 | loss_val=2.885171e-02 | lr=1.000000e-03 | best_val=2.885171e-02
2026-09-02 01:35:12,289 | INFO | [PINN[PRE]] ep=0350 loss_train=2.563802e-02 | loss_val=2.755922e-02 | lr=1.000000e-03 | best_val=2.755922e-02
2026-09-02 01:35:16,208 | INFO | [PINN[PRE]] ep=0360 loss_train=2.489989e-02 | loss_val=2.719386e-02 | lr=1.000000e-03 | best_val=2.670294e-02
2026-09-02 01:35:20,066 | INFO | [PINN[PRE]] ep=0370 loss_train=2.404250e-02 | loss_val=2.592705e-02 | lr=1.000000e-03 | best_val=2.592705e-02
2026-09-02 01:35:23,646 | INFO | [PINN[PRE]] ep=0380 loss_train=2.322178e-02 | loss_val=2.561915e-02 | lr=1.000000e-03 | best_val=2.486897e-02
2026-09-02 01:35:27,573 | INFO | [PINN[PRE]] ep=0390 loss_train=2.231052e-02 | loss_val=2.449320e-02 | lr=1.000000e-03 | best_val=2.442300e-02
2026-09-02 01:35:31,537 | INFO | [PINN[PRE]] ep=0400 loss_train=2.153764e-02 | loss_val=2.365499e-02 | lr=1.000000e-03 | best_val=2.313322e-02
2026-09-02 01:35:35,223 | INFO | [PINN[PRE]] ep=0410 loss_train=2.089922e-02 | loss_val=2.294835e-02 | lr=1.000000e-03 | best_val=2.294835e-02
2026-09-02 01:35:39,095 | INFO | [PINN[PRE]] ep=0420 loss_train=2.028844e-02 | loss_val=2.187327e-02 | lr=1.000000e-03 | best_val=2.187327e-02
2026-09-02 01:35:43,101 | INFO | [PINN[PRE]] ep=0430 loss_train=1.992628e-02 | loss_val=2.185508e-02 | lr=1.000000e-03 | best_val=2.140182e-02
2026-09-02 01:35:46,962 | INFO | [PINN[PRE]] ep=0440 loss_train=1.934442e-02 | loss_val=2.186869e-02 | lr=1.000000e-03 | best_val=2.079613e-02
2026-09-02 01:35:50,766 | INFO | [PINN[PRE]] ep=0450 loss_train=1.868809e-02 | loss_val=2.061554e-02 | lr=1.000000e-03 | best_val=2.047314e-02
2026-09-02 01:35:54,631 | INFO | [PINN[PRE]] ep=0460 loss_train=1.808426e-02 | loss_val=1.959527e-02 | lr=1.000000e-03 | best_val=1.947992e-02
2026-09-02 01:35:58,262 | INFO | [PINN[PRE]] ep=0470 loss_train=1.773174e-02 | loss_val=1.911608e-02 | lr=1.000000e-03 | best_val=1.911608e-02
2026-09-02 01:36:02,055 | INFO | [PINN[PRE]] ep=0480 loss_train=1.784952e-02 | loss_val=1.930869e-02 | lr=1.000000e-03 | best_val=1.881102e-02
2026-09-02 01:36:06,097 | INFO | [PINN[PRE]] ep=0490 loss_train=1.699777e-02 | loss_val=1.891414e-02 | lr=1.000000e-03 | best_val=1.867008e-02
2026-09-02 01:36:09,735 | INFO | [PINN[PRE]] ep=0500 loss_train=1.649559e-02 | loss_val=1.844387e-02 | lr=1.000000e-03 | best_val=1.838588e-02
2026-09-02 01:36:13,654 | INFO | [PINN[PRE]] ep=0510 loss_train=1.655705e-02 | loss_val=1.819924e-02 | lr=1.000000e-03 | best_val=1.804755e-02
2026-09-02 01:36:17,468 | INFO | [PINN[PRE]] ep=0520 loss_train=1.625521e-02 | loss_val=1.797669e-02 | lr=1.000000e-03 | best_val=1.746827e-02
2026-09-02 01:36:21,405 | INFO | [PINN[PRE]] ep=0530 loss_train=1.589168e-02 | loss_val=1.765759e-02 | lr=1.000000e-03 | best_val=1.742528e-02
2026-09-02 01:36:25,152 | INFO | [PINN[PRE]] ep=0540 loss_train=1.556901e-02 | loss_val=1.699158e-02 | lr=1.000000e-03 | best_val=1.699158e-02
2026-09-02 01:36:29,079 | INFO | [PINN[PRE]] ep=0550 loss_train=1.573465e-02 | loss_val=1.756094e-02 | lr=1.000000e-03 | best_val=1.699158e-02
2026-09-02 01:36:32,704 | INFO | [PINN[PRE]] ep=0560 loss_train=1.505594e-02 | loss_val=1.703219e-02 | lr=1.000000e-03 | best_val=1.689960e-02
2026-09-02 01:36:36,448 | INFO | [PINN[PRE]] ep=0570 loss_train=1.520498e-02 | loss_val=1.660174e-02 | lr=1.000000e-03 | best_val=1.660174e-02
2026-09-02 01:36:40,483 | INFO | [PINN[PRE]] ep=0580 loss_train=1.508877e-02 | loss_val=1.693121e-02 | lr=1.000000e-03 | best_val=1.637354e-02
2026-09-02 01:36:44,064 | INFO | [PINN[PRE]] ep=0590 loss_train=1.404285e-02 | loss_val=1.573292e-02 | lr=5.000000e-04 | best_val=1.562848e-02
2026-09-02 01:36:47,863 | INFO | [PINN[PRE]] ep=0600 loss_train=1.395818e-02 | loss_val=1.596484e-02 | lr=5.000000e-04 | best_val=1.553975e-02
2026-09-02 01:36:51,749 | INFO | [PINN[PRE]] ep=0610 loss_train=1.406657e-02 | loss_val=1.577718e-02 | lr=5.000000e-04 | best_val=1.551952e-02
2026-09-02 01:36:55,728 | INFO | [PINN[PRE]] ep=0620 loss_train=1.353866e-02 | loss_val=1.534959e-02 | lr=2.500000e-04 | best_val=1.534959e-02
2026-09-02 01:36:59,356 | INFO | [PINN[PRE]] ep=0630 loss_train=1.356888e-02 | loss_val=1.530804e-02 | lr=2.500000e-04 | best_val=1.524991e-02
2026-09-02 01:37:03,197 | INFO | [PINN[PRE]] ep=0640 loss_train=1.350499e-02 | loss_val=1.534667e-02 | lr=2.500000e-04 | best_val=1.519584e-02
2026-09-02 01:37:06,733 | INFO | [PINN[PRE]] ep=0650 loss_train=1.339681e-02 | loss_val=1.513909e-02 | lr=1.250000e-04 | best_val=1.513574e-02
2026-09-02 01:37:10,410 | INFO | [PINN[PRE]] ep=0660 loss_train=1.333836e-02 | loss_val=1.513343e-02 | lr=1.250000e-04 | best_val=1.507517e-02
2026-09-02 01:37:14,407 | INFO | [PINN[PRE]] ep=0670 loss_train=1.326826e-02 | loss_val=1.505814e-02 | lr=1.250000e-04 | best_val=1.505316e-02
2026-09-02 01:37:18,157 | INFO | [PINN[PRE]] ep=0680 loss_train=1.327314e-02 | loss_val=1.510784e-02 | lr=1.250000e-04 | best_val=1.503231e-02
2026-09-02 01:37:22,096 | INFO | [PINN[PRE]] ep=0690 loss_train=1.319257e-02 | loss_val=1.498786e-02 | lr=6.250000e-05 | best_val=1.497043e-02
2026-09-02 01:37:25,849 | INFO | [PINN[PRE]] ep=0700 loss_train=1.308928e-02 | loss_val=1.499552e-02 | lr=6.250000e-05 | best_val=1.495933e-02
2026-09-02 01:37:29,648 | INFO | [PINN[PRE]] ep=0710 loss_train=1.311442e-02 | loss_val=1.493341e-02 | lr=3.125000e-05 | best_val=1.492962e-02
2026-09-02 01:37:33,310 | INFO | [PINN[PRE]] ep=0720 loss_train=1.304218e-02 | loss_val=1.493218e-02 | lr=3.125000e-05 | best_val=1.491662e-02
2026-09-02 01:37:37,045 | INFO | [PINN[PRE]] ep=0730 loss_train=1.307938e-02 | loss_val=1.491903e-02 | lr=3.125000e-05 | best_val=1.490741e-02
2026-09-02 01:37:40,561 | INFO | [PINN[PRE]] ep=0740 loss_train=1.305769e-02 | loss_val=1.489579e-02 | lr=1.562500e-05 | best_val=1.489579e-02
2026-09-02 01:37:44,303 | INFO | [PINN[PRE]] ep=0750 loss_train=1.304051e-02 | loss_val=1.490038e-02 | lr=1.562500e-05 | best_val=1.489579e-02
2026-09-02 01:37:48,192 | INFO | [PINN[PRE]] ep=0760 loss_train=1.306177e-02 | loss_val=1.490063e-02 | lr=7.812500e-06 | best_val=1.489579e-02
2026-09-02 01:37:48,192 | INFO | Early stopping (val não melhorou). Melhor loss_val: 1.489579e-02
2026-09-02 01:37:48,374 | INFO | [PINN][REFERÊNCIA] ref_data=1.489579e-02 | ref_cont=2.035545e+05 | ref_mom=N/A
2026-09-02 01:37:48,809 | INFO | [PINN[CONTINUITY]] ep=0001 loss_total=9.748524e+00 | loss_data=2.413278e-01 | loss_cont=1.267626e+05 | val_score=2.003282e+01 | val_data=4.248324e-01 | val_cont=4.655429e+04 | lr=1.000000e-03 | best_val=2.003282e+01
2026-09-02 01:37:52,647 | INFO | [PINN[CONTINUITY]] ep=0010 loss_total=5.691088e-01 | loss_data=2.418707e-01 | loss_cont=4.363174e+03 | val_score=1.167943e+01 | val_data=2.483948e-01 | val_cont=4.465745e+03 | lr=1.000000e-03 | best_val=1.167943e+01
2026-09-02 01:37:57,163 | INFO | [PINN[CONTINUITY]] ep=0020 loss_total=3.302332e-01 | loss_data=1.822611e-01 | loss_cont=1.972962e+03 | val_score=8.703808e+00 | val_data=1.851395e-01 | val_cont=2.388740e+03 | lr=1.000000e-03 | best_val=8.703808e+00
2026-09-02 01:38:01,606 | INFO | [PINN[CONTINUITY]] ep=0030 loss_total=2.448741e-01 | loss_data=1.485019e-01 | loss_cont=1.284962e+03 | val_score=7.227900e+00 | val_data=1.537553e-01 | val_cont=1.665518e+03 | lr=1.000000e-03 | best_val=7.227900e+00
2026-09-02 01:38:06,136 | INFO | [PINN[CONTINUITY]] ep=0040 loss_total=2.279514e-01 | loss_data=1.293543e-01 | loss_cont=1.314628e+03 | val_score=6.419271e+00 | val_data=1.365394e-01 | val_cont=1.937704e+03 | lr=1.000000e-03 | best_val=6.366110e+00
2026-09-02 01:38:10,518 | INFO | [PINN[CONTINUITY]] ep=0050 loss_total=1.634515e-01 | loss_data=1.133161e-01 | loss_cont=6.684728e+02 | val_score=5.678672e+00 | val_data=1.208116e-01 | val_cont=9.185248e+02 | lr=1.000000e-03 | best_val=5.678672e+00
2026-09-02 01:38:15,026 | INFO | [PINN[CONTINUITY]] ep=0060 loss_total=1.415642e-01 | loss_data=1.035449e-01 | loss_cont=5.069237e+02 | val_score=5.173956e+00 | val_data=1.100780e-01 | val_cont=7.106281e+02 | lr=1.000000e-03 | best_val=5.173956e+00
2026-09-02 01:38:19,384 | INFO | [PINN[CONTINUITY]] ep=0070 loss_total=1.254230e-01 | loss_data=9.482144e-02 | loss_cont=4.080210e+02 | val_score=4.778212e+00 | val_data=1.016604e-01 | val_cont=5.901893e+02 | lr=1.000000e-03 | best_val=4.778212e+00
2026-09-02 01:38:23,856 | INFO | [PINN[CONTINUITY]] ep=0080 loss_total=1.129956e-01 | loss_data=8.743481e-02 | loss_cont=3.408107e+02 | val_score=4.476270e+00 | val_data=9.523916e-02 | val_cont=4.632300e+02 | lr=1.000000e-03 | best_val=4.476270e+00
2026-09-02 01:38:28,469 | INFO | [PINN[CONTINUITY]] ep=0090 loss_total=1.039248e-01 | loss_data=8.160756e-02 | loss_cont=2.975634e+02 | val_score=4.211245e+00 | val_data=8.960142e-02 | val_cont=4.024748e+02 | lr=1.000000e-03 | best_val=4.211245e+00
2026-09-02 01:38:32,826 | INFO | [PINN[CONTINUITY]] ep=0100 loss_total=9.535670e-02 | loss_data=7.655812e-02 | loss_cont=2.506476e+02 | val_score=3.947264e+00 | val_data=8.398561e-02 | val_cont=3.506456e+02 | lr=1.000000e-03 | best_val=3.947264e+00
2026-09-02 01:38:37,430 | INFO | [PINN[CONTINUITY]] ep=0110 loss_total=9.067019e-02 | loss_data=7.284638e-02 | loss_cont=2.376508e+02 | val_score=3.742985e+00 | val_data=7.963886e-02 | val_cont=3.424406e+02 | lr=1.000000e-03 | best_val=3.742985e+00
2026-09-02 01:38:41,846 | INFO | [PINN[CONTINUITY]] ep=0120 loss_total=8.330794e-02 | loss_data=6.837956e-02 | loss_cont=1.990450e+02 | val_score=3.535921e+00 | val_data=7.523496e-02 | val_cont=2.676444e+02 | lr=1.000000e-03 | best_val=3.535921e+00
2026-09-02 01:38:46,423 | INFO | [PINN[CONTINUITY]] ep=0130 loss_total=7.674471e-02 | loss_data=6.364037e-02 | loss_cont=1.747245e+02 | val_score=3.328160e+00 | val_data=7.081478e-02 | val_cont=2.380269e+02 | lr=1.000000e-03 | best_val=3.328160e+00
2026-09-02 01:38:50,833 | INFO | [PINN[CONTINUITY]] ep=0140 loss_total=7.231923e-02 | loss_data=6.025427e-02 | loss_cont=1.608661e+02 | val_score=3.138499e+00 | val_data=6.677947e-02 | val_cont=2.189266e+02 | lr=1.000000e-03 | best_val=3.138499e+00
2026-09-02 01:38:55,374 | INFO | [PINN[CONTINUITY]] ep=0150 loss_total=6.830233e-02 | loss_data=5.711260e-02 | loss_cont=1.491963e+02 | val_score=2.957497e+00 | val_data=6.292862e-02 | val_cont=1.921532e+02 | lr=1.000000e-03 | best_val=2.957497e+00
2026-09-02 01:38:59,800 | INFO | [PINN[CONTINUITY]] ep=0160 loss_total=6.356565e-02 | loss_data=5.353830e-02 | loss_cont=1.336979e+02 | val_score=2.800351e+00 | val_data=5.958504e-02 | val_cont=1.786311e+02 | lr=1.000000e-03 | best_val=2.800351e+00
2026-09-02 01:39:04,338 | INFO | [PINN[CONTINUITY]] ep=0170 loss_total=6.021274e-02 | loss_data=5.084428e-02 | loss_cont=1.249128e+02 | val_score=2.666582e+00 | val_data=5.673862e-02 | val_cont=1.739394e+02 | lr=1.000000e-03 | best_val=2.666582e+00
2026-09-02 01:39:08,943 | INFO | [PINN[CONTINUITY]] ep=0180 loss_total=5.622836e-02 | loss_data=4.777681e-02 | loss_cont=1.126873e+02 | val_score=2.511425e+00 | val_data=5.343768e-02 | val_cont=1.501655e+02 | lr=1.000000e-03 | best_val=2.511425e+00
2026-09-02 01:39:13,185 | INFO | [PINN[CONTINUITY]] ep=0190 loss_total=5.361162e-02 | loss_data=4.550082e-02 | loss_cont=1.081440e+02 | val_score=2.377700e+00 | val_data=5.059223e-02 | val_cont=1.439784e+02 | lr=1.000000e-03 | best_val=2.377700e+00
2026-09-02 01:39:17,741 | INFO | [PINN[CONTINUITY]] ep=0200 loss_total=5.105936e-02 | loss_data=4.369177e-02 | loss_cont=9.823452e+01 | val_score=2.265622e+00 | val_data=4.820747e-02 | val_cont=1.370984e+02 | lr=1.000000e-03 | best_val=2.265622e+00
2026-09-02 01:39:22,164 | INFO | [PINN[CONTINUITY]] ep=0210 loss_total=4.856356e-02 | loss_data=4.140760e-02 | loss_cont=9.541289e+01 | val_score=2.153020e+00 | val_data=4.581130e-02 | val_cont=1.379393e+02 | lr=1.000000e-03 | best_val=2.153020e+00
2026-09-02 01:39:26,751 | INFO | [PINN[CONTINUITY]] ep=0220 loss_total=4.630123e-02 | loss_data=3.949752e-02 | loss_cont=9.071620e+01 | val_score=2.060519e+00 | val_data=4.384353e-02 | val_cont=1.179653e+02 | lr=1.000000e-03 | best_val=2.060519e+00
2026-09-02 01:39:31,280 | INFO | [PINN[CONTINUITY]] ep=0230 loss_total=4.415220e-02 | loss_data=3.773143e-02 | loss_cont=8.561020e+01 | val_score=1.968785e+00 | val_data=4.189157e-02 | val_cont=1.147826e+02 | lr=1.000000e-03 | best_val=1.968785e+00
2026-09-02 01:39:35,710 | INFO | [PINN[CONTINUITY]] ep=0240 loss_total=4.273397e-02 | loss_data=3.630841e-02 | loss_cont=8.567404e+01 | val_score=1.883320e+00 | val_data=4.007308e-02 | val_cont=1.084650e+02 | lr=1.000000e-03 | best_val=1.877697e+00
2026-09-02 01:39:40,161 | INFO | [PINN[CONTINUITY]] ep=0250 loss_total=4.099863e-02 | loss_data=3.460709e-02 | loss_cont=8.522045e+01 | val_score=1.815636e+00 | val_data=3.863287e-02 | val_cont=1.063240e+02 | lr=1.000000e-03 | best_val=1.798995e+00
2026-09-02 01:39:44,827 | INFO | [PINN[CONTINUITY]] ep=0260 loss_total=4.207368e-02 | loss_data=3.411541e-02 | loss_cont=1.061103e+02 | val_score=1.757947e+00 | val_data=3.740495e-02 | val_cont=1.162613e+02 | lr=1.000000e-03 | best_val=1.750889e+00
2026-09-02 01:39:49,594 | INFO | [PINN[CONTINUITY]] ep=0270 loss_total=3.909538e-02 | loss_data=3.239781e-02 | loss_cont=8.930097e+01 | val_score=1.683800e+00 | val_data=3.582760e-02 | val_cont=1.007937e+02 | lr=1.000000e-03 | best_val=1.678761e+00
2026-09-02 01:39:54,012 | INFO | [PINN[CONTINUITY]] ep=0280 loss_total=3.679337e-02 | loss_data=3.161296e-02 | loss_cont=6.907212e+01 | val_score=1.616278e+00 | val_data=3.439100e-02 | val_cont=9.285107e+01 | lr=1.000000e-03 | best_val=1.612860e+00
2026-09-02 01:39:58,584 | INFO | [PINN[CONTINUITY]] ep=0290 loss_total=3.618533e-02 | loss_data=3.035864e-02 | loss_cont=7.768924e+01 | val_score=1.556044e+00 | val_data=3.310866e-02 | val_cont=1.116115e+02 | lr=1.000000e-03 | best_val=1.556044e+00
2026-09-02 01:40:03,161 | INFO | [PINN[CONTINUITY]] ep=0300 loss_total=3.653894e-02 | loss_data=2.994654e-02 | loss_cont=8.789868e+01 | val_score=1.537733e+00 | val_data=3.271918e-02 | val_cont=1.058920e+02 | lr=1.000000e-03 | best_val=1.509513e+00
2026-09-02 01:40:07,882 | INFO | [PINN[CONTINUITY]] ep=0310 loss_total=3.619541e-02 | loss_data=2.896909e-02 | loss_cont=9.635092e+01 | val_score=1.474699e+00 | val_data=3.137831e-02 | val_cont=9.059278e+01 | lr=1.000000e-03 | best_val=1.464624e+00
2026-09-02 01:40:12,393 | INFO | [PINN[CONTINUITY]] ep=0320 loss_total=3.440703e-02 | loss_data=2.822666e-02 | loss_cont=8.240483e+01 | val_score=1.448528e+00 | val_data=3.082067e-02 | val_cont=1.137216e+02 | lr=1.000000e-03 | best_val=1.438341e+00
2026-09-02 01:40:16,925 | INFO | [PINN[CONTINUITY]] ep=0330 loss_total=3.198977e-02 | loss_data=2.740742e-02 | loss_cont=6.109807e+01 | val_score=1.402209e+00 | val_data=2.983619e-02 | val_cont=7.682577e+01 | lr=1.000000e-03 | best_val=1.392122e+00
2026-09-02 01:40:21,487 | INFO | [PINN[CONTINUITY]] ep=0340 loss_total=3.075119e-02 | loss_data=2.629459e-02 | loss_cont=5.942141e+01 | val_score=1.357366e+00 | val_data=2.888181e-02 | val_cont=8.069261e+01 | lr=1.000000e-03 | best_val=1.357366e+00
2026-09-02 01:40:26,158 | INFO | [PINN[CONTINUITY]] ep=0350 loss_total=3.058548e-02 | loss_data=2.602300e-02 | loss_cont=6.083312e+01 | val_score=1.334070e+00 | val_data=2.838663e-02 | val_cont=6.335205e+01 | lr=1.000000e-03 | best_val=1.333815e+00
2026-09-02 01:40:30,907 | INFO | [PINN[CONTINUITY]] ep=0360 loss_total=2.915285e-02 | loss_data=2.540467e-02 | loss_cont=4.997569e+01 | val_score=1.291034e+00 | val_data=2.747069e-02 | val_cont=6.795825e+01 | lr=1.000000e-03 | best_val=1.291034e+00
2026-09-02 01:40:35,375 | INFO | [PINN[CONTINUITY]] ep=0370 loss_total=2.921027e-02 | loss_data=2.504514e-02 | loss_cont=5.553508e+01 | val_score=1.268149e+00 | val_data=2.698378e-02 | val_cont=6.532465e+01 | lr=1.000000e-03 | best_val=1.268149e+00
2026-09-02 01:40:40,089 | INFO | [PINN[CONTINUITY]] ep=0380 loss_total=2.935890e-02 | loss_data=2.454137e-02 | loss_cont=6.423372e+01 | val_score=1.257675e+00 | val_data=2.676036e-02 | val_cont=8.259311e+01 | lr=1.000000e-03 | best_val=1.254150e+00
2026-09-02 01:40:44,736 | INFO | [PINN[CONTINUITY]] ep=0390 loss_total=2.888315e-02 | loss_data=2.424052e-02 | loss_cont=6.190176e+01 | val_score=1.231974e+00 | val_data=2.621400e-02 | val_cont=6.517377e+01 | lr=1.000000e-03 | best_val=1.227427e+00
2026-09-02 01:40:49,533 | INFO | [PINN[CONTINUITY]] ep=0400 loss_total=2.989875e-02 | loss_data=2.407563e-02 | loss_cont=7.764153e+01 | val_score=1.205725e+00 | val_data=2.565513e-02 | val_cont=7.441852e+01 | lr=1.000000e-03 | best_val=1.194426e+00
2026-09-02 01:40:54,093 | INFO | [PINN[CONTINUITY]] ep=0410 loss_total=2.716137e-02 | loss_data=2.322375e-02 | loss_cont=5.250155e+01 | val_score=1.192079e+00 | val_data=2.536436e-02 | val_cont=8.718355e+01 | lr=1.000000e-03 | best_val=1.182077e+00
2026-09-02 01:40:58,595 | INFO | [PINN[CONTINUITY]] ep=0420 loss_total=3.083096e-02 | loss_data=2.391656e-02 | loss_cont=9.219200e+01 | val_score=1.200800e+00 | val_data=2.555008e-02 | val_cont=8.231049e+01 | lr=1.000000e-03 | best_val=1.169789e+00
2026-09-02 01:41:03,147 | INFO | [PINN[CONTINUITY]] ep=0430 loss_total=2.702460e-02 | loss_data=2.248731e-02 | loss_cont=6.049719e+01 | val_score=1.147878e+00 | val_data=2.442374e-02 | val_cont=8.821223e+01 | lr=1.000000e-03 | best_val=1.142893e+00
2026-09-02 01:41:07,741 | INFO | [PINN[CONTINUITY]] ep=0440 loss_total=2.514241e-02 | loss_data=2.181246e-02 | loss_cont=4.439926e+01 | val_score=1.128826e+00 | val_data=2.401880e-02 | val_cont=7.253446e+01 | lr=1.000000e-03 | best_val=1.115559e+00
2026-09-02 01:41:12,537 | INFO | [PINN[CONTINUITY]] ep=0450 loss_total=2.508791e-02 | loss_data=2.170169e-02 | loss_cont=4.514959e+01 | val_score=1.105942e+00 | val_data=2.353227e-02 | val_cont=5.921346e+01 | lr=1.000000e-03 | best_val=1.098415e+00
2026-09-02 01:41:16,966 | INFO | [PINN[CONTINUITY]] ep=0460 loss_total=2.480260e-02 | loss_data=2.146481e-02 | loss_cont=4.450391e+01 | val_score=1.086633e+00 | val_data=2.312134e-02 | val_cont=6.011806e+01 | lr=1.000000e-03 | best_val=1.086633e+00
2026-09-02 01:41:21,706 | INFO | [PINN[CONTINUITY]] ep=0470 loss_total=2.419489e-02 | loss_data=2.094874e-02 | loss_cont=4.328196e+01 | val_score=1.062251e+00 | val_data=2.260273e-02 | val_cont=5.289910e+01 | lr=1.000000e-03 | best_val=1.062251e+00
2026-09-02 01:41:26,328 | INFO | [PINN[CONTINUITY]] ep=0480 loss_total=2.383845e-02 | loss_data=2.070891e-02 | loss_cont=4.172717e+01 | val_score=1.055209e+00 | val_data=2.245280e-02 | val_cont=5.511826e+01 | lr=1.000000e-03 | best_val=1.054495e+00
2026-09-02 01:41:30,997 | INFO | [PINN[CONTINUITY]] ep=0490 loss_total=2.229902e-02 | loss_data=2.017632e-02 | loss_cont=2.830272e+01 | val_score=1.028117e+00 | val_data=2.187671e-02 | val_cont=4.196857e+01 | lr=5.000000e-04 | best_val=1.028117e+00
2026-09-02 01:41:35,481 | INFO | [PINN[CONTINUITY]] ep=0500 loss_total=2.195679e-02 | loss_data=1.983501e-02 | loss_cont=2.829044e+01 | val_score=1.026679e+00 | val_data=2.184606e-02 | val_cont=4.357481e+01 | lr=5.000000e-04 | best_val=1.023348e+00
2026-09-02 01:41:39,892 | INFO | [PINN[CONTINUITY]] ep=0510 loss_total=2.223562e-02 | loss_data=1.992058e-02 | loss_cont=3.086713e+01 | val_score=1.017810e+00 | val_data=2.165724e-02 | val_cont=4.635803e+01 | lr=5.000000e-04 | best_val=1.015149e+00
2026-09-02 01:41:44,347 | INFO | [PINN[CONTINUITY]] ep=0520 loss_total=2.198482e-02 | loss_data=1.971864e-02 | loss_cont=3.021570e+01 | val_score=1.018256e+00 | val_data=2.166678e-02 | val_cont=4.439751e+01 | lr=5.000000e-04 | best_val=1.003947e+00
2026-09-02 01:41:48,989 | INFO | [PINN[CONTINUITY]] ep=0530 loss_total=2.183916e-02 | loss_data=1.959163e-02 | loss_cont=2.996706e+01 | val_score=1.006218e+00 | val_data=2.141060e-02 | val_cont=4.486133e+01 | lr=5.000000e-04 | best_val=9.997152e-01
2026-09-02 01:41:53,654 | INFO | [PINN[CONTINUITY]] ep=0540 loss_total=2.228539e-02 | loss_data=1.953312e-02 | loss_cont=3.669693e+01 | val_score=1.000110e+00 | val_data=2.128021e-02 | val_cont=5.868060e+01 | lr=5.000000e-04 | best_val=9.909907e-01
2026-09-02 01:41:57,994 | INFO | [PINN[CONTINUITY]] ep=0550 loss_total=2.095767e-02 | loss_data=1.912083e-02 | loss_cont=2.449120e+01 | val_score=9.771904e-01 | val_data=2.079304e-02 | val_cont=4.073533e+01 | lr=2.500000e-04 | best_val=9.770888e-01
2026-09-02 01:42:02,638 | INFO | [PINN[CONTINUITY]] ep=0560 loss_total=2.087091e-02 | loss_data=1.898529e-02 | loss_cont=2.514169e+01 | val_score=9.746501e-01 | val_data=2.073897e-02 | val_cont=4.119819e+01 | lr=2.500000e-04 | best_val=9.742488e-01
2026-09-02 01:42:07,112 | INFO | [PINN[CONTINUITY]] ep=0570 loss_total=2.098181e-02 | loss_data=1.904503e-02 | loss_cont=2.582372e+01 | val_score=9.780361e-01 | val_data=2.081108e-02 | val_cont=3.952007e+01 | lr=2.500000e-04 | best_val=9.696957e-01
2026-09-02 01:42:11,709 | INFO | [PINN[CONTINUITY]] ep=0580 loss_total=2.113822e-02 | loss_data=1.896544e-02 | loss_cont=2.897033e+01 | val_score=9.689754e-01 | val_data=2.061817e-02 | val_cont=4.264226e+01 | lr=2.500000e-04 | best_val=9.668725e-01
2026-09-02 01:42:16,337 | INFO | [PINN[CONTINUITY]] ep=0590 loss_total=2.060717e-02 | loss_data=1.875755e-02 | loss_cont=2.466154e+01 | val_score=9.659119e-01 | val_data=2.055313e-02 | val_cont=3.786848e+01 | lr=2.500000e-04 | best_val=9.614919e-01
2026-09-02 01:42:20,776 | INFO | [PINN[CONTINUITY]] ep=0600 loss_total=2.063655e-02 | loss_data=1.872350e-02 | loss_cont=2.550725e+01 | val_score=9.619961e-01 | val_data=2.046974e-02 | val_cont=3.992960e+01 | lr=2.500000e-04 | best_val=9.586057e-01
2026-09-02 01:42:25,274 | INFO | [PINN[CONTINUITY]] ep=0610 loss_total=2.044045e-02 | loss_data=1.865070e-02 | loss_cont=2.386320e+01 | val_score=9.524208e-01 | val_data=2.026603e-02 | val_cont=3.839566e+01 | lr=2.500000e-04 | best_val=9.524208e-01
2026-09-02 01:42:29,885 | INFO | [PINN[CONTINUITY]] ep=0620 loss_total=2.044311e-02 | loss_data=1.849625e-02 | loss_cont=2.595804e+01 | val_score=9.468041e-01 | val_data=2.014636e-02 | val_cont=4.306153e+01 | lr=2.500000e-04 | best_val=9.468041e-01
2026-09-02 01:42:34,560 | INFO | [PINN[CONTINUITY]] ep=0630 loss_total=2.012828e-02 | loss_data=1.825176e-02 | loss_cont=2.502018e+01 | val_score=9.491251e-01 | val_data=2.019577e-02 | val_cont=4.246097e+01 | lr=2.500000e-04 | best_val=9.402480e-01
2026-09-02 01:42:38,952 | INFO | [PINN[CONTINUITY]] ep=0640 loss_total=2.014343e-02 | loss_data=1.828323e-02 | loss_cont=2.480265e+01 | val_score=9.412492e-01 | val_data=2.002812e-02 | val_cont=4.399001e+01 | lr=2.500000e-04 | best_val=9.385242e-01
2026-09-02 01:42:43,482 | INFO | [PINN[CONTINUITY]] ep=0650 loss_total=2.000535e-02 | loss_data=1.816186e-02 | loss_cont=2.457980e+01 | val_score=9.357855e-01 | val_data=1.991208e-02 | val_cont=3.681231e+01 | lr=2.500000e-04 | best_val=9.357855e-01
2026-09-02 01:42:47,946 | INFO | [PINN[CONTINUITY]] ep=0660 loss_total=2.010663e-02 | loss_data=1.815842e-02 | loss_cont=2.597617e+01 | val_score=9.343396e-01 | val_data=1.988123e-02 | val_cont=3.943225e+01 | lr=2.500000e-04 | best_val=9.315336e-01
2026-09-02 01:42:52,479 | INFO | [PINN[CONTINUITY]] ep=0670 loss_total=2.002325e-02 | loss_data=1.806243e-02 | loss_cont=2.614427e+01 | val_score=9.295059e-01 | val_data=1.977848e-02 | val_cont=3.616504e+01 | lr=2.500000e-04 | best_val=9.266531e-01
2026-09-02 01:42:56,979 | INFO | [PINN[CONTINUITY]] ep=0680 loss_total=1.964987e-02 | loss_data=1.790613e-02 | loss_cont=2.324994e+01 | val_score=9.267016e-01 | val_data=1.971879e-02 | val_cont=3.646144e+01 | lr=2.500000e-04 | best_val=9.246942e-01
2026-09-02 01:43:01,424 | INFO | [PINN[CONTINUITY]] ep=0690 loss_total=1.959233e-02 | loss_data=1.790262e-02 | loss_cont=2.252944e+01 | val_score=9.194935e-01 | val_data=1.956545e-02 | val_cont=3.516355e+01 | lr=2.500000e-04 | best_val=9.194935e-01
2026-09-02 01:43:05,894 | INFO | [PINN[CONTINUITY]] ep=0700 loss_total=1.952984e-02 | loss_data=1.768206e-02 | loss_cont=2.463703e+01 | val_score=9.199987e-01 | val_data=1.957608e-02 | val_cont=3.878243e+01 | lr=2.500000e-04 | best_val=9.162678e-01
2026-09-02 01:43:10,421 | INFO | [PINN[CONTINUITY]] ep=0710 loss_total=1.942339e-02 | loss_data=1.763311e-02 | loss_cont=2.387032e+01 | val_score=9.115066e-01 | val_data=1.939549e-02 | val_cont=3.515886e+01 | lr=2.500000e-04 | best_val=9.092009e-01
2026-09-02 01:43:15,034 | INFO | [PINN[CONTINUITY]] ep=0720 loss_total=1.943748e-02 | loss_data=1.761898e-02 | loss_cont=2.424663e+01 | val_score=9.084304e-01 | val_data=1.932997e-02 | val_cont=3.707243e+01 | lr=2.500000e-04 | best_val=9.067374e-01
2026-09-02 01:43:19,296 | INFO | [PINN[CONTINUITY]] ep=0730 loss_total=1.910360e-02 | loss_data=1.741159e-02 | loss_cont=2.256008e+01 | val_score=9.000561e-01 | val_data=1.915179e-02 | val_cont=3.616658e+01 | lr=2.500000e-04 | best_val=9.000561e-01
2026-09-02 01:43:23,894 | INFO | [PINN[CONTINUITY]] ep=0740 loss_total=1.910760e-02 | loss_data=1.748404e-02 | loss_cont=2.164751e+01 | val_score=9.002191e-01 | val_data=1.915530e-02 | val_cont=3.478309e+01 | lr=2.500000e-04 | best_val=8.970943e-01
2026-09-02 01:43:28,294 | INFO | [PINN[CONTINUITY]] ep=0750 loss_total=1.930086e-02 | loss_data=1.746657e-02 | loss_cont=2.445719e+01 | val_score=8.954615e-01 | val_data=1.905388e-02 | val_cont=4.065391e+01 | lr=2.500000e-04 | best_val=8.954615e-01
2026-09-02 01:43:32,802 | INFO | [PINN[CONTINUITY]] ep=0760 loss_total=1.881952e-02 | loss_data=1.712880e-02 | loss_cont=2.254283e+01 | val_score=8.899489e-01 | val_data=1.893671e-02 | val_cont=3.641056e+01 | lr=2.500000e-04 | best_val=8.899489e-01
2026-09-02 01:43:37,199 | INFO | [PINN[CONTINUITY]] ep=0770 loss_total=1.891971e-02 | loss_data=1.728325e-02 | loss_cont=2.181950e+01 | val_score=8.919480e-01 | val_data=1.897925e-02 | val_cont=3.638341e+01 | lr=2.500000e-04 | best_val=8.857682e-01
2026-09-02 01:43:41,619 | INFO | [PINN[CONTINUITY]] ep=0780 loss_total=1.877187e-02 | loss_data=1.716077e-02 | loss_cont=2.148134e+01 | val_score=8.832748e-01 | val_data=1.879474e-02 | val_cont=3.455866e+01 | lr=2.500000e-04 | best_val=8.832748e-01
2026-09-02 01:43:46,057 | INFO | [PINN[CONTINUITY]] ep=0790 loss_total=1.864534e-02 | loss_data=1.694938e-02 | loss_cont=2.261285e+01 | val_score=8.805805e-01 | val_data=1.873744e-02 | val_cont=3.358700e+01 | lr=2.500000e-04 | best_val=8.805805e-01
2026-09-02 01:43:50,616 | INFO | [PINN[CONTINUITY]] ep=0800 loss_total=1.872990e-02 | loss_data=1.698659e-02 | loss_cont=2.324416e+01 | val_score=8.749666e-01 | val_data=1.861796e-02 | val_cont=3.427624e+01 | lr=2.500000e-04 | best_val=8.749666e-01
2026-09-02 01:43:55,163 | INFO | [PINN[CONTINUITY]] ep=0810 loss_total=1.849938e-02 | loss_data=1.695428e-02 | loss_cont=2.060137e+01 | val_score=8.725377e-01 | val_data=1.856631e-02 | val_cont=3.295847e+01 | lr=2.500000e-04 | best_val=8.725377e-01
2026-09-02 01:43:59,415 | INFO | [PINN[CONTINUITY]] ep=0820 loss_total=1.858646e-02 | loss_data=1.679694e-02 | loss_cont=2.386024e+01 | val_score=8.762937e-01 | val_data=1.864612e-02 | val_cont=3.671299e+01 | lr=2.500000e-04 | best_val=8.724480e-01
2026-09-02 01:44:03,885 | INFO | [PINN[CONTINUITY]] ep=0830 loss_total=1.827347e-02 | loss_data=1.674086e-02 | loss_cont=2.043479e+01 | val_score=8.678118e-01 | val_data=1.846577e-02 | val_cont=3.228425e+01 | lr=2.500000e-04 | best_val=8.668864e-01
2026-09-02 01:44:08,293 | INFO | [PINN[CONTINUITY]] ep=0840 loss_total=1.785960e-02 | loss_data=1.651504e-02 | loss_cont=1.792744e+01 | val_score=8.598418e-01 | val_data=1.829621e-02 | val_cont=3.083662e+01 | lr=1.250000e-04 | best_val=8.598418e-01
2026-09-02 01:44:12,839 | INFO | [PINN[CONTINUITY]] ep=0850 loss_total=1.797153e-02 | loss_data=1.661598e-02 | loss_cont=1.807405e+01 | val_score=8.603542e-01 | val_data=1.830711e-02 | val_cont=3.095208e+01 | lr=1.250000e-04 | best_val=8.589318e-01
2026-09-02 01:44:17,379 | INFO | [PINN[CONTINUITY]] ep=0860 loss_total=1.782579e-02 | loss_data=1.654563e-02 | loss_cont=1.706880e+01 | val_score=8.610680e-01 | val_data=1.832230e-02 | val_cont=3.095252e+01 | lr=6.250000e-05 | best_val=8.582842e-01
2026-09-02 01:44:21,780 | INFO | [PINN[CONTINUITY]] ep=0870 loss_total=1.788733e-02 | loss_data=1.660184e-02 | loss_cont=1.713991e+01 | val_score=8.596367e-01 | val_data=1.829185e-02 | val_cont=3.069649e+01 | lr=6.250000e-05 | best_val=8.570415e-01
2026-09-02 01:44:26,229 | INFO | [PINN[CONTINUITY]] ep=0880 loss_total=1.768922e-02 | loss_data=1.643106e-02 | loss_cont=1.677545e+01 | val_score=8.558106e-01 | val_data=1.821045e-02 | val_cont=3.018438e+01 | lr=3.125000e-05 | best_val=8.555773e-01
2026-09-02 01:44:30,746 | INFO | [PINN[CONTINUITY]] ep=0890 loss_total=1.766776e-02 | loss_data=1.643577e-02 | loss_cont=1.642653e+01 | val_score=8.558724e-01 | val_data=1.821178e-02 | val_cont=2.977671e+01 | lr=1.562500e-05 | best_val=8.555773e-01
2026-09-02 01:44:35,313 | INFO | [PINN[CONTINUITY]] ep=0900 loss_total=1.767219e-02 | loss_data=1.644750e-02 | loss_cont=1.632918e+01 | val_score=8.554636e-01 | val_data=1.820308e-02 | val_cont=2.970859e+01 | lr=1.562500e-05 | best_val=8.549347e-01
2026-09-02 01:44:39,587 | INFO | [PINN[CONTINUITY]] ep=0910 loss_total=1.766464e-02 | loss_data=1.644478e-02 | loss_cont=1.626477e+01 | val_score=8.545649e-01 | val_data=1.818395e-02 | val_cont=3.004857e+01 | lr=1.562500e-05 | best_val=8.545649e-01
2026-09-02 01:44:44,158 | INFO | [PINN[CONTINUITY]] ep=0920 loss_total=1.764048e-02 | loss_data=1.641777e-02 | loss_cont=1.630290e+01 | val_score=8.549744e-01 | val_data=1.819267e-02 | val_cont=2.986786e+01 | lr=1.562500e-05 | best_val=8.544402e-01
2026-09-02 01:44:48,596 | INFO | [PINN[CONTINUITY]] ep=0930 loss_total=1.764659e-02 | loss_data=1.641808e-02 | loss_cont=1.638012e+01 | val_score=8.545624e-01 | val_data=1.818390e-02 | val_cont=2.972875e+01 | lr=1.562500e-05 | best_val=8.540206e-01
2026-09-02 01:44:53,133 | INFO | [PINN[CONTINUITY]] ep=0940 loss_total=1.764047e-02 | loss_data=1.642173e-02 | loss_cont=1.624979e+01 | val_score=8.542954e-01 | val_data=1.817822e-02 | val_cont=2.967807e+01 | lr=7.812500e-06 | best_val=8.539540e-01
2026-09-02 01:44:57,654 | INFO | [PINN[CONTINUITY]] ep=0950 loss_total=1.758836e-02 | loss_data=1.637585e-02 | loss_cont=1.616687e+01 | val_score=8.540213e-01 | val_data=1.817239e-02 | val_cont=2.969405e+01 | lr=3.906250e-06 | best_val=8.539138e-01
2026-09-02 01:45:02,019 | INFO | [PINN[CONTINUITY]] ep=0960 loss_total=1.764052e-02 | loss_data=1.642788e-02 | loss_cont=1.616849e+01 | val_score=8.540807e-01 | val_data=1.817365e-02 | val_cont=2.967099e+01 | lr=3.906250e-06 | best_val=8.538144e-01
2026-09-02 01:45:06,420 | INFO | [PINN[CONTINUITY]] ep=0970 loss_total=1.758870e-02 | loss_data=1.637862e-02 | loss_cont=1.613436e+01 | val_score=8.540074e-01 | val_data=1.817209e-02 | val_cont=2.966480e+01 | lr=1.953125e-06 | best_val=8.538144e-01
2026-09-02 01:45:09,441 | INFO | Early stopping PINN. Melhor val_score: 8.538144e-01
2026-09-02 01:45:09,522 | INFO | Scalers da PINN salvos em:results/models/pinn/pinn_cont_base_20260902_013258
2026-09-02 01:45:09,522 | INFO | Iniciando avaliacao final para cont_base
2026-09-02 01:45:09,522 | INFO | Modelo: results/models/pinn/pinn_cont_base_20260902_013258/pinn_cont_base_d4_w64.pt
2026-09-02 01:45:09,522 | INFO | Dataset: data/data_processed/dataset_test_pinn_cont_base_d4_w64.parquet
2026-09-02 01:45:19,758 | INFO | Avaliacao concluida. Metrics: results/metrics/pinn/pinn_cont_base_20260902_013258/pinn_cont_base_d4_w64_seed42.json
2026-09-02 01:45:19,758 | INFO | Predictions: results/metrics/pinn/pinn_cont_base_20260902_013258/pinn_cont_base_d4_w64_seed42_predictions.parquet
2026-09-02 01:45:19,758 | INFO | Plots: results/plots/pinn/pinn_cont_base_d4_w64_seed42_20260902_013258
2026-09-02 01:45:19,758 | INFO | Iniciando avaliacao final para cont_base
2026-09-02 01:45:19,758 | INFO | Modelo: results/models/pinn/pinn_cont_base_20260902_013258/pinn_cont_base_d4_w64.pt
2026-09-02 01:45:19,758 | INFO | Dataset: data/data_processed/dataset_bfs_2d_kepsilon_Re36000_full.parquet
2026-09-02 01:45:41,639 | INFO | Avaliacao concluida. Metrics: results/metrics/pinn/pinn_cont_base_20260902_013258/pinn_cont_base_d4_w64_seed42_full_domain.json
2026-09-02 01:45:41,639 | INFO | Predictions: results/metrics/pinn/pinn_cont_base_20260902_013258/pinn_cont_base_d4_w64_seed42_predictions_full_domain.parquet
2026-09-02 01:45:41,639 | INFO | Plots: results/plots/pinn/pinn_cont_base_d4_w64_seed42_20260902_013258_full_domain
2026-09-02 01:45:41,639 | INFO | Iniciando avaliação física no domínio completo.
2026-09-02 01:45:52,356 | INFO | Avaliação física concluída. Metrics: results/metrics/pinn/pinn_cont_base_20260902_013258/pinn_cont_base_d4_w64_seed42_physics.json
2026-09-02 01:45:52,356 | INFO | ================================================================================
2026-09-02 01:45:52,356 | INFO | Experimento finalizado
2026-09-02 01:45:52,356 | INFO | Wall time: 773.71 s
2026-09-02 01:45:52,356 | INFO | CPU time: 345.72 s
2026-09-02 01:45:52,356 | INFO | Metadados salvos em: logs/pinn/pinn_cont_base_20260902_013258/pinn_cont_base_k_epsilon_20260902_013258.json
2026-09-02 01:45:52,356 | INFO | ================================================================================

========================================================
      RESULTADOS DO MODELO (CONT_BASE)
========================================================

===== Métricas de Acurácia =====
MAE vetorial (u,v) (coarse -> fine):      6.016801
MAE pressão (p) (coarse -> fine):         285.395874
MAE vetorial (u,v) (corrigido -> fine):   0.791507
MAE pressão (p) (corrigido -> fine):      17.845778
MAE vetorial (ΔU_pred -> ΔU_true):        0.791507
MAE pressão (Δp_pred -> Δp_true):         17.845776
RMSE (u,v) (coarse -> fine):              9.750356
RMSE (u,v) (corrigido -> fine):           1.410903
RMSE (p)   (coarse -> fine):              347.786835
RMSE (p)   (corrigido -> fine):           28.973274
RER (u,v):                                0.8685
RER (p):                                  0.9375
Melhora (u,v) (MAE):                      86.85%
Melhora (p) (MAE):                        93.75%

=====  Comparativo com CFD Fine (cont_base) =====
L2 relativo (u,v) - Coarse:               2.169262e-01
L2 relativo (u,v) - Corrigido:            3.138981e-02
L2 relativo (p) - Coarse:                 8.694501e-01
L2 relativo (p) - Corrigido:              7.243177e-02
Salvo: results/metrics/pinn/pinn_cont_base_20260902_013258/pinn_cont_base_d4_w64_seed42.json

Predições salvas em: results/metrics/pinn/pinn_cont_base_20260902_013258/pinn_cont_base_d4_w64_seed42_predictions.parquet


========================================================
      RESULTADOS DO MODELO (CONT_BASE)
========================================================

===== Métricas de Acurácia =====
MAE vetorial (u,v) (coarse -> fine):      5.981949
MAE pressão (p) (coarse -> fine):         284.203308
MAE vetorial (u,v) (corrigido -> fine):   0.766536
MAE pressão (p) (corrigido -> fine):      17.530256
MAE vetorial (ΔU_pred -> ΔU_true):        0.766536
MAE pressão (Δp_pred -> Δp_true):         17.530256
RMSE (u,v) (coarse -> fine):              9.661861
RMSE (u,v) (corrigido -> fine):           1.351700
RMSE (p)   (coarse -> fine):              345.197235
RMSE (p)   (corrigido -> fine):           28.417034
RER (u,v):                                0.8719
RER (p):                                  0.9383
Melhora (u,v) (MAE):                      87.19%
Melhora (p) (MAE):                        93.83%

=====  Comparativo com CFD Fine (cont_base) =====
L2 relativo (u,v) - Coarse:               2.145569e-01
L2 relativo (u,v) - Corrigido:            3.001663e-02
L2 relativo (p) - Coarse:                 8.674141e-01
L2 relativo (p) - Corrigido:              7.140651e-02
Salvo: results/metrics/pinn/pinn_cont_base_20260902_013258/pinn_cont_base_d4_w64_seed42_full_domain.json

Predições salvas em: results/metrics/pinn/pinn_cont_base_20260902_013258/pinn_cont_base_d4_w64_seed42_predictions_full_domain.parquet


================================================================
MÉTRICAS FÍSICAS DE DIVERGÊNCIA (cont_base)
================================================================

CFD coarse
  MAE(div U):                 1.551502e-01
  RMSE(div U):                3.377179e+00
  L2(div U):                  1.071098e+03
  Linf(div U):                2.415380e+02
  Média assinada(div U):      -5.707184e-02
  Desvio-padrão(div U):       3.376696e+00
  Pontos válidos:             100589 (100.00%)

CFD fine
  MAE(div U):                 4.239915e-01
  RMSE(div U):                5.366322e+00
  L2(div U):                  1.701970e+03
  Linf(div U):                8.642390e+02
  Média assinada(div U):      -3.276348e-02
  Desvio-padrão(div U):       5.366222e+00
  Pontos válidos:             100589 (100.00%)

Campo corrigido
  MAE(div U):                 2.546437e+00
  RMSE(div U):                4.339762e+00
  L2(div U):                  1.376389e+03
  Linf(div U):                1.882068e+02
  Média assinada(div U):      1.946863e-02
  Desvio-padrão(div U):       4.339719e+00
  Pontos válidos:             100589 (100.00%)

Corrigido versus CFD fine
  MAE do erro de divergência: 2.715770e+00
  RMSE do erro de divergência:6.847080e+00
  L2 do erro de divergência:  2.171604e+03
  Linf do erro de divergência:8.636586e+02

Indicadores relativos
  Redução RMSE vs. coarse:    -28.50%
  Redução MAE vs. coarse:     -1541.27%
  Redução RMSE vs. fine:      19.13%
================================================================
