2026-07-25 20:51:29,844 | INFO | Dispositivo do experimento: cuda
2026-07-25 20:51:29,845 | INFO | ================================================================================
2026-07-25 20:51:29,845 | INFO | Iniciando experimento: pinn_cont_base
2026-07-25 20:51:29,845 | INFO | Run ID: pinn_cont_base_k_epsilon_20260725_205129
2026-07-25 20:51:29,845 | INFO | Hardware: {'platform': 'Linux-6.8.0-136-generic-x86_64-with-glibc2.35', 'processor': 'x86_64', 'python_version': '3.11.14', 'cpu_count_logical': 12, 'cpu_count_physical': 6, 'ram_total_gb': 31.16, 'torch_version': '2.9.1+cu128', 'cuda_available': True, 'cuda_version': '12.8', 'gpu_name': 'NVIDIA GeForce RTX 3060', 'gpu_count': 1, 'gpu_memory_gb': 11.62}
2026-07-25 20:51:29,845 | INFO | Config: {'experiment': {'name': 'cont_base', 'type': 'k_epsilon', 'seed': 42}, 'paths': {'root': '.', 'data_process_dir': 'data/data_processed', 'data_cfd_dir': 'data/data_cfd', 'results_dir': 'results', 'models_dir': 'results/models', 'metrics_dir': 'results/metrics', 'plots_dir': 'results/plots', 'logs_dir': 'logs'}, 'dataset': {'parquet': 'dataset_bfs_2d_kepsilon_Re36000_full.parquet', 'test_output': 'dataset_test_pinn'}, 'features': ['x', 'y', 'Ux', 'Uy', 'p', 'Re_norm'], 'targets': ['dUx', 'dUy', 'dp'], 'model': {'type': 'pinn', 'width': 64, 'depth': 4, 'activation': 'tanh'}, 'training': {'batch_size': 4096, 'epochs': 1000, 'lr': '1e-3', 'weight_decay': '1e-6'}, 'early_stopping': {'patience': 20}, 'scheduler': {'factor': 0.5, 'patience': 10}, 'split': {'strategy': 'spatial_x_quantile', 'column': 'x', 'bins': 8, 'test_frac': 0.2, 'version': 'v1'}, 'pinn': {'physics_mode': 'continuity', 'nut_transform': 'exp', 'epochs_pre': 1000, 'epochs_phys': 1000, 'w_data': 1.0, 'w_cont': '1e-4', 'w_mom': '1e-5'}}
2026-07-25 20:51:29,845 | INFO | ================================================================================
2026-07-25 20:51:30,350 | INFO | Dataset salvo: dataset_test_pinn_cont_base_d4_w64.parquet
2026-07-25 20:51:30,351 | INFO | Split salvo em: data/data_processed/splits/dataset_bfs_2d_kepsilon_Re36000_full_spatial_x_quantile_x/b8_v1_seed42.json
2026-07-25 20:51:30,611 | INFO | Model device: cuda:0
2026-07-25 20:51:33,219 | INFO | [PINN[PRE]] ep=0001 loss_train=8.213613e-01 | loss_val=7.325009e-01 | lr=1.000000e-03 | best_val=7.325009e-01
2026-07-25 20:51:36,386 | INFO | [PINN[PRE]] ep=0010 loss_train=4.742740e-01 | loss_val=4.854643e-01 | lr=1.000000e-03 | best_val=4.854643e-01
2026-07-25 20:51:40,177 | INFO | [PINN[PRE]] ep=0020 loss_train=3.728411e-01 | loss_val=3.814045e-01 | lr=1.000000e-03 | best_val=3.814045e-01
2026-07-25 20:51:44,318 | INFO | [PINN[PRE]] ep=0030 loss_train=2.545251e-01 | loss_val=2.617985e-01 | lr=1.000000e-03 | best_val=2.617985e-01
2026-07-25 20:51:47,980 | INFO | [PINN[PRE]] ep=0040 loss_train=2.108696e-01 | loss_val=2.186261e-01 | lr=1.000000e-03 | best_val=2.186261e-01
2026-07-25 20:51:51,476 | INFO | [PINN[PRE]] ep=0050 loss_train=1.787803e-01 | loss_val=1.860698e-01 | lr=1.000000e-03 | best_val=1.860698e-01
2026-07-25 20:51:54,976 | INFO | [PINN[PRE]] ep=0060 loss_train=1.610249e-01 | loss_val=1.664359e-01 | lr=1.000000e-03 | best_val=1.664359e-01
2026-07-25 20:51:58,816 | INFO | [PINN[PRE]] ep=0070 loss_train=1.434263e-01 | loss_val=1.468282e-01 | lr=1.000000e-03 | best_val=1.468282e-01
2026-07-25 20:52:02,400 | INFO | [PINN[PRE]] ep=0080 loss_train=1.288012e-01 | loss_val=1.329509e-01 | lr=1.000000e-03 | best_val=1.329509e-01
2026-07-25 20:52:05,999 | INFO | [PINN[PRE]] ep=0090 loss_train=1.154582e-01 | loss_val=1.216327e-01 | lr=1.000000e-03 | best_val=1.216327e-01
2026-07-25 20:52:09,510 | INFO | [PINN[PRE]] ep=0100 loss_train=1.061728e-01 | loss_val=1.122580e-01 | lr=1.000000e-03 | best_val=1.122580e-01
2026-07-25 20:52:13,154 | INFO | [PINN[PRE]] ep=0110 loss_train=9.695939e-02 | loss_val=1.059762e-01 | lr=1.000000e-03 | best_val=1.028199e-01
2026-07-25 20:52:17,038 | INFO | [PINN[PRE]] ep=0120 loss_train=9.236601e-02 | loss_val=9.633665e-02 | lr=1.000000e-03 | best_val=9.555143e-02
2026-07-25 20:52:20,638 | INFO | [PINN[PRE]] ep=0130 loss_train=8.762728e-02 | loss_val=9.336348e-02 | lr=1.000000e-03 | best_val=8.837627e-02
2026-07-25 20:52:24,241 | INFO | [PINN[PRE]] ep=0140 loss_train=7.818318e-02 | loss_val=9.692273e-02 | lr=1.000000e-03 | best_val=8.130950e-02
2026-07-25 20:52:27,951 | INFO | [PINN[PRE]] ep=0150 loss_train=7.142482e-02 | loss_val=7.511483e-02 | lr=1.000000e-03 | best_val=7.511483e-02
2026-07-25 20:52:31,652 | INFO | [PINN[PRE]] ep=0160 loss_train=6.506567e-02 | loss_val=6.916063e-02 | lr=1.000000e-03 | best_val=6.916063e-02
2026-07-25 20:52:35,278 | INFO | [PINN[PRE]] ep=0170 loss_train=6.311299e-02 | loss_val=6.680130e-02 | lr=1.000000e-03 | best_val=6.660019e-02
2026-07-25 20:52:39,191 | INFO | [PINN[PRE]] ep=0180 loss_train=5.836080e-02 | loss_val=6.246234e-02 | lr=1.000000e-03 | best_val=6.186084e-02
2026-07-25 20:52:43,145 | INFO | [PINN[PRE]] ep=0190 loss_train=5.456552e-02 | loss_val=5.850705e-02 | lr=1.000000e-03 | best_val=5.816306e-02
2026-07-25 20:52:47,217 | INFO | [PINN[PRE]] ep=0200 loss_train=5.132588e-02 | loss_val=5.415183e-02 | lr=1.000000e-03 | best_val=5.415183e-02
2026-07-25 20:52:51,354 | INFO | [PINN[PRE]] ep=0210 loss_train=4.892107e-02 | loss_val=5.177119e-02 | lr=1.000000e-03 | best_val=5.177119e-02
2026-07-25 20:52:54,860 | INFO | [PINN[PRE]] ep=0220 loss_train=4.625198e-02 | loss_val=4.962387e-02 | lr=1.000000e-03 | best_val=4.902356e-02
2026-07-25 20:52:58,433 | INFO | [PINN[PRE]] ep=0230 loss_train=4.331756e-02 | loss_val=4.650685e-02 | lr=1.000000e-03 | best_val=4.650685e-02
2026-07-25 20:53:02,128 | INFO | [PINN[PRE]] ep=0240 loss_train=4.210515e-02 | loss_val=4.482241e-02 | lr=1.000000e-03 | best_val=4.461025e-02
2026-07-25 20:53:05,891 | INFO | [PINN[PRE]] ep=0250 loss_train=3.968185e-02 | loss_val=4.364200e-02 | lr=1.000000e-03 | best_val=4.250046e-02
2026-07-25 20:53:09,392 | INFO | [PINN[PRE]] ep=0260 loss_train=3.736533e-02 | loss_val=4.020109e-02 | lr=1.000000e-03 | best_val=4.020109e-02
2026-07-25 20:53:13,049 | INFO | [PINN[PRE]] ep=0270 loss_train=3.661441e-02 | loss_val=3.894012e-02 | lr=1.000000e-03 | best_val=3.871637e-02
2026-07-25 20:53:16,536 | INFO | [PINN[PRE]] ep=0280 loss_train=3.464925e-02 | loss_val=3.737007e-02 | lr=1.000000e-03 | best_val=3.737007e-02
2026-07-25 20:53:20,061 | INFO | [PINN[PRE]] ep=0290 loss_train=3.234111e-02 | loss_val=3.520066e-02 | lr=1.000000e-03 | best_val=3.486901e-02
2026-07-25 20:53:23,702 | INFO | [PINN[PRE]] ep=0300 loss_train=3.149966e-02 | loss_val=3.433719e-02 | lr=1.000000e-03 | best_val=3.372125e-02
2026-07-25 20:53:27,261 | INFO | [PINN[PRE]] ep=0310 loss_train=3.000436e-02 | loss_val=3.204680e-02 | lr=1.000000e-03 | best_val=3.204680e-02
2026-07-25 20:53:30,876 | INFO | [PINN[PRE]] ep=0320 loss_train=2.894880e-02 | loss_val=3.114753e-02 | lr=1.000000e-03 | best_val=3.114753e-02
2026-07-25 20:53:34,585 | INFO | [PINN[PRE]] ep=0330 loss_train=2.872657e-02 | loss_val=3.002001e-02 | lr=1.000000e-03 | best_val=3.002001e-02
2026-07-25 20:53:38,293 | INFO | [PINN[PRE]] ep=0340 loss_train=2.700129e-02 | loss_val=2.885171e-02 | lr=1.000000e-03 | best_val=2.885171e-02
2026-07-25 20:53:41,802 | INFO | [PINN[PRE]] ep=0350 loss_train=2.563802e-02 | loss_val=2.755922e-02 | lr=1.000000e-03 | best_val=2.755922e-02
2026-07-25 20:53:45,505 | INFO | [PINN[PRE]] ep=0360 loss_train=2.489989e-02 | loss_val=2.719386e-02 | lr=1.000000e-03 | best_val=2.670294e-02
2026-07-25 20:53:49,098 | INFO | [PINN[PRE]] ep=0370 loss_train=2.404250e-02 | loss_val=2.592705e-02 | lr=1.000000e-03 | best_val=2.592705e-02
2026-07-25 20:53:52,800 | INFO | [PINN[PRE]] ep=0380 loss_train=2.322178e-02 | loss_val=2.561915e-02 | lr=1.000000e-03 | best_val=2.486897e-02
2026-07-25 20:53:56,752 | INFO | [PINN[PRE]] ep=0390 loss_train=2.231052e-02 | loss_val=2.449320e-02 | lr=1.000000e-03 | best_val=2.442300e-02
2026-07-25 20:54:00,143 | INFO | [PINN[PRE]] ep=0400 loss_train=2.153764e-02 | loss_val=2.365499e-02 | lr=1.000000e-03 | best_val=2.313322e-02
2026-07-25 20:54:03,647 | INFO | [PINN[PRE]] ep=0410 loss_train=2.089922e-02 | loss_val=2.294835e-02 | lr=1.000000e-03 | best_val=2.294835e-02
2026-07-25 20:54:07,153 | INFO | [PINN[PRE]] ep=0420 loss_train=2.028844e-02 | loss_val=2.187327e-02 | lr=1.000000e-03 | best_val=2.187327e-02
2026-07-25 20:54:11,055 | INFO | [PINN[PRE]] ep=0430 loss_train=1.992628e-02 | loss_val=2.185508e-02 | lr=1.000000e-03 | best_val=2.140182e-02
2026-07-25 20:54:14,876 | INFO | [PINN[PRE]] ep=0440 loss_train=1.934442e-02 | loss_val=2.186869e-02 | lr=1.000000e-03 | best_val=2.079613e-02
2026-07-25 20:54:18,803 | INFO | [PINN[PRE]] ep=0450 loss_train=1.868809e-02 | loss_val=2.061554e-02 | lr=1.000000e-03 | best_val=2.047314e-02
2026-07-25 20:54:22,686 | INFO | [PINN[PRE]] ep=0460 loss_train=1.808426e-02 | loss_val=1.959527e-02 | lr=1.000000e-03 | best_val=1.947992e-02
2026-07-25 20:54:26,569 | INFO | [PINN[PRE]] ep=0470 loss_train=1.773174e-02 | loss_val=1.911608e-02 | lr=1.000000e-03 | best_val=1.911608e-02
2026-07-25 20:54:30,693 | INFO | [PINN[PRE]] ep=0480 loss_train=1.784952e-02 | loss_val=1.930869e-02 | lr=1.000000e-03 | best_val=1.881102e-02
2026-07-25 20:54:34,761 | INFO | [PINN[PRE]] ep=0490 loss_train=1.699777e-02 | loss_val=1.891414e-02 | lr=1.000000e-03 | best_val=1.867008e-02
2026-07-25 20:54:38,822 | INFO | [PINN[PRE]] ep=0500 loss_train=1.649559e-02 | loss_val=1.844387e-02 | lr=1.000000e-03 | best_val=1.838588e-02
2026-07-25 20:54:42,811 | INFO | [PINN[PRE]] ep=0510 loss_train=1.655705e-02 | loss_val=1.819924e-02 | lr=1.000000e-03 | best_val=1.804755e-02
2026-07-25 20:54:46,750 | INFO | [PINN[PRE]] ep=0520 loss_train=1.625521e-02 | loss_val=1.797669e-02 | lr=1.000000e-03 | best_val=1.746827e-02
2026-07-25 20:54:50,604 | INFO | [PINN[PRE]] ep=0530 loss_train=1.589168e-02 | loss_val=1.765759e-02 | lr=1.000000e-03 | best_val=1.742528e-02
2026-07-25 20:54:54,595 | INFO | [PINN[PRE]] ep=0540 loss_train=1.556901e-02 | loss_val=1.699158e-02 | lr=1.000000e-03 | best_val=1.699158e-02
2026-07-25 20:54:58,519 | INFO | [PINN[PRE]] ep=0550 loss_train=1.573465e-02 | loss_val=1.756094e-02 | lr=1.000000e-03 | best_val=1.699158e-02
2026-07-25 20:55:02,371 | INFO | [PINN[PRE]] ep=0560 loss_train=1.505594e-02 | loss_val=1.703219e-02 | lr=1.000000e-03 | best_val=1.689960e-02
2026-07-25 20:55:06,443 | INFO | [PINN[PRE]] ep=0570 loss_train=1.520498e-02 | loss_val=1.660174e-02 | lr=1.000000e-03 | best_val=1.660174e-02
2026-07-25 20:55:10,095 | INFO | [PINN[PRE]] ep=0580 loss_train=1.508877e-02 | loss_val=1.693121e-02 | lr=1.000000e-03 | best_val=1.637354e-02
2026-07-25 20:55:13,912 | INFO | [PINN[PRE]] ep=0590 loss_train=1.404285e-02 | loss_val=1.573292e-02 | lr=5.000000e-04 | best_val=1.562848e-02
2026-07-25 20:55:17,780 | INFO | [PINN[PRE]] ep=0600 loss_train=1.395818e-02 | loss_val=1.596484e-02 | lr=5.000000e-04 | best_val=1.553975e-02
2026-07-25 20:55:21,687 | INFO | [PINN[PRE]] ep=0610 loss_train=1.406657e-02 | loss_val=1.577718e-02 | lr=5.000000e-04 | best_val=1.551952e-02
2026-07-25 20:55:25,591 | INFO | [PINN[PRE]] ep=0620 loss_train=1.353866e-02 | loss_val=1.534959e-02 | lr=2.500000e-04 | best_val=1.534959e-02
2026-07-25 20:55:29,652 | INFO | [PINN[PRE]] ep=0630 loss_train=1.356888e-02 | loss_val=1.530804e-02 | lr=2.500000e-04 | best_val=1.524991e-02
2026-07-25 20:55:33,465 | INFO | [PINN[PRE]] ep=0640 loss_train=1.350499e-02 | loss_val=1.534667e-02 | lr=2.500000e-04 | best_val=1.519584e-02
2026-07-25 20:55:37,212 | INFO | [PINN[PRE]] ep=0650 loss_train=1.339681e-02 | loss_val=1.513909e-02 | lr=1.250000e-04 | best_val=1.513574e-02
2026-07-25 20:55:41,096 | INFO | [PINN[PRE]] ep=0660 loss_train=1.333836e-02 | loss_val=1.513343e-02 | lr=1.250000e-04 | best_val=1.507517e-02
2026-07-25 20:55:44,902 | INFO | [PINN[PRE]] ep=0670 loss_train=1.326826e-02 | loss_val=1.505814e-02 | lr=1.250000e-04 | best_val=1.505316e-02
2026-07-25 20:55:48,925 | INFO | [PINN[PRE]] ep=0680 loss_train=1.327314e-02 | loss_val=1.510784e-02 | lr=1.250000e-04 | best_val=1.503231e-02
2026-07-25 20:55:52,971 | INFO | [PINN[PRE]] ep=0690 loss_train=1.319257e-02 | loss_val=1.498786e-02 | lr=6.250000e-05 | best_val=1.497043e-02
2026-07-25 20:55:57,002 | INFO | [PINN[PRE]] ep=0700 loss_train=1.308928e-02 | loss_val=1.499552e-02 | lr=6.250000e-05 | best_val=1.495933e-02
2026-07-25 20:56:00,913 | INFO | [PINN[PRE]] ep=0710 loss_train=1.311442e-02 | loss_val=1.493341e-02 | lr=3.125000e-05 | best_val=1.492962e-02
2026-07-25 20:56:04,856 | INFO | [PINN[PRE]] ep=0720 loss_train=1.304218e-02 | loss_val=1.493218e-02 | lr=3.125000e-05 | best_val=1.491662e-02
2026-07-25 20:56:08,702 | INFO | [PINN[PRE]] ep=0730 loss_train=1.307938e-02 | loss_val=1.491903e-02 | lr=3.125000e-05 | best_val=1.490741e-02
2026-07-25 20:56:12,585 | INFO | [PINN[PRE]] ep=0740 loss_train=1.305769e-02 | loss_val=1.489579e-02 | lr=1.562500e-05 | best_val=1.489579e-02
2026-07-25 20:56:16,793 | INFO | [PINN[PRE]] ep=0750 loss_train=1.304051e-02 | loss_val=1.490038e-02 | lr=1.562500e-05 | best_val=1.489579e-02
2026-07-25 20:56:20,707 | INFO | [PINN[PRE]] ep=0760 loss_train=1.306177e-02 | loss_val=1.490063e-02 | lr=7.812500e-06 | best_val=1.489579e-02
2026-07-25 20:56:20,707 | INFO | Early stopping (val não melhorou). Melhor loss_val: 1.489579e-02
2026-07-25 20:56:21,138 | INFO | [PINN][REFERÊNCIA] ref_data=1.489579e-02 | ref_cont=2.035545e+05 | ref_mom=N/A
2026-07-25 20:56:21,731 | INFO | [PINN[CONTINUITY]] ep=0001 loss_total=1.291684e+01 | loss_data=2.534094e-01 | loss_cont=1.266343e+05 | val_score=2.127407e+01 | val_data=4.512452e-01 | val_cont=4.657653e+04 | lr=1.000000e-03 | best_val=2.127407e+01
2026-07-25 20:56:25,554 | INFO | [PINN[CONTINUITY]] ep=0010 loss_total=6.743077e-01 | loss_data=2.669125e-01 | loss_cont=4.073952e+03 | val_score=1.289878e+01 | val_data=2.743323e-01 | val_cont=4.777623e+03 | lr=1.000000e-03 | best_val=1.289878e+01
2026-07-25 20:56:30,242 | INFO | [PINN[CONTINUITY]] ep=0020 loss_total=3.937839e-01 | loss_data=2.097957e-01 | loss_cont=1.839883e+03 | val_score=1.009339e+01 | val_data=2.147077e-01 | val_cont=2.444082e+03 | lr=1.000000e-03 | best_val=1.009339e+01
2026-07-25 20:56:34,707 | INFO | [PINN[CONTINUITY]] ep=0030 loss_total=2.873542e-01 | loss_data=1.735133e-01 | loss_cont=1.138409e+03 | val_score=8.376295e+00 | val_data=1.781969e-01 | val_cont=1.535838e+03 | lr=1.000000e-03 | best_val=8.376295e+00
2026-07-25 20:56:39,378 | INFO | [PINN[CONTINUITY]] ep=0040 loss_total=2.265396e-01 | loss_data=1.472341e-01 | loss_cont=7.930554e+02 | val_score=7.170310e+00 | val_data=1.525488e-01 | val_cont=1.060489e+03 | lr=1.000000e-03 | best_val=7.170310e+00
2026-07-25 20:56:44,077 | INFO | [PINN[CONTINUITY]] ep=0050 loss_total=1.886771e-01 | loss_data=1.288049e-01 | loss_cont=5.987223e+02 | val_score=6.357742e+00 | val_data=1.352652e-01 | val_cont=8.175029e+02 | lr=1.000000e-03 | best_val=6.357742e+00
2026-07-25 20:56:48,533 | INFO | [PINN[CONTINUITY]] ep=0060 loss_total=1.652824e-01 | loss_data=1.173474e-01 | loss_cont=4.793499e+02 | val_score=5.782266e+00 | val_data=1.230250e-01 | val_cont=6.334922e+02 | lr=1.000000e-03 | best_val=5.782266e+00
2026-07-25 20:56:53,135 | INFO | [PINN[CONTINUITY]] ep=0070 loss_total=1.466628e-01 | loss_data=1.074363e-01 | loss_cont=3.922652e+02 | val_score=5.309918e+00 | val_data=1.129775e-01 | val_cont=5.105566e+02 | lr=1.000000e-03 | best_val=5.309918e+00
2026-07-25 20:56:57,835 | INFO | [PINN[CONTINUITY]] ep=0080 loss_total=1.311434e-01 | loss_data=9.839530e-02 | loss_cont=3.274807e+02 | val_score=4.933799e+00 | val_data=1.049764e-01 | val_cont=4.265660e+02 | lr=1.000000e-03 | best_val=4.933799e+00
2026-07-25 20:57:02,296 | INFO | [PINN[CONTINUITY]] ep=0090 loss_total=1.183068e-01 | loss_data=9.092068e-02 | loss_cont=2.738607e+02 | val_score=4.599256e+00 | val_data=9.785924e-02 | val_cont=3.687008e+02 | lr=1.000000e-03 | best_val=4.599256e+00
2026-07-25 20:57:06,745 | INFO | [PINN[CONTINUITY]] ep=0100 loss_total=1.086811e-01 | loss_data=8.497241e-02 | loss_cont=2.370868e+02 | val_score=4.314574e+00 | val_data=9.180289e-02 | val_cont=3.174697e+02 | lr=1.000000e-03 | best_val=4.314574e+00
2026-07-25 20:57:11,422 | INFO | [PINN[CONTINUITY]] ep=0110 loss_total=1.010568e-01 | loss_data=8.047153e-02 | loss_cont=2.058529e+02 | val_score=4.062361e+00 | val_data=8.643697e-02 | val_cont=2.828731e+02 | lr=1.000000e-03 | best_val=4.062361e+00
2026-07-25 20:57:16,021 | INFO | [PINN[CONTINUITY]] ep=0120 loss_total=9.398259e-02 | loss_data=7.570391e-02 | loss_cont=1.827867e+02 | val_score=3.863584e+00 | val_data=8.220801e-02 | val_cont=2.519879e+02 | lr=1.000000e-03 | best_val=3.863584e+00
2026-07-25 20:57:20,462 | INFO | [PINN[CONTINUITY]] ep=0130 loss_total=8.724194e-02 | loss_data=7.088615e-02 | loss_cont=1.635579e+02 | val_score=3.657223e+00 | val_data=7.781745e-02 | val_cont=2.285932e+02 | lr=1.000000e-03 | best_val=3.657223e+00
2026-07-25 20:57:25,103 | INFO | [PINN[CONTINUITY]] ep=0140 loss_total=8.207516e-02 | loss_data=6.746639e-02 | loss_cont=1.460877e+02 | val_score=3.470971e+00 | val_data=7.385472e-02 | val_cont=2.075203e+02 | lr=1.000000e-03 | best_val=3.470971e+00
2026-07-25 20:57:29,568 | INFO | [PINN[CONTINUITY]] ep=0150 loss_total=7.768052e-02 | loss_data=6.444929e-02 | loss_cont=1.323124e+02 | val_score=3.302346e+00 | val_data=7.026692e-02 | val_cont=1.918886e+02 | lr=1.000000e-03 | best_val=3.302346e+00
2026-07-25 20:57:34,324 | INFO | [PINN[CONTINUITY]] ep=0160 loss_total=7.316970e-02 | loss_data=6.097145e-02 | loss_cont=1.219825e+02 | val_score=3.151883e+00 | val_data=6.706566e-02 | val_cont=1.742362e+02 | lr=1.000000e-03 | best_val=3.151883e+00
2026-07-25 20:57:39,079 | INFO | [PINN[CONTINUITY]] ep=0170 loss_total=6.956596e-02 | loss_data=5.820640e-02 | loss_cont=1.135957e+02 | val_score=3.006192e+00 | val_data=6.396577e-02 | val_cont=1.625493e+02 | lr=1.000000e-03 | best_val=3.006192e+00
2026-07-25 20:57:43,606 | INFO | [PINN[CONTINUITY]] ep=0180 loss_total=6.509728e-02 | loss_data=5.490089e-02 | loss_cont=1.019639e+02 | val_score=2.873973e+00 | val_data=6.115248e-02 | val_cont=1.529886e+02 | lr=1.000000e-03 | best_val=2.873973e+00
2026-07-25 20:57:48,041 | INFO | [PINN[CONTINUITY]] ep=0190 loss_total=6.201362e-02 | loss_data=5.255376e-02 | loss_cont=9.459862e+01 | val_score=2.732868e+00 | val_data=5.815011e-02 | val_cont=1.436835e+02 | lr=1.000000e-03 | best_val=2.732868e+00
2026-07-25 20:57:52,605 | INFO | [PINN[CONTINUITY]] ep=0200 loss_total=5.945447e-02 | loss_data=5.072883e-02 | loss_cont=8.725647e+01 | val_score=2.617592e+00 | val_data=5.569744e-02 | val_cont=1.320250e+02 | lr=1.000000e-03 | best_val=2.617592e+00
2026-07-25 20:57:57,024 | INFO | [PINN[CONTINUITY]] ep=0210 loss_total=5.630243e-02 | loss_data=4.815170e-02 | loss_cont=8.150732e+01 | val_score=2.508350e+00 | val_data=5.337309e-02 | val_cont=1.227640e+02 | lr=1.000000e-03 | best_val=2.508350e+00
2026-07-25 20:58:01,539 | INFO | [PINN[CONTINUITY]] ep=0220 loss_total=5.373877e-02 | loss_data=4.621581e-02 | loss_cont=7.522964e+01 | val_score=2.407937e+00 | val_data=5.123648e-02 | val_cont=1.182557e+02 | lr=1.000000e-03 | best_val=2.407937e+00
2026-07-25 20:58:06,208 | INFO | [PINN[CONTINUITY]] ep=0230 loss_total=5.143092e-02 | loss_data=4.426378e-02 | loss_cont=7.167144e+01 | val_score=2.297916e+00 | val_data=4.889554e-02 | val_cont=1.091856e+02 | lr=1.000000e-03 | best_val=2.297916e+00
2026-07-25 20:58:10,542 | INFO | [PINN[CONTINUITY]] ep=0240 loss_total=4.934973e-02 | loss_data=4.249590e-02 | loss_cont=6.853836e+01 | val_score=2.208220e+00 | val_data=4.698692e-02 | val_cont=1.069510e+02 | lr=1.000000e-03 | best_val=2.208149e+00
2026-07-25 20:58:14,992 | INFO | [PINN[CONTINUITY]] ep=0250 loss_total=4.710707e-02 | loss_data=4.070810e-02 | loss_cont=6.398973e+01 | val_score=2.119238e+00 | val_data=4.509350e-02 | val_cont=1.039309e+02 | lr=1.000000e-03 | best_val=2.119238e+00
2026-07-25 20:58:19,657 | INFO | [PINN[CONTINUITY]] ep=0260 loss_total=4.541654e-02 | loss_data=3.923046e-02 | loss_cont=6.186079e+01 | val_score=2.043490e+00 | val_data=4.348182e-02 | val_cont=9.734011e+01 | lr=1.000000e-03 | best_val=2.043010e+00
2026-07-25 20:58:24,042 | INFO | [PINN[CONTINUITY]] ep=0270 loss_total=4.324756e-02 | loss_data=3.756565e-02 | loss_cont=5.681911e+01 | val_score=1.959160e+00 | val_data=4.168729e-02 | val_cont=9.717885e+01 | lr=1.000000e-03 | best_val=1.959160e+00
2026-07-25 20:58:28,410 | INFO | [PINN[CONTINUITY]] ep=0280 loss_total=4.272471e-02 | loss_data=3.676374e-02 | loss_cont=5.960968e+01 | val_score=1.879377e+00 | val_data=3.998966e-02 | val_cont=9.308767e+01 | lr=1.000000e-03 | best_val=1.879377e+00
2026-07-25 20:58:32,948 | INFO | [PINN[CONTINUITY]] ep=0290 loss_total=4.078458e-02 | loss_data=3.519181e-02 | loss_cont=5.592769e+01 | val_score=1.828753e+00 | val_data=3.891259e-02 | val_cont=8.703121e+01 | lr=1.000000e-03 | best_val=1.828562e+00
2026-07-25 20:58:37,344 | INFO | [PINN[CONTINUITY]] ep=0300 loss_total=4.006585e-02 | loss_data=3.438249e-02 | loss_cont=5.683352e+01 | val_score=1.768802e+00 | val_data=3.763680e-02 | val_cont=8.866612e+01 | lr=1.000000e-03 | best_val=1.763080e+00
2026-07-25 20:58:41,682 | INFO | [PINN[CONTINUITY]] ep=0310 loss_total=3.822220e-02 | loss_data=3.298130e-02 | loss_cont=5.240904e+01 | val_score=1.705181e+00 | val_data=3.628315e-02 | val_cont=8.268870e+01 | lr=1.000000e-03 | best_val=1.705181e+00
2026-07-25 20:58:46,394 | INFO | [PINN[CONTINUITY]] ep=0320 loss_total=3.778747e-02 | loss_data=3.228599e-02 | loss_cont=5.501473e+01 | val_score=1.654332e+00 | val_data=3.520111e-02 | val_cont=8.229700e+01 | lr=1.000000e-03 | best_val=1.654332e+00
2026-07-25 20:58:50,875 | INFO | [PINN[CONTINUITY]] ep=0330 loss_total=3.647810e-02 | loss_data=3.142974e-02 | loss_cont=5.048353e+01 | val_score=1.613719e+00 | val_data=3.433698e-02 | val_cont=7.896491e+01 | lr=1.000000e-03 | best_val=1.613719e+00
2026-07-25 20:58:55,432 | INFO | [PINN[CONTINUITY]] ep=0340 loss_total=3.476594e-02 | loss_data=3.032419e-02 | loss_cont=4.441750e+01 | val_score=1.567922e+00 | val_data=3.336259e-02 | val_cont=7.440071e+01 | lr=1.000000e-03 | best_val=1.567922e+00
2026-07-25 20:59:00,064 | INFO | [PINN[CONTINUITY]] ep=0350 loss_total=3.428661e-02 | loss_data=2.968244e-02 | loss_cont=4.604171e+01 | val_score=1.534745e+00 | val_data=3.265682e-02 | val_cont=6.699142e+01 | lr=1.000000e-03 | best_val=1.529365e+00
2026-07-25 20:59:04,395 | INFO | [PINN[CONTINUITY]] ep=0360 loss_total=3.346212e-02 | loss_data=2.908724e-02 | loss_cont=4.374887e+01 | val_score=1.493135e+00 | val_data=3.177129e-02 | val_cont=6.951484e+01 | lr=1.000000e-03 | best_val=1.493135e+00
2026-07-25 20:59:08,748 | INFO | [PINN[CONTINUITY]] ep=0370 loss_total=3.277788e-02 | loss_data=2.844425e-02 | loss_cont=4.333630e+01 | val_score=1.451908e+00 | val_data=3.089420e-02 | val_cont=6.287668e+01 | lr=1.000000e-03 | best_val=1.451908e+00
2026-07-25 20:59:13,396 | INFO | [PINN[CONTINUITY]] ep=0380 loss_total=3.240282e-02 | loss_data=2.771132e-02 | loss_cont=4.691506e+01 | val_score=1.435628e+00 | val_data=3.054750e-02 | val_cont=7.118385e+01 | lr=1.000000e-03 | best_val=1.419679e+00
2026-07-25 20:59:17,790 | INFO | [PINN[CONTINUITY]] ep=0390 loss_total=3.532509e-02 | loss_data=2.776813e-02 | loss_cont=7.556966e+01 | val_score=1.456770e+00 | val_data=3.099608e-02 | val_cont=1.132007e+02 | lr=1.000000e-03 | best_val=1.393796e+00
2026-07-25 20:59:22,268 | INFO | [PINN[CONTINUITY]] ep=0400 loss_total=3.068737e-02 | loss_data=2.662512e-02 | loss_cont=4.062249e+01 | val_score=1.370333e+00 | val_data=2.915832e-02 | val_cont=6.262036e+01 | lr=1.000000e-03 | best_val=1.367626e+00
2026-07-25 20:59:26,905 | INFO | [PINN[CONTINUITY]] ep=0410 loss_total=3.066852e-02 | loss_data=2.613877e-02 | loss_cont=4.529754e+01 | val_score=1.337987e+00 | val_data=2.847001e-02 | val_cont=6.229622e+01 | lr=1.000000e-03 | best_val=1.337987e+00
2026-07-25 20:59:31,264 | INFO | [PINN[CONTINUITY]] ep=0420 loss_total=3.093833e-02 | loss_data=2.580853e-02 | loss_cont=5.129806e+01 | val_score=1.330702e+00 | val_data=2.831516e-02 | val_cont=5.690081e+01 | lr=1.000000e-03 | best_val=1.329337e+00
2026-07-25 20:59:35,711 | INFO | [PINN[CONTINUITY]] ep=0430 loss_total=3.022452e-02 | loss_data=2.530555e-02 | loss_cont=4.918972e+01 | val_score=1.295806e+00 | val_data=2.757227e-02 | val_cont=6.656892e+01 | lr=1.000000e-03 | best_val=1.291429e+00
2026-07-25 20:59:40,368 | INFO | [PINN[CONTINUITY]] ep=0440 loss_total=2.841482e-02 | loss_data=2.477159e-02 | loss_cont=3.643237e+01 | val_score=1.269675e+00 | val_data=2.701664e-02 | val_cont=5.282546e+01 | lr=1.000000e-03 | best_val=1.269675e+00
2026-07-25 20:59:44,713 | INFO | [PINN[CONTINUITY]] ep=0450 loss_total=2.806009e-02 | loss_data=2.435355e-02 | loss_cont=3.706536e+01 | val_score=1.268999e+00 | val_data=2.700193e-02 | val_cont=6.350735e+01 | lr=1.000000e-03 | best_val=1.252722e+00
2026-07-25 20:59:49,097 | INFO | [PINN[CONTINUITY]] ep=0460 loss_total=2.809024e-02 | loss_data=2.402356e-02 | loss_cont=4.066686e+01 | val_score=1.254271e+00 | val_data=2.668822e-02 | val_cont=7.276070e+01 | lr=1.000000e-03 | best_val=1.229472e+00
2026-07-25 20:59:53,652 | INFO | [PINN[CONTINUITY]] ep=0470 loss_total=2.832541e-02 | loss_data=2.372166e-02 | loss_cont=4.603750e+01 | val_score=1.213527e+00 | val_data=2.582161e-02 | val_cont=6.038526e+01 | lr=1.000000e-03 | best_val=1.213527e+00
2026-07-25 20:59:58,074 | INFO | [PINN[CONTINUITY]] ep=0480 loss_total=3.086070e-02 | loss_data=2.410351e-02 | loss_cont=6.757190e+01 | val_score=1.227679e+00 | val_data=2.612242e-02 | val_cont=7.076982e+01 | lr=1.000000e-03 | best_val=1.195195e+00
2026-07-25 21:00:02,458 | INFO | [PINN[CONTINUITY]] ep=0490 loss_total=2.524330e-02 | loss_data=2.273107e-02 | loss_cont=2.512226e+01 | val_score=1.171635e+00 | val_data=2.493085e-02 | val_cont=3.845779e+01 | lr=5.000000e-04 | best_val=1.171067e+00
2026-07-25 21:00:07,073 | INFO | [PINN[CONTINUITY]] ep=0500 loss_total=2.477363e-02 | loss_data=2.229169e-02 | loss_cont=2.481946e+01 | val_score=1.163104e+00 | val_data=2.474932e-02 | val_cont=3.807996e+01 | lr=5.000000e-04 | best_val=1.155491e+00
2026-07-25 21:00:11,519 | INFO | [PINN[CONTINUITY]] ep=0510 loss_total=2.467597e-02 | loss_data=2.230211e-02 | loss_cont=2.373856e+01 | val_score=1.143345e+00 | val_data=2.432886e-02 | val_cont=3.798921e+01 | lr=5.000000e-04 | best_val=1.143345e+00
2026-07-25 21:00:16,067 | INFO | [PINN[CONTINUITY]] ep=0520 loss_total=2.443775e-02 | loss_data=2.206101e-02 | loss_cont=2.376741e+01 | val_score=1.138601e+00 | val_data=2.422785e-02 | val_cont=3.932092e+01 | lr=5.000000e-04 | best_val=1.132180e+00
2026-07-25 21:00:20,767 | INFO | [PINN[CONTINUITY]] ep=0530 loss_total=2.451779e-02 | loss_data=2.201867e-02 | loss_cont=2.499122e+01 | val_score=1.127132e+00 | val_data=2.398382e-02 | val_cont=3.851924e+01 | lr=5.000000e-04 | best_val=1.127132e+00
2026-07-25 21:00:25,179 | INFO | [PINN[CONTINUITY]] ep=0540 loss_total=2.574886e-02 | loss_data=2.209301e-02 | loss_cont=3.655845e+01 | val_score=1.125826e+00 | val_data=2.395568e-02 | val_cont=5.022380e+01 | lr=5.000000e-04 | best_val=1.114401e+00
2026-07-25 21:00:29,633 | INFO | [PINN[CONTINUITY]] ep=0550 loss_total=2.389384e-02 | loss_data=2.153640e-02 | loss_cont=2.357440e+01 | val_score=1.100849e+00 | val_data=2.342446e-02 | val_cont=4.096394e+01 | lr=5.000000e-04 | best_val=1.100243e+00
2026-07-25 21:00:34,253 | INFO | [PINN[CONTINUITY]] ep=0560 loss_total=2.473518e-02 | loss_data=2.141292e-02 | loss_cont=3.322256e+01 | val_score=1.104162e+00 | val_data=2.349466e-02 | val_cont=5.051313e+01 | lr=5.000000e-04 | best_val=1.092193e+00
2026-07-25 21:00:38,795 | INFO | [PINN[CONTINUITY]] ep=0570 loss_total=2.400575e-02 | loss_data=2.126604e-02 | loss_cont=2.739709e+01 | val_score=1.091670e+00 | val_data=2.322920e-02 | val_cont=3.883811e+01 | lr=5.000000e-04 | best_val=1.082006e+00
2026-07-25 21:00:43,368 | INFO | [PINN[CONTINUITY]] ep=0580 loss_total=2.373683e-02 | loss_data=2.100448e-02 | loss_cont=2.732352e+01 | val_score=1.080260e+00 | val_data=2.298627e-02 | val_cont=4.285302e+01 | lr=5.000000e-04 | best_val=1.075482e+00
2026-07-25 21:00:48,030 | INFO | [PINN[CONTINUITY]] ep=0590 loss_total=2.345192e-02 | loss_data=2.086829e-02 | loss_cont=2.583627e+01 | val_score=1.066895e+00 | val_data=2.270196e-02 | val_cont=3.979151e+01 | lr=5.000000e-04 | best_val=1.064756e+00
2026-07-25 21:00:52,387 | INFO | [PINN[CONTINUITY]] ep=0600 loss_total=2.370130e-02 | loss_data=2.069188e-02 | loss_cont=3.009414e+01 | val_score=1.059950e+00 | val_data=2.255394e-02 | val_cont=4.704132e+01 | lr=5.000000e-04 | best_val=1.051399e+00
2026-07-25 21:00:56,889 | INFO | [PINN[CONTINUITY]] ep=0610 loss_total=2.289746e-02 | loss_data=2.047928e-02 | loss_cont=2.418183e+01 | val_score=1.043883e+00 | val_data=2.221217e-02 | val_cont=4.340132e+01 | lr=5.000000e-04 | best_val=1.043883e+00
2026-07-25 21:01:01,655 | INFO | [PINN[CONTINUITY]] ep=0620 loss_total=2.267577e-02 | loss_data=2.025727e-02 | loss_cont=2.418495e+01 | val_score=1.036327e+00 | val_data=2.205158e-02 | val_cont=3.657786e+01 | lr=5.000000e-04 | best_val=1.033448e+00
2026-07-25 21:01:06,072 | INFO | [PINN[CONTINUITY]] ep=0630 loss_total=2.279589e-02 | loss_data=1.997297e-02 | loss_cont=2.822913e+01 | val_score=1.031917e+00 | val_data=2.195757e-02 | val_cont=4.177846e+01 | lr=5.000000e-04 | best_val=1.029431e+00
2026-07-25 21:01:10,481 | INFO | [PINN[CONTINUITY]] ep=0640 loss_total=2.241090e-02 | loss_data=1.993352e-02 | loss_cont=2.477378e+01 | val_score=1.019435e+00 | val_data=2.169207e-02 | val_cont=3.849482e+01 | lr=5.000000e-04 | best_val=1.015913e+00
2026-07-25 21:01:15,084 | INFO | [PINN[CONTINUITY]] ep=0650 loss_total=2.164188e-02 | loss_data=1.962908e-02 | loss_cont=2.012808e+01 | val_score=1.008222e+00 | val_data=2.145367e-02 | val_cont=3.147808e+01 | lr=2.500000e-04 | best_val=1.008222e+00
2026-07-25 21:01:19,628 | INFO | [PINN[CONTINUITY]] ep=0660 loss_total=2.150240e-02 | loss_data=1.961099e-02 | loss_cont=1.891418e+01 | val_score=1.006629e+00 | val_data=2.141977e-02 | val_cont=3.129202e+01 | lr=2.500000e-04 | best_val=1.002209e+00
2026-07-25 21:01:24,083 | INFO | [PINN[CONTINUITY]] ep=0670 loss_total=2.111608e-02 | loss_data=1.943266e-02 | loss_cont=1.683420e+01 | val_score=9.969292e-01 | val_data=2.121342e-02 | val_cont=2.980924e+01 | lr=1.250000e-04 | best_val=9.969292e-01
2026-07-25 21:01:28,740 | INFO | [PINN[CONTINUITY]] ep=0680 loss_total=2.103350e-02 | loss_data=1.933432e-02 | loss_cont=1.699177e+01 | val_score=9.965000e-01 | val_data=2.120431e-02 | val_cont=2.922856e+01 | lr=1.250000e-04 | best_val=9.954201e-01
2026-07-25 21:01:33,174 | INFO | [PINN[CONTINUITY]] ep=0690 loss_total=2.112815e-02 | loss_data=1.942203e-02 | loss_cont=1.706120e+01 | val_score=9.949444e-01 | val_data=2.117121e-02 | val_cont=2.916622e+01 | lr=1.250000e-04 | best_val=9.920440e-01
2026-07-25 21:01:37,770 | INFO | [PINN[CONTINUITY]] ep=0700 loss_total=2.094439e-02 | loss_data=1.921558e-02 | loss_cont=1.728810e+01 | val_score=9.911067e-01 | val_data=2.108951e-02 | val_cont=3.010809e+01 | lr=1.250000e-04 | best_val=9.907269e-01
2026-07-25 21:01:42,515 | INFO | [PINN[CONTINUITY]] ep=0710 loss_total=2.082050e-02 | loss_data=1.917143e-02 | loss_cont=1.649067e+01 | val_score=9.868158e-01 | val_data=2.099825e-02 | val_cont=2.873909e+01 | lr=6.250000e-05 | best_val=9.868158e-01
2026-07-25 21:01:46,921 | INFO | [PINN[CONTINUITY]] ep=0720 loss_total=2.085548e-02 | loss_data=1.922300e-02 | loss_cont=1.632475e+01 | val_score=9.853435e-01 | val_data=2.096693e-02 | val_cont=2.838066e+01 | lr=6.250000e-05 | best_val=9.853435e-01
2026-07-25 21:01:51,335 | INFO | [PINN[CONTINUITY]] ep=0730 loss_total=2.072368e-02 | loss_data=1.908057e-02 | loss_cont=1.643119e+01 | val_score=9.841368e-01 | val_data=2.094123e-02 | val_cont=2.894021e+01 | lr=6.250000e-05 | best_val=9.841368e-01
2026-07-25 21:01:55,954 | INFO | [PINN[CONTINUITY]] ep=0740 loss_total=2.088677e-02 | loss_data=1.921378e-02 | loss_cont=1.672995e+01 | val_score=9.847177e-01 | val_data=2.095358e-02 | val_cont=2.928411e+01 | lr=6.250000e-05 | best_val=9.831041e-01
2026-07-25 21:02:00,482 | INFO | [PINN[CONTINUITY]] ep=0750 loss_total=2.082648e-02 | loss_data=1.917257e-02 | loss_cont=1.653907e+01 | val_score=9.813171e-01 | val_data=2.088124e-02 | val_cont=2.875235e+01 | lr=6.250000e-05 | best_val=9.813171e-01
2026-07-25 21:02:05,037 | INFO | [PINN[CONTINUITY]] ep=0760 loss_total=2.052596e-02 | loss_data=1.888356e-02 | loss_cont=1.642404e+01 | val_score=9.804302e-01 | val_data=2.086237e-02 | val_cont=2.858501e+01 | lr=6.250000e-05 | best_val=9.800605e-01
2026-07-25 21:02:09,690 | INFO | [PINN[CONTINUITY]] ep=0770 loss_total=2.077717e-02 | loss_data=1.916124e-02 | loss_cont=1.615933e+01 | val_score=9.782605e-01 | val_data=2.081619e-02 | val_cont=2.882496e+01 | lr=6.250000e-05 | best_val=9.782483e-01
2026-07-25 21:02:14,085 | INFO | [PINN[CONTINUITY]] ep=0780 loss_total=2.074299e-02 | loss_data=1.908385e-02 | loss_cont=1.659137e+01 | val_score=9.764070e-01 | val_data=2.077675e-02 | val_cont=2.883273e+01 | lr=6.250000e-05 | best_val=9.761015e-01
2026-07-25 21:02:18,619 | INFO | [PINN[CONTINUITY]] ep=0790 loss_total=2.048016e-02 | loss_data=1.884784e-02 | loss_cont=1.632313e+01 | val_score=9.752026e-01 | val_data=2.075112e-02 | val_cont=2.872519e+01 | lr=6.250000e-05 | best_val=9.752026e-01
2026-07-25 21:02:23,388 | INFO | [PINN[CONTINUITY]] ep=0800 loss_total=2.054416e-02 | loss_data=1.892492e-02 | loss_cont=1.619236e+01 | val_score=9.722083e-01 | val_data=2.068741e-02 | val_cont=2.840958e+01 | lr=6.250000e-05 | best_val=9.722083e-01
2026-07-25 21:02:27,820 | INFO | [PINN[CONTINUITY]] ep=0810 loss_total=2.057509e-02 | loss_data=1.892865e-02 | loss_cont=1.646446e+01 | val_score=9.738081e-01 | val_data=2.072146e-02 | val_cont=2.838125e+01 | lr=6.250000e-05 | best_val=9.715267e-01
2026-07-25 21:02:32,267 | INFO | [PINN[CONTINUITY]] ep=0820 loss_total=2.037428e-02 | loss_data=1.874577e-02 | loss_cont=1.628509e+01 | val_score=9.713986e-01 | val_data=2.067016e-02 | val_cont=2.900702e+01 | lr=6.250000e-05 | best_val=9.690568e-01
2026-07-25 21:02:36,845 | INFO | [PINN[CONTINUITY]] ep=0830 loss_total=2.032407e-02 | loss_data=1.877479e-02 | loss_cont=1.549280e+01 | val_score=9.680809e-01 | val_data=2.059959e-02 | val_cont=2.811379e+01 | lr=3.125000e-05 | best_val=9.680809e-01
2026-07-25 21:02:41,366 | INFO | [PINN[CONTINUITY]] ep=0840 loss_total=2.023368e-02 | loss_data=1.867068e-02 | loss_cont=1.562996e+01 | val_score=9.668889e-01 | val_data=2.057423e-02 | val_cont=2.811889e+01 | lr=3.125000e-05 | best_val=9.668866e-01
2026-07-25 21:02:45,845 | INFO | [PINN[CONTINUITY]] ep=0850 loss_total=2.036982e-02 | loss_data=1.880718e-02 | loss_cont=1.562636e+01 | val_score=9.657805e-01 | val_data=2.055063e-02 | val_cont=2.833558e+01 | lr=3.125000e-05 | best_val=9.657150e-01
2026-07-25 21:02:50,504 | INFO | [PINN[CONTINUITY]] ep=0860 loss_total=2.036691e-02 | loss_data=1.880505e-02 | loss_cont=1.561862e+01 | val_score=9.666364e-01 | val_data=2.056886e-02 | val_cont=2.807587e+01 | lr=3.125000e-05 | best_val=9.647472e-01
2026-07-25 21:02:54,991 | INFO | [PINN[CONTINUITY]] ep=0870 loss_total=2.046334e-02 | loss_data=1.885153e-02 | loss_cont=1.611806e+01 | val_score=9.639110e-01 | val_data=2.051085e-02 | val_cont=2.830833e+01 | lr=3.125000e-05 | best_val=9.633537e-01
2026-07-25 21:02:59,580 | INFO | [PINN[CONTINUITY]] ep=0880 loss_total=2.024224e-02 | loss_data=1.866467e-02 | loss_cont=1.577569e+01 | val_score=9.632489e-01 | val_data=2.049677e-02 | val_cont=2.809473e+01 | lr=3.125000e-05 | best_val=9.615072e-01
2026-07-25 21:03:04,343 | INFO | [PINN[CONTINUITY]] ep=0890 loss_total=2.021600e-02 | loss_data=1.865758e-02 | loss_cont=1.558416e+01 | val_score=9.620332e-01 | val_data=2.047090e-02 | val_cont=2.799092e+01 | lr=1.562500e-05 | best_val=9.615072e-01
2026-07-25 21:03:08,793 | INFO | [PINN[CONTINUITY]] ep=0900 loss_total=2.023559e-02 | loss_data=1.869791e-02 | loss_cont=1.537680e+01 | val_score=9.608743e-01 | val_data=2.044624e-02 | val_cont=2.798946e+01 | lr=1.562500e-05 | best_val=9.608743e-01
2026-07-25 21:03:13,269 | INFO | [PINN[CONTINUITY]] ep=0910 loss_total=2.024148e-02 | loss_data=1.869998e-02 | loss_cont=1.541504e+01 | val_score=9.600125e-01 | val_data=2.042789e-02 | val_cont=2.847470e+01 | lr=1.562500e-05 | best_val=9.600125e-01
2026-07-25 21:03:17,881 | INFO | [PINN[CONTINUITY]] ep=0920 loss_total=2.015943e-02 | loss_data=1.864518e-02 | loss_cont=1.514247e+01 | val_score=9.602350e-01 | val_data=2.043265e-02 | val_cont=2.774032e+01 | lr=1.562500e-05 | best_val=9.598348e-01
2026-07-25 21:03:22,428 | INFO | [PINN[CONTINUITY]] ep=0930 loss_total=2.020987e-02 | loss_data=1.867456e-02 | loss_cont=1.535309e+01 | val_score=9.595249e-01 | val_data=2.041754e-02 | val_cont=2.776305e+01 | lr=1.562500e-05 | best_val=9.592990e-01
2026-07-25 21:03:26,995 | INFO | [PINN[CONTINUITY]] ep=0940 loss_total=2.018869e-02 | loss_data=1.865705e-02 | loss_cont=1.531644e+01 | val_score=9.604658e-01 | val_data=2.043755e-02 | val_cont=2.791153e+01 | lr=1.562500e-05 | best_val=9.586972e-01
2026-07-25 21:03:31,670 | INFO | [PINN[CONTINUITY]] ep=0950 loss_total=2.013280e-02 | loss_data=1.861160e-02 | loss_cont=1.521207e+01 | val_score=9.583046e-01 | val_data=2.039156e-02 | val_cont=2.801258e+01 | lr=1.562500e-05 | best_val=9.582335e-01
2026-07-25 21:03:36,088 | INFO | [PINN[CONTINUITY]] ep=0960 loss_total=2.016205e-02 | loss_data=1.864135e-02 | loss_cont=1.520697e+01 | val_score=9.584158e-01 | val_data=2.039393e-02 | val_cont=2.770762e+01 | lr=1.562500e-05 | best_val=9.574031e-01
2026-07-25 21:03:40,602 | INFO | [PINN[CONTINUITY]] ep=0970 loss_total=2.006539e-02 | loss_data=1.855845e-02 | loss_cont=1.506945e+01 | val_score=9.580155e-01 | val_data=2.038542e-02 | val_cont=2.769079e+01 | lr=7.812500e-06 | best_val=9.574031e-01
2026-07-25 21:03:45,334 | INFO | [PINN[CONTINUITY]] ep=0980 loss_total=2.010313e-02 | loss_data=1.859700e-02 | loss_cont=1.506129e+01 | val_score=9.566979e-01 | val_data=2.035738e-02 | val_cont=2.771142e+01 | lr=7.812500e-06 | best_val=9.566979e-01
2026-07-25 21:03:49,766 | INFO | [PINN[CONTINUITY]] ep=0990 loss_total=2.009451e-02 | loss_data=1.859291e-02 | loss_cont=1.501602e+01 | val_score=9.570508e-01 | val_data=2.036489e-02 | val_cont=2.767624e+01 | lr=7.812500e-06 | best_val=9.566979e-01
2026-07-25 21:03:54,188 | INFO | [PINN[CONTINUITY]] ep=1000 loss_total=2.016188e-02 | loss_data=1.866737e-02 | loss_cont=1.494513e+01 | val_score=9.568646e-01 | val_data=2.036093e-02 | val_cont=2.762129e+01 | lr=3.906250e-06 | best_val=9.565158e-01
2026-07-25 21:03:54,275 | INFO | Scalers da PINN salvos em:results/models
2026-07-25 21:03:54,275 | INFO | Iniciando avaliacao final para cont_base
2026-07-25 21:03:54,275 | INFO | Modelo: results/models/pinn_cont_base_d4_w64.pt
2026-07-25 21:03:54,275 | INFO | Dataset: data/data_processed/dataset_test_pinn_cont_base_d4_w64.parquet
2026-07-25 21:04:04,364 | INFO | Avaliacao concluida. Metrics: results/metrics/pinn/pinn_cont_base_20260725_205129/pinn_cont_base_d4_w64_seed42.json
2026-07-25 21:04:04,364 | INFO | Predictions: results/metrics/pinn/pinn_cont_base_20260725_205129/pinn_cont_base_d4_w64_seed42_predictions.parquet
2026-07-25 21:04:04,364 | INFO | Plots: results/plots/pinn_cont_base_d4_w64_seed42
2026-07-25 21:04:04,364 | INFO | Iniciando avaliação física no domínio completo.
2026-07-25 21:04:04,682 | INFO | Avaliação física concluída. Metrics: results/metrics/pinn/pinn_cont_base_20260725_205129/pinn_cont_base_d4_w64_seed42_physics.json
2026-07-25 21:04:04,682 | INFO | ================================================================================
2026-07-25 21:04:04,682 | INFO | Experimento finalizado
2026-07-25 21:04:04,682 | INFO | Wall time: 754.84 s
2026-07-25 21:04:04,682 | INFO | CPU time: 312.21 s
2026-07-25 21:04:04,682 | INFO | Metadados salvos em: logs/pinn/pinn_cont_base_20260725_205129/pinn_cont_base_k_epsilon_20260725_205129.json
2026-07-25 21:04:04,682 | INFO | ================================================================================
