2026-07-29 18:49:39,446 | INFO | Dispositivo do experimento: cuda
2026-07-29 18:49:39,447 | INFO | ================================================================================
2026-07-29 18:49:39,447 | INFO | Iniciando experimento: mlp_base
2026-07-29 18:49:39,447 | INFO | Run ID: mlp_base_k_epsilon_20260729_184939
2026-07-29 18:49:39,447 | INFO | Hardware: {'platform': 'Linux-6.8.0-136-generic-x86_64-with-glibc2.35', 'processor': 'x86_64', 'python_version': '3.11.14', 'cpu_count_logical': 12, 'cpu_count_physical': 6, 'ram_total_gb': 31.16, 'torch_version': '2.9.1+cu128', 'cuda_available': True, 'cuda_version': '12.8', 'gpu_name': 'NVIDIA GeForce RTX 3060', 'gpu_count': 1, 'gpu_memory_gb': 11.62}
2026-07-29 18:49:39,447 | INFO | Config: {'experiment': {'name': 'base', 'type': 'k_epsilon', 'seed': 456}, 'paths': {'root': '.', 'data_process_dir': 'data/data_processed', 'data_cfd_dir': 'data/data_cfd', 'results_dir': 'results', 'models_dir': 'results/models', 'metrics_dir': 'results/metrics', 'plots_dir': 'results/plots', 'logs_dir': 'logs'}, 'dataset': {'parquet': 'dataset_bfs_2d_kepsilon_Re36000_full.parquet', 'test_output': 'dataset_test_mlp'}, 'features': ['x', 'y', 'Ux', 'Uy', 'p', 'Re_norm'], 'targets': ['dUx', 'dUy', 'dp'], 'model': {'type': 'mlp', 'width': 64, 'depth': 4, 'activation': 'tanh'}, 'training': {'batch_size': 4096, 'epochs': 1000, 'lr': '1e-3', 'weight_decay': '1e-6'}, 'early_stopping': {'patience': 20}, 'scheduler': {'factor': 0.5, 'patience': 10}, 'split': {'strategy': 'spatial_x_quantile', 'column': 'x', 'bins': 8, 'test_frac': 0.2, 'version': 'v1'}}
2026-07-29 18:49:39,447 | INFO | ================================================================================
2026-07-29 18:49:39,734 | INFO | Dataset salvo: dataset_test_mlp_base_d4_w64.parquet
2026-07-29 18:49:39,734 | INFO | Split salvo em: data/data_processed/splits/dataset_bfs_2d_kepsilon_Re36000_full_spatial_x_quantile_x/b8_v1_seed456.json
2026-07-29 18:49:39,958 | INFO | Model device: cuda:0
2026-07-29 18:49:42,506 | INFO | [MLP] ep=0001 loss_train=7.976637e-01 | loss_val=7.110594e-01 | lr=1.000000e-03 | best_val=7.110594e-01
2026-07-29 18:49:45,222 | INFO | [MLP] ep=0010 loss_train=4.574833e-01 | loss_val=4.457770e-01 | lr=1.000000e-03 | best_val=4.457770e-01
2026-07-29 18:49:47,900 | INFO | [MLP] ep=0020 loss_train=3.223410e-01 | loss_val=3.065343e-01 | lr=1.000000e-03 | best_val=3.065343e-01
2026-07-29 18:49:50,888 | INFO | [MLP] ep=0030 loss_train=2.300762e-01 | loss_val=2.240664e-01 | lr=1.000000e-03 | best_val=2.240664e-01
2026-07-29 18:49:53,511 | INFO | [MLP] ep=0040 loss_train=1.933136e-01 | loss_val=1.855025e-01 | lr=1.000000e-03 | best_val=1.855025e-01
2026-07-29 18:49:56,484 | INFO | [MLP] ep=0050 loss_train=1.675448e-01 | loss_val=1.611014e-01 | lr=1.000000e-03 | best_val=1.611014e-01
2026-07-29 18:49:59,325 | INFO | [MLP] ep=0060 loss_train=1.485831e-01 | loss_val=1.436877e-01 | lr=1.000000e-03 | best_val=1.436877e-01
2026-07-29 18:50:02,443 | INFO | [MLP] ep=0070 loss_train=1.372377e-01 | loss_val=1.443013e-01 | lr=1.000000e-03 | best_val=1.286951e-01
2026-07-29 18:50:05,780 | INFO | [MLP] ep=0080 loss_train=1.207413e-01 | loss_val=1.156320e-01 | lr=1.000000e-03 | best_val=1.156320e-01
2026-07-29 18:50:08,783 | INFO | [MLP] ep=0090 loss_train=1.104709e-01 | loss_val=1.125658e-01 | lr=1.000000e-03 | best_val=1.063573e-01
2026-07-29 18:50:11,784 | INFO | [MLP] ep=0100 loss_train=1.001482e-01 | loss_val=9.574845e-02 | lr=1.000000e-03 | best_val=9.574845e-02
2026-07-29 18:50:14,849 | INFO | [MLP] ep=0110 loss_train=9.256106e-02 | loss_val=8.802383e-02 | lr=1.000000e-03 | best_val=8.750083e-02
2026-07-29 18:50:18,209 | INFO | [MLP] ep=0120 loss_train=8.707370e-02 | loss_val=8.290792e-02 | lr=1.000000e-03 | best_val=8.132698e-02
2026-07-29 18:50:21,490 | INFO | [MLP] ep=0130 loss_train=7.510811e-02 | loss_val=7.350382e-02 | lr=1.000000e-03 | best_val=7.303789e-02
2026-07-29 18:50:24,897 | INFO | [MLP] ep=0140 loss_train=6.878908e-02 | loss_val=6.734983e-02 | lr=1.000000e-03 | best_val=6.734983e-02
2026-07-29 18:50:28,571 | INFO | [MLP] ep=0150 loss_train=6.313685e-02 | loss_val=6.155651e-02 | lr=1.000000e-03 | best_val=6.155651e-02
2026-07-29 18:50:32,095 | INFO | [MLP] ep=0160 loss_train=5.790752e-02 | loss_val=5.632725e-02 | lr=1.000000e-03 | best_val=5.632725e-02
2026-07-29 18:50:35,793 | INFO | [MLP] ep=0170 loss_train=5.357532e-02 | loss_val=5.207489e-02 | lr=1.000000e-03 | best_val=5.207489e-02
2026-07-29 18:50:39,235 | INFO | [MLP] ep=0180 loss_train=4.979171e-02 | loss_val=4.809414e-02 | lr=1.000000e-03 | best_val=4.809414e-02
2026-07-29 18:50:43,088 | INFO | [MLP] ep=0190 loss_train=4.655739e-02 | loss_val=4.574020e-02 | lr=1.000000e-03 | best_val=4.516119e-02
2026-07-29 18:50:46,612 | INFO | [MLP] ep=0200 loss_train=4.346641e-02 | loss_val=4.375759e-02 | lr=1.000000e-03 | best_val=4.240849e-02
2026-07-29 18:50:50,471 | INFO | [MLP] ep=0210 loss_train=4.006905e-02 | loss_val=3.860782e-02 | lr=1.000000e-03 | best_val=3.860782e-02
2026-07-29 18:50:53,893 | INFO | [MLP] ep=0220 loss_train=3.814366e-02 | loss_val=3.702688e-02 | lr=1.000000e-03 | best_val=3.702688e-02
2026-07-29 18:50:57,256 | INFO | [MLP] ep=0230 loss_train=3.554035e-02 | loss_val=3.409202e-02 | lr=1.000000e-03 | best_val=3.409202e-02
2026-07-29 18:51:00,708 | INFO | [MLP] ep=0240 loss_train=3.358207e-02 | loss_val=3.291434e-02 | lr=1.000000e-03 | best_val=3.270142e-02
2026-07-29 18:51:04,352 | INFO | [MLP] ep=0250 loss_train=3.140138e-02 | loss_val=3.134153e-02 | lr=1.000000e-03 | best_val=3.045265e-02
2026-07-29 18:51:07,896 | INFO | [MLP] ep=0260 loss_train=3.035672e-02 | loss_val=2.942429e-02 | lr=1.000000e-03 | best_val=2.900633e-02
2026-07-29 18:51:11,003 | INFO | [MLP] ep=0270 loss_train=2.845174e-02 | loss_val=2.739590e-02 | lr=1.000000e-03 | best_val=2.729475e-02
2026-07-29 18:51:14,256 | INFO | [MLP] ep=0280 loss_train=2.656010e-02 | loss_val=2.667638e-02 | lr=1.000000e-03 | best_val=2.630368e-02
2026-07-29 18:51:17,550 | INFO | [MLP] ep=0290 loss_train=2.546557e-02 | loss_val=2.475057e-02 | lr=1.000000e-03 | best_val=2.475057e-02
2026-07-29 18:51:20,844 | INFO | [MLP] ep=0300 loss_train=2.459985e-02 | loss_val=2.425401e-02 | lr=1.000000e-03 | best_val=2.381457e-02
2026-07-29 18:51:24,265 | INFO | [MLP] ep=0310 loss_train=2.321173e-02 | loss_val=2.252645e-02 | lr=1.000000e-03 | best_val=2.252645e-02
2026-07-29 18:51:27,530 | INFO | [MLP] ep=0320 loss_train=2.251272e-02 | loss_val=2.264957e-02 | lr=1.000000e-03 | best_val=2.207453e-02
2026-07-29 18:51:31,085 | INFO | [MLP] ep=0330 loss_train=2.165239e-02 | loss_val=2.091373e-02 | lr=1.000000e-03 | best_val=2.091373e-02
2026-07-29 18:51:34,242 | INFO | [MLP] ep=0340 loss_train=2.082857e-02 | loss_val=2.056238e-02 | lr=1.000000e-03 | best_val=2.056238e-02
2026-07-29 18:51:37,641 | INFO | [MLP] ep=0350 loss_train=2.037026e-02 | loss_val=2.005707e-02 | lr=1.000000e-03 | best_val=1.975692e-02
2026-07-29 18:51:40,974 | INFO | [MLP] ep=0360 loss_train=1.985883e-02 | loss_val=1.944889e-02 | lr=1.000000e-03 | best_val=1.944889e-02
2026-07-29 18:51:44,583 | INFO | [MLP] ep=0370 loss_train=1.896117e-02 | loss_val=1.902037e-02 | lr=1.000000e-03 | best_val=1.881588e-02
2026-07-29 18:51:48,309 | INFO | [MLP] ep=0380 loss_train=1.833700e-02 | loss_val=1.933467e-02 | lr=1.000000e-03 | best_val=1.793878e-02
2026-07-29 18:51:51,930 | INFO | [MLP] ep=0390 loss_train=1.778394e-02 | loss_val=1.828398e-02 | lr=1.000000e-03 | best_val=1.771434e-02
2026-07-29 18:51:55,587 | INFO | [MLP] ep=0400 loss_train=1.732804e-02 | loss_val=1.783139e-02 | lr=1.000000e-03 | best_val=1.732910e-02
2026-07-29 18:51:59,322 | INFO | [MLP] ep=0410 loss_train=1.711564e-02 | loss_val=1.760203e-02 | lr=1.000000e-03 | best_val=1.695529e-02
2026-07-29 18:52:02,949 | INFO | [MLP] ep=0420 loss_train=1.653237e-02 | loss_val=1.733165e-02 | lr=1.000000e-03 | best_val=1.657527e-02
2026-07-29 18:52:06,638 | INFO | [MLP] ep=0430 loss_train=1.603798e-02 | loss_val=1.642421e-02 | lr=1.000000e-03 | best_val=1.619236e-02
2026-07-29 18:52:10,084 | INFO | [MLP] ep=0440 loss_train=1.622887e-02 | loss_val=1.624169e-02 | lr=1.000000e-03 | best_val=1.592530e-02
2026-07-29 18:52:13,723 | INFO | [MLP] ep=0450 loss_train=1.528528e-02 | loss_val=1.571068e-02 | lr=1.000000e-03 | best_val=1.571068e-02
2026-07-29 18:52:17,070 | INFO | [MLP] ep=0460 loss_train=1.545498e-02 | loss_val=1.599638e-02 | lr=1.000000e-03 | best_val=1.531863e-02
2026-07-29 18:52:20,661 | INFO | [MLP] ep=0470 loss_train=1.484872e-02 | loss_val=1.530395e-02 | lr=1.000000e-03 | best_val=1.502884e-02
2026-07-29 18:52:24,003 | INFO | [MLP] ep=0480 loss_train=1.443630e-02 | loss_val=1.491862e-02 | lr=1.000000e-03 | best_val=1.468413e-02
2026-07-29 18:52:27,626 | INFO | [MLP] ep=0490 loss_train=1.449291e-02 | loss_val=1.465596e-02 | lr=1.000000e-03 | best_val=1.465596e-02
2026-07-29 18:52:31,179 | INFO | [MLP] ep=0500 loss_train=1.411075e-02 | loss_val=1.460454e-02 | lr=1.000000e-03 | best_val=1.450081e-02
2026-07-29 18:52:34,957 | INFO | [MLP] ep=0510 loss_train=1.411531e-02 | loss_val=1.414316e-02 | lr=1.000000e-03 | best_val=1.409448e-02
2026-07-29 18:52:38,501 | INFO | [MLP] ep=0520 loss_train=1.322814e-02 | loss_val=1.366460e-02 | lr=5.000000e-04 | best_val=1.366460e-02
2026-07-29 18:52:42,170 | INFO | [MLP] ep=0530 loss_train=1.294894e-02 | loss_val=1.342807e-02 | lr=5.000000e-04 | best_val=1.341714e-02
2026-07-29 18:52:45,661 | INFO | [MLP] ep=0540 loss_train=1.274530e-02 | loss_val=1.325200e-02 | lr=2.500000e-04 | best_val=1.325200e-02
2026-07-29 18:52:49,188 | INFO | [MLP] ep=0550 loss_train=1.268858e-02 | loss_val=1.322472e-02 | lr=2.500000e-04 | best_val=1.313759e-02
2026-07-29 18:52:52,479 | INFO | [MLP] ep=0560 loss_train=1.267761e-02 | loss_val=1.315322e-02 | lr=1.250000e-04 | best_val=1.313759e-02
2026-07-29 18:52:56,027 | INFO | [MLP] ep=0570 loss_train=1.257098e-02 | loss_val=1.303740e-02 | lr=1.250000e-04 | best_val=1.303740e-02
2026-07-29 18:52:59,449 | INFO | [MLP] ep=0580 loss_train=1.249298e-02 | loss_val=1.310444e-02 | lr=1.250000e-04 | best_val=1.303410e-02
2026-07-29 18:53:02,832 | INFO | [MLP] ep=0590 loss_train=1.252977e-02 | loss_val=1.300142e-02 | lr=1.250000e-04 | best_val=1.300142e-02
2026-07-29 18:53:06,065 | INFO | [MLP] ep=0600 loss_train=1.246222e-02 | loss_val=1.299105e-02 | lr=1.250000e-04 | best_val=1.296934e-02
2026-07-29 18:53:09,621 | INFO | [MLP] ep=0610 loss_train=1.246758e-02 | loss_val=1.298832e-02 | lr=1.250000e-04 | best_val=1.294320e-02
2026-07-29 18:53:13,045 | INFO | [MLP] ep=0620 loss_train=1.238961e-02 | loss_val=1.294177e-02 | lr=1.250000e-04 | best_val=1.291987e-02
2026-07-29 18:53:16,879 | INFO | [MLP] ep=0630 loss_train=1.240130e-02 | loss_val=1.284840e-02 | lr=1.250000e-04 | best_val=1.284840e-02
2026-07-29 18:53:20,132 | INFO | [MLP] ep=0640 loss_train=1.230701e-02 | loss_val=1.286379e-02 | lr=1.250000e-04 | best_val=1.284010e-02
2026-07-29 18:53:23,500 | INFO | [MLP] ep=0650 loss_train=1.230997e-02 | loss_val=1.288271e-02 | lr=1.250000e-04 | best_val=1.277945e-02
2026-07-29 18:53:26,583 | INFO | [MLP] ep=0660 loss_train=1.225242e-02 | loss_val=1.276279e-02 | lr=1.250000e-04 | best_val=1.276279e-02
2026-07-29 18:53:29,485 | INFO | [MLP] ep=0670 loss_train=1.226492e-02 | loss_val=1.271680e-02 | lr=1.250000e-04 | best_val=1.271680e-02
2026-07-29 18:53:32,514 | INFO | [MLP] ep=0680 loss_train=1.215901e-02 | loss_val=1.275583e-02 | lr=1.250000e-04 | best_val=1.269332e-02
2026-07-29 18:53:35,822 | INFO | [MLP] ep=0690 loss_train=1.216509e-02 | loss_val=1.266902e-02 | lr=1.250000e-04 | best_val=1.262522e-02
2026-07-29 18:53:39,105 | INFO | [MLP] ep=0700 loss_train=1.218721e-02 | loss_val=1.266223e-02 | lr=1.250000e-04 | best_val=1.259140e-02
2026-07-29 18:53:42,521 | INFO | [MLP] ep=0710 loss_train=1.204914e-02 | loss_val=1.256730e-02 | lr=6.250000e-05 | best_val=1.254561e-02
2026-07-29 18:53:45,873 | INFO | [MLP] ep=0720 loss_train=1.199168e-02 | loss_val=1.253793e-02 | lr=6.250000e-05 | best_val=1.251737e-02
2026-07-29 18:53:49,413 | INFO | [MLP] ep=0730 loss_train=1.200573e-02 | loss_val=1.253984e-02 | lr=6.250000e-05 | best_val=1.250582e-02
2026-07-29 18:53:52,737 | INFO | [MLP] ep=0740 loss_train=1.195223e-02 | loss_val=1.252797e-02 | lr=6.250000e-05 | best_val=1.248340e-02
2026-07-29 18:53:56,271 | INFO | [MLP] ep=0750 loss_train=1.197306e-02 | loss_val=1.247190e-02 | lr=6.250000e-05 | best_val=1.245458e-02
2026-07-29 18:53:59,770 | INFO | [MLP] ep=0760 loss_train=1.191212e-02 | loss_val=1.249975e-02 | lr=3.125000e-05 | best_val=1.243573e-02
2026-07-29 18:54:03,437 | INFO | [MLP] ep=0770 loss_train=1.192064e-02 | loss_val=1.242691e-02 | lr=3.125000e-05 | best_val=1.240963e-02
2026-07-29 18:54:06,772 | INFO | [MLP] ep=0780 loss_train=1.187974e-02 | loss_val=1.239078e-02 | lr=3.125000e-05 | best_val=1.239078e-02
2026-07-29 18:54:10,079 | INFO | [MLP] ep=0790 loss_train=1.184864e-02 | loss_val=1.239880e-02 | lr=3.125000e-05 | best_val=1.239078e-02
2026-07-29 18:54:13,443 | INFO | [MLP] ep=0800 loss_train=1.183558e-02 | loss_val=1.238327e-02 | lr=1.562500e-05 | best_val=1.238174e-02
2026-07-29 18:54:16,901 | INFO | [MLP] ep=0810 loss_train=1.177617e-02 | loss_val=1.239602e-02 | lr=1.562500e-05 | best_val=1.237599e-02
2026-07-29 18:54:20,549 | INFO | [MLP] ep=0820 loss_train=1.180407e-02 | loss_val=1.237171e-02 | lr=1.562500e-05 | best_val=1.237155e-02
2026-07-29 18:54:23,976 | INFO | [MLP] ep=0830 loss_train=1.184428e-02 | loss_val=1.236708e-02 | lr=7.812500e-06 | best_val=1.236222e-02
2026-07-29 18:54:27,278 | INFO | [MLP] ep=0840 loss_train=1.180680e-02 | loss_val=1.236669e-02 | lr=7.812500e-06 | best_val=1.235983e-02
2026-07-29 18:54:30,655 | INFO | [MLP] ep=0850 loss_train=1.179997e-02 | loss_val=1.236121e-02 | lr=3.906250e-06 | best_val=1.235949e-02
2026-07-29 18:54:33,954 | INFO | [MLP] ep=0860 loss_train=1.175036e-02 | loss_val=1.236215e-02 | lr=1.953125e-06 | best_val=1.235949e-02
2026-07-29 18:54:37,248 | INFO | [MLP] ep=0870 loss_train=1.178626e-02 | loss_val=1.235976e-02 | lr=9.765625e-07 | best_val=1.235891e-02
2026-07-29 18:54:40,456 | INFO | [MLP] ep=0880 loss_train=1.181601e-02 | loss_val=1.235940e-02 | lr=4.882813e-07 | best_val=1.235891e-02
2026-07-29 18:54:41,894 | INFO | Early stopping (val não melhorou). Melhor loss_val: 1.235891e-02
2026-07-29 18:54:41,990 | INFO | Scalers da MLP salvos em:results/models/mlp/mlp_base_20260729_184939
2026-07-29 18:54:41,990 | INFO | Iniciando avaliacao final para base
2026-07-29 18:54:41,990 | INFO | Modelo: results/models/mlp/mlp_base_20260729_184939/mlp_base_d4_w64.pt
2026-07-29 18:54:41,990 | INFO | Dataset: data/data_processed/dataset_test_mlp_base_d4_w64.parquet
2026-07-29 18:54:52,095 | INFO | Avaliacao concluida. Metrics: results/metrics/mlp/mlp_base_20260729_184939/mlp_base_d4_w64_seed456.json
2026-07-29 18:54:52,095 | INFO | Predictions: results/metrics/mlp/mlp_base_20260729_184939/mlp_base_d4_w64_seed456_predictions.parquet
2026-07-29 18:54:52,095 | INFO | Plots: results/plots/mlp/mlp_base_d4_w64_seed456_20260729_184939
2026-07-29 18:54:52,095 | INFO | Iniciando avaliação física da MLP no domínio completo.
2026-07-29 18:55:02,207 | INFO | ================================================================================
2026-07-29 18:55:02,207 | INFO | Experimento finalizado
2026-07-29 18:55:02,207 | INFO | Wall time: 322.76 s
2026-07-29 18:55:02,207 | INFO | CPU time: 98.45 s
2026-07-29 18:55:02,207 | INFO | Metadados salvos em: logs/mlp/mlp_base_20260729_184939/mlp_base_k_epsilon_20260729_184939.json
2026-07-29 18:55:02,207 | INFO | ================================================================================
